cpu_cooler_sales_data.csv
date,product,category,price,discount,quantity_sold,profit,profit_margin,event
2022-01-01,Noctua NH-D15,Air Cooler,81.89,9%,1420,26835.02,0.3,New Year's Sale
2022-01-02,Noctua NH-D15,Air Cooler,83.69,7%,1385,28666.31,0.3,New Year's Sale
2022-01-03,Noctua NH-D15,Air Cooler,85.49,5%,1374,30911.57,0.3,New Year's Sale
2022-01-04,Noctua NH-D15,Air Cooler,83.69,7%,1384,28645.62,0.3,New Year's Sale
2022-01-05,Noctua NH-D15,Air Cooler,84.59,6%,1383,29869.48,0.3,New Year's Sale
2022-01-06,Noctua NH-D15,Air Cooler,82.79,8%,1428,28271.26,0.3,New Year's Sale
2022-01-07,Noctua NH-D15,Air Cooler,85.49,5%,1338,30101.66,0.3,New Year's Sale
2022-01-08,Noctua NH-D15,Air Cooler,80.99,10%,1404,25269.19,0.3,New Year's Sale
2022-01-09,Noctua NH-D15,Air Cooler,82.79,8%,1385,27419.95,0.3,New Year's Sale
2022-01-10,Noctua NH-D15,Air Cooler,83.69,7%,1366,28273.06,0.3,New Year's Sale
2022-01-11,Noctua NH-D15,Air Cooler,82.79,8%,1412,27954.49,0.3,New Year's Sale
2022-01-12,Noctua NH-D15,Air Cooler,85.49,5%,1376,30956.56,0.3,New Year's Sale
2022-01-13,Noctua NH-D15,Air Cooler,84.59,6%,1372,29631.91,0.3,New Year's Sale
2022-01-14,Noctua NH-D15,Air Cooler,84.59,6%,1368,29545.52,0.3,New Year's Sale
2022-01-15,Noctua NH-D15,Air Cooler,88.95,2%,1302,33802.41,0.3,No Promo
2022-01-16,Noctua NH-D15,Air Cooler,88.36,1%,1276,32368.49,0.3,No Promo
2022-01-17,Noctua NH-D15,Air Cooler,89.32,0%,1269,33413.7,0.3,No Promo
2022-01-18,Noctua NH-D15,Air Cooler,88.54,2%,1339,34212.8,0.3,No Promo
2022-01-19,Noctua NH-D15,Air Cooler,87.41,3%,1331,32496.65,0.3,No Promo
2022-01-20,Noctua NH-D15,Air Cooler,90.16,0%,1277,34694.98,0.3,No Promo
2022-01-21,Noctua NH-D15,Air Cooler,89.85,0%,1297,34832.52,0.3,No Promo
2022-01-22,Noctua NH-D15,Air Cooler,88.43,1%,1283,32637.45,0.3,No Promo
2022-01-23,Noctua NH-D15,Air Cooler,89.06,1%,1275,33229.65,0.3,No Promo
2022-01-24,Noctua NH-D15,Air Cooler,89.83,0%,1297,34807.77,0.3,No Promo
2022-01-25,Noctua NH-D15,Air Cooler,88.6,1%,1295,33156.92,0.3,No Promo
2022-01-26,Noctua NH-D15,Air Cooler,90.67,0%,1261,34899.27,0.3,No Promo
2022-01-27,Noctua NH-D15,Air Cooler,89.81,0%,1285,34463.37,0.3,No Promo
2022-01-28,Noctua NH-D15,Air Cooler,88.19,1%,1275,32127.69,0.3,No Promo
2022-01-29,Noctua NH-D15,Air Cooler,88.11,2%,1297,32580.84,0.3,No Promo
2022-01-30,Noctua NH-D15,Air Cooler,87.3,2%,1311,31864.11,0.3,No Promo
2022-01-31,Noctua NH-D15,Air Cooler,87.33,3%,1348,32803.2,0.3,No Promo
2022-02-01,Noctua NH-D15,Air Cooler,87.82,2%,1316,32676.69,0.3,No Promo
2022-02-02,Noctua NH-D15,Air Cooler,87.19,3%,1304,31557.34,0.3,No Promo
2022-02-03,Noctua NH-D15,Air Cooler,87.68,2%,1331,32864.01,0.3,No Promo
2022-02-04,Noctua NH-D15,Air Cooler,86.94,3%,1342,32133.1,0.3,No Promo
2022-02-05,Noctua NH-D15,Air Cooler,90.51,0%,1266,34840.54,0.3,No Promo
2022-02-06,Noctua NH-D15,Air Cooler,87.16,3%,1330,32137.54,0.3,No Promo
2022-02-07,Noctua NH-D15,Air Cooler,83.69,7%,1362,28190.27,0.3,Valentine's Day
2022-02-08,Noctua NH-D15,Air Cooler,83.69,7%,1381,28583.52,0.3,Valentine's Day
2022-02-09,Noctua NH-D15,Air Cooler,87.29,3%,1348,32752.76,0.3,Valentine's Day
2022-02-10,Noctua NH-D15,Air Cooler,85.49,5%,1341,30169.15,0.3,Valentine's Day
2022-02-11,Noctua NH-D15,Air Cooler,86.39,4%,1325,31001.55,0.3,Valentine's Day
2022-02-12,Noctua NH-D15,Air Cooler,83.69,7%,1392,28811.2,0.3,Valentine's Day
2022-02-13,Noctua NH-D15,Air Cooler,85.49,5%,1351,30394.12,0.3,Valentine's Day
2022-02-14,Noctua NH-D15,Air Cooler,87.29,3%,1329,32291.11,0.3,Valentine's Day
2022-02-15,Noctua NH-D15,Air Cooler,86.39,4%,1347,31516.3,0.3,Valentine's Day
2022-02-16,Noctua NH-D15,Air Cooler,85.49,5%,1358,30551.61,0.3,Valentine's Day
2022-02-17,Noctua NH-D15,Air Cooler,87.29,3%,1354,32898.54,0.3,Valentine's Day
2022-02-18,Noctua NH-D15,Air Cooler,84.59,6%,1369,29567.11,0.3,Valentine's Day
2022-02-19,Noctua NH-D15,Air Cooler,87.29,3%,1326,32218.22,0.3,Valentine's Day
2022-02-20,Noctua NH-D15,Air Cooler,87.29,3%,1330,32315.41,0.3,Valentine's Day
2022-02-21,Noctua NH-D15,Air Cooler,83.69,7%,1359,28128.17,0.3,Valentine's Day
2022-02-22,Noctua NH-D15,Air Cooler,88.64,1%,1319,33832.11,0.3,No Promo
2022-02-23,Noctua NH-D15,Air Cooler,87.25,3%,1341,32530.9,0.3,No Promo
2022-02-24,Noctua NH-D15,Air Cooler,87.62,3%,1304,32118.23,0.3,No Promo
2022-02-25,Noctua NH-D15,Air Cooler,88.07,1%,1288,32296.71,0.3,No Promo
2022-02-26,Noctua NH-D15,Air Cooler,87.38,3%,1352,32968.01,0.3,No Promo
2022-02-27,Noctua NH-D15,Air Cooler,88.16,2%,1303,32788.31,0.3,No Promo
2022-02-28,Noctua NH-D15,Air Cooler,89.27,0%,1289,33873.94,0.3,No Promo
2022-03-01,Noctua NH-D15,Air Cooler,89.52,1%,1326,35179.47,0.3,No Promo
2022-03-02,Noctua NH-D15,Air Cooler,87.2,2%,1311,31739.81,0.3,No Promo
2022-03-03,Noctua NH-D15,Air Cooler,88.6,2%,1309,33516.08,0.3,No Promo
2022-03-04,Noctua NH-D15,Air Cooler,87.59,2%,1321,32488.63,0.3,No Promo
2022-03-05,Noctua NH-D15,Air Cooler,87.65,3%,1314,32397.95,0.3,No Promo
2022-03-06,Noctua NH-D15,Air Cooler,89.44,0%,1269,33559.11,0.3,No Promo
2022-03-07,Noctua NH-D15,Air Cooler,87.26,3%,1312,31842.57,0.3,No Promo
2022-03-08,Noctua NH-D15,Air Cooler,90.3,0%,1270,34679.72,0.3,No Promo
2022-03-09,Noctua NH-D15,Air Cooler,89.31,0%,1300,34207.54,0.3,No Promo
2022-03-10,Noctua NH-D15,Air Cooler,87.44,3%,1321,32291.47,0.3,No Promo
2022-03-11,Noctua NH-D15,Air Cooler,87.01,3%,1322,31754.54,0.3,No Promo
2022-03-12,Noctua NH-D15,Air Cooler,87.55,3%,1305,32052.3,0.3,No Promo
2022-03-13,Noctua NH-D15,Air Cooler,88.31,1%,1312,33214.97,0.3,No Promo
2022-03-14,Noctua NH-D15,Air Cooler,86.37,3%,1336,31228.53,0.3,No Promo
2022-03-15,Noctua NH-D15,Air Cooler,86.33,3%,1331,31058.84,0.3,No Promo
2022-03-16,Noctua NH-D15,Air Cooler,88.67,0%,1277,32784.99,0.3,No Promo
2022-03-17,Noctua NH-D15,Air Cooler,87.51,3%,1330,32611.74,0.3,No Promo
2022-03-18,Noctua NH-D15,Air Cooler,88.18,1%,1307,32914.59,0.3,No Promo
2022-03-19,Noctua NH-D15,Air Cooler,89.23,0%,1273,33395.32,0.3,No Promo
2022-03-20,Noctua NH-D15,Air Cooler,87.29,2%,1289,31324.05,0.3,No Promo
2022-03-21,Noctua NH-D15,Air Cooler,87.86,1%,1277,31757.32,0.3,No Promo
2022-03-22,Noctua NH-D15,Air Cooler,87.53,2%,1329,32604.48,0.3,No Promo
2022-03-23,Noctua NH-D15,Air Cooler,89.06,1%,1275,33234.18,0.3,No Promo
2022-03-24,Noctua NH-D15,Air Cooler,87.18,2%,1311,31714.17,0.3,No Promo
2022-03-25,Noctua NH-D15,Air Cooler,90.39,0%,1311,35912.77,0.3,No Promo
2022-03-26,Noctua NH-D15,Air Cooler,88.75,0%,1281,32993.52,0.3,No Promo
2022-03-27,Noctua NH-D15,Air Cooler,87.56,3%,1319,32400.07,0.3,No Promo
2022-03-28,Noctua NH-D15,Air Cooler,86.42,3%,1323,30991.31,0.3,No Promo
2022-03-29,Noctua NH-D15,Air Cooler,87.43,2%,1326,32401.76,0.3,No Promo
2022-03-30,Noctua NH-D15,Air Cooler,86.43,3%,1353,31716.07,0.3,No Promo
2022-03-31,Noctua NH-D15,Air Cooler,87.67,2%,1297,32000.05,0.3,No Promo
2022-04-01,Noctua NH-D15,Air Cooler,88.89,0%,1266,32783.05,0.3,No Promo
2022-04-02,Noctua NH-D15,Air Cooler,86.87,3%,1333,31831.06,0.3,No Promo
2022-04-03,Noctua NH-D15,Air Cooler,87.2,2%,1328,32140.67,0.3,No Promo
2022-04-04,Noctua NH-D15,Air Cooler,88.05,2%,1330,33327.92,0.3,No Promo
2022-04-05,Noctua NH-D15,Air Cooler,88.19,1%,1324,33364.74,0.3,No Promo
2022-04-06,Noctua NH-D15,Air Cooler,87.48,3%,1335,32693.31,0.3,No Promo
2022-04-07,Noctua NH-D15,Air Cooler,89.61,0%,1262,33591.01,0.3,No Promo
2022-04-08,Noctua NH-D15,Air Cooler,86.55,3%,1343,31638.38,0.3,No Promo
2022-04-09,Noctua NH-D15,Air Cooler,86.33,3%,1319,30775.47,0.3,No Promo
2022-04-10,Noctua NH-D15,Air Cooler,85.49,5%,1377,30979.06,0.3,Easter
2022-04-11,Noctua NH-D15,Air Cooler,84.59,6%,1392,30063.86,0.3,Easter
2022-04-12,Noctua NH-D15,Air Cooler,86.39,4%,1345,31469.5,0.3,Easter
2022-04-13,Noctua NH-D15,Air Cooler,87.29,3%,1350,32801.35,0.3,Easter
2022-04-14,Noctua NH-D15,Air Cooler,87.29,3%,1328,32266.81,0.3,Easter
2022-04-15,Noctua NH-D15,Air Cooler,84.59,6%,1351,29178.36,0.3,Easter
2022-04-16,Noctua NH-D15,Air Cooler,82.79,8%,1421,28132.67,0.3,Easter
2022-04-17,Noctua NH-D15,Air Cooler,84.59,6%,1361,29394.33,0.3,Easter
2022-04-18,Noctua NH-D15,Air Cooler,82.79,8%,1388,27479.35,0.3,Easter
2022-04-19,Noctua NH-D15,Air Cooler,86.39,4%,1344,31446.11,0.3,Easter
2022-04-20,Noctua NH-D15,Air Cooler,82.79,8%,1415,28013.89,0.3,Easter
2022-04-21,Noctua NH-D15,Air Cooler,87.29,3%,1350,32801.35,0.3,Easter
2022-04-22,Noctua NH-D15,Air Cooler,83.69,7%,1384,28645.62,0.3,Easter
2022-04-23,Noctua NH-D15,Air Cooler,84.59,6%,1394,30107.05,0.3,Easter
2022-04-24,Noctua NH-D15,Air Cooler,86.39,4%,1352,31633.28,0.3,Easter
2022-04-25,Noctua NH-D15,Air Cooler,87.96,2%,1310,32707.39,0.3,No Promo
2022-04-26,Noctua NH-D15,Air Cooler,89.13,1%,1280,33449.39,0.3,No Promo
2022-04-27,Noctua NH-D15,Air Cooler,87.45,2%,1304,31893.9,0.3,No Promo
2022-04-28,Noctua NH-D15,Air Cooler,87.39,3%,1336,32594.33,0.3,No Promo
2022-04-29,Noctua NH-D15,Air Cooler,85.76,3%,1305,29711.14,0.3,No Promo
2022-04-30,Noctua NH-D15,Air Cooler,87.68,1%,1313,32416.6,0.3,No Promo
2022-05-01,Noctua NH-D15,Air Cooler,88.19,2%,1340,33764.25,0.3,Mother's Day
2022-05-02,Noctua NH-D15,Air Cooler,87.29,3%,1323,32145.33,0.3,Mother's Day
2022-05-03,Noctua NH-D15,Air Cooler,85.49,5%,1358,30551.61,0.3,Mother's Day
2022-05-04,Noctua NH-D15,Air Cooler,88.19,2%,1334,33613.06,0.3,Mother's Day
2022-05-05,Noctua NH-D15,Air Cooler,86.39,4%,1326,31024.95,0.3,Mother's Day
2022-05-06,Noctua NH-D15,Air Cooler,88.19,2%,1292,32554.78,0.3,Mother's Day
2022-05-07,Noctua NH-D15,Air Cooler,86.39,4%,1357,31750.27,0.3,Mother's Day
2022-05-08,Noctua NH-D15,Air Cooler,86.39,4%,1354,31680.08,0.3,Mother's Day
2022-05-09,Noctua NH-D15,Air Cooler,86.39,4%,1349,31563.09,0.3,Mother's Day
2022-05-10,Noctua NH-D15,Air Cooler,87.29,3%,1320,32072.44,0.3,Mother's Day
2022-05-11,Noctua NH-D15,Air Cooler,88.19,2%,1297,32680.77,0.3,Mother's Day
2022-05-12,Noctua NH-D15,Air Cooler,88.19,2%,1290,32504.39,0.3,Mother's Day
2022-05-13,Noctua NH-D15,Air Cooler,85.49,5%,1331,29944.17,0.3,Mother's Day
2022-05-14,Noctua NH-D15,Air Cooler,85.49,5%,1381,31069.05,0.3,Mother's Day
2022-05-15,Noctua NH-D15,Air Cooler,87.29,3%,1308,31780.87,0.3,Mother's Day
2022-05-16,Noctua NH-D15,Air Cooler,85.74,3%,1334,30338.56,0.3,No Promo
2022-05-17,Noctua NH-D15,Air Cooler,86.75,2%,1305,31001.13,0.3,No Promo
2022-05-18,Noctua NH-D15,Air Cooler,88.2,1%,1307,32949.21,0.3,No Promo
2022-05-19,Noctua NH-D15,Air Cooler,86.92,3%,1317,31514.72,0.3,No Promo
2022-05-20,Noctua NH-D15,Air Cooler,88.74,0%,1289,33187.14,0.3,No Promo
2022-05-21,Noctua NH-D15,Air Cooler,87.87,2%,1320,32843.61,0.3,No Promo
2022-05-22,Noctua NH-D15,Air Cooler,88.17,1%,1291,32503.63,0.3,No Promo
2022-05-23,Noctua NH-D15,Air Cooler,88.54,1%,1315,33595.52,0.3,No Promo
2022-05-24,Noctua NH-D15,Air Cooler,87.55,1%,1322,32467.1,0.3,No Promo
2022-05-25,Noctua NH-D15,Air Cooler,87.16,2%,1316,31799.32,0.3,No Promo
2022-05-26,Noctua NH-D15,Air Cooler,88.49,1%,1317,33582.1,0.3,No Promo
2022-05-27,Noctua NH-D15,Air Cooler,87.39,2%,1325,32332.11,0.3,No Promo
2022-05-28,Noctua NH-D15,Air Cooler,85.73,3%,1306,29699.98,0.3,No Promo
2022-05-29,Noctua NH-D15,Air Cooler,86.65,2%,1332,31511.03,0.3,No Promo
2022-05-30,Noctua NH-D15,Air Cooler,87.14,3%,1337,32282.72,0.3,No Promo
2022-05-31,Noctua NH-D15,Air Cooler,86.46,3%,1324,31076.62,0.3,No Promo
2022-06-01,Noctua NH-D15,Air Cooler,88.47,0%,1309,33347.67,0.3,No Promo
2022-06-02,Noctua NH-D15,Air Cooler,87.11,2%,1330,32082.09,0.3,No Promo
2022-06-03,Noctua NH-D15,Air Cooler,86.23,3%,1325,30789.59,0.3,No Promo
2022-06-04,Noctua NH-D15,Air Cooler,86.94,3%,1321,31632.85,0.3,No Promo
2022-06-05,Noctua NH-D15,Air Cooler,86.15,3%,1334,30892.58,0.3,No Promo
2022-06-06,Noctua NH-D15,Air Cooler,87.67,2%,1288,31783.79,0.3,No Promo
2022-06-07,Noctua NH-D15,Air Cooler,87.59,2%,1310,32225.1,0.3,No Promo
2022-06-08,Noctua NH-D15,Air Cooler,87.64,2%,1325,32655.49,0.3,No Promo
2022-06-09,Noctua NH-D15,Air Cooler,89.59,0%,1272,33837.67,0.3,No Promo
2022-06-10,Noctua NH-D15,Air Cooler,87.66,2%,1317,32492.44,0.3,No Promo
2022-06-11,Noctua NH-D15,Air Cooler,87.83,1%,1280,31790.78,0.3,No Promo
2022-06-12,Noctua NH-D15,Air Cooler,88.39,1%,1302,33066.39,0.3,No Promo
2022-06-13,Noctua NH-D15,Air Cooler,88.56,0%,1277,32649.11,0.3,No Promo
2022-06-14,Noctua NH-D15,Air Cooler,85.45,3%,1335,29976.31,0.3,No Promo
2022-06-15,Noctua NH-D15,Air Cooler,88.3,1%,1324,33503.67,0.3,No Promo
2022-06-16,Noctua NH-D15,Air Cooler,88.25,1%,1294,32680.43,0.3,No Promo
2022-06-17,Noctua NH-D15,Air Cooler,89.47,0%,1292,34212.99,0.3,No Promo
2022-06-18,Noctua NH-D15,Air Cooler,86.23,3%,1309,30415.46,0.3,No Promo
2022-06-19,Noctua NH-D15,Air Cooler,89.24,0%,1312,34438.81,0.3,No Promo
2022-06-20,Noctua NH-D15,Air Cooler,87.38,1%,1315,32062.43,0.3,No Promo
2022-06-21,Noctua NH-D15,Air Cooler,86.97,3%,1328,31846.7,0.3,No Promo
2022-06-22,Noctua NH-D15,Air Cooler,86.22,3%,1355,31476.47,0.3,No Promo
2022-06-23,Noctua NH-D15,Air Cooler,86.25,3%,1335,31046.63,0.3,No Promo
2022-06-24,Noctua NH-D15,Air Cooler,86.3,3%,1325,30884.87,0.3,No Promo
2022-06-25,Noctua NH-D15,Air Cooler,88.67,1%,1279,32837.47,0.3,No Promo
2022-06-26,Noctua NH-D15,Air Cooler,87.74,2%,1305,32299.94,0.3,No Promo
2022-06-27,Noctua NH-D15,Air Cooler,87.56,1%,1293,31764.19,0.3,No Promo
2022-06-28,Noctua NH-D15,Air Cooler,87.35,1%,1293,31488.85,0.3,No Promo
2022-06-29,Noctua NH-D15,Air Cooler,88.02,1%,1321,33064.96,0.3,No Promo
2022-06-30,Noctua NH-D15,Air Cooler,88.7,0%,1263,32467.61,0.3,No Promo
2022-07-01,Noctua NH-D15,Air Cooler,89.42,0%,1309,34588.5,0.3,No Promo
2022-07-02,Noctua NH-D15,Air Cooler,87.32,1%,1314,31960.82,0.3,No Promo
2022-07-03,Noctua NH-D15,Air Cooler,88.37,1%,1296,32887.59,0.3,No Promo
2022-07-04,Noctua NH-D15,Air Cooler,85.34,3%,1336,29850.76,0.3,No Promo
2022-07-05,Noctua NH-D15,Air Cooler,89.0,0%,1296,33705.94,0.3,No Promo
2022-07-06,Noctua NH-D15,Air Cooler,89.63,0%,1274,33933.78,0.3,No Promo
2022-07-07,Noctua NH-D15,Air Cooler,88.44,0%,1277,32496.13,0.3,No Promo
2022-07-08,Noctua NH-D15,Air Cooler,86.79,3%,1355,32248.17,0.3,No Promo
2022-07-09,Noctua NH-D15,Air Cooler,88.45,1%,1293,32912.86,0.3,No Promo
2022-07-10,Noctua NH-D15,Air Cooler,86.11,3%,1306,30194.78,0.3,No Promo
2022-07-11,Noctua NH-D15,Air Cooler,76.49,15%,1496,20193.76,0.3,Amazon Prime Day
2022-07-12,Noctua NH-D15,Air Cooler,79.19,12%,1443,23374.0,0.3,Amazon Prime Day
2022-07-13,Noctua NH-D15,Air Cooler,78.29,13%,1458,22304.92,0.3,Amazon Prime Day
2022-07-14,Noctua NH-D15,Air Cooler,79.19,12%,1485,24054.33,0.3,Amazon Prime Day
2022-07-15,Noctua NH-D15,Air Cooler,76.49,15%,1503,20288.25,0.3,Amazon Prime Day
2022-07-16,Noctua NH-D15,Air Cooler,76.49,15%,1504,20301.74,0.3,Amazon Prime Day
2022-07-17,Noctua NH-D15,Air Cooler,80.09,11%,1470,25134.21,0.3,Amazon Prime Day
2022-07-18,Noctua NH-D15,Air Cooler,80.09,11%,1453,24843.54,0.3,Amazon Prime Day
2022-07-19,Noctua NH-D15,Air Cooler,77.39,14%,1478,21280.84,0.3,Amazon Prime Day
2022-07-20,Noctua NH-D15,Air Cooler,80.99,10%,1426,25665.15,0.3,Amazon Prime Day
2022-07-21,Noctua NH-D15,Air Cooler,80.99,10%,1430,25737.14,0.3,Amazon Prime Day
2022-07-22,Noctua NH-D15,Air Cooler,76.49,15%,1499,20234.25,0.3,Amazon Prime Day
2022-07-23,Noctua NH-D15,Air Cooler,80.99,10%,1443,25971.11,0.3,Amazon Prime Day
2022-07-24,Noctua NH-D15,Air Cooler,80.09,11%,1422,24313.5,0.3,Amazon Prime Day
2022-07-25,Noctua NH-D15,Air Cooler,89.27,0%,1268,33315.93,0.3,No Promo
2022-07-26,Noctua NH-D15,Air Cooler,86.24,2%,1319,30667.67,0.3,No Promo
2022-07-27,Noctua NH-D15,Air Cooler,89.49,0%,1305,34574.73,0.3,No Promo
2022-07-28,Noctua NH-D15,Air Cooler,85.79,3%,1316,30003.19,0.3,No Promo
2022-07-29,Noctua NH-D15,Air Cooler,87.84,1%,1320,32793.48,0.3,No Promo
2022-07-30,Noctua NH-D15,Air Cooler,86.23,3%,1331,30928.94,0.3,No Promo
2022-07-31,Noctua NH-D15,Air Cooler,87.22,2%,1329,32200.15,0.3,No Promo
2022-08-01,Noctua NH-D15,Air Cooler,87.29,3%,1354,32898.54,0.3,Back-to-School
2022-08-02,Noctua NH-D15,Air Cooler,87.29,3%,1326,32218.22,0.3,Back-to-School
2022-08-03,Noctua NH-D15,Air Cooler,87.29,3%,1327,32242.52,0.3,Back-to-School
2022-08-04,Noctua NH-D15,Air Cooler,85.49,5%,1382,31091.55,0.3,Back-to-School
2022-08-05,Noctua NH-D15,Air Cooler,87.29,3%,1339,32534.08,0.3,Back-to-School
2022-08-06,Noctua NH-D15,Air Cooler,87.29,3%,1303,31659.38,0.3,Back-to-School
2022-08-07,Noctua NH-D15,Air Cooler,85.49,5%,1374,30911.57,0.3,Back-to-School
2022-08-08,Noctua NH-D15,Air Cooler,86.39,4%,1354,31680.08,0.3,Back-to-School
2022-08-09,Noctua NH-D15,Air Cooler,87.29,3%,1325,32193.92,0.3,Back-to-School
2022-08-10,Noctua NH-D15,Air Cooler,86.39,4%,1318,30837.77,0.3,Back-to-School
2022-08-11,Noctua NH-D15,Air Cooler,86.39,4%,1356,31726.87,0.3,Back-to-School
2022-08-12,Noctua NH-D15,Air Cooler,86.39,4%,1352,31633.28,0.3,Back-to-School
2022-08-13,Noctua NH-D15,Air Cooler,86.39,4%,1369,32031.04,0.3,Back-to-School
2022-08-14,Noctua NH-D15,Air Cooler,85.49,5%,1349,30349.13,0.3,Back-to-School
2022-08-15,Noctua NH-D15,Air Cooler,85.2,3%,1311,29115.46,0.3,No Promo
2022-08-16,Noctua NH-D15,Air Cooler,86.33,3%,1319,30787.89,0.3,No Promo
2022-08-17,Noctua NH-D15,Air Cooler,89.09,0%,1304,34028.04,0.3,No Promo
2022-08-18,Noctua NH-D15,Air Cooler,87.49,1%,1295,31728.89,0.3,No Promo
2022-08-19,Noctua NH-D15,Air Cooler,86.22,2%,1311,30451.18,0.3,No Promo
2022-08-20,Noctua NH-D15,Air Cooler,86.67,2%,1291,30564.93,0.3,No Promo
2022-08-21,Noctua NH-D15,Air Cooler,88.66,0%,1302,33422.91,0.3,No Promo
2022-08-22,Noctua NH-D15,Air Cooler,88.46,0%,1282,32653.88,0.3,No Promo
2022-08-23,Noctua NH-D15,Air Cooler,87.76,1%,1301,32220.78,0.3,No Promo
2022-08-24,Noctua NH-D15,Air Cooler,87.61,1%,1317,32415.17,0.3,No Promo
2022-08-25,Noctua NH-D15,Air Cooler,85.55,3%,1309,29530.76,0.3,No Promo
2022-08-26,Noctua NH-D15,Air Cooler,86.46,2%,1294,30361.96,0.3,No Promo
2022-08-27,Noctua NH-D15,Air Cooler,88.98,0%,1262,32793.04,0.3,No Promo
2022-08-28,Noctua NH-D15,Air Cooler,87.03,2%,1304,31350.0,0.3,No Promo
2022-08-29,Noctua NH-D15,Air Cooler,85.76,3%,1327,30212.29,0.3,No Promo
2022-08-30,Noctua NH-D15,Air Cooler,86.72,2%,1329,31537.69,0.3,No Promo
