cpu_cooler_sales_data.csv
date,product,category,price,discount,quantity_sold,profit,profit_margin,event
2022-08-31,Noctua NH-D15,Air Cooler,86.93,1%,1307,31285.26,0.3,No Promo
2022-09-01,Noctua NH-D15,Air Cooler,88.87,0%,1310,33898.93,0.3,No Promo
2022-09-02,Noctua NH-D15,Air Cooler,85.98,2%,1306,30014.74,0.3,No Promo
2022-09-03,Noctua NH-D15,Air Cooler,86.35,3%,1332,31106.69,0.3,No Promo
2022-09-04,Noctua NH-D15,Air Cooler,88.24,1%,1313,33152.5,0.3,No Promo
2022-09-05,Noctua NH-D15,Air Cooler,86.05,3%,1311,30221.92,0.3,No Promo
2022-09-06,Noctua NH-D15,Air Cooler,85.83,2%,1339,30574.34,0.3,No Promo
2022-09-07,Noctua NH-D15,Air Cooler,86.36,3%,1340,31317.31,0.3,No Promo
2022-09-08,Noctua NH-D15,Air Cooler,87.13,1%,1278,30852.29,0.3,No Promo
2022-09-09,Noctua NH-D15,Air Cooler,87.27,2%,1337,32453.55,0.3,No Promo
2022-09-10,Noctua NH-D15,Air Cooler,88.52,0%,1270,32424.65,0.3,No Promo
2022-09-11,Noctua NH-D15,Air Cooler,88.04,0%,1306,32714.95,0.3,No Promo
2022-09-12,Noctua NH-D15,Air Cooler,87.75,0%,1304,32277.87,0.3,No Promo
2022-09-13,Noctua NH-D15,Air Cooler,87.44,1%,1312,32071.51,0.3,No Promo
2022-09-14,Noctua NH-D15,Air Cooler,85.27,3%,1306,29096.51,0.3,No Promo
2022-09-15,Noctua NH-D15,Air Cooler,86.31,3%,1339,31218.48,0.3,No Promo
2022-09-16,Noctua NH-D15,Air Cooler,86.44,2%,1330,31185.69,0.3,No Promo
2022-09-17,Noctua NH-D15,Air Cooler,86.53,2%,1337,31469.09,0.3,No Promo
2022-09-18,Noctua NH-D15,Air Cooler,85.8,2%,1307,29808.11,0.3,No Promo
2022-09-19,Noctua NH-D15,Air Cooler,87.45,0%,1283,31374.84,0.3,No Promo
2022-09-20,Noctua NH-D15,Air Cooler,88.21,1%,1287,32460.0,0.3,No Promo
2022-09-21,Noctua NH-D15,Air Cooler,87.24,1%,1315,31888.05,0.3,No Promo
2022-09-22,Noctua NH-D15,Air Cooler,87.2,1%,1297,31402.36,0.3,No Promo
2022-09-23,Noctua NH-D15,Air Cooler,88.0,1%,1310,32756.01,0.3,No Promo
2022-09-24,Noctua NH-D15,Air Cooler,87.16,2%,1311,31683.89,0.3,No Promo
2022-09-25,Noctua NH-D15,Air Cooler,88.63,0%,1294,33173.4,0.3,No Promo
2022-09-26,Noctua NH-D15,Air Cooler,87.5,1%,1304,31950.94,0.3,No Promo
2022-09-27,Noctua NH-D15,Air Cooler,88.88,0%,1266,32775.43,0.3,No Promo
2022-09-28,Noctua NH-D15,Air Cooler,88.21,1%,1315,33159.77,0.3,No Promo
2022-09-29,Noctua NH-D15,Air Cooler,86.09,3%,1328,30672.95,0.3,No Promo
2022-09-30,Noctua NH-D15,Air Cooler,88.98,0%,1292,33575.6,0.3,No Promo
2022-10-01,Noctua NH-D15,Air Cooler,88.03,1%,1276,31944.08,0.3,No Promo
2022-10-02,Noctua NH-D15,Air Cooler,88.12,0%,1285,32294.37,0.3,No Promo
2022-10-03,Noctua NH-D15,Air Cooler,86.75,2%,1310,31121.47,0.3,No Promo
2022-10-04,Noctua NH-D15,Air Cooler,86.85,1%,1312,31306.88,0.3,No Promo
2022-10-05,Noctua NH-D15,Air Cooler,87.28,1%,1290,31328.19,0.3,No Promo
2022-10-06,Noctua NH-D15,Air Cooler,88.88,0%,1263,32698.37,0.3,No Promo
2022-10-07,Noctua NH-D15,Air Cooler,88.13,1%,1289,32404.03,0.3,No Promo
2022-10-08,Noctua NH-D15,Air Cooler,88.02,1%,1319,33005.86,0.3,No Promo
2022-10-09,Noctua NH-D15,Air Cooler,87.88,1%,1302,32399.09,0.3,No Promo
2022-10-10,Noctua NH-D15,Air Cooler,88.62,0%,1292,33105.02,0.3,No Promo
2022-10-11,Noctua NH-D15,Air Cooler,88.26,0%,1264,31943.61,0.3,No Promo
2022-10-12,Noctua NH-D15,Air Cooler,86.37,3%,1336,31234.17,0.3,No Promo
2022-10-13,Noctua NH-D15,Air Cooler,86.95,1%,1305,31263.46,0.3,No Promo
2022-10-14,Noctua NH-D15,Air Cooler,87.26,1%,1286,31210.39,0.3,No Promo
2022-10-15,Noctua NH-D15,Air Cooler,86.42,1%,1325,31046.42,0.3,No Promo
2022-10-16,Noctua NH-D15,Air Cooler,88.31,0%,1309,33144.74,0.3,No Promo
2022-10-17,Noctua NH-D15,Air Cooler,87.79,0%,1261,31274.01,0.3,No Promo
2022-10-18,Noctua NH-D15,Air Cooler,85.9,2%,1294,29639.9,0.3,No Promo
2022-10-19,Noctua NH-D15,Air Cooler,85.47,3%,1334,29984.21,0.3,No Promo
2022-10-20,Noctua NH-D15,Air Cooler,85.06,3%,1347,29730.68,0.3,No Promo
2022-10-21,Noctua NH-D15,Air Cooler,88.23,0%,1309,33029.45,0.3,No Promo
2022-10-22,Noctua NH-D15,Air Cooler,85.62,3%,1354,30632.13,0.3,No Promo
2022-10-23,Noctua NH-D15,Air Cooler,87.47,1%,1280,31329.2,0.3,No Promo
2022-10-24,Noctua NH-D15,Air Cooler,86.77,1%,1317,31317.71,0.3,No Promo
2022-10-25,Noctua NH-D15,Air Cooler,86.88,2%,1294,30912.48,0.3,No Promo
2022-10-26,Noctua NH-D15,Air Cooler,86.83,1%,1275,30392.26,0.3,No Promo
2022-10-27,Noctua NH-D15,Air Cooler,85.99,3%,1354,31132.78,0.3,No Promo
2022-10-28,Noctua NH-D15,Air Cooler,88.53,0%,1273,32503.11,0.3,No Promo
2022-10-29,Noctua NH-D15,Air Cooler,87.15,1%,1322,31929.64,0.3,No Promo
2022-10-30,Noctua NH-D15,Air Cooler,86.75,1%,1306,31029.93,0.3,No Promo
2022-10-31,Noctua NH-D15,Air Cooler,87.85,1%,1319,32787.84,0.3,No Promo
2022-11-01,Noctua NH-D15,Air Cooler,88.14,0%,1272,31991.29,0.3,No Promo
2022-11-02,Noctua NH-D15,Air Cooler,84.7,3%,1339,29070.61,0.3,No Promo
2022-11-03,Noctua NH-D15,Air Cooler,87.22,1%,1311,31760.36,0.3,No Promo
2022-11-04,Noctua NH-D15,Air Cooler,86.35,2%,1340,31302.09,0.3,No Promo
2022-11-05,Noctua NH-D15,Air Cooler,85.03,3%,1348,29705.11,0.3,No Promo
2022-11-06,Noctua NH-D15,Air Cooler,85.89,2%,1304,29861.55,0.3,No Promo
2022-11-07,Noctua NH-D15,Air Cooler,87.32,0%,1288,31328.06,0.3,No Promo
2022-11-08,Noctua NH-D15,Air Cooler,85.09,3%,1344,29703.06,0.3,No Promo
2022-11-09,Noctua NH-D15,Air Cooler,85.95,3%,1346,30901.77,0.3,No Promo
2022-11-10,Noctua NH-D15,Air Cooler,85.36,3%,1314,29392.45,0.3,No Promo
2022-11-11,Noctua NH-D15,Air Cooler,85.84,2%,1295,29592.14,0.3,No Promo
2022-11-12,Noctua NH-D15,Air Cooler,86.49,2%,1289,30291.43,0.3,No Promo
2022-11-13,Noctua NH-D15,Air Cooler,84.85,3%,1339,29266.41,0.3,No Promo
2022-11-14,Noctua NH-D15,Air Cooler,87.07,2%,1310,31536.68,0.3,No Promo
2022-11-15,Noctua NH-D15,Air Cooler,85.27,3%,1334,29720.13,0.3,No Promo
2022-11-16,Noctua NH-D15,Air Cooler,87.33,1%,1302,31691.53,0.3,No Promo
2022-11-17,Noctua NH-D15,Air Cooler,88.78,0%,1287,33193.24,0.3,No Promo
2022-11-18,Noctua NH-D15,Air Cooler,73.79,18%,1570,16954.12,0.3,Black Friday
2022-11-19,Noctua NH-D15,Air Cooler,72.89,19%,1530,15145.32,0.3,Black Friday
2022-11-20,Noctua NH-D15,Air Cooler,75.59,16%,1504,18948.29,0.3,Black Friday
2022-11-21,Noctua NH-D15,Air Cooler,75.59,16%,1530,19275.86,0.3,Black Friday
2022-11-22,Noctua NH-D15,Air Cooler,72.89,19%,1536,15204.71,0.3,Black Friday
2022-11-23,Noctua NH-D15,Air Cooler,76.49,15%,1481,19991.28,0.3,Black Friday
2022-11-24,Noctua NH-D15,Air Cooler,71.99,20%,1599,14389.4,0.3,Black Friday
2022-11-25,Noctua NH-D15,Air Cooler,73.79,18%,1521,16424.97,0.3,Black Friday
2022-11-26,Noctua NH-D15,Air Cooler,74.69,17%,1555,18191.48,0.3,Black Friday
2022-11-27,Noctua NH-D15,Air Cooler,75.59,16%,1501,18910.5,0.3,Black Friday
2022-11-28,Noctua NH-D15,Air Cooler,75.59,16%,1495,18834.91,0.3,Black Friday
2022-11-29,Noctua NH-D15,Air Cooler,72.89,19%,1574,15580.87,0.3,Black Friday
2022-11-30,Noctua NH-D15,Air Cooler,72.89,19%,1532,15165.11,0.3,Black Friday
2022-12-01,Noctua NH-D15,Air Cooler,73.79,18%,1528,16500.57,0.3,Black Friday
2022-12-02,Noctua NH-D15,Air Cooler,76.49,15%,1482,20004.78,0.3,Black Friday
2022-12-03,Noctua NH-D15,Air Cooler,87.9,0%,1283,31958.21,0.3,No Promo
2022-12-04,Noctua NH-D15,Air Cooler,84.99,3%,1345,29591.34,0.3,No Promo
2022-12-05,Noctua NH-D15,Air Cooler,85.38,3%,1315,29439.58,0.3,No Promo
2022-12-06,Noctua NH-D15,Air Cooler,88.01,0%,1267,31699.03,0.3,No Promo
2022-12-07,Noctua NH-D15,Air Cooler,85.17,3%,1310,29045.42,0.3,No Promo
2022-12-08,Noctua NH-D15,Air Cooler,87.72,1%,1319,32608.62,0.3,No Promo
2022-12-09,Noctua NH-D15,Air Cooler,85.64,3%,1321,29912.39,0.3,No Promo
2022-12-10,Noctua NH-D15,Air Cooler,86.55,1%,1297,30556.49,0.3,No Promo
2022-12-11,Noctua NH-D15,Air Cooler,87.58,0%,1301,31992.21,0.3,No Promo
2022-12-12,Noctua NH-D15,Air Cooler,80.09,11%,1423,24330.6,0.3,Christmas
2022-12-13,Noctua NH-D15,Air Cooler,79.19,12%,1465,23730.36,0.3,Christmas
2022-12-14,Noctua NH-D15,Air Cooler,76.49,15%,1496,20193.76,0.3,Christmas
2022-12-15,Noctua NH-D15,Air Cooler,77.39,14%,1493,21496.81,0.3,Christmas
2022-12-16,Noctua NH-D15,Air Cooler,77.39,14%,1509,21727.19,0.3,Christmas
2022-12-17,Noctua NH-D15,Air Cooler,80.09,11%,1440,24621.26,0.3,Christmas
2022-12-18,Noctua NH-D15,Air Cooler,79.19,12%,1439,23309.21,0.3,Christmas
2022-12-19,Noctua NH-D15,Air Cooler,76.49,15%,1522,20544.72,0.3,Christmas
2022-12-20,Noctua NH-D15,Air Cooler,79.19,12%,1464,23714.16,0.3,Christmas
2022-12-21,Noctua NH-D15,Air Cooler,78.29,13%,1479,22626.19,0.3,Christmas
2022-12-22,Noctua NH-D15,Air Cooler,76.49,15%,1476,19923.79,0.3,Christmas
2022-12-23,Noctua NH-D15,Air Cooler,76.49,15%,1501,20261.25,0.3,Christmas
2022-12-24,Noctua NH-D15,Air Cooler,76.49,15%,1497,20207.25,0.3,Christmas
2022-12-25,Noctua NH-D15,Air Cooler,80.09,11%,1441,24638.36,0.3,Christmas
2022-12-26,Noctua NH-D15,Air Cooler,87.89,0%,1290,32116.05,0.3,No Promo
2022-12-27,Noctua NH-D15,Air Cooler,87.0,1%,1284,30822.57,0.3,No Promo
2022-12-28,Noctua NH-D15,Air Cooler,85.04,3%,1350,29766.65,0.3,No Promo
2022-12-29,Noctua NH-D15,Air Cooler,86.77,2%,1325,31499.63,0.3,No Promo
2022-12-30,Noctua NH-D15,Air Cooler,86.93,0%,1295,31000.77,0.3,No Promo
2022-12-31,Noctua NH-D15,Air Cooler,85.83,3%,1345,30716.09,0.3,No Promo
2023-01-01,Noctua NH-D15,Air Cooler,82.79,8%,1428,28271.26,0.3,New Year's Sale
2023-01-02,Noctua NH-D15,Air Cooler,83.69,7%,1407,29121.66,0.3,New Year's Sale
2023-01-03,Noctua NH-D15,Air Cooler,82.79,8%,1381,27340.76,0.3,New Year's Sale
2023-01-04,Noctua NH-D15,Air Cooler,83.69,7%,1399,28956.08,0.3,New Year's Sale
2023-01-05,Noctua NH-D15,Air Cooler,83.69,7%,1372,28397.24,0.3,New Year's Sale
2023-01-06,Noctua NH-D15,Air Cooler,81.89,9%,1427,26967.3,0.3,New Year's Sale
2023-01-07,Noctua NH-D15,Air Cooler,82.79,8%,1378,27281.37,0.3,New Year's Sale
2023-01-08,Noctua NH-D15,Air Cooler,80.99,10%,1427,25683.15,0.3,New Year's Sale
2023-01-09,Noctua NH-D15,Air Cooler,82.79,8%,1375,27221.98,0.3,New Year's Sale
2023-01-10,Noctua NH-D15,Air Cooler,84.59,6%,1361,29394.33,0.3,New Year's Sale
2023-01-11,Noctua NH-D15,Air Cooler,84.59,6%,1388,29977.47,0.3,New Year's Sale
2023-01-12,Noctua NH-D15,Air Cooler,80.99,10%,1404,25269.19,0.3,New Year's Sale
2023-01-13,Noctua NH-D15,Air Cooler,81.89,9%,1426,26948.41,0.3,New Year's Sale
2023-01-14,Noctua NH-D15,Air Cooler,85.49,5%,1357,30529.11,0.3,New Year's Sale
2023-01-15,Noctua NH-D15,Air Cooler,86.68,1%,1312,31074.62,0.3,No Promo
2023-01-16,Noctua NH-D15,Air Cooler,85.41,2%,1305,29248.93,0.3,No Promo
2023-01-17,Noctua NH-D15,Air Cooler,85.24,3%,1332,29636.98,0.3,No Promo
2023-01-18,Noctua NH-D15,Air Cooler,87.12,1%,1300,31370.56,0.3,No Promo
2023-01-19,Noctua NH-D15,Air Cooler,85.39,3%,1338,29960.65,0.3,No Promo
2023-01-20,Noctua NH-D15,Air Cooler,85.92,1%,1314,30128.57,0.3,No Promo
2023-01-21,Noctua NH-D15,Air Cooler,84.97,2%,1294,28433.55,0.3,No Promo
2023-01-22,Noctua NH-D15,Air Cooler,85.01,2%,1303,28692.88,0.3,No Promo
2023-01-23,Noctua NH-D15,Air Cooler,86.17,2%,1290,29901.97,0.3,No Promo
2023-01-24,Noctua NH-D15,Air Cooler,86.9,0%,1310,31313.73,0.3,No Promo
2023-01-25,Noctua NH-D15,Air Cooler,87.11,0%,1270,30625.77,0.3,No Promo
2023-01-26,Noctua NH-D15,Air Cooler,85.12,2%,1298,28723.99,0.3,No Promo
2023-01-27,Noctua NH-D15,Air Cooler,87.9,0%,1263,31453.88,0.3,No Promo
2023-01-28,Noctua NH-D15,Air Cooler,86.39,1%,1313,30721.0,0.3,No Promo
2023-01-29,Noctua NH-D15,Air Cooler,87.33,0%,1277,31077.32,0.3,No Promo
2023-01-30,Noctua NH-D15,Air Cooler,85.65,3%,1354,30679.98,0.3,No Promo
2023-01-31,Noctua NH-D15,Air Cooler,86.46,1%,1308,30691.86,0.3,No Promo
2023-02-01,Noctua NH-D15,Air Cooler,85.21,3%,1312,29152.91,0.3,No Promo
2023-02-02,Noctua NH-D15,Air Cooler,88.26,0%,1288,32543.1,0.3,No Promo
2023-02-03,Noctua NH-D15,Air Cooler,85.83,1%,1317,30077.48,0.3,No Promo
2023-02-04,Noctua NH-D15,Air Cooler,84.04,3%,1335,28098.62,0.3,No Promo
2023-02-05,Noctua NH-D15,Air Cooler,85.46,2%,1316,29573.07,0.3,No Promo
2023-02-06,Noctua NH-D15,Air Cooler,84.61,3%,1303,28164.18,0.3,No Promo
2023-02-07,Noctua NH-D15,Air Cooler,85.49,5%,1338,30101.66,0.3,Valentine's Day
2023-02-08,Noctua NH-D15,Air Cooler,86.39,4%,1363,31890.66,0.3,Valentine's Day
2023-02-09,Noctua NH-D15,Air Cooler,84.59,6%,1389,29999.07,0.3,Valentine's Day
2023-02-10,Noctua NH-D15,Air Cooler,86.39,4%,1356,31726.87,0.3,Valentine's Day
2023-02-11,Noctua NH-D15,Air Cooler,85.49,5%,1366,30731.59,0.3,Valentine's Day
2023-02-12,Noctua NH-D15,Air Cooler,83.69,7%,1381,28583.52,0.3,Valentine's Day
2023-02-13,Noctua NH-D15,Air Cooler,86.39,4%,1357,31750.27,0.3,Valentine's Day
2023-02-14,Noctua NH-D15,Air Cooler,84.59,6%,1360,29372.74,0.3,Valentine's Day
2023-02-15,Noctua NH-D15,Air Cooler,83.69,7%,1409,29163.06,0.3,Valentine's Day
2023-02-16,Noctua NH-D15,Air Cooler,83.69,7%,1387,28707.71,0.3,Valentine's Day
2023-02-17,Noctua NH-D15,Air Cooler,84.59,6%,1357,29307.94,0.3,Valentine's Day
2023-02-18,Noctua NH-D15,Air Cooler,83.69,7%,1388,28728.41,0.3,Valentine's Day
2023-02-19,Noctua NH-D15,Air Cooler,83.69,7%,1404,29059.57,0.3,Valentine's Day
2023-02-20,Noctua NH-D15,Air Cooler,83.69,7%,1402,29018.18,0.3,Valentine's Day
2023-02-21,Noctua NH-D15,Air Cooler,83.69,7%,1410,29183.76,0.3,Valentine's Day
2023-02-22,Noctua NH-D15,Air Cooler,85.32,2%,1291,28818.59,0.3,No Promo
2023-02-23,Noctua NH-D15,Air Cooler,87.79,0%,1301,32266.46,0.3,No Promo
2023-02-24,Noctua NH-D15,Air Cooler,85.89,2%,1306,29900.33,0.3,No Promo
2023-02-25,Noctua NH-D15,Air Cooler,87.13,1%,1326,32011.13,0.3,No Promo
2023-02-26,Noctua NH-D15,Air Cooler,86.87,1%,1296,30949.73,0.3,No Promo
2023-02-27,Noctua NH-D15,Air Cooler,86.4,1%,1315,30785.66,0.3,No Promo
2023-02-28,Noctua NH-D15,Air Cooler,87.51,0%,1287,31553.29,0.3,No Promo
2023-03-01,Noctua NH-D15,Air Cooler,85.37,3%,1352,30247.51,0.3,No Promo
2023-03-02,Noctua NH-D15,Air Cooler,87.3,0%,1281,31142.88,0.3,No Promo
2023-03-03,Noctua NH-D15,Air Cooler,84.3,3%,1350,28761.11,0.3,No Promo
2023-03-04,Noctua NH-D15,Air Cooler,84.94,2%,1312,28797.98,0.3,No Promo
2023-03-05,Noctua NH-D15,Air Cooler,87.53,0%,1292,31700.16,0.3,No Promo
2023-03-06,Noctua NH-D15,Air Cooler,86.5,0%,1292,30368.1,0.3,No Promo
2023-03-07,Noctua NH-D15,Air Cooler,85.1,3%,1322,29221.39,0.3,No Promo
2023-03-08,Noctua NH-D15,Air Cooler,83.91,3%,1347,28170.39,0.3,No Promo
2023-03-09,Noctua NH-D15,Air Cooler,84.42,3%,1342,28756.32,0.3,No Promo
2023-03-10,Noctua NH-D15,Air Cooler,84.81,2%,1317,28735.09,0.3,No Promo
2023-03-11,Noctua NH-D15,Air Cooler,87.17,0%,1300,31425.11,0.3,No Promo
2023-03-12,Noctua NH-D15,Air Cooler,84.74,3%,1317,28639.09,0.3,No Promo
2023-03-13,Noctua NH-D15,Air Cooler,86.99,0%,1310,31429.6,0.3,No Promo
2023-03-14,Noctua NH-D15,Air Cooler,86.67,0%,1294,30636.27,0.3,No Promo
2023-03-15,Noctua NH-D15,Air Cooler,87.01,0%,1284,30839.02,0.3,No Promo
2023-03-16,Noctua NH-D15,Air Cooler,85.39,3%,1306,29252.49,0.3,No Promo
2023-03-17,Noctua NH-D15,Air Cooler,85.43,2%,1317,29553.46,0.3,No Promo
2023-03-18,Noctua NH-D15,Air Cooler,87.07,0%,1263,30412.67,0.3,No Promo
2023-03-19,Noctua NH-D15,Air Cooler,85.39,2%,1304,29201.71,0.3,No Promo
2023-03-20,Noctua NH-D15,Air Cooler,86.46,0%,1278,29996.87,0.3,No Promo
2023-03-21,Noctua NH-D15,Air Cooler,84.9,2%,1334,29224.26,0.3,No Promo
2023-03-22,Noctua NH-D15,Air Cooler,85.23,3%,1340,29799.71,0.3,No Promo
2023-03-23,Noctua NH-D15,Air Cooler,85.48,1%,1300,29228.67,0.3,No Promo
2023-03-24,Noctua NH-D15,Air Cooler,85.2,3%,1329,29518.44,0.3,No Promo
2023-03-25,Noctua NH-D15,Air Cooler,85.77,2%,1334,30386.28,0.3,No Promo
2023-03-26,Noctua NH-D15,Air Cooler,85.23,3%,1337,29732.14,0.3,No Promo
2023-03-27,Noctua NH-D15,Air Cooler,84.93,3%,1331,29199.91,0.3,No Promo
2023-03-28,Noctua NH-D15,Air Cooler,87.23,0%,1262,30584.45,0.3,No Promo
2023-03-29,Noctua NH-D15,Air Cooler,84.41,3%,1309,28037.14,0.3,No Promo
2023-03-30,Noctua NH-D15,Air Cooler,84.83,3%,1340,29261.59,0.3,No Promo
2023-03-31,Noctua NH-D15,Air Cooler,85.22,3%,1339,29767.87,0.3,No Promo
2023-04-01,Noctua NH-D15,Air Cooler,86.2,0%,1305,30290.78,0.3,No Promo
2023-04-02,Noctua NH-D15,Air Cooler,86.39,4%,1326,31024.95,0.3,Easter
2023-04-03,Noctua NH-D15,Air Cooler,83.69,7%,1372,28397.24,0.3,Easter
2023-04-04,Noctua NH-D15,Air Cooler,87.29,3%,1310,31829.46,0.3,Easter
2023-04-05,Noctua NH-D15,Air Cooler,87.29,3%,1353,32874.25,0.3,Easter
2023-04-06,Noctua NH-D15,Air Cooler,86.39,4%,1353,31656.68,0.3,Easter
2023-04-07,Noctua NH-D15,Air Cooler,82.79,8%,1417,28053.48,0.3,Easter
2023-04-08,Noctua NH-D15,Air Cooler,86.39,4%,1339,31329.12,0.3,Easter
2023-04-09,Noctua NH-D15,Air Cooler,84.59,6%,1388,29977.47,0.3,Easter
2023-04-10,Noctua NH-D15,Air Cooler,82.79,8%,1405,27815.91,0.3,Easter
2023-04-11,Noctua NH-D15,Air Cooler,86.39,4%,1350,31586.49,0.3,Easter
2023-04-12,Noctua NH-D15,Air Cooler,87.29,3%,1328,32266.81,0.3,Easter
2023-04-13,Noctua NH-D15,Air Cooler,83.69,7%,1395,28873.29,0.3,Easter
2023-04-14,Noctua NH-D15,Air Cooler,82.79,8%,1403,27776.31,0.3,Easter
2023-04-15,Noctua NH-D15,Air Cooler,86.39,4%,1344,31446.11,0.3,Easter
2023-04-16,Noctua NH-D15,Air Cooler,85.49,5%,1374,30911.57,0.3,Easter
2023-04-17,Noctua NH-D15,Air Cooler,86.78,1%,1324,31498.07,0.3,No Promo
2023-04-18,Noctua NH-D15,Air Cooler,84.93,3%,1338,29351.37,0.3,No Promo
2023-04-19,Noctua NH-D15,Air Cooler,83.63,3%,1329,27423.41,0.3,No Promo
2023-04-20,Noctua NH-D15,Air Cooler,83.82,3%,1349,28094.32,0.3,No Promo
2023-04-21,Noctua NH-D15,Air Cooler,86.5,0%,1263,29688.52,0.3,No Promo
2023-04-22,Noctua NH-D15,Air Cooler,85.92,2%,1291,29598.51,0.3,No Promo
2023-04-23,Noctua NH-D15,Air Cooler,83.94,3%,1321,27668.61,0.3,No Promo
2023-04-24,Noctua NH-D15,Air Cooler,84.09,3%,1340,28264.3,0.3,No Promo
2023-04-25,Noctua NH-D15,Air Cooler,83.75,3%,1303,27047.19,0.3,No Promo
2023-04-26,Noctua NH-D15,Air Cooler,86.31,1%,1312,30591.87,0.3,No Promo
2023-04-27,Noctua NH-D15,Air Cooler,85.93,2%,1313,30119.75,0.3,No Promo
2023-04-28,Noctua NH-D15,Air Cooler,84.9,2%,1324,29008.99,0.3,No Promo
2023-04-29,Noctua NH-D15,Air Cooler,86.31,0%,1301,30332.24,0.3,No Promo
2023-04-30,Noctua NH-D15,Air Cooler,84.83,2%,1334,29125.72,0.3,No Promo
2023-05-01,Noctua NH-D15,Air Cooler,87.29,3%,1323,32145.33,0.3,Mother's Day
2023-05-02,Noctua NH-D15,Air Cooler,85.49,5%,1364,30686.59,0.3,Mother's Day
