cpu_cooler_sales_data.csv
date,product,category,price,discount,quantity_sold,profit,profit_margin,event
2023-05-03,Noctua NH-D15,Air Cooler,87.29,3%,1343,32631.27,0.3,Mother's Day
2023-05-04,Noctua NH-D15,Air Cooler,85.49,5%,1339,30124.15,0.3,Mother's Day
2023-05-05,Noctua NH-D15,Air Cooler,88.19,2%,1309,32983.13,0.3,Mother's Day
2023-05-06,Noctua NH-D15,Air Cooler,88.19,2%,1310,33008.33,0.3,Mother's Day
2023-05-07,Noctua NH-D15,Air Cooler,85.49,5%,1362,30641.6,0.3,Mother's Day
2023-05-08,Noctua NH-D15,Air Cooler,87.29,3%,1318,32023.84,0.3,Mother's Day
2023-05-09,Noctua NH-D15,Air Cooler,87.29,3%,1328,32266.81,0.3,Mother's Day
2023-05-10,Noctua NH-D15,Air Cooler,86.39,4%,1327,31048.35,0.3,Mother's Day
2023-05-11,Noctua NH-D15,Air Cooler,87.29,3%,1316,31975.25,0.3,Mother's Day
2023-05-12,Noctua NH-D15,Air Cooler,87.29,3%,1345,32679.87,0.3,Mother's Day
2023-05-13,Noctua NH-D15,Air Cooler,86.39,4%,1326,31024.95,0.3,Mother's Day
2023-05-14,Noctua NH-D15,Air Cooler,86.39,4%,1322,30931.36,0.3,Mother's Day
2023-05-15,Noctua NH-D15,Air Cooler,85.49,5%,1383,31114.04,0.3,Mother's Day
2023-05-16,Noctua NH-D15,Air Cooler,87.63,0%,1278,31489.39,0.3,No Promo
2023-05-17,Noctua NH-D15,Air Cooler,86.25,0%,1267,29472.45,0.3,No Promo
2023-05-18,Noctua NH-D15,Air Cooler,86.74,0%,1274,30258.26,0.3,No Promo
2023-05-19,Noctua NH-D15,Air Cooler,85.58,2%,1311,29617.44,0.3,No Promo
2023-05-20,Noctua NH-D15,Air Cooler,84.83,3%,1353,29540.92,0.3,No Promo
2023-05-21,Noctua NH-D15,Air Cooler,84.44,2%,1308,28046.66,0.3,No Promo
2023-05-22,Noctua NH-D15,Air Cooler,87.09,0%,1296,31234.27,0.3,No Promo
2023-05-23,Noctua NH-D15,Air Cooler,85.0,2%,1338,29439.87,0.3,No Promo
2023-05-24,Noctua NH-D15,Air Cooler,87.39,0%,1268,30937.58,0.3,No Promo
2023-05-25,Noctua NH-D15,Air Cooler,86.75,0%,1298,30842.18,0.3,No Promo
2023-05-26,Noctua NH-D15,Air Cooler,85.13,2%,1318,29182.84,0.3,No Promo
2023-05-27,Noctua NH-D15,Air Cooler,86.65,0%,1261,29831.87,0.3,No Promo
2023-05-28,Noctua NH-D15,Air Cooler,84.7,3%,1307,28373.04,0.3,No Promo
2023-05-29,Noctua NH-D15,Air Cooler,84.21,3%,1320,28012.48,0.3,No Promo
2023-05-30,Noctua NH-D15,Air Cooler,84.3,2%,1320,28125.37,0.3,No Promo
2023-05-31,Noctua NH-D15,Air Cooler,86.75,0%,1283,30481.51,0.3,No Promo
2023-06-01,Noctua NH-D15,Air Cooler,84.86,3%,1342,29346.35,0.3,No Promo
2023-06-02,Noctua NH-D15,Air Cooler,85.53,2%,1297,29236.93,0.3,No Promo
2023-06-03,Noctua NH-D15,Air Cooler,84.57,3%,1314,28354.99,0.3,No Promo
2023-06-04,Noctua NH-D15,Air Cooler,84.86,2%,1321,28887.37,0.3,No Promo
2023-06-05,Noctua NH-D15,Air Cooler,86.34,1%,1291,30144.26,0.3,No Promo
2023-06-06,Noctua NH-D15,Air Cooler,86.18,1%,1286,29814.21,0.3,No Promo
2023-06-07,Noctua NH-D15,Air Cooler,84.16,2%,1330,28147.96,0.3,No Promo
2023-06-08,Noctua NH-D15,Air Cooler,84.63,2%,1324,28651.3,0.3,No Promo
2023-06-09,Noctua NH-D15,Air Cooler,86.4,1%,1284,30058.46,0.3,No Promo
2023-06-10,Noctua NH-D15,Air Cooler,84.33,3%,1332,28426.72,0.3,No Promo
2023-06-11,Noctua NH-D15,Air Cooler,83.69,3%,1333,27595.6,0.3,No Promo
2023-06-12,Noctua NH-D15,Air Cooler,86.08,1%,1297,29943.69,0.3,No Promo
2023-06-13,Noctua NH-D15,Air Cooler,84.32,2%,1303,27788.12,0.3,No Promo
2023-06-14,Noctua NH-D15,Air Cooler,83.51,3%,1331,27306.49,0.3,No Promo
2023-06-15,Noctua NH-D15,Air Cooler,85.19,1%,1281,28436.1,0.3,No Promo
2023-06-16,Noctua NH-D15,Air Cooler,85.16,1%,1285,28482.68,0.3,No Promo
2023-06-17,Noctua NH-D15,Air Cooler,84.41,2%,1339,28677.52,0.3,No Promo
2023-06-18,Noctua NH-D15,Air Cooler,85.77,1%,1285,29269.86,0.3,No Promo
2023-06-19,Noctua NH-D15,Air Cooler,86.56,0%,1291,30425.34,0.3,No Promo
2023-06-20,Noctua NH-D15,Air Cooler,85.58,1%,1319,29792.9,0.3,No Promo
2023-06-21,Noctua NH-D15,Air Cooler,85.47,1%,1299,29199.52,0.3,No Promo
2023-06-22,Noctua NH-D15,Air Cooler,85.53,1%,1283,28914.98,0.3,No Promo
2023-06-23,Noctua NH-D15,Air Cooler,85.9,1%,1317,30169.78,0.3,No Promo
2023-06-24,Noctua NH-D15,Air Cooler,84.1,3%,1312,27686.25,0.3,No Promo
2023-06-25,Noctua NH-D15,Air Cooler,84.39,2%,1290,27603.99,0.3,No Promo
2023-06-26,Noctua NH-D15,Air Cooler,84.14,3%,1320,27916.48,0.3,No Promo
2023-06-27,Noctua NH-D15,Air Cooler,86.31,1%,1296,30212.9,0.3,No Promo
2023-06-28,Noctua NH-D15,Air Cooler,86.4,1%,1278,29917.67,0.3,No Promo
2023-06-29,Noctua NH-D15,Air Cooler,84.32,2%,1311,27965.63,0.3,No Promo
2023-06-30,Noctua NH-D15,Air Cooler,86.24,0%,1294,30078.96,0.3,No Promo
2023-07-01,Noctua NH-D15,Air Cooler,85.35,2%,1306,29198.76,0.3,No Promo
2023-07-02,Noctua NH-D15,Air Cooler,84.24,2%,1315,27936.71,0.3,No Promo
2023-07-03,Noctua NH-D15,Air Cooler,85.59,2%,1316,29741.75,0.3,No Promo
2023-07-04,Noctua NH-D15,Air Cooler,85.49,2%,1319,29670.2,0.3,No Promo
2023-07-05,Noctua NH-D15,Air Cooler,83.08,3%,1345,27017.95,0.3,No Promo
2023-07-06,Noctua NH-D15,Air Cooler,85.17,2%,1328,29456.82,0.3,No Promo
2023-07-07,Noctua NH-D15,Air Cooler,86.73,0%,1299,30840.55,0.3,No Promo
2023-07-08,Noctua NH-D15,Air Cooler,84.24,3%,1334,28340.59,0.3,No Promo
2023-07-09,Noctua NH-D15,Air Cooler,84.19,3%,1323,28047.66,0.3,No Promo
2023-07-10,Noctua NH-D15,Air Cooler,80.99,10%,1440,25917.12,0.3,Amazon Prime Day
2023-07-11,Noctua NH-D15,Air Cooler,79.19,12%,1461,23665.57,0.3,Amazon Prime Day
2023-07-12,Noctua NH-D15,Air Cooler,79.19,12%,1453,23535.98,0.3,Amazon Prime Day
2023-07-13,Noctua NH-D15,Air Cooler,76.49,15%,1506,20328.74,0.3,Amazon Prime Day
2023-07-14,Noctua NH-D15,Air Cooler,76.49,15%,1488,20085.77,0.3,Amazon Prime Day
2023-07-15,Noctua NH-D15,Air Cooler,80.09,11%,1472,25168.4,0.3,Amazon Prime Day
2023-07-16,Noctua NH-D15,Air Cooler,78.29,13%,1445,22106.04,0.3,Amazon Prime Day
2023-07-17,Noctua NH-D15,Air Cooler,80.99,10%,1444,25989.11,0.3,Amazon Prime Day
2023-07-18,Noctua NH-D15,Air Cooler,77.39,14%,1465,21093.66,0.3,Amazon Prime Day
2023-07-19,Noctua NH-D15,Air Cooler,77.39,14%,1492,21482.41,0.3,Amazon Prime Day
2023-07-20,Noctua NH-D15,Air Cooler,80.99,10%,1447,26043.11,0.3,Amazon Prime Day
2023-07-21,Noctua NH-D15,Air Cooler,79.19,12%,1461,23665.57,0.3,Amazon Prime Day
2023-07-22,Noctua NH-D15,Air Cooler,80.09,11%,1427,24398.99,0.3,Amazon Prime Day
2023-07-23,Noctua NH-D15,Air Cooler,78.29,13%,1473,22534.4,0.3,Amazon Prime Day
2023-07-24,Noctua NH-D15,Air Cooler,83.05,3%,1337,26812.04,0.3,No Promo
2023-07-25,Noctua NH-D15,Air Cooler,86.96,0%,1307,31319.7,0.3,No Promo
2023-07-26,Noctua NH-D15,Air Cooler,83.75,3%,1319,27377.8,0.3,No Promo
2023-07-27,Noctua NH-D15,Air Cooler,85.68,0%,1302,29539.01,0.3,No Promo
2023-07-28,Noctua NH-D15,Air Cooler,85.35,1%,1301,29090.3,0.3,No Promo
2023-07-29,Noctua NH-D15,Air Cooler,86.0,0%,1288,29626.8,0.3,No Promo
2023-07-30,Noctua NH-D15,Air Cooler,83.32,3%,1335,27142.98,0.3,No Promo
2023-07-31,Noctua NH-D15,Air Cooler,84.44,3%,1303,27945.08,0.3,No Promo
2023-08-01,Noctua NH-D15,Air Cooler,86.39,4%,1368,32007.64,0.3,Back-to-School
2023-08-02,Noctua NH-D15,Air Cooler,85.49,5%,1352,30416.62,0.3,Back-to-School
2023-08-03,Noctua NH-D15,Air Cooler,85.49,5%,1334,30011.67,0.3,Back-to-School
2023-08-04,Noctua NH-D15,Air Cooler,86.39,4%,1364,31914.05,0.3,Back-to-School
2023-08-05,Noctua NH-D15,Air Cooler,87.29,3%,1349,32777.06,0.3,Back-to-School
2023-08-06,Noctua NH-D15,Air Cooler,86.39,4%,1345,31469.5,0.3,Back-to-School
2023-08-07,Noctua NH-D15,Air Cooler,86.39,4%,1321,30907.97,0.3,Back-to-School
2023-08-08,Noctua NH-D15,Air Cooler,86.39,4%,1357,31750.27,0.3,Back-to-School
2023-08-09,Noctua NH-D15,Air Cooler,85.49,5%,1348,30326.63,0.3,Back-to-School
2023-08-10,Noctua NH-D15,Air Cooler,86.39,4%,1340,31352.52,0.3,Back-to-School
2023-08-11,Noctua NH-D15,Air Cooler,87.29,3%,1328,32266.81,0.3,Back-to-School
2023-08-12,Noctua NH-D15,Air Cooler,86.39,4%,1365,31937.45,0.3,Back-to-School
2023-08-13,Noctua NH-D15,Air Cooler,86.39,4%,1339,31329.12,0.3,Back-to-School
2023-08-14,Noctua NH-D15,Air Cooler,86.39,4%,1317,30814.38,0.3,Back-to-School
2023-08-15,Noctua NH-D15,Air Cooler,85.07,2%,1340,29587.58,0.3,No Promo
2023-08-16,Noctua NH-D15,Air Cooler,85.57,0%,1263,28513.18,0.3,No Promo
2023-08-17,Noctua NH-D15,Air Cooler,83.69,2%,1316,27234.9,0.3,No Promo
2023-08-18,Noctua NH-D15,Air Cooler,83.67,2%,1333,27562.27,0.3,No Promo
2023-08-19,Noctua NH-D15,Air Cooler,82.88,3%,1328,26405.83,0.3,No Promo
2023-08-20,Noctua NH-D15,Air Cooler,84.14,2%,1289,27260.45,0.3,No Promo
2023-08-21,Noctua NH-D15,Air Cooler,83.82,3%,1309,27259.33,0.3,No Promo
2023-08-22,Noctua NH-D15,Air Cooler,85.7,0%,1282,29109.43,0.3,No Promo
2023-08-23,Noctua NH-D15,Air Cooler,86.5,0%,1280,30086.69,0.3,No Promo
2023-08-24,Noctua NH-D15,Air Cooler,84.51,2%,1333,28679.8,0.3,No Promo
2023-08-25,Noctua NH-D15,Air Cooler,86.18,0%,1301,30172.48,0.3,No Promo
2023-08-26,Noctua NH-D15,Air Cooler,84.3,2%,1321,28140.86,0.3,No Promo
2023-08-27,Noctua NH-D15,Air Cooler,84.49,1%,1289,27713.18,0.3,No Promo
2023-08-28,Noctua NH-D15,Air Cooler,83.99,2%,1299,27276.27,0.3,No Promo
2023-08-29,Noctua NH-D15,Air Cooler,86.22,0%,1294,30050.15,0.3,No Promo
2023-08-30,Noctua NH-D15,Air Cooler,85.95,0%,1287,29547.27,0.3,No Promo
2023-08-31,Noctua NH-D15,Air Cooler,84.86,2%,1310,28647.92,0.3,No Promo
2023-09-01,Noctua NH-D15,Air Cooler,86.5,0%,1278,30040.26,0.3,No Promo
2023-09-02,Noctua NH-D15,Air Cooler,85.02,2%,1315,28960.03,0.3,No Promo
2023-09-03,Noctua NH-D15,Air Cooler,86.65,0%,1272,30094.54,0.3,No Promo
2023-09-04,Noctua NH-D15,Air Cooler,85.2,2%,1316,29221.03,0.3,No Promo
2023-09-05,Noctua NH-D15,Air Cooler,85.99,0%,1308,30085.61,0.3,No Promo
2023-09-06,Noctua NH-D15,Air Cooler,84.53,1%,1311,28230.66,0.3,No Promo
2023-09-07,Noctua NH-D15,Air Cooler,85.47,0%,1293,29059.07,0.3,No Promo
2023-09-08,Noctua NH-D15,Air Cooler,85.98,1%,1308,30071.53,0.3,No Promo
2023-09-09,Noctua NH-D15,Air Cooler,83.56,3%,1339,27541.22,0.3,No Promo
2023-09-10,Noctua NH-D15,Air Cooler,85.6,1%,1294,29257.62,0.3,No Promo
2023-09-11,Noctua NH-D15,Air Cooler,83.18,3%,1353,27313.46,0.3,No Promo
2023-09-12,Noctua NH-D15,Air Cooler,86.0,0%,1311,30165.19,0.3,No Promo
2023-09-13,Noctua NH-D15,Air Cooler,84.25,2%,1311,27869.57,0.3,No Promo
2023-09-14,Noctua NH-D15,Air Cooler,82.74,3%,1347,26594.5,0.3,No Promo
2023-09-15,Noctua NH-D15,Air Cooler,84.78,1%,1323,28818.6,0.3,No Promo
2023-09-16,Noctua NH-D15,Air Cooler,83.16,3%,1348,27184.59,0.3,No Promo
2023-09-17,Noctua NH-D15,Air Cooler,85.4,0%,1303,29200.5,0.3,No Promo
2023-09-18,Noctua NH-D15,Air Cooler,84.6,1%,1307,28238.06,0.3,No Promo
2023-09-19,Noctua NH-D15,Air Cooler,83.76,3%,1331,27635.64,0.3,No Promo
2023-09-20,Noctua NH-D15,Air Cooler,85.5,1%,1290,29029.23,0.3,No Promo
2023-09-21,Noctua NH-D15,Air Cooler,84.47,1%,1306,28055.23,0.3,No Promo
2023-09-22,Noctua NH-D15,Air Cooler,83.3,3%,1324,26880.72,0.3,No Promo
2023-09-23,Noctua NH-D15,Air Cooler,83.94,3%,1324,27738.67,0.3,No Promo
2023-09-24,Noctua NH-D15,Air Cooler,86.6,0%,1279,30198.49,0.3,No Promo
2023-09-25,Noctua NH-D15,Air Cooler,82.56,3%,1333,26084.72,0.3,No Promo
2023-09-26,Noctua NH-D15,Air Cooler,83.73,3%,1312,27205.1,0.3,No Promo
2023-09-27,Noctua NH-D15,Air Cooler,83.72,2%,1335,27665.09,0.3,No Promo
2023-09-28,Noctua NH-D15,Air Cooler,86.34,0%,1262,29461.19,0.3,No Promo
2023-09-29,Noctua NH-D15,Air Cooler,84.52,2%,1328,28588.34,0.3,No Promo
2023-09-30,Noctua NH-D15,Air Cooler,84.69,2%,1326,28763.94,0.3,No Promo
2023-10-01,Noctua NH-D15,Air Cooler,85.36,1%,1282,28673.11,0.3,No Promo
2023-10-02,Noctua NH-D15,Air Cooler,83.01,3%,1319,26405.37,0.3,No Promo
2023-10-03,Noctua NH-D15,Air Cooler,83.58,2%,1323,27235.13,0.3,No Promo
2023-10-04,Noctua NH-D15,Air Cooler,83.81,3%,1333,27752.57,0.3,No Promo
2023-10-05,Noctua NH-D15,Air Cooler,83.67,3%,1339,27692.04,0.3,No Promo
2023-10-06,Noctua NH-D15,Air Cooler,83.51,3%,1307,26816.29,0.3,No Promo
2023-10-07,Noctua NH-D15,Air Cooler,86.27,0%,1292,30068.95,0.3,No Promo
2023-10-08,Noctua NH-D15,Air Cooler,85.63,0%,1311,29677.99,0.3,No Promo
2023-10-09,Noctua NH-D15,Air Cooler,86.61,0%,1285,30348.0,0.3,No Promo
2023-10-10,Noctua NH-D15,Air Cooler,84.24,2%,1330,28254.12,0.3,No Promo
2023-10-11,Noctua NH-D15,Air Cooler,86.57,0%,1272,29987.43,0.3,No Promo
2023-10-12,Noctua NH-D15,Air Cooler,85.16,0%,1303,28884.22,0.3,No Promo
2023-10-13,Noctua NH-D15,Air Cooler,86.54,0%,1286,30278.7,0.3,No Promo
2023-10-14,Noctua NH-D15,Air Cooler,83.74,3%,1307,27114.98,0.3,No Promo
2023-10-15,Noctua NH-D15,Air Cooler,86.39,0%,1294,30277.03,0.3,No Promo
2023-10-16,Noctua NH-D15,Air Cooler,83.35,3%,1345,27374.37,0.3,No Promo
2023-10-17,Noctua NH-D15,Air Cooler,86.24,0%,1305,30339.1,0.3,No Promo
2023-10-18,Noctua NH-D15,Air Cooler,83.53,3%,1320,27115.04,0.3,No Promo
2023-10-19,Noctua NH-D15,Air Cooler,85.95,0%,1290,29609.26,0.3,No Promo
2023-10-20,Noctua NH-D15,Air Cooler,84.18,1%,1312,27796.86,0.3,No Promo
2023-10-21,Noctua NH-D15,Air Cooler,85.65,1%,1295,29339.66,0.3,No Promo
2023-10-22,Noctua NH-D15,Air Cooler,85.14,1%,1276,28255.4,0.3,No Promo
2023-10-23,Noctua NH-D15,Air Cooler,86.25,0%,1280,29764.55,0.3,No Promo
2023-10-24,Noctua NH-D15,Air Cooler,82.49,3%,1329,25911.39,0.3,No Promo
2023-10-25,Noctua NH-D15,Air Cooler,84.61,2%,1317,28467.95,0.3,No Promo
2023-10-26,Noctua NH-D15,Air Cooler,83.66,2%,1292,26703.32,0.3,No Promo
2023-10-27,Noctua NH-D15,Air Cooler,86.56,0%,1274,30024.7,0.3,No Promo
2023-10-28,Noctua NH-D15,Air Cooler,83.24,3%,1311,26547.79,0.3,No Promo
2023-10-29,Noctua NH-D15,Air Cooler,84.61,2%,1322,28574.67,0.3,No Promo
2023-10-30,Noctua NH-D15,Air Cooler,83.38,2%,1293,26357.35,0.3,No Promo
2023-10-31,Noctua NH-D15,Air Cooler,84.41,1%,1303,27908.53,0.3,No Promo
2023-11-01,Noctua NH-D15,Air Cooler,85.24,1%,1280,28477.92,0.3,No Promo
2023-11-02,Noctua NH-D15,Air Cooler,85.65,1%,1295,29339.21,0.3,No Promo
2023-11-03,Noctua NH-D15,Air Cooler,83.22,3%,1348,27270.69,0.3,No Promo
2023-11-04,Noctua NH-D15,Air Cooler,83.74,2%,1295,26863.77,0.3,No Promo
2023-11-05,Noctua NH-D15,Air Cooler,85.15,1%,1289,28564.73,0.3,No Promo
2023-11-06,Noctua NH-D15,Air Cooler,82.75,3%,1307,25816.39,0.3,No Promo
2023-11-07,Noctua NH-D15,Air Cooler,85.05,1%,1295,28558.18,0.3,No Promo
2023-11-08,Noctua NH-D15,Air Cooler,85.3,1%,1276,28466.51,0.3,No Promo
2023-11-09,Noctua NH-D15,Air Cooler,84.75,1%,1275,27736.89,0.3,No Promo
2023-11-10,Noctua NH-D15,Air Cooler,83.41,3%,1354,27644.77,0.3,No Promo
2023-11-11,Noctua NH-D15,Air Cooler,85.69,0%,1312,29782.38,0.3,No Promo
2023-11-12,Noctua NH-D15,Air Cooler,83.11,2%,1306,26271.54,0.3,No Promo
2023-11-13,Noctua NH-D15,Air Cooler,85.7,0%,1291,29314.05,0.3,No Promo
2023-11-14,Noctua NH-D15,Air Cooler,83.06,3%,1332,26727.61,0.3,No Promo
2023-11-15,Noctua NH-D15,Air Cooler,85.05,0%,1268,27968.98,0.3,No Promo
2023-11-16,Noctua NH-D15,Air Cooler,86.04,0%,1279,29477.29,0.3,No Promo
2023-11-17,Noctua NH-D15,Air Cooler,76.49,15%,1478,19950.78,0.3,Black Friday
2023-11-18,Noctua NH-D15,Air Cooler,72.89,19%,1532,15165.11,0.3,Black Friday
2023-11-19,Noctua NH-D15,Air Cooler,74.69,17%,1522,17805.42,0.3,Black Friday
2023-11-20,Noctua NH-D15,Air Cooler,74.69,17%,1511,17676.74,0.3,Black Friday
2023-11-21,Noctua NH-D15,Air Cooler,72.89,19%,1587,15709.55,0.3,Black Friday
2023-11-22,Noctua NH-D15,Air Cooler,76.49,15%,1485,20045.27,0.3,Black Friday
2023-11-23,Noctua NH-D15,Air Cooler,72.89,19%,1552,15363.09,0.3,Black Friday
2023-11-24,Noctua NH-D15,Air Cooler,73.79,18%,1524,16457.37,0.3,Black Friday
2023-11-25,Noctua NH-D15,Air Cooler,75.59,16%,1501,18910.5,0.3,Black Friday
2023-11-26,Noctua NH-D15,Air Cooler,76.49,15%,1478,19950.78,0.3,Black Friday
2023-11-27,Noctua NH-D15,Air Cooler,73.79,18%,1544,16673.35,0.3,Black Friday
2023-11-28,Noctua NH-D15,Air Cooler,72.89,19%,1529,15135.42,0.3,Black Friday
2023-11-29,Noctua NH-D15,Air Cooler,72.89,19%,1580,15640.26,0.3,Black Friday
2023-11-30,Noctua NH-D15,Air Cooler,72.89,19%,1534,15184.91,0.3,Black Friday
2023-12-01,Noctua NH-D15,Air Cooler,71.99,20%,1583,14245.42,0.3,Black Friday
2023-12-02,Noctua NH-D15,Air Cooler,83.27,3%,1331,26987.6,0.3,No Promo
2023-12-03,Noctua NH-D15,Air Cooler,85.43,0%,1270,28495.47,0.3,No Promo
2023-12-04,Noctua NH-D15,Air Cooler,84.08,1%,1292,27241.6,0.3,No Promo
2023-12-05,Noctua NH-D15,Air Cooler,84.86,0%,1264,27644.18,0.3,No Promo
2023-12-06,Noctua NH-D15,Air Cooler,85.06,0%,1282,28286.65,0.3,No Promo
2023-12-07,Noctua NH-D15,Air Cooler,83.86,2%,1324,27633.62,0.3,No Promo
2023-12-08,Noctua NH-D15,Air Cooler,82.17,3%,1329,25487.54,0.3,No Promo
2023-12-09,Noctua NH-D15,Air Cooler,84.64,0%,1295,28039.12,0.3,No Promo
2023-12-10,Noctua NH-D15,Air Cooler,83.31,3%,1332,27063.25,0.3,No Promo
2023-12-11,Noctua NH-D15,Air Cooler,78.29,13%,1464,22396.71,0.3,Christmas
2023-12-12,Noctua NH-D15,Air Cooler,80.99,10%,1416,25485.17,0.3,Christmas
2023-12-13,Noctua NH-D15,Air Cooler,80.09,11%,1416,24210.91,0.3,Christmas
2023-12-14,Noctua NH-D15,Air Cooler,77.39,14%,1500,21597.6,0.3,Christmas
2023-12-15,Noctua NH-D15,Air Cooler,77.39,14%,1486,21396.02,0.3,Christmas
2023-12-16,Noctua NH-D15,Air Cooler,80.99,10%,1404,25269.19,0.3,Christmas
2023-12-17,Noctua NH-D15,Air Cooler,80.99,10%,1406,25305.19,0.3,Christmas
2023-12-18,Noctua NH-D15,Air Cooler,80.99,10%,1418,25521.16,0.3,Christmas
2023-12-19,Noctua NH-D15,Air Cooler,78.29,13%,1454,22243.73,0.3,Christmas
2023-12-20,Noctua NH-D15,Air Cooler,80.99,10%,1449,26079.1,0.3,Christmas
2023-12-21,Noctua NH-D15,Air Cooler,79.19,12%,1468,23778.96,0.3,Christmas
2023-12-22,Noctua NH-D15,Air Cooler,77.39,14%,1487,21410.42,0.3,Christmas
2023-12-23,Noctua NH-D15,Air Cooler,80.09,11%,1434,24518.68,0.3,Christmas
2023-12-24,Noctua NH-D15,Air Cooler,78.29,13%,1477,22595.59,0.3,Christmas
2023-12-25,Noctua NH-D15,Air Cooler,77.39,14%,1503,21640.8,0.3,Christmas
2023-12-26,Noctua NH-D15,Air Cooler,83.36,3%,1343,27350.63,0.3,No Promo
2023-12-27,Noctua NH-D15,Air Cooler,82.5,3%,1317,25686.36,0.3,No Promo
2023-12-28,Noctua NH-D15,Air Cooler,83.3,3%,1318,26761.13,0.3,No Promo
2023-12-29,Noctua NH-D15,Air Cooler,83.79,1%,1276,26532.23,0.3,No Promo
2023-12-30,Noctua NH-D15,Air Cooler,82.41,3%,1350,26208.2,0.3,No Promo
2023-12-31,Noctua NH-D15,Air Cooler,84.55,0%,1269,27355.54,0.3,No Promo
2022-01-01,Dark Rock Pro 4,Air Cooler,75.99,5%,1261,23199.5,0.28,New Year's Sale
