cpu_cooler_sales_data.csv
date,product,category,price,discount,quantity_sold,profit,profit_margin,event
2022-01-02,Dark Rock Pro 4,Air Cooler,75.99,5%,1250,22997.12,0.28,New Year's Sale
2022-01-03,Dark Rock Pro 4,Air Cooler,71.99,10%,1342,19322.38,0.28,New Year's Sale
2022-01-04,Dark Rock Pro 4,Air Cooler,74.39,7%,1265,21249.34,0.28,New Year's Sale
2022-01-05,Dark Rock Pro 4,Air Cooler,75.19,6%,1294,22771.55,0.28,New Year's Sale
2022-01-06,Dark Rock Pro 4,Air Cooler,72.79,9%,1321,20076.69,0.28,New Year's Sale
2022-01-07,Dark Rock Pro 4,Air Cooler,75.19,6%,1293,22753.96,0.28,New Year's Sale
2022-01-08,Dark Rock Pro 4,Air Cooler,71.99,10%,1340,19293.59,0.28,New Year's Sale
2022-01-09,Dark Rock Pro 4,Air Cooler,73.59,8%,1318,21085.36,0.28,New Year's Sale
2022-01-10,Dark Rock Pro 4,Air Cooler,75.99,5%,1273,23420.27,0.28,New Year's Sale
2022-01-11,Dark Rock Pro 4,Air Cooler,73.59,8%,1323,21165.35,0.28,New Year's Sale
2022-01-12,Dark Rock Pro 4,Air Cooler,71.99,10%,1307,18818.45,0.28,New Year's Sale
2022-01-13,Dark Rock Pro 4,Air Cooler,71.99,10%,1313,18904.84,0.28,New Year's Sale
2022-01-14,Dark Rock Pro 4,Air Cooler,73.59,8%,1277,20429.45,0.28,New Year's Sale
2022-01-15,Dark Rock Pro 4,Air Cooler,79.43,1%,1179,25750.19,0.28,No Promo
2022-01-16,Dark Rock Pro 4,Air Cooler,79.42,1%,1196,26109.26,0.28,No Promo
2022-01-17,Dark Rock Pro 4,Air Cooler,77.88,2%,1205,24445.37,0.28,No Promo
2022-01-18,Dark Rock Pro 4,Air Cooler,78.95,1%,1184,25286.77,0.28,No Promo
2022-01-19,Dark Rock Pro 4,Air Cooler,77.63,2%,1221,24470.33,0.28,No Promo
2022-01-20,Dark Rock Pro 4,Air Cooler,78.51,2%,1230,25732.86,0.28,No Promo
2022-01-21,Dark Rock Pro 4,Air Cooler,77.4,3%,1220,24159.85,0.28,No Promo
2022-01-22,Dark Rock Pro 4,Air Cooler,78.05,2%,1234,25239.97,0.28,No Promo
2022-01-23,Dark Rock Pro 4,Air Cooler,79.52,1%,1187,26030.27,0.28,No Promo
2022-01-24,Dark Rock Pro 4,Air Cooler,77.95,2%,1229,25017.28,0.28,No Promo
2022-01-25,Dark Rock Pro 4,Air Cooler,77.84,2%,1193,24156.16,0.28,No Promo
2022-01-26,Dark Rock Pro 4,Air Cooler,79.5,1%,1181,25871.48,0.28,No Promo
2022-01-27,Dark Rock Pro 4,Air Cooler,79.0,1%,1207,25840.85,0.28,No Promo
2022-01-28,Dark Rock Pro 4,Air Cooler,79.66,0%,1169,25800.9,0.28,No Promo
2022-01-29,Dark Rock Pro 4,Air Cooler,79.32,1%,1187,25788.33,0.28,No Promo
2022-01-30,Dark Rock Pro 4,Air Cooler,78.55,2%,1204,25227.37,0.28,No Promo
2022-01-31,Dark Rock Pro 4,Air Cooler,79.68,1%,1213,26789.29,0.28,No Promo
2022-02-01,Dark Rock Pro 4,Air Cooler,79.67,0%,1204,26583.8,0.28,No Promo
2022-02-02,Dark Rock Pro 4,Air Cooler,77.85,2%,1194,24183.81,0.28,No Promo
2022-02-03,Dark Rock Pro 4,Air Cooler,77.83,2%,1220,24687.95,0.28,No Promo
2022-02-04,Dark Rock Pro 4,Air Cooler,79.59,0%,1199,26372.44,0.28,No Promo
2022-02-05,Dark Rock Pro 4,Air Cooler,78.63,1%,1192,25079.45,0.28,No Promo
2022-02-06,Dark Rock Pro 4,Air Cooler,77.78,3%,1236,24956.93,0.28,No Promo
2022-02-07,Dark Rock Pro 4,Air Cooler,76.79,4%,1243,23862.62,0.28,Valentine's Day
2022-02-08,Dark Rock Pro 4,Air Cooler,77.59,3%,1246,24916.89,0.28,Valentine's Day
2022-02-09,Dark Rock Pro 4,Air Cooler,75.19,6%,1257,22120.43,0.28,Valentine's Day
2022-02-10,Dark Rock Pro 4,Air Cooler,76.79,4%,1243,23862.62,0.28,Valentine's Day
2022-02-11,Dark Rock Pro 4,Air Cooler,74.39,7%,1305,21921.26,0.28,Valentine's Day
2022-02-12,Dark Rock Pro 4,Air Cooler,75.99,5%,1272,23401.87,0.28,Valentine's Day
2022-02-13,Dark Rock Pro 4,Air Cooler,75.19,6%,1249,21979.65,0.28,Valentine's Day
2022-02-14,Dark Rock Pro 4,Air Cooler,75.99,5%,1258,23144.31,0.28,Valentine's Day
2022-02-15,Dark Rock Pro 4,Air Cooler,76.79,4%,1238,23766.63,0.28,Valentine's Day
2022-02-16,Dark Rock Pro 4,Air Cooler,75.99,5%,1252,23033.92,0.28,Valentine's Day
2022-02-17,Dark Rock Pro 4,Air Cooler,74.39,7%,1293,21719.68,0.28,Valentine's Day
2022-02-18,Dark Rock Pro 4,Air Cooler,75.99,5%,1279,23530.66,0.28,Valentine's Day
2022-02-19,Dark Rock Pro 4,Air Cooler,74.39,7%,1300,21837.27,0.28,Valentine's Day
2022-02-20,Dark Rock Pro 4,Air Cooler,75.19,6%,1266,22278.81,0.28,Valentine's Day
2022-02-21,Dark Rock Pro 4,Air Cooler,75.19,6%,1270,22349.21,0.28,Valentine's Day
2022-02-22,Dark Rock Pro 4,Air Cooler,78.09,2%,1210,24802.07,0.28,No Promo
2022-02-23,Dark Rock Pro 4,Air Cooler,78.62,1%,1214,25530.52,0.28,No Promo
2022-02-24,Dark Rock Pro 4,Air Cooler,79.6,1%,1220,26852.42,0.28,No Promo
2022-02-25,Dark Rock Pro 4,Air Cooler,78.93,1%,1185,25290.09,0.28,No Promo
2022-02-26,Dark Rock Pro 4,Air Cooler,77.84,2%,1193,24158.17,0.28,No Promo
2022-02-27,Dark Rock Pro 4,Air Cooler,80.23,0%,1179,26690.07,0.28,No Promo
2022-02-28,Dark Rock Pro 4,Air Cooler,78.74,1%,1219,25778.7,0.28,No Promo
2022-03-01,Dark Rock Pro 4,Air Cooler,79.5,1%,1177,25781.22,0.28,No Promo
2022-03-02,Dark Rock Pro 4,Air Cooler,78.21,1%,1209,24925.2,0.28,No Promo
2022-03-03,Dark Rock Pro 4,Air Cooler,77.55,3%,1213,24206.41,0.28,No Promo
2022-03-04,Dark Rock Pro 4,Air Cooler,77.43,2%,1199,23783.25,0.28,No Promo
2022-03-05,Dark Rock Pro 4,Air Cooler,79.97,0%,1167,26115.9,0.28,No Promo
2022-03-06,Dark Rock Pro 4,Air Cooler,78.3,2%,1214,25139.26,0.28,No Promo
2022-03-07,Dark Rock Pro 4,Air Cooler,78.85,1%,1180,25083.16,0.28,No Promo
2022-03-08,Dark Rock Pro 4,Air Cooler,78.17,2%,1227,25252.91,0.28,No Promo
2022-03-09,Dark Rock Pro 4,Air Cooler,80.23,0%,1207,27326.73,0.28,No Promo
2022-03-10,Dark Rock Pro 4,Air Cooler,77.67,2%,1216,24413.97,0.28,No Promo
2022-03-11,Dark Rock Pro 4,Air Cooler,78.0,3%,1230,25096.15,0.28,No Promo
2022-03-12,Dark Rock Pro 4,Air Cooler,78.35,2%,1216,25244.54,0.28,No Promo
2022-03-13,Dark Rock Pro 4,Air Cooler,78.62,1%,1212,25489.63,0.28,No Promo
2022-03-14,Dark Rock Pro 4,Air Cooler,79.58,0%,1200,26380.64,0.28,No Promo
2022-03-15,Dark Rock Pro 4,Air Cooler,77.71,3%,1241,24965.56,0.28,No Promo
2022-03-16,Dark Rock Pro 4,Air Cooler,79.34,1%,1207,26254.47,0.28,No Promo
2022-03-17,Dark Rock Pro 4,Air Cooler,77.6,2%,1194,23887.98,0.28,No Promo
2022-03-18,Dark Rock Pro 4,Air Cooler,77.58,2%,1195,23879.06,0.28,No Promo
2022-03-19,Dark Rock Pro 4,Air Cooler,77.88,2%,1231,24975.29,0.28,No Promo
2022-03-20,Dark Rock Pro 4,Air Cooler,77.82,2%,1221,24703.01,0.28,No Promo
2022-03-21,Dark Rock Pro 4,Air Cooler,78.99,1%,1205,25786.94,0.28,No Promo
2022-03-22,Dark Rock Pro 4,Air Cooler,77.56,2%,1237,24698.58,0.28,No Promo
2022-03-23,Dark Rock Pro 4,Air Cooler,77.87,3%,1208,24490.74,0.28,No Promo
2022-03-24,Dark Rock Pro 4,Air Cooler,78.56,1%,1205,25263.33,0.28,No Promo
2022-03-25,Dark Rock Pro 4,Air Cooler,77.61,2%,1206,24139.42,0.28,No Promo
2022-03-26,Dark Rock Pro 4,Air Cooler,77.12,3%,1218,23783.44,0.28,No Promo
2022-03-27,Dark Rock Pro 4,Air Cooler,78.52,2%,1188,24865.7,0.28,No Promo
2022-03-28,Dark Rock Pro 4,Air Cooler,78.1,2%,1224,25103.38,0.28,No Promo
2022-03-29,Dark Rock Pro 4,Air Cooler,79.23,1%,1208,26137.54,0.28,No Promo
2022-03-30,Dark Rock Pro 4,Air Cooler,78.88,1%,1204,25627.54,0.28,No Promo
2022-03-31,Dark Rock Pro 4,Air Cooler,80.14,0%,1162,26203.49,0.28,No Promo
2022-04-01,Dark Rock Pro 4,Air Cooler,78.94,0%,1193,25462.69,0.28,No Promo
2022-04-02,Dark Rock Pro 4,Air Cooler,76.69,3%,1214,23185.38,0.28,No Promo
2022-04-03,Dark Rock Pro 4,Air Cooler,79.47,0%,1207,26405.9,0.28,No Promo
2022-04-04,Dark Rock Pro 4,Air Cooler,78.58,1%,1201,25208.37,0.28,No Promo
2022-04-05,Dark Rock Pro 4,Air Cooler,79.26,0%,1201,26019.72,0.28,No Promo
2022-04-06,Dark Rock Pro 4,Air Cooler,78.11,2%,1221,25054.92,0.28,No Promo
2022-04-07,Dark Rock Pro 4,Air Cooler,79.44,1%,1216,26562.53,0.28,No Promo
2022-04-08,Dark Rock Pro 4,Air Cooler,78.67,1%,1218,25675.75,0.28,No Promo
2022-04-09,Dark Rock Pro 4,Air Cooler,79.84,0%,1178,26202.89,0.28,No Promo
2022-04-10,Dark Rock Pro 4,Air Cooler,73.59,8%,1287,20589.43,0.28,Easter
2022-04-11,Dark Rock Pro 4,Air Cooler,76.79,4%,1220,23421.07,0.28,Easter
2022-04-12,Dark Rock Pro 4,Air Cooler,74.39,7%,1294,21736.48,0.28,Easter
2022-04-13,Dark Rock Pro 4,Air Cooler,75.19,6%,1276,22454.79,0.28,Easter
2022-04-14,Dark Rock Pro 4,Air Cooler,75.19,6%,1291,22718.76,0.28,Easter
2022-04-15,Dark Rock Pro 4,Air Cooler,74.39,7%,1286,21602.1,0.28,Easter
2022-04-16,Dark Rock Pro 4,Air Cooler,77.59,3%,1217,24336.96,0.28,Easter
2022-04-17,Dark Rock Pro 4,Air Cooler,77.59,3%,1225,24496.94,0.28,Easter
2022-04-18,Dark Rock Pro 4,Air Cooler,74.39,7%,1285,21585.3,0.28,Easter
2022-04-19,Dark Rock Pro 4,Air Cooler,74.39,7%,1290,21669.29,0.28,Easter
2022-04-20,Dark Rock Pro 4,Air Cooler,74.39,7%,1292,21702.89,0.28,Easter
2022-04-21,Dark Rock Pro 4,Air Cooler,75.19,6%,1252,22032.45,0.28,Easter
2022-04-22,Dark Rock Pro 4,Air Cooler,73.59,8%,1323,21165.35,0.28,Easter
2022-04-23,Dark Rock Pro 4,Air Cooler,74.39,7%,1278,21467.72,0.28,Easter
2022-04-24,Dark Rock Pro 4,Air Cooler,77.59,3%,1241,24816.9,0.28,Easter
2022-04-25,Dark Rock Pro 4,Air Cooler,76.89,3%,1208,23308.1,0.28,No Promo
2022-04-26,Dark Rock Pro 4,Air Cooler,78.43,2%,1222,25466.97,0.28,No Promo
2022-04-27,Dark Rock Pro 4,Air Cooler,78.19,2%,1192,24546.12,0.28,No Promo
2022-04-28,Dark Rock Pro 4,Air Cooler,76.96,3%,1203,23303.93,0.28,No Promo
2022-04-29,Dark Rock Pro 4,Air Cooler,78.62,0%,1196,25147.09,0.28,No Promo
2022-04-30,Dark Rock Pro 4,Air Cooler,77.17,2%,1205,23589.36,0.28,No Promo
2022-05-01,Dark Rock Pro 4,Air Cooler,78.39,2%,1216,25289.64,0.28,Mother's Day
2022-05-02,Dark Rock Pro 4,Air Cooler,76.79,4%,1235,23709.04,0.28,Mother's Day
2022-05-03,Dark Rock Pro 4,Air Cooler,75.99,5%,1268,23328.28,0.28,Mother's Day
2022-05-04,Dark Rock Pro 4,Air Cooler,75.99,5%,1241,22831.55,0.28,Mother's Day
2022-05-05,Dark Rock Pro 4,Air Cooler,76.79,4%,1243,23862.62,0.28,Mother's Day
2022-05-06,Dark Rock Pro 4,Air Cooler,77.59,3%,1250,24996.88,0.28,Mother's Day
2022-05-07,Dark Rock Pro 4,Air Cooler,75.99,5%,1278,23512.26,0.28,Mother's Day
2022-05-08,Dark Rock Pro 4,Air Cooler,78.39,2%,1230,25580.8,0.28,Mother's Day
2022-05-09,Dark Rock Pro 4,Air Cooler,76.79,4%,1245,23901.01,0.28,Mother's Day
2022-05-10,Dark Rock Pro 4,Air Cooler,78.39,2%,1215,25268.84,0.28,Mother's Day
2022-05-11,Dark Rock Pro 4,Air Cooler,78.39,2%,1200,24956.88,0.28,Mother's Day
2022-05-12,Dark Rock Pro 4,Air Cooler,77.59,3%,1203,24056.99,0.28,Mother's Day
2022-05-13,Dark Rock Pro 4,Air Cooler,78.39,2%,1194,24832.1,0.28,Mother's Day
2022-05-14,Dark Rock Pro 4,Air Cooler,75.99,5%,1278,23512.26,0.28,Mother's Day
2022-05-15,Dark Rock Pro 4,Air Cooler,75.99,5%,1253,23052.32,0.28,Mother's Day
2022-05-16,Dark Rock Pro 4,Air Cooler,76.88,2%,1190,22953.36,0.28,No Promo
2022-05-17,Dark Rock Pro 4,Air Cooler,77.62,2%,1210,24228.63,0.28,No Promo
2022-05-18,Dark Rock Pro 4,Air Cooler,76.7,3%,1237,23634.18,0.28,No Promo
2022-05-19,Dark Rock Pro 4,Air Cooler,78.56,1%,1216,25496.46,0.28,No Promo
2022-05-20,Dark Rock Pro 4,Air Cooler,77.58,2%,1218,24342.09,0.28,No Promo
2022-05-21,Dark Rock Pro 4,Air Cooler,77.54,3%,1225,24439.82,0.28,No Promo
2022-05-22,Dark Rock Pro 4,Air Cooler,78.82,0%,1202,25513.15,0.28,No Promo
2022-05-23,Dark Rock Pro 4,Air Cooler,76.98,3%,1209,23437.63,0.28,No Promo
2022-05-24,Dark Rock Pro 4,Air Cooler,76.59,3%,1206,22914.92,0.28,No Promo
2022-05-25,Dark Rock Pro 4,Air Cooler,77.76,2%,1233,24861.93,0.28,No Promo
2022-05-26,Dark Rock Pro 4,Air Cooler,76.84,2%,1231,23688.66,0.28,No Promo
2022-05-27,Dark Rock Pro 4,Air Cooler,76.4,3%,1206,22676.23,0.28,No Promo
2022-05-28,Dark Rock Pro 4,Air Cooler,78.75,1%,1176,24880.48,0.28,No Promo
2022-05-29,Dark Rock Pro 4,Air Cooler,77.75,2%,1235,24899.2,0.28,No Promo
2022-05-30,Dark Rock Pro 4,Air Cooler,77.54,2%,1217,24271.52,0.28,No Promo
2022-05-31,Dark Rock Pro 4,Air Cooler,77.22,3%,1242,24381.03,0.28,No Promo
2022-06-01,Dark Rock Pro 4,Air Cooler,78.47,0%,1201,25071.26,0.28,No Promo
2022-06-02,Dark Rock Pro 4,Air Cooler,77.82,1%,1178,23826.08,0.28,No Promo
2022-06-03,Dark Rock Pro 4,Air Cooler,77.4,2%,1201,23788.5,0.28,No Promo
2022-06-04,Dark Rock Pro 4,Air Cooler,77.69,1%,1204,24191.42,0.28,No Promo
2022-06-05,Dark Rock Pro 4,Air Cooler,79.61,0%,1194,26288.96,0.28,No Promo
2022-06-06,Dark Rock Pro 4,Air Cooler,76.18,3%,1225,22767.45,0.28,No Promo
2022-06-07,Dark Rock Pro 4,Air Cooler,79.53,0%,1164,25529.22,0.28,No Promo
2022-06-08,Dark Rock Pro 4,Air Cooler,78.59,0%,1201,25216.99,0.28,No Promo
2022-06-09,Dark Rock Pro 4,Air Cooler,77.35,3%,1212,23947.39,0.28,No Promo
2022-06-10,Dark Rock Pro 4,Air Cooler,77.45,3%,1209,24013.03,0.28,No Promo
2022-06-11,Dark Rock Pro 4,Air Cooler,77.5,2%,1228,24445.06,0.28,No Promo
2022-06-12,Dark Rock Pro 4,Air Cooler,78.55,1%,1190,24941.39,0.28,No Promo
2022-06-13,Dark Rock Pro 4,Air Cooler,76.86,3%,1211,23335.56,0.28,No Promo
2022-06-14,Dark Rock Pro 4,Air Cooler,77.73,2%,1210,24371.36,0.28,No Promo
2022-06-15,Dark Rock Pro 4,Air Cooler,77.31,2%,1229,24229.6,0.28,No Promo
2022-06-16,Dark Rock Pro 4,Air Cooler,79.79,0%,1170,25974.96,0.28,No Promo
2022-06-17,Dark Rock Pro 4,Air Cooler,76.93,3%,1247,24119.16,0.28,No Promo
2022-06-18,Dark Rock Pro 4,Air Cooler,78.96,1%,1212,25901.33,0.28,No Promo
2022-06-19,Dark Rock Pro 4,Air Cooler,79.4,0%,1200,26167.15,0.28,No Promo
2022-06-20,Dark Rock Pro 4,Air Cooler,79.0,0%,1198,25650.9,0.28,No Promo
2022-06-21,Dark Rock Pro 4,Air Cooler,76.39,3%,1212,22777.09,0.28,No Promo
2022-06-22,Dark Rock Pro 4,Air Cooler,77.33,3%,1222,24122.62,0.28,No Promo
2022-06-23,Dark Rock Pro 4,Air Cooler,77.77,2%,1202,24252.01,0.28,No Promo
2022-06-24,Dark Rock Pro 4,Air Cooler,76.86,2%,1218,23470.66,0.28,No Promo
2022-06-25,Dark Rock Pro 4,Air Cooler,78.08,2%,1223,25050.73,0.28,No Promo
2022-06-26,Dark Rock Pro 4,Air Cooler,76.01,3%,1223,22526.29,0.28,No Promo
2022-06-27,Dark Rock Pro 4,Air Cooler,78.56,0%,1182,24786.96,0.28,No Promo
2022-06-28,Dark Rock Pro 4,Air Cooler,78.2,1%,1201,24747.65,0.28,No Promo
2022-06-29,Dark Rock Pro 4,Air Cooler,75.87,3%,1238,22632.14,0.28,No Promo
2022-06-30,Dark Rock Pro 4,Air Cooler,77.59,1%,1208,24156.36,0.28,No Promo
2022-07-01,Dark Rock Pro 4,Air Cooler,79.07,0%,1204,25854.58,0.28,No Promo
2022-07-02,Dark Rock Pro 4,Air Cooler,77.94,1%,1210,24619.54,0.28,No Promo
2022-07-03,Dark Rock Pro 4,Air Cooler,76.32,3%,1210,22662.27,0.28,No Promo
2022-07-04,Dark Rock Pro 4,Air Cooler,76.7,3%,1206,23043.9,0.28,No Promo
2022-07-05,Dark Rock Pro 4,Air Cooler,77.17,3%,1208,23643.61,0.28,No Promo
2022-07-06,Dark Rock Pro 4,Air Cooler,77.83,2%,1214,24570.98,0.28,No Promo
2022-07-07,Dark Rock Pro 4,Air Cooler,78.86,1%,1212,25776.43,0.28,No Promo
2022-07-08,Dark Rock Pro 4,Air Cooler,79.68,0%,1187,26212.68,0.28,No Promo
2022-07-09,Dark Rock Pro 4,Air Cooler,79.09,0%,1178,25325.13,0.28,No Promo
2022-07-10,Dark Rock Pro 4,Air Cooler,78.87,0%,1174,24978.87,0.28,No Promo
2022-07-11,Dark Rock Pro 4,Air Cooler,71.99,10%,1323,19048.82,0.28,Amazon Prime Day
2022-07-12,Dark Rock Pro 4,Air Cooler,71.19,11%,1343,18262.52,0.28,Amazon Prime Day
2022-07-13,Dark Rock Pro 4,Air Cooler,67.99,15%,1411,14672.57,0.28,Amazon Prime Day
2022-07-14,Dark Rock Pro 4,Air Cooler,70.39,12%,1345,17213.85,0.28,Amazon Prime Day
2022-07-15,Dark Rock Pro 4,Air Cooler,67.99,15%,1406,14620.57,0.28,Amazon Prime Day
2022-07-16,Dark Rock Pro 4,Air Cooler,71.19,11%,1339,18208.12,0.28,Amazon Prime Day
2022-07-17,Dark Rock Pro 4,Air Cooler,71.19,11%,1349,18344.11,0.28,Amazon Prime Day
2022-07-18,Dark Rock Pro 4,Air Cooler,69.59,13%,1368,16413.95,0.28,Amazon Prime Day
2022-07-19,Dark Rock Pro 4,Air Cooler,67.99,15%,1395,14506.19,0.28,Amazon Prime Day
2022-07-20,Dark Rock Pro 4,Air Cooler,70.39,12%,1372,17559.4,0.28,Amazon Prime Day
2022-07-21,Dark Rock Pro 4,Air Cooler,71.99,10%,1350,19437.57,0.28,Amazon Prime Day
2022-07-22,Dark Rock Pro 4,Air Cooler,68.79,14%,1395,15622.05,0.28,Amazon Prime Day
2022-07-23,Dark Rock Pro 4,Air Cooler,69.59,13%,1374,16485.94,0.28,Amazon Prime Day
2022-07-24,Dark Rock Pro 4,Air Cooler,69.59,13%,1352,16221.97,0.28,Amazon Prime Day
2022-07-25,Dark Rock Pro 4,Air Cooler,78.3,0%,1185,24543.15,0.28,No Promo
2022-07-26,Dark Rock Pro 4,Air Cooler,78.19,0%,1175,24202.66,0.28,No Promo
2022-07-27,Dark Rock Pro 4,Air Cooler,77.47,1%,1179,23436.28,0.28,No Promo
2022-07-28,Dark Rock Pro 4,Air Cooler,79.43,0%,1167,25482.63,0.28,No Promo
2022-07-29,Dark Rock Pro 4,Air Cooler,78.06,1%,1181,24177.28,0.28,No Promo
2022-07-30,Dark Rock Pro 4,Air Cooler,78.69,0%,1173,24743.11,0.28,No Promo
2022-07-31,Dark Rock Pro 4,Air Cooler,77.75,1%,1179,23759.81,0.28,No Promo
2022-08-01,Dark Rock Pro 4,Air Cooler,76.79,4%,1258,24150.58,0.28,Back-to-School
2022-08-02,Dark Rock Pro 4,Air Cooler,77.59,3%,1225,24496.94,0.28,Back-to-School
2022-08-03,Dark Rock Pro 4,Air Cooler,75.99,5%,1250,22997.12,0.28,Back-to-School
2022-08-04,Dark Rock Pro 4,Air Cooler,77.59,3%,1203,24056.99,0.28,Back-to-School
2022-08-05,Dark Rock Pro 4,Air Cooler,77.59,3%,1241,24816.9,0.28,Back-to-School
2022-08-06,Dark Rock Pro 4,Air Cooler,77.59,3%,1206,24116.99,0.28,Back-to-School
2022-08-07,Dark Rock Pro 4,Air Cooler,77.59,3%,1250,24996.88,0.28,Back-to-School
2022-08-08,Dark Rock Pro 4,Air Cooler,76.79,4%,1247,23939.41,0.28,Back-to-School
2022-08-09,Dark Rock Pro 4,Air Cooler,76.79,4%,1249,23977.8,0.28,Back-to-School
2022-08-10,Dark Rock Pro 4,Air Cooler,76.79,4%,1225,23517.06,0.28,Back-to-School
2022-08-11,Dark Rock Pro 4,Air Cooler,75.99,5%,1246,22923.53,0.28,Back-to-School
2022-08-12,Dark Rock Pro 4,Air Cooler,77.59,3%,1247,24936.88,0.28,Back-to-School
2022-08-13,Dark Rock Pro 4,Air Cooler,76.79,4%,1247,23939.41,0.28,Back-to-School
2022-08-14,Dark Rock Pro 4,Air Cooler,75.99,5%,1279,23530.66,0.28,Back-to-School
2022-08-15,Dark Rock Pro 4,Air Cooler,79.26,0%,1177,25503.02,0.28,No Promo
2022-08-16,Dark Rock Pro 4,Air Cooler,77.51,1%,1208,24058.72,0.28,No Promo
2022-08-17,Dark Rock Pro 4,Air Cooler,78.23,1%,1194,24641.65,0.28,No Promo
2022-08-18,Dark Rock Pro 4,Air Cooler,78.42,0%,1163,24221.07,0.28,No Promo
2022-08-19,Dark Rock Pro 4,Air Cooler,76.97,3%,1226,23753.01,0.28,No Promo
2022-08-20,Dark Rock Pro 4,Air Cooler,75.94,3%,1230,22572.72,0.28,No Promo
2022-08-21,Dark Rock Pro 4,Air Cooler,76.1,3%,1209,22371.3,0.28,No Promo
2022-08-22,Dark Rock Pro 4,Air Cooler,78.49,1%,1192,24914.52,0.28,No Promo
