cpu_cooler_sales_data.csv
date,product,category,price,discount,quantity_sold,profit,profit_margin,event
2022-08-23,Dark Rock Pro 4,Air Cooler,76.3,3%,1244,23271.01,0.28,No Promo
2022-08-24,Dark Rock Pro 4,Air Cooler,78.98,0%,1183,25295.6,0.28,No Promo
2022-08-25,Dark Rock Pro 4,Air Cooler,77.53,1%,1218,24284.86,0.28,No Promo
2022-08-26,Dark Rock Pro 4,Air Cooler,78.14,0%,1196,24574.08,0.28,No Promo
2022-08-27,Dark Rock Pro 4,Air Cooler,76.43,3%,1230,23172.25,0.28,No Promo
2022-08-28,Dark Rock Pro 4,Air Cooler,75.8,3%,1232,22431.48,0.28,No Promo
2022-08-29,Dark Rock Pro 4,Air Cooler,75.88,3%,1209,22109.61,0.28,No Promo
2022-08-30,Dark Rock Pro 4,Air Cooler,76.61,3%,1240,23577.15,0.28,No Promo
2022-08-31,Dark Rock Pro 4,Air Cooler,78.28,0%,1181,24426.5,0.28,No Promo
2022-09-01,Dark Rock Pro 4,Air Cooler,77.33,1%,1219,24064.15,0.28,No Promo
2022-09-02,Dark Rock Pro 4,Air Cooler,78.33,1%,1176,24389.32,0.28,No Promo
2022-09-03,Dark Rock Pro 4,Air Cooler,78.54,1%,1192,24970.38,0.28,No Promo
2022-09-04,Dark Rock Pro 4,Air Cooler,78.52,1%,1181,24719.51,0.28,No Promo
2022-09-05,Dark Rock Pro 4,Air Cooler,78.41,0%,1179,24539.07,0.28,No Promo
2022-09-06,Dark Rock Pro 4,Air Cooler,76.46,3%,1216,22948.1,0.28,No Promo
2022-09-07,Dark Rock Pro 4,Air Cooler,78.55,1%,1183,24793.16,0.28,No Promo
2022-09-08,Dark Rock Pro 4,Air Cooler,77.01,2%,1231,23904.72,0.28,No Promo
2022-09-09,Dark Rock Pro 4,Air Cooler,77.0,2%,1235,23971.41,0.28,No Promo
2022-09-10,Dark Rock Pro 4,Air Cooler,77.46,1%,1216,24161.11,0.28,No Promo
2022-09-11,Dark Rock Pro 4,Air Cooler,76.26,3%,1215,22678.76,0.28,No Promo
2022-09-12,Dark Rock Pro 4,Air Cooler,77.14,2%,1234,24126.77,0.28,No Promo
2022-09-13,Dark Rock Pro 4,Air Cooler,77.46,1%,1210,24036.17,0.28,No Promo
2022-09-14,Dark Rock Pro 4,Air Cooler,75.87,3%,1230,22482.69,0.28,No Promo
2022-09-15,Dark Rock Pro 4,Air Cooler,77.32,2%,1207,23813.81,0.28,No Promo
2022-09-16,Dark Rock Pro 4,Air Cooler,76.21,2%,1225,22810.54,0.28,No Promo
2022-09-17,Dark Rock Pro 4,Air Cooler,76.6,3%,1240,23562.79,0.28,No Promo
2022-09-18,Dark Rock Pro 4,Air Cooler,76.19,2%,1236,22988.35,0.28,No Promo
2022-09-19,Dark Rock Pro 4,Air Cooler,77.01,1%,1202,23334.6,0.28,No Promo
2022-09-20,Dark Rock Pro 4,Air Cooler,76.13,3%,1251,23195.2,0.28,No Promo
2022-09-21,Dark Rock Pro 4,Air Cooler,77.13,1%,1201,23461.43,0.28,No Promo
2022-09-22,Dark Rock Pro 4,Air Cooler,78.87,0%,1191,25337.94,0.28,No Promo
2022-09-23,Dark Rock Pro 4,Air Cooler,76.67,2%,1226,23390.11,0.28,No Promo
2022-09-24,Dark Rock Pro 4,Air Cooler,78.4,1%,1211,25195.28,0.28,No Promo
2022-09-25,Dark Rock Pro 4,Air Cooler,78.08,0%,1197,24520.93,0.28,No Promo
2022-09-26,Dark Rock Pro 4,Air Cooler,76.82,2%,1201,23087.3,0.28,No Promo
2022-09-27,Dark Rock Pro 4,Air Cooler,78.07,0%,1170,23952.89,0.28,No Promo
2022-09-28,Dark Rock Pro 4,Air Cooler,77.93,1%,1175,23892.37,0.28,No Promo
2022-09-29,Dark Rock Pro 4,Air Cooler,79.21,0%,1200,25943.75,0.28,No Promo
2022-09-30,Dark Rock Pro 4,Air Cooler,75.97,3%,1229,22586.52,0.28,No Promo
2022-10-01,Dark Rock Pro 4,Air Cooler,75.32,3%,1243,22034.02,0.28,No Promo
2022-10-02,Dark Rock Pro 4,Air Cooler,78.15,1%,1186,24379.48,0.28,No Promo
2022-10-03,Dark Rock Pro 4,Air Cooler,78.73,0%,1190,25147.64,0.28,No Promo
2022-10-04,Dark Rock Pro 4,Air Cooler,75.91,3%,1207,22109.83,0.28,No Promo
2022-10-05,Dark Rock Pro 4,Air Cooler,77.16,2%,1219,23851.27,0.28,No Promo
2022-10-06,Dark Rock Pro 4,Air Cooler,78.58,0%,1202,25225.71,0.28,No Promo
2022-10-07,Dark Rock Pro 4,Air Cooler,78.98,0%,1203,25727.5,0.28,No Promo
2022-10-08,Dark Rock Pro 4,Air Cooler,75.58,3%,1247,22433.07,0.28,No Promo
2022-10-09,Dark Rock Pro 4,Air Cooler,76.89,1%,1210,23352.71,0.28,No Promo
2022-10-10,Dark Rock Pro 4,Air Cooler,76.79,3%,1236,23730.65,0.28,No Promo
2022-10-11,Dark Rock Pro 4,Air Cooler,78.04,0%,1179,24110.21,0.28,No Promo
2022-10-12,Dark Rock Pro 4,Air Cooler,77.29,1%,1193,23499.94,0.28,No Promo
2022-10-13,Dark Rock Pro 4,Air Cooler,77.59,1%,1177,23541.75,0.28,No Promo
2022-10-14,Dark Rock Pro 4,Air Cooler,76.3,2%,1217,22762.46,0.28,No Promo
2022-10-15,Dark Rock Pro 4,Air Cooler,76.55,3%,1232,23358.61,0.28,No Promo
2022-10-16,Dark Rock Pro 4,Air Cooler,77.23,1%,1201,23579.35,0.28,No Promo
2022-10-17,Dark Rock Pro 4,Air Cooler,75.91,3%,1218,22307.55,0.28,No Promo
2022-10-18,Dark Rock Pro 4,Air Cooler,75.4,3%,1219,21711.27,0.28,No Promo
2022-10-19,Dark Rock Pro 4,Air Cooler,75.9,3%,1240,22694.82,0.28,No Promo
2022-10-20,Dark Rock Pro 4,Air Cooler,77.79,0%,1205,24336.98,0.28,No Promo
2022-10-21,Dark Rock Pro 4,Air Cooler,77.71,0%,1205,24240.51,0.28,No Promo
2022-10-22,Dark Rock Pro 4,Air Cooler,77.62,0%,1179,23616.63,0.28,No Promo
2022-10-23,Dark Rock Pro 4,Air Cooler,77.61,0%,1178,23580.8,0.28,No Promo
2022-10-24,Dark Rock Pro 4,Air Cooler,75.58,3%,1227,22068.12,0.28,No Promo
2022-10-25,Dark Rock Pro 4,Air Cooler,75.32,3%,1233,21858.29,0.28,No Promo
2022-10-26,Dark Rock Pro 4,Air Cooler,77.92,0%,1201,24417.49,0.28,No Promo
2022-10-27,Dark Rock Pro 4,Air Cooler,77.76,1%,1197,24139.14,0.28,No Promo
2022-10-28,Dark Rock Pro 4,Air Cooler,76.84,2%,1217,23420.05,0.28,No Promo
2022-10-29,Dark Rock Pro 4,Air Cooler,77.84,0%,1180,23897.0,0.28,No Promo
2022-10-30,Dark Rock Pro 4,Air Cooler,76.7,2%,1226,23422.89,0.28,No Promo
2022-10-31,Dark Rock Pro 4,Air Cooler,79.01,0%,1162,24889.19,0.28,No Promo
2022-11-01,Dark Rock Pro 4,Air Cooler,75.65,3%,1235,22296.66,0.28,No Promo
2022-11-02,Dark Rock Pro 4,Air Cooler,76.98,2%,1222,23689.76,0.28,No Promo
2022-11-03,Dark Rock Pro 4,Air Cooler,77.25,2%,1208,23751.53,0.28,No Promo
2022-11-04,Dark Rock Pro 4,Air Cooler,77.35,1%,1182,23350.78,0.28,No Promo
2022-11-05,Dark Rock Pro 4,Air Cooler,75.62,3%,1231,22190.09,0.28,No Promo
2022-11-06,Dark Rock Pro 4,Air Cooler,75.37,3%,1248,22184.15,0.28,No Promo
2022-11-07,Dark Rock Pro 4,Air Cooler,77.97,0%,1202,24492.39,0.28,No Promo
2022-11-08,Dark Rock Pro 4,Air Cooler,76.34,3%,1210,22685.41,0.28,No Promo
2022-11-09,Dark Rock Pro 4,Air Cooler,78.71,0%,1194,25216.36,0.28,No Promo
2022-11-10,Dark Rock Pro 4,Air Cooler,77.53,1%,1215,24225.06,0.28,No Promo
2022-11-11,Dark Rock Pro 4,Air Cooler,75.26,3%,1235,21821.35,0.28,No Promo
2022-11-12,Dark Rock Pro 4,Air Cooler,78.95,0%,1188,25367.56,0.28,No Promo
2022-11-13,Dark Rock Pro 4,Air Cooler,76.06,2%,1215,22437.28,0.28,No Promo
2022-11-14,Dark Rock Pro 4,Air Cooler,76.86,2%,1191,22945.22,0.28,No Promo
2022-11-15,Dark Rock Pro 4,Air Cooler,76.42,2%,1190,22406.92,0.28,No Promo
2022-11-16,Dark Rock Pro 4,Air Cooler,77.0,2%,1232,23908.27,0.28,No Promo
2022-11-17,Dark Rock Pro 4,Air Cooler,77.21,2%,1223,23991.15,0.28,No Promo
2022-11-18,Dark Rock Pro 4,Air Cooler,65.59,18%,1443,11542.56,0.28,Black Friday
2022-11-19,Dark Rock Pro 4,Air Cooler,65.59,18%,1464,11710.54,0.28,Black Friday
2022-11-20,Dark Rock Pro 4,Air Cooler,65.59,18%,1449,11590.55,0.28,Black Friday
2022-11-21,Dark Rock Pro 4,Air Cooler,64.79,19%,1433,10316.31,0.28,Black Friday
2022-11-22,Dark Rock Pro 4,Air Cooler,67.99,15%,1383,14381.4,0.28,Black Friday
2022-11-23,Dark Rock Pro 4,Air Cooler,66.39,17%,1425,12538.43,0.28,Black Friday
2022-11-24,Dark Rock Pro 4,Air Cooler,66.39,17%,1455,12802.4,0.28,Black Friday
2022-11-25,Dark Rock Pro 4,Air Cooler,67.19,16%,1423,13659.09,0.28,Black Friday
2022-11-26,Dark Rock Pro 4,Air Cooler,67.19,16%,1415,13582.3,0.28,Black Friday
2022-11-27,Dark Rock Pro 4,Air Cooler,67.19,16%,1420,13630.3,0.28,Black Friday
2022-11-28,Dark Rock Pro 4,Air Cooler,63.99,20%,1489,9528.41,0.28,Black Friday
2022-11-29,Dark Rock Pro 4,Air Cooler,65.59,18%,1460,11678.54,0.28,Black Friday
2022-11-30,Dark Rock Pro 4,Air Cooler,65.59,18%,1421,11366.58,0.28,Black Friday
2022-12-01,Dark Rock Pro 4,Air Cooler,66.39,17%,1417,12468.04,0.28,Black Friday
2022-12-02,Dark Rock Pro 4,Air Cooler,66.39,17%,1422,12512.04,0.28,Black Friday
2022-12-03,Dark Rock Pro 4,Air Cooler,75.35,3%,1228,21808.4,0.28,No Promo
2022-12-04,Dark Rock Pro 4,Air Cooler,77.35,0%,1200,23712.0,0.28,No Promo
2022-12-05,Dark Rock Pro 4,Air Cooler,76.99,2%,1194,23166.05,0.28,No Promo
2022-12-06,Dark Rock Pro 4,Air Cooler,78.76,0%,1160,24549.81,0.28,No Promo
2022-12-07,Dark Rock Pro 4,Air Cooler,78.32,0%,1190,24661.29,0.28,No Promo
2022-12-08,Dark Rock Pro 4,Air Cooler,78.54,0%,1201,25155.71,0.28,No Promo
2022-12-09,Dark Rock Pro 4,Air Cooler,75.83,2%,1235,22521.37,0.28,No Promo
2022-12-10,Dark Rock Pro 4,Air Cooler,78.34,0%,1169,24258.46,0.28,No Promo
2022-12-11,Dark Rock Pro 4,Air Cooler,78.46,0%,1185,24731.5,0.28,No Promo
2022-12-12,Dark Rock Pro 4,Air Cooler,67.99,15%,1409,14651.77,0.28,Christmas
2022-12-13,Dark Rock Pro 4,Air Cooler,71.19,11%,1345,18289.71,0.28,Christmas
2022-12-14,Dark Rock Pro 4,Air Cooler,68.79,14%,1366,15297.29,0.28,Christmas
2022-12-15,Dark Rock Pro 4,Air Cooler,68.79,14%,1384,15498.86,0.28,Christmas
2022-12-16,Dark Rock Pro 4,Air Cooler,69.59,13%,1384,16605.92,0.28,Christmas
2022-12-17,Dark Rock Pro 4,Air Cooler,67.99,15%,1416,14724.56,0.28,Christmas
2022-12-18,Dark Rock Pro 4,Air Cooler,70.39,12%,1375,17597.8,0.28,Christmas
2022-12-19,Dark Rock Pro 4,Air Cooler,67.99,15%,1419,14755.76,0.28,Christmas
2022-12-20,Dark Rock Pro 4,Air Cooler,70.39,12%,1362,17431.42,0.28,Christmas
2022-12-21,Dark Rock Pro 4,Air Cooler,68.79,14%,1400,15678.04,0.28,Christmas
2022-12-22,Dark Rock Pro 4,Air Cooler,71.99,10%,1302,18746.46,0.28,Christmas
2022-12-23,Dark Rock Pro 4,Air Cooler,71.19,11%,1365,18561.68,0.28,Christmas
2022-12-24,Dark Rock Pro 4,Air Cooler,71.99,10%,1318,18976.83,0.28,Christmas
2022-12-25,Dark Rock Pro 4,Air Cooler,71.99,10%,1336,19236.0,0.28,Christmas
2022-12-26,Dark Rock Pro 4,Air Cooler,76.52,1%,1188,22485.04,0.28,No Promo
2022-12-27,Dark Rock Pro 4,Air Cooler,77.66,0%,1178,23643.47,0.28,No Promo
2022-12-28,Dark Rock Pro 4,Air Cooler,77.84,1%,1193,24157.02,0.28,No Promo
2022-12-29,Dark Rock Pro 4,Air Cooler,78.42,0%,1187,24718.28,0.28,No Promo
2022-12-30,Dark Rock Pro 4,Air Cooler,77.77,1%,1202,24252.55,0.28,No Promo
2022-12-31,Dark Rock Pro 4,Air Cooler,76.48,1%,1211,22872.6,0.28,No Promo
2023-01-01,Dark Rock Pro 4,Air Cooler,73.59,8%,1318,21085.36,0.28,New Year's Sale
2023-01-02,Dark Rock Pro 4,Air Cooler,72.79,9%,1331,20228.67,0.28,New Year's Sale
2023-01-03,Dark Rock Pro 4,Air Cooler,74.39,7%,1296,21770.08,0.28,New Year's Sale
2023-01-04,Dark Rock Pro 4,Air Cooler,72.79,9%,1297,19711.94,0.28,New Year's Sale
2023-01-05,Dark Rock Pro 4,Air Cooler,75.19,6%,1281,22542.78,0.28,New Year's Sale
2023-01-06,Dark Rock Pro 4,Air Cooler,75.99,5%,1246,22923.53,0.28,New Year's Sale
2023-01-07,Dark Rock Pro 4,Air Cooler,75.99,5%,1235,22721.16,0.28,New Year's Sale
2023-01-08,Dark Rock Pro 4,Air Cooler,72.79,9%,1338,20335.06,0.28,New Year's Sale
2023-01-09,Dark Rock Pro 4,Air Cooler,71.99,10%,1313,18904.84,0.28,New Year's Sale
2023-01-10,Dark Rock Pro 4,Air Cooler,75.99,5%,1242,22849.94,0.28,New Year's Sale
2023-01-11,Dark Rock Pro 4,Air Cooler,73.59,8%,1303,20845.39,0.28,New Year's Sale
2023-01-12,Dark Rock Pro 4,Air Cooler,75.99,5%,1271,23383.48,0.28,New Year's Sale
2023-01-13,Dark Rock Pro 4,Air Cooler,74.39,7%,1309,21988.45,0.28,New Year's Sale
2023-01-14,Dark Rock Pro 4,Air Cooler,75.99,5%,1258,23144.31,0.28,New Year's Sale
2023-01-15,Dark Rock Pro 4,Air Cooler,75.52,2%,1194,21399.36,0.28,No Promo
2023-01-16,Dark Rock Pro 4,Air Cooler,77.14,1%,1218,23811.62,0.28,No Promo
2023-01-17,Dark Rock Pro 4,Air Cooler,76.12,3%,1210,22418.29,0.28,No Promo
2023-01-18,Dark Rock Pro 4,Air Cooler,78.46,0%,1168,24372.8,0.28,No Promo
2023-01-19,Dark Rock Pro 4,Air Cooler,78.58,0%,1196,25100.33,0.28,No Promo
2023-01-20,Dark Rock Pro 4,Air Cooler,77.2,1%,1218,23886.93,0.28,No Promo
2023-01-21,Dark Rock Pro 4,Air Cooler,75.75,2%,1198,21751.64,0.28,No Promo
2023-01-22,Dark Rock Pro 4,Air Cooler,77.23,1%,1182,23209.54,0.28,No Promo
2023-01-23,Dark Rock Pro 4,Air Cooler,75.86,2%,1222,22324.07,0.28,No Promo
2023-01-24,Dark Rock Pro 4,Air Cooler,76.63,2%,1212,23068.15,0.28,No Promo
2023-01-25,Dark Rock Pro 4,Air Cooler,76.1,2%,1191,22036.4,0.28,No Promo
2023-01-26,Dark Rock Pro 4,Air Cooler,76.54,2%,1190,22543.39,0.28,No Promo
2023-01-27,Dark Rock Pro 4,Air Cooler,78.16,0%,1179,24248.05,0.28,No Promo
2023-01-28,Dark Rock Pro 4,Air Cooler,77.3,0%,1184,23335.47,0.28,No Promo
2023-01-29,Dark Rock Pro 4,Air Cooler,78.25,0%,1190,24579.47,0.28,No Promo
2023-01-30,Dark Rock Pro 4,Air Cooler,77.56,1%,1185,23655.31,0.28,No Promo
2023-01-31,Dark Rock Pro 4,Air Cooler,77.42,0%,1184,23475.72,0.28,No Promo
2023-02-01,Dark Rock Pro 4,Air Cooler,75.76,3%,1228,22304.28,0.28,No Promo
2023-02-02,Dark Rock Pro 4,Air Cooler,76.73,2%,1205,23056.46,0.28,No Promo
2023-02-03,Dark Rock Pro 4,Air Cooler,76.77,2%,1189,22804.43,0.28,No Promo
2023-02-04,Dark Rock Pro 4,Air Cooler,77.65,1%,1205,24172.61,0.28,No Promo
2023-02-05,Dark Rock Pro 4,Air Cooler,77.13,1%,1217,23776.17,0.28,No Promo
2023-02-06,Dark Rock Pro 4,Air Cooler,77.58,0%,1201,24001.26,0.28,No Promo
2023-02-07,Dark Rock Pro 4,Air Cooler,75.99,5%,1239,22794.75,0.28,Valentine's Day
2023-02-08,Dark Rock Pro 4,Air Cooler,77.59,3%,1203,24056.99,0.28,Valentine's Day
2023-02-09,Dark Rock Pro 4,Air Cooler,75.99,5%,1273,23420.27,0.28,Valentine's Day
2023-02-10,Dark Rock Pro 4,Air Cooler,77.59,3%,1237,24736.91,0.28,Valentine's Day
2023-02-11,Dark Rock Pro 4,Air Cooler,77.59,3%,1220,24396.95,0.28,Valentine's Day
2023-02-12,Dark Rock Pro 4,Air Cooler,77.59,3%,1206,24116.99,0.28,Valentine's Day
2023-02-13,Dark Rock Pro 4,Air Cooler,75.19,6%,1260,22173.23,0.28,Valentine's Day
2023-02-14,Dark Rock Pro 4,Air Cooler,75.19,6%,1290,22701.16,0.28,Valentine's Day
2023-02-15,Dark Rock Pro 4,Air Cooler,76.79,4%,1258,24150.58,0.28,Valentine's Day
2023-02-16,Dark Rock Pro 4,Air Cooler,77.59,3%,1244,24876.89,0.28,Valentine's Day
2023-02-17,Dark Rock Pro 4,Air Cooler,74.39,7%,1261,21182.15,0.28,Valentine's Day
2023-02-18,Dark Rock Pro 4,Air Cooler,75.99,5%,1263,23236.3,0.28,Valentine's Day
2023-02-19,Dark Rock Pro 4,Air Cooler,75.99,5%,1237,22757.95,0.28,Valentine's Day
2023-02-20,Dark Rock Pro 4,Air Cooler,76.79,4%,1241,23824.22,0.28,Valentine's Day
2023-02-21,Dark Rock Pro 4,Air Cooler,76.79,4%,1218,23382.68,0.28,Valentine's Day
2023-02-22,Dark Rock Pro 4,Air Cooler,76.88,1%,1211,23360.29,0.28,No Promo
2023-02-23,Dark Rock Pro 4,Air Cooler,77.91,0%,1164,23646.47,0.28,No Promo
2023-02-24,Dark Rock Pro 4,Air Cooler,75.6,3%,1221,21981.55,0.28,No Promo
2023-02-25,Dark Rock Pro 4,Air Cooler,77.27,1%,1219,23980.46,0.28,No Promo
2023-02-26,Dark Rock Pro 4,Air Cooler,75.74,3%,1220,22136.68,0.28,No Promo
2023-02-27,Dark Rock Pro 4,Air Cooler,75.61,2%,1193,21490.95,0.28,No Promo
2023-02-28,Dark Rock Pro 4,Air Cooler,74.88,3%,1248,21577.89,0.28,No Promo
2023-03-01,Dark Rock Pro 4,Air Cooler,75.23,3%,1215,21433.97,0.28,No Promo
2023-03-02,Dark Rock Pro 4,Air Cooler,75.26,3%,1231,21751.51,0.28,No Promo
2023-03-03,Dark Rock Pro 4,Air Cooler,76.89,0%,1173,22637.63,0.28,No Promo
2023-03-04,Dark Rock Pro 4,Air Cooler,75.25,2%,1210,21363.24,0.28,No Promo
2023-03-05,Dark Rock Pro 4,Air Cooler,75.57,2%,1227,22063.15,0.28,No Promo
2023-03-06,Dark Rock Pro 4,Air Cooler,75.33,2%,1229,21797.63,0.28,No Promo
2023-03-07,Dark Rock Pro 4,Air Cooler,77.96,0%,1207,24584.53,0.28,No Promo
2023-03-08,Dark Rock Pro 4,Air Cooler,77.07,1%,1175,22879.9,0.28,No Promo
2023-03-09,Dark Rock Pro 4,Air Cooler,77.05,0%,1196,23273.65,0.28,No Promo
2023-03-10,Dark Rock Pro 4,Air Cooler,77.22,1%,1192,23395.0,0.28,No Promo
2023-03-11,Dark Rock Pro 4,Air Cooler,75.99,2%,1190,21897.99,0.28,No Promo
2023-03-12,Dark Rock Pro 4,Air Cooler,75.37,2%,1227,21807.68,0.28,No Promo
2023-03-13,Dark Rock Pro 4,Air Cooler,75.01,3%,1223,21300.31,0.28,No Promo
2023-03-14,Dark Rock Pro 4,Air Cooler,76.8,0%,1169,22449.68,0.28,No Promo
2023-03-15,Dark Rock Pro 4,Air Cooler,76.61,2%,1197,22761.21,0.28,No Promo
2023-03-16,Dark Rock Pro 4,Air Cooler,76.01,2%,1191,21930.11,0.28,No Promo
2023-03-17,Dark Rock Pro 4,Air Cooler,78.09,0%,1171,23996.39,0.28,No Promo
2023-03-18,Dark Rock Pro 4,Air Cooler,75.59,2%,1223,22005.18,0.28,No Promo
2023-03-19,Dark Rock Pro 4,Air Cooler,75.7,2%,1225,22175.67,0.28,No Promo
2023-03-20,Dark Rock Pro 4,Air Cooler,74.63,3%,1207,20563.5,0.28,No Promo
2023-03-21,Dark Rock Pro 4,Air Cooler,76.95,0%,1167,22586.13,0.28,No Promo
2023-03-22,Dark Rock Pro 4,Air Cooler,75.49,3%,1238,22160.62,0.28,No Promo
2023-03-23,Dark Rock Pro 4,Air Cooler,74.91,3%,1221,21138.27,0.28,No Promo
2023-03-24,Dark Rock Pro 4,Air Cooler,77.26,0%,1206,23724.11,0.28,No Promo
2023-03-25,Dark Rock Pro 4,Air Cooler,75.2,3%,1220,21485.03,0.28,No Promo
2023-03-26,Dark Rock Pro 4,Air Cooler,77.21,0%,1169,22927.47,0.28,No Promo
2023-03-27,Dark Rock Pro 4,Air Cooler,75.41,2%,1235,22007.88,0.28,No Promo
2023-03-28,Dark Rock Pro 4,Air Cooler,77.54,0%,1181,23555.5,0.28,No Promo
2023-03-29,Dark Rock Pro 4,Air Cooler,76.95,1%,1174,22725.27,0.28,No Promo
2023-03-30,Dark Rock Pro 4,Air Cooler,76.22,2%,1193,22222.94,0.28,No Promo
2023-03-31,Dark Rock Pro 4,Air Cooler,74.42,3%,1222,20567.14,0.28,No Promo
2023-04-01,Dark Rock Pro 4,Air Cooler,77.43,0%,1192,23648.04,0.28,No Promo
2023-04-02,Dark Rock Pro 4,Air Cooler,76.79,4%,1235,23709.04,0.28,Easter
2023-04-03,Dark Rock Pro 4,Air Cooler,75.99,5%,1255,23089.11,0.28,Easter
2023-04-04,Dark Rock Pro 4,Air Cooler,73.59,8%,1324,21181.35,0.28,Easter
2023-04-05,Dark Rock Pro 4,Air Cooler,75.99,5%,1256,23107.51,0.28,Easter
2023-04-06,Dark Rock Pro 4,Air Cooler,75.19,6%,1272,22384.4,0.28,Easter
2023-04-07,Dark Rock Pro 4,Air Cooler,75.99,5%,1232,22665.97,0.28,Easter
2023-04-08,Dark Rock Pro 4,Air Cooler,74.39,7%,1271,21350.13,0.28,Easter
2023-04-09,Dark Rock Pro 4,Air Cooler,76.79,4%,1265,24284.96,0.28,Easter
2023-04-10,Dark Rock Pro 4,Air Cooler,77.59,3%,1225,24496.94,0.28,Easter
2023-04-11,Dark Rock Pro 4,Air Cooler,77.59,3%,1246,24916.89,0.28,Easter
2023-04-12,Dark Rock Pro 4,Air Cooler,75.99,5%,1268,23328.28,0.28,Easter
2023-04-13,Dark Rock Pro 4,Air Cooler,74.39,7%,1261,21182.15,0.28,Easter
2023-04-14,Dark Rock Pro 4,Air Cooler,76.79,4%,1229,23593.85,0.28,Easter
