cpu_cooler_sales_data.csv
date,product,category,price,discount,quantity_sold,profit,profit_margin,event
2023-04-15,Dark Rock Pro 4,Air Cooler,77.59,3%,1250,24996.88,0.28,Easter
2023-04-16,Dark Rock Pro 4,Air Cooler,73.59,8%,1319,21101.36,0.28,Easter
2023-04-17,Dark Rock Pro 4,Air Cooler,75.96,2%,1217,22353.29,0.28,No Promo
2023-04-18,Dark Rock Pro 4,Air Cooler,75.96,2%,1190,21860.87,0.28,No Promo
2023-04-19,Dark Rock Pro 4,Air Cooler,75.17,2%,1202,21127.96,0.28,No Promo
2023-04-20,Dark Rock Pro 4,Air Cooler,76.91,0%,1169,22578.01,0.28,No Promo
2023-04-21,Dark Rock Pro 4,Air Cooler,76.51,1%,1185,22416.19,0.28,No Promo
2023-04-22,Dark Rock Pro 4,Air Cooler,74.98,2%,1206,20973.63,0.28,No Promo
2023-04-23,Dark Rock Pro 4,Air Cooler,75.48,3%,1225,21915.52,0.28,No Promo
2023-04-24,Dark Rock Pro 4,Air Cooler,77.01,0%,1163,22576.9,0.28,No Promo
2023-04-25,Dark Rock Pro 4,Air Cooler,76.19,2%,1233,22929.28,0.28,No Promo
2023-04-26,Dark Rock Pro 4,Air Cooler,75.1,3%,1241,21723.11,0.28,No Promo
2023-04-27,Dark Rock Pro 4,Air Cooler,74.7,3%,1208,20667.99,0.28,No Promo
2023-04-28,Dark Rock Pro 4,Air Cooler,75.63,3%,1214,21901.34,0.28,No Promo
2023-04-29,Dark Rock Pro 4,Air Cooler,77.74,0%,1198,24137.21,0.28,No Promo
2023-04-30,Dark Rock Pro 4,Air Cooler,76.49,0%,1190,22485.18,0.28,No Promo
2023-05-01,Dark Rock Pro 4,Air Cooler,75.99,5%,1276,23475.47,0.28,Mother's Day
2023-05-02,Dark Rock Pro 4,Air Cooler,77.59,3%,1213,24256.97,0.28,Mother's Day
2023-05-03,Dark Rock Pro 4,Air Cooler,76.79,4%,1254,24073.79,0.28,Mother's Day
2023-05-04,Dark Rock Pro 4,Air Cooler,77.59,3%,1235,24696.91,0.28,Mother's Day
2023-05-05,Dark Rock Pro 4,Air Cooler,75.99,5%,1240,22813.15,0.28,Mother's Day
2023-05-06,Dark Rock Pro 4,Air Cooler,77.59,3%,1242,24836.9,0.28,Mother's Day
2023-05-07,Dark Rock Pro 4,Air Cooler,78.39,2%,1217,25310.44,0.28,Mother's Day
2023-05-08,Dark Rock Pro 4,Air Cooler,77.59,3%,1250,24996.88,0.28,Mother's Day
2023-05-09,Dark Rock Pro 4,Air Cooler,76.79,4%,1239,23785.83,0.28,Mother's Day
2023-05-10,Dark Rock Pro 4,Air Cooler,77.59,3%,1219,24376.95,0.28,Mother's Day
2023-05-11,Dark Rock Pro 4,Air Cooler,76.79,4%,1255,24092.99,0.28,Mother's Day
2023-05-12,Dark Rock Pro 4,Air Cooler,77.59,3%,1212,24236.97,0.28,Mother's Day
2023-05-13,Dark Rock Pro 4,Air Cooler,76.79,4%,1221,23440.27,0.28,Mother's Day
2023-05-14,Dark Rock Pro 4,Air Cooler,77.59,3%,1240,24796.9,0.28,Mother's Day
2023-05-15,Dark Rock Pro 4,Air Cooler,78.39,2%,1226,25497.61,0.28,Mother's Day
2023-05-16,Dark Rock Pro 4,Air Cooler,74.83,3%,1239,21361.04,0.28,No Promo
2023-05-17,Dark Rock Pro 4,Air Cooler,74.94,3%,1237,21463.84,0.28,No Promo
2023-05-18,Dark Rock Pro 4,Air Cooler,76.57,0%,1177,22334.31,0.28,No Promo
2023-05-19,Dark Rock Pro 4,Air Cooler,77.51,0%,1181,23517.88,0.28,No Promo
2023-05-20,Dark Rock Pro 4,Air Cooler,76.44,0%,1165,21955.94,0.28,No Promo
2023-05-21,Dark Rock Pro 4,Air Cooler,74.08,3%,1210,19950.21,0.28,No Promo
2023-05-22,Dark Rock Pro 4,Air Cooler,77.67,0%,1174,23574.97,0.28,No Promo
2023-05-23,Dark Rock Pro 4,Air Cooler,75.41,2%,1233,21972.54,0.28,No Promo
2023-05-24,Dark Rock Pro 4,Air Cooler,77.71,0%,1194,24017.78,0.28,No Promo
2023-05-25,Dark Rock Pro 4,Air Cooler,75.81,2%,1221,22237.28,0.28,No Promo
2023-05-26,Dark Rock Pro 4,Air Cooler,76.45,0%,1175,22155.74,0.28,No Promo
2023-05-27,Dark Rock Pro 4,Air Cooler,77.79,0%,1167,23574.74,0.28,No Promo
2023-05-28,Dark Rock Pro 4,Air Cooler,76.59,1%,1219,23162.66,0.28,No Promo
2023-05-29,Dark Rock Pro 4,Air Cooler,75.32,3%,1224,21697.2,0.28,No Promo
2023-05-30,Dark Rock Pro 4,Air Cooler,74.7,3%,1233,21097.15,0.28,No Promo
2023-05-31,Dark Rock Pro 4,Air Cooler,76.02,1%,1200,22107.54,0.28,No Promo
2023-06-01,Dark Rock Pro 4,Air Cooler,76.77,1%,1209,23185.15,0.28,No Promo
2023-06-02,Dark Rock Pro 4,Air Cooler,77.01,0%,1194,23186.77,0.28,No Promo
2023-06-03,Dark Rock Pro 4,Air Cooler,77.23,0%,1172,23012.66,0.28,No Promo
2023-06-04,Dark Rock Pro 4,Air Cooler,75.99,1%,1217,22392.11,0.28,No Promo
2023-06-05,Dark Rock Pro 4,Air Cooler,75.14,3%,1213,21289.52,0.28,No Promo
2023-06-06,Dark Rock Pro 4,Air Cooler,74.54,3%,1227,20790.1,0.28,No Promo
2023-06-07,Dark Rock Pro 4,Air Cooler,75.2,3%,1210,21303.78,0.28,No Promo
2023-06-08,Dark Rock Pro 4,Air Cooler,75.99,2%,1235,22722.91,0.28,No Promo
2023-06-09,Dark Rock Pro 4,Air Cooler,76.07,2%,1189,21974.35,0.28,No Promo
2023-06-10,Dark Rock Pro 4,Air Cooler,75.79,1%,1201,21857.55,0.28,No Promo
2023-06-11,Dark Rock Pro 4,Air Cooler,75.28,2%,1215,21492.76,0.28,No Promo
2023-06-12,Dark Rock Pro 4,Air Cooler,76.05,1%,1186,21893.42,0.28,No Promo
2023-06-13,Dark Rock Pro 4,Air Cooler,76.82,1%,1209,23248.04,0.28,No Promo
2023-06-14,Dark Rock Pro 4,Air Cooler,76.49,1%,1209,22846.83,0.28,No Promo
2023-06-15,Dark Rock Pro 4,Air Cooler,75.92,1%,1210,22177.12,0.28,No Promo
2023-06-16,Dark Rock Pro 4,Air Cooler,76.51,1%,1194,22582.55,0.28,No Promo
2023-06-17,Dark Rock Pro 4,Air Cooler,75.03,2%,1214,21166.47,0.28,No Promo
2023-06-18,Dark Rock Pro 4,Air Cooler,74.66,3%,1205,20560.65,0.28,No Promo
2023-06-19,Dark Rock Pro 4,Air Cooler,74.15,3%,1252,20733.69,0.28,No Promo
2023-06-20,Dark Rock Pro 4,Air Cooler,74.92,2%,1228,21274.29,0.28,No Promo
2023-06-21,Dark Rock Pro 4,Air Cooler,76.03,2%,1228,22639.55,0.28,No Promo
2023-06-22,Dark Rock Pro 4,Air Cooler,76.05,2%,1237,22834.42,0.28,No Promo
2023-06-23,Dark Rock Pro 4,Air Cooler,75.16,2%,1203,21128.06,0.28,No Promo
2023-06-24,Dark Rock Pro 4,Air Cooler,74.93,2%,1208,20941.58,0.28,No Promo
2023-06-25,Dark Rock Pro 4,Air Cooler,75.45,2%,1195,21337.02,0.28,No Promo
2023-06-26,Dark Rock Pro 4,Air Cooler,75.74,2%,1196,21709.71,0.28,No Promo
2023-06-27,Dark Rock Pro 4,Air Cooler,73.95,3%,1244,20347.97,0.28,No Promo
2023-06-28,Dark Rock Pro 4,Air Cooler,76.2,0%,1164,21661.74,0.28,No Promo
2023-06-29,Dark Rock Pro 4,Air Cooler,76.32,1%,1202,22506.44,0.28,No Promo
2023-06-30,Dark Rock Pro 4,Air Cooler,76.57,1%,1195,22679.72,0.28,No Promo
2023-07-01,Dark Rock Pro 4,Air Cooler,77.37,0%,1194,23617.35,0.28,No Promo
2023-07-02,Dark Rock Pro 4,Air Cooler,75.56,1%,1183,21257.52,0.28,No Promo
2023-07-03,Dark Rock Pro 4,Air Cooler,76.24,1%,1212,22602.9,0.28,No Promo
2023-07-04,Dark Rock Pro 4,Air Cooler,75.84,1%,1210,22075.8,0.28,No Promo
2023-07-05,Dark Rock Pro 4,Air Cooler,77.17,0%,1201,23511.73,0.28,No Promo
2023-07-06,Dark Rock Pro 4,Air Cooler,76.41,1%,1183,22263.59,0.28,No Promo
2023-07-07,Dark Rock Pro 4,Air Cooler,74.74,2%,1209,20730.25,0.28,No Promo
2023-07-08,Dark Rock Pro 4,Air Cooler,76.44,1%,1185,22332.79,0.28,No Promo
2023-07-09,Dark Rock Pro 4,Air Cooler,76.1,0%,1207,22336.0,0.28,No Promo
2023-07-10,Dark Rock Pro 4,Air Cooler,71.99,10%,1312,18890.44,0.28,Amazon Prime Day
2023-07-11,Dark Rock Pro 4,Air Cooler,68.79,14%,1408,15767.63,0.28,Amazon Prime Day
2023-07-12,Dark Rock Pro 4,Air Cooler,71.19,11%,1331,18099.34,0.28,Amazon Prime Day
2023-07-13,Dark Rock Pro 4,Air Cooler,71.19,11%,1323,17990.55,0.28,Amazon Prime Day
2023-07-14,Dark Rock Pro 4,Air Cooler,70.39,12%,1374,17585.0,0.28,Amazon Prime Day
2023-07-15,Dark Rock Pro 4,Air Cooler,69.59,13%,1351,16209.97,0.28,Amazon Prime Day
2023-07-16,Dark Rock Pro 4,Air Cooler,67.99,15%,1425,14818.15,0.28,Amazon Prime Day
2023-07-17,Dark Rock Pro 4,Air Cooler,69.59,13%,1351,16209.97,0.28,Amazon Prime Day
2023-07-18,Dark Rock Pro 4,Air Cooler,68.79,14%,1388,15543.66,0.28,Amazon Prime Day
2023-07-19,Dark Rock Pro 4,Air Cooler,71.99,10%,1340,19293.59,0.28,Amazon Prime Day
2023-07-20,Dark Rock Pro 4,Air Cooler,69.59,13%,1345,16137.98,0.28,Amazon Prime Day
2023-07-21,Dark Rock Pro 4,Air Cooler,70.39,12%,1334,17073.07,0.28,Amazon Prime Day
2023-07-22,Dark Rock Pro 4,Air Cooler,71.19,11%,1356,18439.29,0.28,Amazon Prime Day
2023-07-23,Dark Rock Pro 4,Air Cooler,69.59,13%,1387,16641.92,0.28,Amazon Prime Day
2023-07-24,Dark Rock Pro 4,Air Cooler,76.04,1%,1214,22393.3,0.28,No Promo
2023-07-25,Dark Rock Pro 4,Air Cooler,75.06,3%,1233,21541.84,0.28,No Promo
2023-07-26,Dark Rock Pro 4,Air Cooler,74.31,3%,1209,20215.28,0.28,No Promo
2023-07-27,Dark Rock Pro 4,Air Cooler,75.02,2%,1208,21048.85,0.28,No Promo
2023-07-28,Dark Rock Pro 4,Air Cooler,75.03,3%,1209,21084.06,0.28,No Promo
2023-07-29,Dark Rock Pro 4,Air Cooler,76.51,1%,1203,22751.73,0.28,No Promo
2023-07-30,Dark Rock Pro 4,Air Cooler,73.67,3%,1245,20018.34,0.28,No Promo
2023-07-31,Dark Rock Pro 4,Air Cooler,73.87,3%,1203,19579.26,0.28,No Promo
2023-08-01,Dark Rock Pro 4,Air Cooler,76.79,4%,1264,24265.77,0.28,Back-to-School
2023-08-02,Dark Rock Pro 4,Air Cooler,75.99,5%,1237,22757.95,0.28,Back-to-School
2023-08-03,Dark Rock Pro 4,Air Cooler,75.99,5%,1280,23549.06,0.28,Back-to-School
2023-08-04,Dark Rock Pro 4,Air Cooler,76.79,4%,1263,24246.57,0.28,Back-to-School
2023-08-05,Dark Rock Pro 4,Air Cooler,77.59,3%,1224,24476.94,0.28,Back-to-School
2023-08-06,Dark Rock Pro 4,Air Cooler,75.99,5%,1241,22831.55,0.28,Back-to-School
2023-08-07,Dark Rock Pro 4,Air Cooler,76.79,4%,1255,24092.99,0.28,Back-to-School
2023-08-08,Dark Rock Pro 4,Air Cooler,77.59,3%,1226,24516.94,0.28,Back-to-School
2023-08-09,Dark Rock Pro 4,Air Cooler,75.99,5%,1237,22757.95,0.28,Back-to-School
2023-08-10,Dark Rock Pro 4,Air Cooler,75.99,5%,1245,22905.14,0.28,Back-to-School
2023-08-11,Dark Rock Pro 4,Air Cooler,75.99,5%,1257,23125.91,0.28,Back-to-School
2023-08-12,Dark Rock Pro 4,Air Cooler,75.99,5%,1247,22941.93,0.28,Back-to-School
2023-08-13,Dark Rock Pro 4,Air Cooler,75.99,5%,1279,23530.66,0.28,Back-to-School
2023-08-14,Dark Rock Pro 4,Air Cooler,76.79,4%,1218,23382.68,0.28,Back-to-School
2023-08-15,Dark Rock Pro 4,Air Cooler,74.37,3%,1245,20883.63,0.28,No Promo
2023-08-16,Dark Rock Pro 4,Air Cooler,73.91,3%,1225,19985.93,0.28,No Promo
2023-08-17,Dark Rock Pro 4,Air Cooler,74.16,3%,1250,20712.42,0.28,No Promo
2023-08-18,Dark Rock Pro 4,Air Cooler,74.98,3%,1215,21129.91,0.28,No Promo
2023-08-19,Dark Rock Pro 4,Air Cooler,76.0,0%,1195,21993.63,0.28,No Promo
2023-08-20,Dark Rock Pro 4,Air Cooler,75.52,2%,1201,21526.33,0.28,No Promo
2023-08-21,Dark Rock Pro 4,Air Cooler,74.13,3%,1229,20321.96,0.28,No Promo
2023-08-22,Dark Rock Pro 4,Air Cooler,75.07,2%,1231,21518.47,0.28,No Promo
2023-08-23,Dark Rock Pro 4,Air Cooler,74.08,3%,1220,20111.93,0.28,No Promo
2023-08-24,Dark Rock Pro 4,Air Cooler,74.87,3%,1231,21262.93,0.28,No Promo
2023-08-25,Dark Rock Pro 4,Air Cooler,76.42,1%,1188,22362.69,0.28,No Promo
2023-08-26,Dark Rock Pro 4,Air Cooler,75.82,1%,1177,21457.38,0.28,No Promo
2023-08-27,Dark Rock Pro 4,Air Cooler,75.63,2%,1204,21711.26,0.28,No Promo
2023-08-28,Dark Rock Pro 4,Air Cooler,77.28,0%,1175,23130.05,0.28,No Promo
2023-08-29,Dark Rock Pro 4,Air Cooler,76.22,0%,1198,22310.73,0.28,No Promo
2023-08-30,Dark Rock Pro 4,Air Cooler,76.52,1%,1176,22258.26,0.28,No Promo
2023-08-31,Dark Rock Pro 4,Air Cooler,75.48,2%,1199,21443.42,0.28,No Promo
2023-09-01,Dark Rock Pro 4,Air Cooler,76.11,1%,1216,22515.79,0.28,No Promo
2023-09-02,Dark Rock Pro 4,Air Cooler,75.41,1%,1181,21041.52,0.28,No Promo
2023-09-03,Dark Rock Pro 4,Air Cooler,75.92,1%,1175,21532.01,0.28,No Promo
2023-09-04,Dark Rock Pro 4,Air Cooler,74.11,3%,1217,20102.87,0.28,No Promo
2023-09-05,Dark Rock Pro 4,Air Cooler,75.51,2%,1235,22125.37,0.28,No Promo
2023-09-06,Dark Rock Pro 4,Air Cooler,75.96,0%,1173,21549.47,0.28,No Promo
2023-09-07,Dark Rock Pro 4,Air Cooler,75.62,1%,1222,22031.5,0.28,No Promo
2023-09-08,Dark Rock Pro 4,Air Cooler,74.84,2%,1195,20604.67,0.28,No Promo
2023-09-09,Dark Rock Pro 4,Air Cooler,73.74,3%,1216,19629.96,0.28,No Promo
2023-09-10,Dark Rock Pro 4,Air Cooler,76.9,0%,1165,22487.19,0.28,No Promo
2023-09-11,Dark Rock Pro 4,Air Cooler,76.0,0%,1202,22130.13,0.28,No Promo
2023-09-12,Dark Rock Pro 4,Air Cooler,74.64,2%,1215,20706.43,0.28,No Promo
2023-09-13,Dark Rock Pro 4,Air Cooler,77.2,0%,1190,23330.79,0.28,No Promo
2023-09-14,Dark Rock Pro 4,Air Cooler,75.55,1%,1208,21687.29,0.28,No Promo
2023-09-15,Dark Rock Pro 4,Air Cooler,77.1,0%,1194,23293.26,0.28,No Promo
2023-09-16,Dark Rock Pro 4,Air Cooler,73.53,3%,1221,19463.76,0.28,No Promo
2023-09-17,Dark Rock Pro 4,Air Cooler,75.63,1%,1218,21966.91,0.28,No Promo
2023-09-18,Dark Rock Pro 4,Air Cooler,73.97,3%,1236,20242.06,0.28,No Promo
2023-09-19,Dark Rock Pro 4,Air Cooler,75.48,2%,1210,21638.73,0.28,No Promo
2023-09-20,Dark Rock Pro 4,Air Cooler,73.63,3%,1248,20015.07,0.28,No Promo
2023-09-21,Dark Rock Pro 4,Air Cooler,75.76,1%,1183,21496.82,0.28,No Promo
2023-09-22,Dark Rock Pro 4,Air Cooler,76.58,0%,1168,22174.04,0.28,No Promo
2023-09-23,Dark Rock Pro 4,Air Cooler,75.16,2%,1217,21374.17,0.28,No Promo
2023-09-24,Dark Rock Pro 4,Air Cooler,75.79,0%,1193,21705.37,0.28,No Promo
2023-09-25,Dark Rock Pro 4,Air Cooler,76.64,0%,1168,22247.74,0.28,No Promo
2023-09-26,Dark Rock Pro 4,Air Cooler,75.88,0%,1172,21432.01,0.28,No Promo
2023-09-27,Dark Rock Pro 4,Air Cooler,76.9,0%,1185,22881.44,0.28,No Promo
2023-09-28,Dark Rock Pro 4,Air Cooler,74.29,2%,1201,20058.17,0.28,No Promo
2023-09-29,Dark Rock Pro 4,Air Cooler,73.87,3%,1207,19650.13,0.28,No Promo
2023-09-30,Dark Rock Pro 4,Air Cooler,73.44,3%,1215,19258.6,0.28,No Promo
2023-10-01,Dark Rock Pro 4,Air Cooler,75.34,2%,1191,21142.78,0.28,No Promo
2023-10-02,Dark Rock Pro 4,Air Cooler,74.31,2%,1225,20475.73,0.28,No Promo
2023-10-03,Dark Rock Pro 4,Air Cooler,74.79,3%,1226,21085.13,0.28,No Promo
2023-10-04,Dark Rock Pro 4,Air Cooler,74.84,2%,1194,20591.42,0.28,No Promo
2023-10-05,Dark Rock Pro 4,Air Cooler,73.58,3%,1217,19458.08,0.28,No Promo
2023-10-06,Dark Rock Pro 4,Air Cooler,75.11,2%,1232,21584.8,0.28,No Promo
2023-10-07,Dark Rock Pro 4,Air Cooler,74.81,2%,1237,21291.61,0.28,No Promo
2023-10-08,Dark Rock Pro 4,Air Cooler,73.85,3%,1238,20127.95,0.28,No Promo
2023-10-09,Dark Rock Pro 4,Air Cooler,74.85,2%,1202,20745.57,0.28,No Promo
2023-10-10,Dark Rock Pro 4,Air Cooler,73.94,3%,1246,20373.0,0.28,No Promo
2023-10-11,Dark Rock Pro 4,Air Cooler,75.0,2%,1203,20942.97,0.28,No Promo
2023-10-12,Dark Rock Pro 4,Air Cooler,73.35,3%,1209,19055.26,0.28,No Promo
2023-10-13,Dark Rock Pro 4,Air Cooler,75.42,1%,1181,21058.49,0.28,No Promo
2023-10-14,Dark Rock Pro 4,Air Cooler,74.22,2%,1223,20334.16,0.28,No Promo
2023-10-15,Dark Rock Pro 4,Air Cooler,74.93,2%,1223,21203.8,0.28,No Promo
2023-10-16,Dark Rock Pro 4,Air Cooler,75.19,1%,1209,21270.45,0.28,No Promo
2023-10-17,Dark Rock Pro 4,Air Cooler,74.02,2%,1204,19773.87,0.28,No Promo
2023-10-18,Dark Rock Pro 4,Air Cooler,74.76,2%,1189,20412.78,0.28,No Promo
2023-10-19,Dark Rock Pro 4,Air Cooler,75.82,0%,1170,21328.86,0.28,No Promo
2023-10-20,Dark Rock Pro 4,Air Cooler,76.13,1%,1177,21815.03,0.28,No Promo
2023-10-21,Dark Rock Pro 4,Air Cooler,75.36,1%,1210,21492.46,0.28,No Promo
2023-10-22,Dark Rock Pro 4,Air Cooler,76.03,0%,1191,21955.27,0.28,No Promo
2023-10-23,Dark Rock Pro 4,Air Cooler,74.15,3%,1233,20414.15,0.28,No Promo
2023-10-24,Dark Rock Pro 4,Air Cooler,74.15,3%,1203,19923.3,0.28,No Promo
2023-10-25,Dark Rock Pro 4,Air Cooler,75.97,0%,1165,21404.29,0.28,No Promo
2023-10-26,Dark Rock Pro 4,Air Cooler,75.69,1%,1211,21918.47,0.28,No Promo
2023-10-27,Dark Rock Pro 4,Air Cooler,74.16,3%,1225,20292.8,0.28,No Promo
2023-10-28,Dark Rock Pro 4,Air Cooler,76.23,0%,1182,22025.51,0.28,No Promo
2023-10-29,Dark Rock Pro 4,Air Cooler,74.36,2%,1210,20282.87,0.28,No Promo
2023-10-30,Dark Rock Pro 4,Air Cooler,73.62,3%,1219,19535.25,0.28,No Promo
2023-10-31,Dark Rock Pro 4,Air Cooler,74.6,2%,1220,20744.2,0.28,No Promo
2023-11-01,Dark Rock Pro 4,Air Cooler,74.78,1%,1216,20902.24,0.28,No Promo
2023-11-02,Dark Rock Pro 4,Air Cooler,76.19,0%,1194,22199.25,0.28,No Promo
2023-11-03,Dark Rock Pro 4,Air Cooler,74.27,3%,1208,20147.51,0.28,No Promo
2023-11-04,Dark Rock Pro 4,Air Cooler,74.68,1%,1196,20440.16,0.28,No Promo
2023-11-05,Dark Rock Pro 4,Air Cooler,75.53,0%,1172,21017.1,0.28,No Promo
2023-11-06,Dark Rock Pro 4,Air Cooler,74.28,3%,1214,20260.43,0.28,No Promo
2023-11-07,Dark Rock Pro 4,Air Cooler,74.92,1%,1214,21033.09,0.28,No Promo
2023-11-08,Dark Rock Pro 4,Air Cooler,74.58,3%,1249,21217.36,0.28,No Promo
2023-11-09,Dark Rock Pro 4,Air Cooler,76.01,1%,1177,21677.68,0.28,No Promo
2023-11-10,Dark Rock Pro 4,Air Cooler,74.38,2%,1200,20139.1,0.28,No Promo
2023-11-11,Dark Rock Pro 4,Air Cooler,75.36,0%,1163,20667.4,0.28,No Promo
2023-11-12,Dark Rock Pro 4,Air Cooler,74.54,3%,1227,20788.49,0.28,No Promo
2023-11-13,Dark Rock Pro 4,Air Cooler,74.78,2%,1220,20970.57,0.28,No Promo
2023-11-14,Dark Rock Pro 4,Air Cooler,74.18,2%,1200,19904.33,0.28,No Promo
2023-11-15,Dark Rock Pro 4,Air Cooler,74.44,3%,1246,20988.53,0.28,No Promo
2023-11-16,Dark Rock Pro 4,Air Cooler,74.99,2%,1205,20958.97,0.28,No Promo
2023-11-17,Dark Rock Pro 4,Air Cooler,66.39,17%,1433,12608.82,0.28,Black Friday
2023-11-18,Dark Rock Pro 4,Air Cooler,65.59,18%,1466,11726.53,0.28,Black Friday
2023-11-19,Dark Rock Pro 4,Air Cooler,64.79,19%,1468,10568.28,0.28,Black Friday
2023-11-20,Dark Rock Pro 4,Air Cooler,67.99,15%,1404,14599.77,0.28,Black Friday
2023-11-21,Dark Rock Pro 4,Air Cooler,63.99,20%,1497,9579.6,0.28,Black Friday
2023-11-22,Dark Rock Pro 4,Air Cooler,67.99,15%,1404,14599.77,0.28,Black Friday
2023-11-23,Dark Rock Pro 4,Air Cooler,66.39,17%,1428,12564.83,0.28,Black Friday
2023-11-24,Dark Rock Pro 4,Air Cooler,66.39,17%,1425,12538.43,0.28,Black Friday
2023-11-25,Dark Rock Pro 4,Air Cooler,67.19,16%,1391,13351.93,0.28,Black Friday
2023-11-26,Dark Rock Pro 4,Air Cooler,67.19,16%,1428,13707.09,0.28,Black Friday
2023-11-27,Dark Rock Pro 4,Air Cooler,65.59,18%,1415,11318.59,0.28,Black Friday
2023-11-28,Dark Rock Pro 4,Air Cooler,67.99,15%,1424,14807.75,0.28,Black Friday
2023-11-29,Dark Rock Pro 4,Air Cooler,63.99,20%,1466,9381.23,0.28,Black Friday
2023-11-30,Dark Rock Pro 4,Air Cooler,64.79,19%,1450,10438.7,0.28,Black Friday
2023-12-01,Dark Rock Pro 4,Air Cooler,64.79,19%,1456,10481.89,0.28,Black Friday
2023-12-02,Dark Rock Pro 4,Air Cooler,72.98,3%,1228,18900.24,0.28,No Promo
2023-12-03,Dark Rock Pro 4,Air Cooler,75.15,1%,1205,21150.43,0.28,No Promo
2023-12-04,Dark Rock Pro 4,Air Cooler,73.47,3%,1212,19238.64,0.28,No Promo
