cpu_cooler_sales_data.csv
date,product,category,price,discount,quantity_sold,profit,profit_margin,event
2023-12-05,Dark Rock Pro 4,Air Cooler,75.02,1%,1211,21100.35,0.28,No Promo
2023-12-06,Dark Rock Pro 4,Air Cooler,75.09,1%,1192,20855.27,0.28,No Promo
2023-12-07,Dark Rock Pro 4,Air Cooler,73.02,3%,1221,18834.87,0.28,No Promo
2023-12-08,Dark Rock Pro 4,Air Cooler,74.66,2%,1211,20668.85,0.28,No Promo
2023-12-09,Dark Rock Pro 4,Air Cooler,76.67,0%,1171,22343.89,0.28,No Promo
2023-12-10,Dark Rock Pro 4,Air Cooler,74.65,2%,1231,20995.73,0.28,No Promo
2023-12-11,Dark Rock Pro 4,Air Cooler,69.59,13%,1396,16749.91,0.28,Christmas
2023-12-12,Dark Rock Pro 4,Air Cooler,68.79,14%,1389,15554.86,0.28,Christmas
2023-12-13,Dark Rock Pro 4,Air Cooler,67.99,15%,1373,14277.42,0.28,Christmas
2023-12-14,Dark Rock Pro 4,Air Cooler,71.99,10%,1336,19236.0,0.28,Christmas
2023-12-15,Dark Rock Pro 4,Air Cooler,71.19,11%,1361,18507.29,0.28,Christmas
2023-12-16,Dark Rock Pro 4,Air Cooler,70.39,12%,1353,17316.24,0.28,Christmas
2023-12-17,Dark Rock Pro 4,Air Cooler,70.39,12%,1330,17021.87,0.28,Christmas
2023-12-18,Dark Rock Pro 4,Air Cooler,67.99,15%,1405,14610.17,0.28,Christmas
2023-12-19,Dark Rock Pro 4,Air Cooler,70.39,12%,1352,17303.44,0.28,Christmas
2023-12-20,Dark Rock Pro 4,Air Cooler,69.59,13%,1358,16293.96,0.28,Christmas
2023-12-21,Dark Rock Pro 4,Air Cooler,68.79,14%,1388,15543.66,0.28,Christmas
2023-12-22,Dark Rock Pro 4,Air Cooler,69.59,13%,1377,16521.93,0.28,Christmas
2023-12-23,Dark Rock Pro 4,Air Cooler,70.39,12%,1366,17482.61,0.28,Christmas
2023-12-24,Dark Rock Pro 4,Air Cooler,68.79,14%,1373,15375.68,0.28,Christmas
2023-12-25,Dark Rock Pro 4,Air Cooler,70.39,12%,1340,17149.86,0.28,Christmas
2023-12-26,Dark Rock Pro 4,Air Cooler,74.55,1%,1213,20572.1,0.28,No Promo
2023-12-27,Dark Rock Pro 4,Air Cooler,76.14,0%,1203,22312.14,0.28,No Promo
2023-12-28,Dark Rock Pro 4,Air Cooler,73.06,3%,1206,18648.9,0.28,No Promo
2023-12-29,Dark Rock Pro 4,Air Cooler,74.59,2%,1232,20939.11,0.28,No Promo
2023-12-30,Dark Rock Pro 4,Air Cooler,73.84,3%,1226,19915.29,0.28,No Promo
2023-12-31,Dark Rock Pro 4,Air Cooler,74.62,1%,1185,20175.31,0.28,No Promo
2022-01-01,Corsair H100i,Liquid AIO Cooler,119.59,8%,1105,38782.52,0.35,New Year's Sale
2022-01-02,Corsair H100i,Liquid AIO Cooler,122.19,6%,1046,39431.17,0.35,New Year's Sale
2022-01-03,Corsair H100i,Liquid AIO Cooler,123.49,5%,1055,41141.83,0.35,New Year's Sale
2022-01-04,Corsair H100i,Liquid AIO Cooler,118.29,9%,1108,37447.52,0.35,New Year's Sale
2022-01-05,Corsair H100i,Liquid AIO Cooler,119.59,8%,1078,37834.89,0.35,New Year's Sale
2022-01-06,Corsair H100i,Liquid AIO Cooler,118.29,9%,1088,36771.57,0.35,New Year's Sale
2022-01-07,Corsair H100i,Liquid AIO Cooler,116.99,10%,1095,35584.76,0.35,New Year's Sale
2022-01-08,Corsair H100i,Liquid AIO Cooler,123.49,5%,1049,40907.85,0.35,New Year's Sale
2022-01-09,Corsair H100i,Liquid AIO Cooler,120.89,7%,1078,39236.18,0.35,New Year's Sale
2022-01-10,Corsair H100i,Liquid AIO Cooler,119.59,8%,1086,38115.67,0.35,New Year's Sale
2022-01-11,Corsair H100i,Liquid AIO Cooler,123.49,5%,1062,41414.81,0.35,New Year's Sale
2022-01-12,Corsair H100i,Liquid AIO Cooler,116.99,10%,1112,36137.22,0.35,New Year's Sale
2022-01-13,Corsair H100i,Liquid AIO Cooler,123.49,5%,1048,40868.86,0.35,New Year's Sale
2022-01-14,Corsair H100i,Liquid AIO Cooler,116.99,10%,1120,36397.2,0.35,New Year's Sale
2022-01-15,Corsair H100i,Liquid AIO Cooler,129.48,0%,985,44308.19,0.35,No Promo
2022-01-16,Corsair H100i,Liquid AIO Cooler,126.12,2%,1007,41916.82,0.35,No Promo
2022-01-17,Corsair H100i,Liquid AIO Cooler,130.14,0%,990,45191.19,0.35,No Promo
2022-01-18,Corsair H100i,Liquid AIO Cooler,127.84,1%,1002,43431.44,0.35,No Promo
2022-01-19,Corsair H100i,Liquid AIO Cooler,130.32,0%,991,45413.99,0.35,No Promo
2022-01-20,Corsair H100i,Liquid AIO Cooler,125.78,3%,1041,42975.5,0.35,No Promo
2022-01-21,Corsair H100i,Liquid AIO Cooler,129.12,0%,974,43465.72,0.35,No Promo
2022-01-22,Corsair H100i,Liquid AIO Cooler,127.83,2%,996,43160.63,0.35,No Promo
2022-01-23,Corsair H100i,Liquid AIO Cooler,126.39,2%,1013,42440.33,0.35,No Promo
2022-01-24,Corsair H100i,Liquid AIO Cooler,129.2,1%,1018,45510.7,0.35,No Promo
2022-01-25,Corsair H100i,Liquid AIO Cooler,129.97,0%,980,44571.56,0.35,No Promo
2022-01-26,Corsair H100i,Liquid AIO Cooler,126.56,2%,1020,42912.63,0.35,No Promo
2022-01-27,Corsair H100i,Liquid AIO Cooler,128.1,2%,1010,44038.74,0.35,No Promo
2022-01-28,Corsair H100i,Liquid AIO Cooler,130.9,0%,995,46173.17,0.35,No Promo
2022-01-29,Corsair H100i,Liquid AIO Cooler,129.28,0%,973,43575.07,0.35,No Promo
2022-01-30,Corsair H100i,Liquid AIO Cooler,128.5,0%,996,43833.42,0.35,No Promo
2022-01-31,Corsair H100i,Liquid AIO Cooler,127.39,1%,1005,43112.01,0.35,No Promo
2022-02-01,Corsair H100i,Liquid AIO Cooler,127.41,2%,996,42747.85,0.35,No Promo
2022-02-02,Corsair H100i,Liquid AIO Cooler,128.41,1%,1019,44750.57,0.35,No Promo
2022-02-03,Corsair H100i,Liquid AIO Cooler,128.78,1%,1017,45036.06,0.35,No Promo
2022-02-04,Corsair H100i,Liquid AIO Cooler,129.42,0%,994,44660.16,0.35,No Promo
2022-02-05,Corsair H100i,Liquid AIO Cooler,127.92,1%,1007,43728.03,0.35,No Promo
2022-02-06,Corsair H100i,Liquid AIO Cooler,124.85,3%,1034,41727.58,0.35,No Promo
2022-02-07,Corsair H100i,Liquid AIO Cooler,126.09,3%,1011,42054.36,0.35,Valentine's Day
2022-02-08,Corsair H100i,Liquid AIO Cooler,126.09,3%,1018,42345.54,0.35,Valentine's Day
2022-02-09,Corsair H100i,Liquid AIO Cooler,122.19,6%,1047,39468.86,0.35,Valentine's Day
2022-02-10,Corsair H100i,Liquid AIO Cooler,124.79,4%,1029,41465.51,0.35,Valentine's Day
2022-02-11,Corsair H100i,Liquid AIO Cooler,124.79,4%,1029,41465.51,0.35,Valentine's Day
2022-02-12,Corsair H100i,Liquid AIO Cooler,122.19,6%,1078,40637.47,0.35,Valentine's Day
2022-02-13,Corsair H100i,Liquid AIO Cooler,122.19,6%,1078,40637.47,0.35,Valentine's Day
2022-02-14,Corsair H100i,Liquid AIO Cooler,122.19,6%,1072,40411.29,0.35,Valentine's Day
2022-02-15,Corsair H100i,Liquid AIO Cooler,120.89,7%,1081,39345.37,0.35,Valentine's Day
2022-02-16,Corsair H100i,Liquid AIO Cooler,124.79,4%,1046,42150.56,0.35,Valentine's Day
2022-02-17,Corsair H100i,Liquid AIO Cooler,126.09,3%,1043,43385.46,0.35,Valentine's Day
2022-02-18,Corsair H100i,Liquid AIO Cooler,126.09,3%,1019,42387.14,0.35,Valentine's Day
2022-02-19,Corsair H100i,Liquid AIO Cooler,126.09,3%,1028,42761.51,0.35,Valentine's Day
2022-02-20,Corsair H100i,Liquid AIO Cooler,122.19,6%,1068,40260.5,0.35,Valentine's Day
2022-02-21,Corsair H100i,Liquid AIO Cooler,122.19,6%,1047,39468.86,0.35,Valentine's Day
2022-02-22,Corsair H100i,Liquid AIO Cooler,129.28,0%,993,44468.5,0.35,No Promo
2022-02-23,Corsair H100i,Liquid AIO Cooler,126.7,2%,1005,42421.64,0.35,No Promo
2022-02-24,Corsair H100i,Liquid AIO Cooler,127.89,1%,987,42835.99,0.35,No Promo
2022-02-25,Corsair H100i,Liquid AIO Cooler,124.8,3%,1028,41434.98,0.35,No Promo
2022-02-26,Corsair H100i,Liquid AIO Cooler,130.45,0%,994,45680.56,0.35,No Promo
2022-02-27,Corsair H100i,Liquid AIO Cooler,124.45,3%,1045,41752.08,0.35,No Promo
2022-02-28,Corsair H100i,Liquid AIO Cooler,126.53,3%,1020,42881.17,0.35,No Promo
2022-03-01,Corsair H100i,Liquid AIO Cooler,129.92,0%,976,44341.11,0.35,No Promo
2022-03-02,Corsair H100i,Liquid AIO Cooler,124.72,3%,1018,40953.5,0.35,No Promo
2022-03-03,Corsair H100i,Liquid AIO Cooler,128.28,0%,992,43435.11,0.35,No Promo
2022-03-04,Corsair H100i,Liquid AIO Cooler,127.44,1%,987,42386.38,0.35,No Promo
2022-03-05,Corsair H100i,Liquid AIO Cooler,125.79,3%,1010,41707.73,0.35,No Promo
2022-03-06,Corsair H100i,Liquid AIO Cooler,126.48,3%,1035,43458.72,0.35,No Promo
2022-03-07,Corsair H100i,Liquid AIO Cooler,126.62,3%,1043,43938.21,0.35,No Promo
2022-03-08,Corsair H100i,Liquid AIO Cooler,126.68,2%,1010,42610.59,0.35,No Promo
2022-03-09,Corsair H100i,Liquid AIO Cooler,127.96,1%,999,43423.68,0.35,No Promo
2022-03-10,Corsair H100i,Liquid AIO Cooler,127.88,2%,997,43254.86,0.35,No Promo
2022-03-11,Corsair H100i,Liquid AIO Cooler,129.81,0%,987,44729.56,0.35,No Promo
2022-03-12,Corsair H100i,Liquid AIO Cooler,126.26,3%,1017,42479.43,0.35,No Promo
2022-03-13,Corsair H100i,Liquid AIO Cooler,127.32,1%,1019,43643.87,0.35,No Promo
2022-03-14,Corsair H100i,Liquid AIO Cooler,127.58,1%,999,43040.14,0.35,No Promo
2022-03-15,Corsair H100i,Liquid AIO Cooler,126.52,3%,1038,43621.46,0.35,No Promo
2022-03-16,Corsair H100i,Liquid AIO Cooler,124.45,3%,1026,40995.72,0.35,No Promo
2022-03-17,Corsair H100i,Liquid AIO Cooler,126.96,2%,997,42341.03,0.35,No Promo
2022-03-18,Corsair H100i,Liquid AIO Cooler,128.94,1%,999,44400.79,0.35,No Promo
2022-03-19,Corsair H100i,Liquid AIO Cooler,125.78,2%,1005,41494.94,0.35,No Promo
2022-03-20,Corsair H100i,Liquid AIO Cooler,128.58,0%,979,43164.74,0.35,No Promo
2022-03-21,Corsair H100i,Liquid AIO Cooler,127.98,0%,1004,43664.48,0.35,No Promo
2022-03-22,Corsair H100i,Liquid AIO Cooler,128.28,1%,981,42957.96,0.35,No Promo
2022-03-23,Corsair H100i,Liquid AIO Cooler,127.46,1%,1017,43696.94,0.35,No Promo
2022-03-24,Corsair H100i,Liquid AIO Cooler,126.09,2%,1013,42135.77,0.35,No Promo
2022-03-25,Corsair H100i,Liquid AIO Cooler,124.15,3%,1013,40170.02,0.35,No Promo
2022-03-26,Corsair H100i,Liquid AIO Cooler,125.08,3%,1016,41231.45,0.35,No Promo
2022-03-27,Corsair H100i,Liquid AIO Cooler,128.56,1%,986,43449.76,0.35,No Promo
2022-03-28,Corsair H100i,Liquid AIO Cooler,125.83,3%,1021,42202.93,0.35,No Promo
2022-03-29,Corsair H100i,Liquid AIO Cooler,128.73,1%,1016,44941.02,0.35,No Promo
2022-03-30,Corsair H100i,Liquid AIO Cooler,126.23,2%,1015,42364.09,0.35,No Promo
2022-03-31,Corsair H100i,Liquid AIO Cooler,129.15,1%,1019,45508.69,0.35,No Promo
2022-04-01,Corsair H100i,Liquid AIO Cooler,129.02,0%,993,44210.71,0.35,No Promo
2022-04-02,Corsair H100i,Liquid AIO Cooler,127.29,2%,1015,43439.41,0.35,No Promo
2022-04-03,Corsair H100i,Liquid AIO Cooler,129.08,1%,1014,45209.88,0.35,No Promo
2022-04-04,Corsair H100i,Liquid AIO Cooler,126.49,2%,1020,42841.17,0.35,No Promo
2022-04-05,Corsair H100i,Liquid AIO Cooler,130.0,0%,993,45188.04,0.35,No Promo
2022-04-06,Corsair H100i,Liquid AIO Cooler,125.8,3%,1007,41597.19,0.35,No Promo
2022-04-07,Corsair H100i,Liquid AIO Cooler,130.09,0%,1005,45825.24,0.35,No Promo
2022-04-08,Corsair H100i,Liquid AIO Cooler,127.23,1%,1001,42784.2,0.35,No Promo
2022-04-09,Corsair H100i,Liquid AIO Cooler,127.98,0%,970,42185.4,0.35,No Promo
2022-04-10,Corsair H100i,Liquid AIO Cooler,120.89,7%,1089,39636.55,0.35,Easter
2022-04-11,Corsair H100i,Liquid AIO Cooler,124.79,4%,1038,41828.18,0.35,Easter
2022-04-12,Corsair H100i,Liquid AIO Cooler,124.79,4%,1032,41586.4,0.35,Easter
2022-04-13,Corsair H100i,Liquid AIO Cooler,120.89,7%,1098,39964.13,0.35,Easter
2022-04-14,Corsair H100i,Liquid AIO Cooler,119.59,8%,1075,37729.6,0.35,Easter
2022-04-15,Corsair H100i,Liquid AIO Cooler,122.19,6%,1086,40939.05,0.35,Easter
2022-04-16,Corsair H100i,Liquid AIO Cooler,124.79,4%,1034,41666.99,0.35,Easter
2022-04-17,Corsair H100i,Liquid AIO Cooler,120.89,7%,1095,39854.93,0.35,Easter
2022-04-18,Corsair H100i,Liquid AIO Cooler,122.19,6%,1073,40448.99,0.35,Easter
2022-04-19,Corsair H100i,Liquid AIO Cooler,119.59,8%,1092,38326.25,0.35,Easter
2022-04-20,Corsair H100i,Liquid AIO Cooler,119.59,8%,1077,37799.79,0.35,Easter
2022-04-21,Corsair H100i,Liquid AIO Cooler,124.79,4%,1023,41223.73,0.35,Easter
2022-04-22,Corsair H100i,Liquid AIO Cooler,122.19,6%,1064,40109.71,0.35,Easter
2022-04-23,Corsair H100i,Liquid AIO Cooler,119.59,8%,1073,37659.4,0.35,Easter
2022-04-24,Corsair H100i,Liquid AIO Cooler,122.19,6%,1085,40901.35,0.35,Easter
2022-04-25,Corsair H100i,Liquid AIO Cooler,130.19,0%,992,45327.08,0.35,No Promo
2022-04-26,Corsair H100i,Liquid AIO Cooler,127.64,1%,1008,43489.17,0.35,No Promo
2022-04-27,Corsair H100i,Liquid AIO Cooler,127.25,2%,1025,43828.21,0.35,No Promo
2022-04-28,Corsair H100i,Liquid AIO Cooler,129.07,0%,980,43685.9,0.35,No Promo
2022-04-29,Corsair H100i,Liquid AIO Cooler,128.35,1%,1010,44294.47,0.35,No Promo
2022-04-30,Corsair H100i,Liquid AIO Cooler,125.29,2%,1023,41738.7,0.35,No Promo
2022-05-01,Corsair H100i,Liquid AIO Cooler,126.09,3%,1009,41971.17,0.35,Mother's Day
2022-05-02,Corsair H100i,Liquid AIO Cooler,124.79,4%,1056,42553.53,0.35,Mother's Day
2022-05-03,Corsair H100i,Liquid AIO Cooler,124.79,4%,1055,42513.23,0.35,Mother's Day
2022-05-04,Corsair H100i,Liquid AIO Cooler,126.09,3%,1016,42262.35,0.35,Mother's Day
2022-05-05,Corsair H100i,Liquid AIO Cooler,127.39,2%,1010,43325.67,0.35,Mother's Day
2022-05-06,Corsair H100i,Liquid AIO Cooler,123.49,5%,1039,40517.88,0.35,Mother's Day
2022-05-07,Corsair H100i,Liquid AIO Cooler,123.49,5%,1050,40946.85,0.35,Mother's Day
2022-05-08,Corsair H100i,Liquid AIO Cooler,124.79,4%,1053,42432.64,0.35,Mother's Day
2022-05-09,Corsair H100i,Liquid AIO Cooler,126.09,3%,1023,42553.53,0.35,Mother's Day
2022-05-10,Corsair H100i,Liquid AIO Cooler,123.49,5%,1063,41453.81,0.35,Mother's Day
2022-05-11,Corsair H100i,Liquid AIO Cooler,126.09,3%,1028,42761.51,0.35,Mother's Day
2022-05-12,Corsair H100i,Liquid AIO Cooler,124.79,4%,1035,41707.29,0.35,Mother's Day
2022-05-13,Corsair H100i,Liquid AIO Cooler,126.09,3%,1013,42137.56,0.35,Mother's Day
2022-05-14,Corsair H100i,Liquid AIO Cooler,123.49,5%,1062,41414.81,0.35,Mother's Day
2022-05-15,Corsair H100i,Liquid AIO Cooler,123.49,5%,1031,40205.91,0.35,Mother's Day
2022-05-16,Corsair H100i,Liquid AIO Cooler,128.46,1%,1012,44497.88,0.35,No Promo
2022-05-17,Corsair H100i,Liquid AIO Cooler,129.5,0%,978,44014.33,0.35,No Promo
2022-05-18,Corsair H100i,Liquid AIO Cooler,127.93,0%,974,42303.67,0.35,No Promo
2022-05-19,Corsair H100i,Liquid AIO Cooler,124.0,3%,1040,41090.72,0.35,No Promo
2022-05-20,Corsair H100i,Liquid AIO Cooler,126.23,1%,993,41447.31,0.35,No Promo
2022-05-21,Corsair H100i,Liquid AIO Cooler,127.35,2%,1025,43927.85,0.35,No Promo
2022-05-22,Corsair H100i,Liquid AIO Cooler,128.28,1%,992,43436.77,0.35,No Promo
2022-05-23,Corsair H100i,Liquid AIO Cooler,127.34,1%,984,42164.51,0.35,No Promo
2022-05-24,Corsair H100i,Liquid AIO Cooler,125.38,2%,1006,41135.66,0.35,No Promo
2022-05-25,Corsair H100i,Liquid AIO Cooler,127.98,0%,1000,43488.81,0.35,No Promo
2022-05-26,Corsair H100i,Liquid AIO Cooler,125.14,2%,1015,41255.72,0.35,No Promo
2022-05-27,Corsair H100i,Liquid AIO Cooler,126.62,2%,995,41919.78,0.35,No Promo
2022-05-28,Corsair H100i,Liquid AIO Cooler,129.73,0%,988,44689.22,0.35,No Promo
2022-05-29,Corsair H100i,Liquid AIO Cooler,124.94,2%,1017,41138.46,0.35,No Promo
2022-05-30,Corsair H100i,Liquid AIO Cooler,123.83,3%,1041,40953.48,0.35,No Promo
2022-05-31,Corsair H100i,Liquid AIO Cooler,125.56,2%,1031,42340.5,0.35,No Promo
2022-06-01,Corsair H100i,Liquid AIO Cooler,127.93,1%,993,43131.98,0.35,No Promo
2022-06-02,Corsair H100i,Liquid AIO Cooler,127.34,1%,1012,43364.07,0.35,No Promo
2022-06-03,Corsair H100i,Liquid AIO Cooler,127.4,0%,978,41966.24,0.35,No Promo
2022-06-04,Corsair H100i,Liquid AIO Cooler,126.97,1%,1003,42602.13,0.35,No Promo
2022-06-05,Corsair H100i,Liquid AIO Cooler,127.89,0%,1004,43568.43,0.35,No Promo
2022-06-06,Corsair H100i,Liquid AIO Cooler,126.29,1%,995,41591.87,0.35,No Promo
2022-06-07,Corsair H100i,Liquid AIO Cooler,123.52,3%,1018,39733.16,0.35,No Promo
2022-06-08,Corsair H100i,Liquid AIO Cooler,128.21,0%,983,42977.98,0.35,No Promo
2022-06-09,Corsair H100i,Liquid AIO Cooler,127.19,2%,1020,43545.44,0.35,No Promo
2022-06-10,Corsair H100i,Liquid AIO Cooler,126.83,1%,1008,42676.6,0.35,No Promo
2022-06-11,Corsair H100i,Liquid AIO Cooler,127.77,0%,972,42063.34,0.35,No Promo
2022-06-12,Corsair H100i,Liquid AIO Cooler,127.37,1%,1008,43215.86,0.35,No Promo
2022-06-13,Corsair H100i,Liquid AIO Cooler,128.05,1%,1013,44122.99,0.35,No Promo
2022-06-14,Corsair H100i,Liquid AIO Cooler,126.83,2%,1029,43564.99,0.35,No Promo
2022-06-15,Corsair H100i,Liquid AIO Cooler,125.01,3%,1026,41574.73,0.35,No Promo
2022-06-16,Corsair H100i,Liquid AIO Cooler,127.4,1%,1004,43080.73,0.35,No Promo
2022-06-17,Corsair H100i,Liquid AIO Cooler,127.09,2%,1001,42637.92,0.35,No Promo
2022-06-18,Corsair H100i,Liquid AIO Cooler,124.49,3%,1043,41711.28,0.35,No Promo
2022-06-19,Corsair H100i,Liquid AIO Cooler,124.14,3%,1043,41347.91,0.35,No Promo
2022-06-20,Corsair H100i,Liquid AIO Cooler,126.54,1%,993,41755.5,0.35,No Promo
2022-06-21,Corsair H100i,Liquid AIO Cooler,127.9,0%,992,43061.03,0.35,No Promo
2022-06-22,Corsair H100i,Liquid AIO Cooler,125.98,2%,1020,42318.38,0.35,No Promo
2022-06-23,Corsair H100i,Liquid AIO Cooler,129.67,0%,976,44087.94,0.35,No Promo
2022-06-24,Corsair H100i,Liquid AIO Cooler,125.3,2%,1013,41332.08,0.35,No Promo
2022-06-25,Corsair H100i,Liquid AIO Cooler,127.94,1%,1017,44186.23,0.35,No Promo
2022-06-26,Corsair H100i,Liquid AIO Cooler,127.66,0%,979,42264.49,0.35,No Promo
2022-06-27,Corsair H100i,Liquid AIO Cooler,126.57,1%,995,41865.68,0.35,No Promo
2022-06-28,Corsair H100i,Liquid AIO Cooler,127.01,1%,1012,43028.11,0.35,No Promo
2022-06-29,Corsair H100i,Liquid AIO Cooler,128.65,0%,1005,44372.63,0.35,No Promo
2022-06-30,Corsair H100i,Liquid AIO Cooler,126.67,1%,991,41799.46,0.35,No Promo
2022-07-01,Corsair H100i,Liquid AIO Cooler,126.72,1%,1016,42904.92,0.35,No Promo
2022-07-02,Corsair H100i,Liquid AIO Cooler,123.43,3%,1030,40108.5,0.35,No Promo
2022-07-03,Corsair H100i,Liquid AIO Cooler,126.68,2%,1018,42949.64,0.35,No Promo
2022-07-04,Corsair H100i,Liquid AIO Cooler,124.6,3%,1006,40343.91,0.35,No Promo
2022-07-05,Corsair H100i,Liquid AIO Cooler,126.16,2%,1011,42127.08,0.35,No Promo
2022-07-06,Corsair H100i,Liquid AIO Cooler,126.38,2%,1022,42807.98,0.35,No Promo
2022-07-07,Corsair H100i,Liquid AIO Cooler,128.2,0%,981,42877.74,0.35,No Promo
2022-07-08,Corsair H100i,Liquid AIO Cooler,126.05,1%,1007,41850.2,0.35,No Promo
2022-07-09,Corsair H100i,Liquid AIO Cooler,127.87,0%,997,43242.85,0.35,No Promo
2022-07-10,Corsair H100i,Liquid AIO Cooler,126.71,1%,998,42136.27,0.35,No Promo
2022-07-11,Corsair H100i,Liquid AIO Cooler,110.49,15%,1202,31249.6,0.35,Amazon Prime Day
2022-07-12,Corsair H100i,Liquid AIO Cooler,116.99,10%,1101,35779.75,0.35,Amazon Prime Day
