cpu_cooler_sales_data.csv
date,product,category,price,discount,quantity_sold,profit,profit_margin,event
2022-07-13,Corsair H100i,Liquid AIO Cooler,113.09,13%,1168,33402.23,0.35,Amazon Prime Day
2022-07-14,Corsair H100i,Liquid AIO Cooler,113.09,13%,1147,32801.68,0.35,Amazon Prime Day
2022-07-15,Corsair H100i,Liquid AIO Cooler,113.09,13%,1135,32458.5,0.35,Amazon Prime Day
2022-07-16,Corsair H100i,Liquid AIO Cooler,116.99,10%,1128,36657.18,0.35,Amazon Prime Day
2022-07-17,Corsair H100i,Liquid AIO Cooler,111.79,14%,1159,31638.27,0.35,Amazon Prime Day
2022-07-18,Corsair H100i,Liquid AIO Cooler,114.39,12%,1165,34830.82,0.35,Amazon Prime Day
2022-07-19,Corsair H100i,Liquid AIO Cooler,111.79,14%,1176,32102.33,0.35,Amazon Prime Day
2022-07-20,Corsair H100i,Liquid AIO Cooler,111.79,14%,1161,31692.86,0.35,Amazon Prime Day
2022-07-21,Corsair H100i,Liquid AIO Cooler,110.49,15%,1168,30365.66,0.35,Amazon Prime Day
2022-07-22,Corsair H100i,Liquid AIO Cooler,115.69,11%,1126,35128.5,0.35,Amazon Prime Day
2022-07-23,Corsair H100i,Liquid AIO Cooler,116.99,10%,1100,35747.25,0.35,Amazon Prime Day
2022-07-24,Corsair H100i,Liquid AIO Cooler,116.99,10%,1110,36072.23,0.35,Amazon Prime Day
2022-07-25,Corsair H100i,Liquid AIO Cooler,127.27,1%,984,42095.45,0.35,No Promo
2022-07-26,Corsair H100i,Liquid AIO Cooler,126.89,1%,985,41765.1,0.35,No Promo
2022-07-27,Corsair H100i,Liquid AIO Cooler,129.29,0%,972,43539.96,0.35,No Promo
2022-07-28,Corsair H100i,Liquid AIO Cooler,126.19,1%,981,40906.09,0.35,No Promo
2022-07-29,Corsair H100i,Liquid AIO Cooler,127.41,1%,995,42697.8,0.35,No Promo
2022-07-30,Corsair H100i,Liquid AIO Cooler,128.08,0%,996,43408.77,0.35,No Promo
2022-07-31,Corsair H100i,Liquid AIO Cooler,127.36,0%,1005,43076.78,0.35,No Promo
2022-08-01,Corsair H100i,Liquid AIO Cooler,126.09,3%,1035,43052.69,0.35,Back-to-School
2022-08-02,Corsair H100i,Liquid AIO Cooler,126.09,3%,1015,42220.75,0.35,Back-to-School
2022-08-03,Corsair H100i,Liquid AIO Cooler,126.09,3%,1043,43385.46,0.35,Back-to-School
2022-08-04,Corsair H100i,Liquid AIO Cooler,123.49,5%,1050,40946.85,0.35,Back-to-School
2022-08-05,Corsair H100i,Liquid AIO Cooler,124.79,4%,1021,41143.13,0.35,Back-to-School
2022-08-06,Corsair H100i,Liquid AIO Cooler,124.79,4%,1041,41949.07,0.35,Back-to-School
2022-08-07,Corsair H100i,Liquid AIO Cooler,124.79,4%,1048,42231.15,0.35,Back-to-School
2022-08-08,Corsair H100i,Liquid AIO Cooler,123.49,5%,1070,41726.79,0.35,Back-to-School
2022-08-09,Corsair H100i,Liquid AIO Cooler,123.49,5%,1050,40946.85,0.35,Back-to-School
2022-08-10,Corsair H100i,Liquid AIO Cooler,124.79,4%,1023,41223.73,0.35,Back-to-School
2022-08-11,Corsair H100i,Liquid AIO Cooler,126.09,3%,1015,42220.75,0.35,Back-to-School
2022-08-12,Corsair H100i,Liquid AIO Cooler,126.09,3%,1025,42636.72,0.35,Back-to-School
2022-08-13,Corsair H100i,Liquid AIO Cooler,124.79,4%,1057,42593.82,0.35,Back-to-School
2022-08-14,Corsair H100i,Liquid AIO Cooler,126.09,3%,1008,41929.57,0.35,Back-to-School
2022-08-15,Corsair H100i,Liquid AIO Cooler,125.38,1%,1002,40964.93,0.35,No Promo
2022-08-16,Corsair H100i,Liquid AIO Cooler,126.36,2%,1023,42827.12,0.35,No Promo
2022-08-17,Corsair H100i,Liquid AIO Cooler,126.88,0%,1006,42638.72,0.35,No Promo
2022-08-18,Corsair H100i,Liquid AIO Cooler,124.33,2%,998,39759.16,0.35,No Promo
2022-08-19,Corsair H100i,Liquid AIO Cooler,126.01,2%,1009,41894.9,0.35,No Promo
2022-08-20,Corsair H100i,Liquid AIO Cooler,128.29,0%,977,42789.66,0.35,No Promo
2022-08-21,Corsair H100i,Liquid AIO Cooler,127.81,1%,1018,44092.05,0.35,No Promo
2022-08-22,Corsair H100i,Liquid AIO Cooler,124.71,3%,1039,41783.92,0.35,No Promo
2022-08-23,Corsair H100i,Liquid AIO Cooler,123.59,3%,1009,39448.8,0.35,No Promo
2022-08-24,Corsair H100i,Liquid AIO Cooler,126.64,1%,982,41385.71,0.35,No Promo
2022-08-25,Corsair H100i,Liquid AIO Cooler,123.17,3%,1019,39415.35,0.35,No Promo
2022-08-26,Corsair H100i,Liquid AIO Cooler,125.94,2%,996,41285.05,0.35,No Promo
2022-08-27,Corsair H100i,Liquid AIO Cooler,129.02,0%,976,43455.22,0.35,No Promo
2022-08-28,Corsair H100i,Liquid AIO Cooler,125.46,1%,996,40806.7,0.35,No Promo
2022-08-29,Corsair H100i,Liquid AIO Cooler,122.71,3%,1027,39250.11,0.35,No Promo
2022-08-30,Corsair H100i,Liquid AIO Cooler,126.09,2%,1001,41636.21,0.35,No Promo
2022-08-31,Corsair H100i,Liquid AIO Cooler,123.17,3%,1007,38946.46,0.35,No Promo
2022-09-01,Corsair H100i,Liquid AIO Cooler,122.77,3%,1013,38777.97,0.35,No Promo
2022-09-02,Corsair H100i,Liquid AIO Cooler,127.0,0%,975,41448.2,0.35,No Promo
2022-09-03,Corsair H100i,Liquid AIO Cooler,122.69,3%,1037,39612.42,0.35,No Promo
2022-09-04,Corsair H100i,Liquid AIO Cooler,125.34,2%,1014,41421.45,0.35,No Promo
2022-09-05,Corsair H100i,Liquid AIO Cooler,126.7,1%,1019,43006.42,0.35,No Promo
2022-09-06,Corsair H100i,Liquid AIO Cooler,126.95,1%,1018,43220.0,0.35,No Promo
2022-09-07,Corsair H100i,Liquid AIO Cooler,124.54,2%,1016,40687.78,0.35,No Promo
2022-09-08,Corsair H100i,Liquid AIO Cooler,127.0,1%,983,41779.71,0.35,No Promo
2022-09-09,Corsair H100i,Liquid AIO Cooler,127.37,0%,989,42401.33,0.35,No Promo
2022-09-10,Corsair H100i,Liquid AIO Cooler,125.15,1%,992,40326.82,0.35,No Promo
2022-09-11,Corsair H100i,Liquid AIO Cooler,124.55,3%,1010,40456.02,0.35,No Promo
2022-09-12,Corsair H100i,Liquid AIO Cooler,127.54,0%,970,41759.19,0.35,No Promo
2022-09-13,Corsair H100i,Liquid AIO Cooler,128.04,0%,1004,43720.72,0.35,No Promo
2022-09-14,Corsair H100i,Liquid AIO Cooler,126.88,1%,1006,42640.27,0.35,No Promo
2022-09-15,Corsair H100i,Liquid AIO Cooler,122.61,3%,1024,39029.6,0.35,No Promo
2022-09-16,Corsair H100i,Liquid AIO Cooler,124.88,3%,1028,41513.74,0.35,No Promo
2022-09-17,Corsair H100i,Liquid AIO Cooler,124.83,3%,1036,41786.64,0.35,No Promo
2022-09-18,Corsair H100i,Liquid AIO Cooler,128.07,0%,976,42526.63,0.35,No Promo
2022-09-19,Corsair H100i,Liquid AIO Cooler,124.92,3%,1026,41479.81,0.35,No Promo
2022-09-20,Corsair H100i,Liquid AIO Cooler,128.49,0%,977,42981.94,0.35,No Promo
2022-09-21,Corsair H100i,Liquid AIO Cooler,126.96,1%,989,42001.82,0.35,No Promo
2022-09-22,Corsair H100i,Liquid AIO Cooler,124.22,2%,1010,40121.39,0.35,No Promo
2022-09-23,Corsair H100i,Liquid AIO Cooler,125.73,1%,1002,41322.5,0.35,No Promo
2022-09-24,Corsair H100i,Liquid AIO Cooler,123.54,3%,1040,40605.07,0.35,No Promo
2022-09-25,Corsair H100i,Liquid AIO Cooler,125.43,2%,995,40735.5,0.35,No Promo
2022-09-26,Corsair H100i,Liquid AIO Cooler,124.15,3%,1011,40097.61,0.35,No Promo
2022-09-27,Corsair H100i,Liquid AIO Cooler,127.43,0%,997,42806.84,0.35,No Promo
2022-09-28,Corsair H100i,Liquid AIO Cooler,124.77,3%,1012,40761.01,0.35,No Promo
2022-09-29,Corsair H100i,Liquid AIO Cooler,123.79,2%,994,39057.62,0.35,No Promo
2022-09-30,Corsair H100i,Liquid AIO Cooler,124.32,2%,1003,39943.81,0.35,No Promo
2022-10-01,Corsair H100i,Liquid AIO Cooler,126.49,1%,1000,41997.52,0.35,No Promo
2022-10-02,Corsair H100i,Liquid AIO Cooler,124.23,2%,1002,39813.8,0.35,No Promo
2022-10-03,Corsair H100i,Liquid AIO Cooler,124.06,2%,1025,40555.17,0.35,No Promo
2022-10-04,Corsair H100i,Liquid AIO Cooler,125.25,2%,1008,41078.11,0.35,No Promo
2022-10-05,Corsair H100i,Liquid AIO Cooler,126.74,1%,981,41443.92,0.35,No Promo
2022-10-06,Corsair H100i,Liquid AIO Cooler,126.42,0%,971,40715.11,0.35,No Promo
2022-10-07,Corsair H100i,Liquid AIO Cooler,124.47,2%,1000,39977.69,0.35,No Promo
2022-10-08,Corsair H100i,Liquid AIO Cooler,127.35,1%,1007,43161.52,0.35,No Promo
2022-10-09,Corsair H100i,Liquid AIO Cooler,123.82,2%,1023,40231.74,0.35,No Promo
2022-10-10,Corsair H100i,Liquid AIO Cooler,126.35,1%,1001,41895.4,0.35,No Promo
2022-10-11,Corsair H100i,Liquid AIO Cooler,125.84,1%,991,40977.84,0.35,No Promo
2022-10-12,Corsair H100i,Liquid AIO Cooler,127.79,0%,989,42818.64,0.35,No Promo
2022-10-13,Corsair H100i,Liquid AIO Cooler,124.92,1%,1003,40548.18,0.35,No Promo
2022-10-14,Corsair H100i,Liquid AIO Cooler,127.02,1%,1014,43118.23,0.35,No Promo
2022-10-15,Corsair H100i,Liquid AIO Cooler,124.04,3%,1012,40023.76,0.35,No Promo
2022-10-16,Corsair H100i,Liquid AIO Cooler,124.23,3%,1029,40893.62,0.35,No Promo
2022-10-17,Corsair H100i,Liquid AIO Cooler,125.57,2%,1027,42181.94,0.35,No Promo
2022-10-18,Corsair H100i,Liquid AIO Cooler,126.47,0%,1001,42018.45,0.35,No Promo
2022-10-19,Corsair H100i,Liquid AIO Cooler,123.95,3%,1023,40367.81,0.35,No Promo
2022-10-20,Corsair H100i,Liquid AIO Cooler,126.37,0%,999,41834.11,0.35,No Promo
2022-10-21,Corsair H100i,Liquid AIO Cooler,124.25,3%,1042,41423.92,0.35,No Promo
2022-10-22,Corsair H100i,Liquid AIO Cooler,128.5,0%,993,43701.19,0.35,No Promo
2022-10-23,Corsair H100i,Liquid AIO Cooler,125.41,1%,1003,41040.08,0.35,No Promo
2022-10-24,Corsair H100i,Liquid AIO Cooler,126.63,0%,985,41504.28,0.35,No Promo
2022-10-25,Corsair H100i,Liquid AIO Cooler,125.17,1%,984,40026.14,0.35,No Promo
2022-10-26,Corsair H100i,Liquid AIO Cooler,125.88,2%,1021,42250.54,0.35,No Promo
2022-10-27,Corsair H100i,Liquid AIO Cooler,127.58,0%,973,41919.72,0.35,No Promo
2022-10-28,Corsair H100i,Liquid AIO Cooler,123.95,2%,1003,39578.02,0.35,No Promo
2022-10-29,Corsair H100i,Liquid AIO Cooler,122.28,3%,1016,38388.88,0.35,No Promo
2022-10-30,Corsair H100i,Liquid AIO Cooler,124.29,2%,1031,41026.21,0.35,No Promo
2022-10-31,Corsair H100i,Liquid AIO Cooler,123.81,3%,1034,40650.12,0.35,No Promo
2022-11-01,Corsair H100i,Liquid AIO Cooler,126.41,0%,1006,42164.55,0.35,No Promo
2022-11-02,Corsair H100i,Liquid AIO Cooler,126.3,0%,991,41427.12,0.35,No Promo
2022-11-03,Corsair H100i,Liquid AIO Cooler,125.48,1%,981,40208.4,0.35,No Promo
2022-11-04,Corsair H100i,Liquid AIO Cooler,126.08,1%,1016,42256.57,0.35,No Promo
2022-11-05,Corsair H100i,Liquid AIO Cooler,126.94,0%,981,41636.21,0.35,No Promo
2022-11-06,Corsair H100i,Liquid AIO Cooler,125.12,2%,1015,41236.05,0.35,No Promo
2022-11-07,Corsair H100i,Liquid AIO Cooler,125.5,1%,1010,41416.17,0.35,No Promo
2022-11-08,Corsair H100i,Liquid AIO Cooler,124.97,1%,1010,40876.23,0.35,No Promo
2022-11-09,Corsair H100i,Liquid AIO Cooler,126.27,1%,984,41108.14,0.35,No Promo
2022-11-10,Corsair H100i,Liquid AIO Cooler,128.21,0%,979,42798.94,0.35,No Promo
2022-11-11,Corsair H100i,Liquid AIO Cooler,128.02,0%,1004,43698.31,0.35,No Promo
2022-11-12,Corsair H100i,Liquid AIO Cooler,122.13,3%,1009,37978.24,0.35,No Promo
2022-11-13,Corsair H100i,Liquid AIO Cooler,123.6,3%,1013,39619.21,0.35,No Promo
2022-11-14,Corsair H100i,Liquid AIO Cooler,125.68,2%,1017,41890.5,0.35,No Promo
2022-11-15,Corsair H100i,Liquid AIO Cooler,122.86,3%,1042,39974.99,0.35,No Promo
2022-11-16,Corsair H100i,Liquid AIO Cooler,127.8,0%,982,42531.25,0.35,No Promo
2022-11-17,Corsair H100i,Liquid AIO Cooler,124.59,1%,1016,40736.45,0.35,No Promo
2022-11-18,Corsair H100i,Liquid AIO Cooler,103.99,20%,1271,24782.59,0.35,Black Friday
2022-11-19,Corsair H100i,Liquid AIO Cooler,106.59,18%,1197,26451.67,0.35,Black Friday
2022-11-20,Corsair H100i,Liquid AIO Cooler,110.49,15%,1162,30209.68,0.35,Black Friday
2022-11-21,Corsair H100i,Liquid AIO Cooler,110.49,15%,1190,30937.62,0.35,Black Friday
2022-11-22,Corsair H100i,Liquid AIO Cooler,106.59,18%,1221,26982.02,0.35,Black Friday
2022-11-23,Corsair H100i,Liquid AIO Cooler,105.29,19%,1246,25914.81,0.35,Black Friday
2022-11-24,Corsair H100i,Liquid AIO Cooler,109.19,16%,1184,29242.55,0.35,Black Friday
2022-11-25,Corsair H100i,Liquid AIO Cooler,106.59,18%,1239,27379.79,0.35,Black Friday
2022-11-26,Corsair H100i,Liquid AIO Cooler,106.59,18%,1204,26606.35,0.35,Black Friday
2022-11-27,Corsair H100i,Liquid AIO Cooler,106.59,18%,1211,26761.04,0.35,Black Friday
2022-11-28,Corsair H100i,Liquid AIO Cooler,103.99,20%,1242,24217.14,0.35,Black Friday
2022-11-29,Corsair H100i,Liquid AIO Cooler,105.29,19%,1230,25582.03,0.35,Black Friday
2022-11-30,Corsair H100i,Liquid AIO Cooler,103.99,20%,1230,23983.16,0.35,Black Friday
2022-12-01,Corsair H100i,Liquid AIO Cooler,110.49,15%,1163,30235.67,0.35,Black Friday
2022-12-02,Corsair H100i,Liquid AIO Cooler,106.59,18%,1221,26982.02,0.35,Black Friday
2022-12-03,Corsair H100i,Liquid AIO Cooler,127.76,0%,988,42744.2,0.35,No Promo
2022-12-04,Corsair H100i,Liquid AIO Cooler,126.36,0%,995,41660.72,0.35,No Promo
2022-12-05,Corsair H100i,Liquid AIO Cooler,126.31,0%,993,41519.45,0.35,No Promo
2022-12-06,Corsair H100i,Liquid AIO Cooler,126.99,0%,973,41350.32,0.35,No Promo
2022-12-07,Corsair H100i,Liquid AIO Cooler,126.21,0%,978,40799.91,0.35,No Promo
2022-12-08,Corsair H100i,Liquid AIO Cooler,124.17,3%,1010,40070.77,0.35,No Promo
2022-12-09,Corsair H100i,Liquid AIO Cooler,121.94,3%,1038,38870.91,0.35,No Promo
2022-12-10,Corsair H100i,Liquid AIO Cooler,123.56,3%,1016,39688.93,0.35,No Promo
2022-12-11,Corsair H100i,Liquid AIO Cooler,127.51,0%,978,42069.21,0.35,No Promo
2022-12-12,Corsair H100i,Liquid AIO Cooler,113.09,13%,1145,32744.48,0.35,Christmas
2022-12-13,Corsair H100i,Liquid AIO Cooler,110.49,15%,1179,30651.64,0.35,Christmas
2022-12-14,Corsair H100i,Liquid AIO Cooler,116.99,10%,1100,35747.25,0.35,Christmas
2022-12-15,Corsair H100i,Liquid AIO Cooler,113.09,13%,1165,33316.44,0.35,Christmas
2022-12-16,Corsair H100i,Liquid AIO Cooler,114.39,12%,1121,33515.32,0.35,Christmas
2022-12-17,Corsair H100i,Liquid AIO Cooler,113.09,13%,1161,33202.05,0.35,Christmas
2022-12-18,Corsair H100i,Liquid AIO Cooler,116.99,10%,1117,36299.71,0.35,Christmas
2022-12-19,Corsair H100i,Liquid AIO Cooler,110.49,15%,1173,30495.65,0.35,Christmas
2022-12-20,Corsair H100i,Liquid AIO Cooler,111.79,14%,1147,31310.69,0.35,Christmas
2022-12-21,Corsair H100i,Liquid AIO Cooler,114.39,12%,1124,33605.01,0.35,Christmas
2022-12-22,Corsair H100i,Liquid AIO Cooler,115.69,11%,1135,35409.28,0.35,Christmas
2022-12-23,Corsair H100i,Liquid AIO Cooler,110.49,15%,1182,30729.64,0.35,Christmas
2022-12-24,Corsair H100i,Liquid AIO Cooler,114.39,12%,1138,34023.58,0.35,Christmas
2022-12-25,Corsair H100i,Liquid AIO Cooler,114.39,12%,1145,34232.87,0.35,Christmas
2022-12-26,Corsair H100i,Liquid AIO Cooler,126.3,0%,1004,41978.27,0.35,No Promo
2022-12-27,Corsair H100i,Liquid AIO Cooler,123.9,2%,1021,40234.07,0.35,No Promo
2022-12-28,Corsair H100i,Liquid AIO Cooler,126.22,0%,1005,41933.11,0.35,No Promo
2022-12-29,Corsair H100i,Liquid AIO Cooler,125.61,0%,999,41075.34,0.35,No Promo
2022-12-30,Corsair H100i,Liquid AIO Cooler,125.64,0%,989,40697.86,0.35,No Promo
2022-12-31,Corsair H100i,Liquid AIO Cooler,122.44,3%,1017,38593.23,0.35,No Promo
2023-01-01,Corsair H100i,Liquid AIO Cooler,122.19,6%,1051,39619.65,0.35,New Year's Sale
2023-01-02,Corsair H100i,Liquid AIO Cooler,122.19,6%,1050,39581.95,0.35,New Year's Sale
2023-01-03,Corsair H100i,Liquid AIO Cooler,120.89,7%,1065,38763.02,0.35,New Year's Sale
2023-01-04,Corsair H100i,Liquid AIO Cooler,123.49,5%,1062,41414.81,0.35,New Year's Sale
2023-01-05,Corsair H100i,Liquid AIO Cooler,123.49,5%,1062,41414.81,0.35,New Year's Sale
2023-01-06,Corsair H100i,Liquid AIO Cooler,123.49,5%,1042,40634.87,0.35,New Year's Sale
2023-01-07,Corsair H100i,Liquid AIO Cooler,122.19,6%,1082,40788.26,0.35,New Year's Sale
2023-01-08,Corsair H100i,Liquid AIO Cooler,116.99,10%,1097,35649.76,0.35,New Year's Sale
2023-01-09,Corsair H100i,Liquid AIO Cooler,123.49,5%,1059,41297.82,0.35,New Year's Sale
2023-01-10,Corsair H100i,Liquid AIO Cooler,118.29,9%,1091,36872.96,0.35,New Year's Sale
2023-01-11,Corsair H100i,Liquid AIO Cooler,118.29,9%,1107,37413.72,0.35,New Year's Sale
2023-01-12,Corsair H100i,Liquid AIO Cooler,120.89,7%,1083,39418.17,0.35,New Year's Sale
2023-01-13,Corsair H100i,Liquid AIO Cooler,118.29,9%,1120,37853.09,0.35,New Year's Sale
2023-01-14,Corsair H100i,Liquid AIO Cooler,122.19,6%,1069,40298.2,0.35,New Year's Sale
2023-01-15,Corsair H100i,Liquid AIO Cooler,124.1,2%,1027,40678.87,0.35,No Promo
2023-01-16,Corsair H100i,Liquid AIO Cooler,124.3,1%,1002,39889.43,0.35,No Promo
2023-01-17,Corsair H100i,Liquid AIO Cooler,127.22,0%,981,41912.13,0.35,No Promo
2023-01-18,Corsair H100i,Liquid AIO Cooler,122.99,3%,1042,40108.86,0.35,No Promo
2023-01-19,Corsair H100i,Liquid AIO Cooler,123.4,2%,995,38710.03,0.35,No Promo
2023-01-20,Corsair H100i,Liquid AIO Cooler,123.83,2%,1025,40320.93,0.35,No Promo
2023-01-21,Corsair H100i,Liquid AIO Cooler,126.34,0%,969,40549.82,0.35,No Promo
2023-01-22,Corsair H100i,Liquid AIO Cooler,127.19,0%,969,41369.83,0.35,No Promo
2023-01-23,Corsair H100i,Liquid AIO Cooler,123.08,2%,1008,38892.99,0.35,No Promo
2023-01-24,Corsair H100i,Liquid AIO Cooler,124.43,1%,998,39851.79,0.35,No Promo
2023-01-25,Corsair H100i,Liquid AIO Cooler,126.23,1%,989,41281.39,0.35,No Promo
2023-01-26,Corsair H100i,Liquid AIO Cooler,126.84,0%,968,40987.36,0.35,No Promo
2023-01-27,Corsair H100i,Liquid AIO Cooler,122.76,2%,1030,39414.53,0.35,No Promo
2023-01-28,Corsair H100i,Liquid AIO Cooler,125.76,0%,974,40195.68,0.35,No Promo
2023-01-29,Corsair H100i,Liquid AIO Cooler,122.03,3%,1024,38442.26,0.35,No Promo
2023-01-30,Corsair H100i,Liquid AIO Cooler,124.7,2%,1028,41327.3,0.35,No Promo
2023-01-31,Corsair H100i,Liquid AIO Cooler,124.83,2%,1002,40417.05,0.35,No Promo
2023-02-01,Corsair H100i,Liquid AIO Cooler,123.68,3%,1010,39575.07,0.35,No Promo
2023-02-02,Corsair H100i,Liquid AIO Cooler,126.18,1%,1016,42349.2,0.35,No Promo
2023-02-03,Corsair H100i,Liquid AIO Cooler,123.84,2%,1003,39462.93,0.35,No Promo
2023-02-04,Corsair H100i,Liquid AIO Cooler,124.04,2%,1018,40261.19,0.35,No Promo
2023-02-05,Corsair H100i,Liquid AIO Cooler,126.12,1%,1013,42168.71,0.35,No Promo
2023-02-06,Corsair H100i,Liquid AIO Cooler,121.78,3%,1012,37735.2,0.35,No Promo
2023-02-07,Corsair H100i,Liquid AIO Cooler,120.89,7%,1068,38872.21,0.35,Valentine's Day
2023-02-08,Corsair H100i,Liquid AIO Cooler,122.19,6%,1077,40599.78,0.35,Valentine's Day
2023-02-09,Corsair H100i,Liquid AIO Cooler,122.19,6%,1076,40562.08,0.35,Valentine's Day
2023-02-10,Corsair H100i,Liquid AIO Cooler,123.49,5%,1059,41297.82,0.35,Valentine's Day
2023-02-11,Corsair H100i,Liquid AIO Cooler,126.09,3%,1021,42470.33,0.35,Valentine's Day
2023-02-12,Corsair H100i,Liquid AIO Cooler,123.49,5%,1067,41609.8,0.35,Valentine's Day
2023-02-13,Corsair H100i,Liquid AIO Cooler,120.89,7%,1067,38835.81,0.35,Valentine's Day
