cpu_cooler_sales_data.csv
date,product,category,price,discount,quantity_sold,profit,profit_margin,event
2023-02-14,Corsair H100i,Liquid AIO Cooler,122.19,6%,1049,39544.26,0.35,Valentine's Day
2023-02-15,Corsair H100i,Liquid AIO Cooler,124.79,4%,1038,41828.18,0.35,Valentine's Day
2023-02-16,Corsair H100i,Liquid AIO Cooler,124.79,4%,1055,42513.23,0.35,Valentine's Day
2023-02-17,Corsair H100i,Liquid AIO Cooler,123.49,5%,1041,40595.88,0.35,Valentine's Day
2023-02-18,Corsair H100i,Liquid AIO Cooler,126.09,3%,1007,41887.98,0.35,Valentine's Day
2023-02-19,Corsair H100i,Liquid AIO Cooler,126.09,3%,1033,42969.49,0.35,Valentine's Day
2023-02-20,Corsair H100i,Liquid AIO Cooler,123.49,5%,1043,40673.87,0.35,Valentine's Day
2023-02-21,Corsair H100i,Liquid AIO Cooler,126.09,3%,1021,42470.33,0.35,Valentine's Day
2023-02-22,Corsair H100i,Liquid AIO Cooler,124.66,1%,1019,40933.21,0.35,No Promo
2023-02-23,Corsair H100i,Liquid AIO Cooler,125.73,0%,983,40534.09,0.35,No Promo
2023-02-24,Corsair H100i,Liquid AIO Cooler,124.86,1%,989,39925.04,0.35,No Promo
2023-02-25,Corsair H100i,Liquid AIO Cooler,122.47,2%,1007,38241.8,0.35,No Promo
2023-02-26,Corsair H100i,Liquid AIO Cooler,121.5,3%,1041,38523.98,0.35,No Promo
2023-02-27,Corsair H100i,Liquid AIO Cooler,124.49,2%,997,39876.26,0.35,No Promo
2023-02-28,Corsair H100i,Liquid AIO Cooler,125.94,0%,982,40703.57,0.35,No Promo
2023-03-01,Corsair H100i,Liquid AIO Cooler,124.43,1%,1017,40616.42,0.35,No Promo
2023-03-02,Corsair H100i,Liquid AIO Cooler,125.07,1%,996,40412.37,0.35,No Promo
2023-03-03,Corsair H100i,Liquid AIO Cooler,125.16,0%,981,39892.76,0.35,No Promo
2023-03-04,Corsair H100i,Liquid AIO Cooler,123.8,2%,1019,40051.9,0.35,No Promo
2023-03-05,Corsair H100i,Liquid AIO Cooler,124.39,1%,1001,39937.92,0.35,No Promo
2023-03-06,Corsair H100i,Liquid AIO Cooler,122.86,2%,1013,38867.8,0.35,No Promo
2023-03-07,Corsair H100i,Liquid AIO Cooler,126.22,0%,971,40511.73,0.35,No Promo
2023-03-08,Corsair H100i,Liquid AIO Cooler,123.16,2%,1032,39907.85,0.35,No Promo
2023-03-09,Corsair H100i,Liquid AIO Cooler,122.95,3%,1031,39653.05,0.35,No Promo
2023-03-10,Corsair H100i,Liquid AIO Cooler,124.25,2%,1019,40510.07,0.35,No Promo
2023-03-11,Corsair H100i,Liquid AIO Cooler,121.3,3%,1024,37692.84,0.35,No Promo
2023-03-12,Corsair H100i,Liquid AIO Cooler,123.23,3%,1046,40518.73,0.35,No Promo
2023-03-13,Corsair H100i,Liquid AIO Cooler,124.56,2%,1026,41107.57,0.35,No Promo
2023-03-14,Corsair H100i,Liquid AIO Cooler,123.96,2%,999,39427.71,0.35,No Promo
2023-03-15,Corsair H100i,Liquid AIO Cooler,121.83,3%,1020,38083.44,0.35,No Promo
2023-03-16,Corsair H100i,Liquid AIO Cooler,126.33,0%,976,40835.54,0.35,No Promo
2023-03-17,Corsair H100i,Liquid AIO Cooler,125.49,1%,1010,41411.02,0.35,No Promo
2023-03-18,Corsair H100i,Liquid AIO Cooler,124.82,0%,976,39361.75,0.35,No Promo
2023-03-19,Corsair H100i,Liquid AIO Cooler,124.21,1%,1007,39994.74,0.35,No Promo
2023-03-20,Corsair H100i,Liquid AIO Cooler,121.71,3%,1042,38774.71,0.35,No Promo
2023-03-21,Corsair H100i,Liquid AIO Cooler,126.94,0%,1001,42484.63,0.35,No Promo
2023-03-22,Corsair H100i,Liquid AIO Cooler,123.66,2%,1008,39479.54,0.35,No Promo
2023-03-23,Corsair H100i,Liquid AIO Cooler,125.57,0%,986,40499.86,0.35,No Promo
2023-03-24,Corsair H100i,Liquid AIO Cooler,124.17,1%,990,39278.39,0.35,No Promo
2023-03-25,Corsair H100i,Liquid AIO Cooler,121.33,3%,1015,37392.7,0.35,No Promo
2023-03-26,Corsair H100i,Liquid AIO Cooler,126.42,0%,982,41174.15,0.35,No Promo
2023-03-27,Corsair H100i,Liquid AIO Cooler,125.0,0%,983,39819.01,0.35,No Promo
2023-03-28,Corsair H100i,Liquid AIO Cooler,122.4,2%,1029,39009.88,0.35,No Promo
2023-03-29,Corsair H100i,Liquid AIO Cooler,124.05,1%,989,39125.48,0.35,No Promo
2023-03-30,Corsair H100i,Liquid AIO Cooler,124.61,0%,972,38992.68,0.35,No Promo
2023-03-31,Corsair H100i,Liquid AIO Cooler,125.63,1%,988,40647.13,0.35,No Promo
2023-04-01,Corsair H100i,Liquid AIO Cooler,122.16,3%,1014,38195.67,0.35,No Promo
2023-04-02,Corsair H100i,Liquid AIO Cooler,123.49,5%,1034,40322.9,0.35,Easter
2023-04-03,Corsair H100i,Liquid AIO Cooler,124.79,4%,1048,42231.15,0.35,Easter
2023-04-04,Corsair H100i,Liquid AIO Cooler,124.79,4%,1019,41062.54,0.35,Easter
2023-04-05,Corsair H100i,Liquid AIO Cooler,124.79,4%,1054,42472.93,0.35,Easter
2023-04-06,Corsair H100i,Liquid AIO Cooler,123.49,5%,1068,41648.8,0.35,Easter
2023-04-07,Corsair H100i,Liquid AIO Cooler,123.49,5%,1062,41414.81,0.35,Easter
2023-04-08,Corsair H100i,Liquid AIO Cooler,120.89,7%,1074,39090.59,0.35,Easter
2023-04-09,Corsair H100i,Liquid AIO Cooler,119.59,8%,1070,37554.11,0.35,Easter
2023-04-10,Corsair H100i,Liquid AIO Cooler,122.19,6%,1085,40901.35,0.35,Easter
2023-04-11,Corsair H100i,Liquid AIO Cooler,120.89,7%,1069,38908.61,0.35,Easter
2023-04-12,Corsair H100i,Liquid AIO Cooler,126.09,3%,1023,42553.53,0.35,Easter
2023-04-13,Corsair H100i,Liquid AIO Cooler,120.89,7%,1070,38945.0,0.35,Easter
2023-04-14,Corsair H100i,Liquid AIO Cooler,124.79,4%,1050,42311.74,0.35,Easter
2023-04-15,Corsair H100i,Liquid AIO Cooler,126.09,3%,1028,42761.51,0.35,Easter
2023-04-16,Corsair H100i,Liquid AIO Cooler,124.79,4%,1022,41183.43,0.35,Easter
2023-04-17,Corsair H100i,Liquid AIO Cooler,125.1,0%,1003,40733.24,0.35,No Promo
2023-04-18,Corsair H100i,Liquid AIO Cooler,126.5,0%,988,41500.42,0.35,No Promo
2023-04-19,Corsair H100i,Liquid AIO Cooler,126.65,0%,991,41777.55,0.35,No Promo
2023-04-20,Corsair H100i,Liquid AIO Cooler,124.86,0%,986,39796.98,0.35,No Promo
2023-04-21,Corsair H100i,Liquid AIO Cooler,123.48,2%,993,38716.79,0.35,No Promo
2023-04-22,Corsair H100i,Liquid AIO Cooler,121.03,3%,1014,37045.95,0.35,No Promo
2023-04-23,Corsair H100i,Liquid AIO Cooler,124.78,0%,978,39401.33,0.35,No Promo
2023-04-24,Corsair H100i,Liquid AIO Cooler,123.54,2%,999,39004.68,0.35,No Promo
2023-04-25,Corsair H100i,Liquid AIO Cooler,122.12,3%,1008,37926.42,0.35,No Promo
2023-04-26,Corsair H100i,Liquid AIO Cooler,123.64,1%,1000,39144.96,0.35,No Promo
2023-04-27,Corsair H100i,Liquid AIO Cooler,121.07,3%,1024,37454.0,0.35,No Promo
2023-04-28,Corsair H100i,Liquid AIO Cooler,121.57,3%,1042,38635.08,0.35,No Promo
2023-04-29,Corsair H100i,Liquid AIO Cooler,120.92,3%,1023,37267.0,0.35,No Promo
2023-04-30,Corsair H100i,Liquid AIO Cooler,123.96,2%,1012,39940.92,0.35,No Promo
2023-05-01,Corsair H100i,Liquid AIO Cooler,127.39,2%,1013,43454.36,0.35,Mother's Day
2023-05-02,Corsair H100i,Liquid AIO Cooler,126.09,3%,1022,42511.93,0.35,Mother's Day
2023-05-03,Corsair H100i,Liquid AIO Cooler,126.09,3%,1013,42137.56,0.35,Mother's Day
2023-05-04,Corsair H100i,Liquid AIO Cooler,127.39,2%,1006,43154.08,0.35,Mother's Day
2023-05-05,Corsair H100i,Liquid AIO Cooler,123.49,5%,1061,41375.82,0.35,Mother's Day
2023-05-06,Corsair H100i,Liquid AIO Cooler,124.79,4%,1019,41062.54,0.35,Mother's Day
2023-05-07,Corsair H100i,Liquid AIO Cooler,124.79,4%,1041,41949.07,0.35,Mother's Day
2023-05-08,Corsair H100i,Liquid AIO Cooler,123.49,5%,1058,41258.83,0.35,Mother's Day
2023-05-09,Corsair H100i,Liquid AIO Cooler,126.09,3%,1040,43260.67,0.35,Mother's Day
2023-05-10,Corsair H100i,Liquid AIO Cooler,127.39,2%,1016,43583.05,0.35,Mother's Day
2023-05-11,Corsair H100i,Liquid AIO Cooler,127.39,2%,1028,44097.81,0.35,Mother's Day
2023-05-12,Corsair H100i,Liquid AIO Cooler,124.79,4%,1022,41183.43,0.35,Mother's Day
2023-05-13,Corsair H100i,Liquid AIO Cooler,126.09,3%,1008,41929.57,0.35,Mother's Day
2023-05-14,Corsair H100i,Liquid AIO Cooler,124.79,4%,1039,41868.48,0.35,Mother's Day
2023-05-15,Corsair H100i,Liquid AIO Cooler,126.09,3%,1041,43302.27,0.35,Mother's Day
2023-05-16,Corsair H100i,Liquid AIO Cooler,121.91,2%,1026,38391.42,0.35,No Promo
2023-05-17,Corsair H100i,Liquid AIO Cooler,122.96,2%,1032,39692.77,0.35,No Promo
2023-05-18,Corsair H100i,Liquid AIO Cooler,126.37,0%,976,40871.74,0.35,No Promo
2023-05-19,Corsair H100i,Liquid AIO Cooler,121.36,3%,1036,38196.3,0.35,No Promo
2023-05-20,Corsair H100i,Liquid AIO Cooler,121.45,3%,1007,37219.5,0.35,No Promo
2023-05-21,Corsair H100i,Liquid AIO Cooler,123.74,2%,995,39048.44,0.35,No Promo
2023-05-22,Corsair H100i,Liquid AIO Cooler,122.99,1%,1005,38692.83,0.35,No Promo
2023-05-23,Corsair H100i,Liquid AIO Cooler,125.18,0%,998,40609.78,0.35,No Promo
2023-05-24,Corsair H100i,Liquid AIO Cooler,122.76,3%,1027,39303.25,0.35,No Promo
2023-05-25,Corsair H100i,Liquid AIO Cooler,126.55,0%,980,41211.91,0.35,No Promo
2023-05-26,Corsair H100i,Liquid AIO Cooler,121.48,3%,1042,38537.04,0.35,No Promo
2023-05-27,Corsair H100i,Liquid AIO Cooler,120.91,3%,1015,36965.73,0.35,No Promo
2023-05-28,Corsair H100i,Liquid AIO Cooler,121.18,3%,1039,38114.91,0.35,No Promo
2023-05-29,Corsair H100i,Liquid AIO Cooler,123.06,2%,1022,39417.0,0.35,No Promo
2023-05-30,Corsair H100i,Liquid AIO Cooler,122.14,2%,1015,38207.54,0.35,No Promo
2023-05-31,Corsair H100i,Liquid AIO Cooler,120.55,3%,1046,37714.61,0.35,No Promo
2023-06-01,Corsair H100i,Liquid AIO Cooler,121.47,3%,1037,38341.74,0.35,No Promo
2023-06-02,Corsair H100i,Liquid AIO Cooler,125.02,0%,1007,40813.66,0.35,No Promo
2023-06-03,Corsair H100i,Liquid AIO Cooler,120.4,3%,1017,36521.52,0.35,No Promo
2023-06-04,Corsair H100i,Liquid AIO Cooler,123.26,1%,985,38185.11,0.35,No Promo
2023-06-05,Corsair H100i,Liquid AIO Cooler,125.67,0%,987,40643.74,0.35,No Promo
2023-06-06,Corsair H100i,Liquid AIO Cooler,121.44,3%,1009,37281.61,0.35,No Promo
2023-06-07,Corsair H100i,Liquid AIO Cooler,122.17,2%,1015,38239.02,0.35,No Promo
2023-06-08,Corsair H100i,Liquid AIO Cooler,124.84,0%,997,40226.4,0.35,No Promo
2023-06-09,Corsair H100i,Liquid AIO Cooler,123.58,1%,999,39050.7,0.35,No Promo
2023-06-10,Corsair H100i,Liquid AIO Cooler,122.56,3%,1046,39817.57,0.35,No Promo
2023-06-11,Corsair H100i,Liquid AIO Cooler,121.11,3%,1008,36913.74,0.35,No Promo
2023-06-12,Corsair H100i,Liquid AIO Cooler,124.76,1%,1014,40834.08,0.35,No Promo
2023-06-13,Corsair H100i,Liquid AIO Cooler,122.1,2%,996,37453.63,0.35,No Promo
2023-06-14,Corsair H100i,Liquid AIO Cooler,122.6,2%,1005,38295.22,0.35,No Promo
2023-06-15,Corsair H100i,Liquid AIO Cooler,121.59,2%,1006,37322.14,0.35,No Promo
2023-06-16,Corsair H100i,Liquid AIO Cooler,126.25,0%,998,41673.56,0.35,No Promo
2023-06-17,Corsair H100i,Liquid AIO Cooler,120.71,3%,1022,37013.77,0.35,No Promo
2023-06-18,Corsair H100i,Liquid AIO Cooler,125.69,0%,991,40823.95,0.35,No Promo
2023-06-19,Corsair H100i,Liquid AIO Cooler,121.99,2%,1000,37494.51,0.35,No Promo
2023-06-20,Corsair H100i,Liquid AIO Cooler,122.77,2%,1009,38622.41,0.35,No Promo
2023-06-21,Corsair H100i,Liquid AIO Cooler,123.96,0%,987,38950.57,0.35,No Promo
2023-06-22,Corsair H100i,Liquid AIO Cooler,122.06,2%,1014,38096.23,0.35,No Promo
2023-06-23,Corsair H100i,Liquid AIO Cooler,123.44,1%,1004,39103.72,0.35,No Promo
2023-06-24,Corsair H100i,Liquid AIO Cooler,120.97,3%,1026,37428.16,0.35,No Promo
2023-06-25,Corsair H100i,Liquid AIO Cooler,122.28,2%,1008,38091.71,0.35,No Promo
2023-06-26,Corsair H100i,Liquid AIO Cooler,123.56,1%,992,38749.18,0.35,No Promo
2023-06-27,Corsair H100i,Liquid AIO Cooler,121.45,2%,1020,37700.12,0.35,No Promo
2023-06-28,Corsair H100i,Liquid AIO Cooler,124.34,1%,986,39292.33,0.35,No Promo
2023-06-29,Corsair H100i,Liquid AIO Cooler,121.58,3%,1042,38643.25,0.35,No Promo
2023-06-30,Corsair H100i,Liquid AIO Cooler,124.41,1%,1010,40310.96,0.35,No Promo
2023-07-01,Corsair H100i,Liquid AIO Cooler,121.34,3%,1013,37326.22,0.35,No Promo
2023-07-02,Corsair H100i,Liquid AIO Cooler,122.67,1%,992,37873.15,0.35,No Promo
2023-07-03,Corsair H100i,Liquid AIO Cooler,120.53,3%,1024,36903.39,0.35,No Promo
2023-07-04,Corsair H100i,Liquid AIO Cooler,121.66,3%,1013,37646.61,0.35,No Promo
2023-07-05,Corsair H100i,Liquid AIO Cooler,124.24,0%,970,38551.68,0.35,No Promo
2023-07-06,Corsair H100i,Liquid AIO Cooler,123.77,1%,1012,39745.67,0.35,No Promo
2023-07-07,Corsair H100i,Liquid AIO Cooler,124.0,0%,995,39311.96,0.35,No Promo
2023-07-08,Corsair H100i,Liquid AIO Cooler,123.24,2%,1019,39478.1,0.35,No Promo
2023-07-09,Corsair H100i,Liquid AIO Cooler,125.13,0%,978,39740.67,0.35,No Promo
2023-07-10,Corsair H100i,Liquid AIO Cooler,113.09,13%,1167,33373.63,0.35,Amazon Prime Day
2023-07-11,Corsair H100i,Liquid AIO Cooler,114.39,12%,1134,33903.99,0.35,Amazon Prime Day
2023-07-12,Corsair H100i,Liquid AIO Cooler,110.49,15%,1161,30183.68,0.35,Amazon Prime Day
2023-07-13,Corsair H100i,Liquid AIO Cooler,110.49,15%,1192,30989.62,0.35,Amazon Prime Day
2023-07-14,Corsair H100i,Liquid AIO Cooler,114.39,12%,1154,34501.95,0.35,Amazon Prime Day
2023-07-15,Corsair H100i,Liquid AIO Cooler,115.69,11%,1108,34566.94,0.35,Amazon Prime Day
2023-07-16,Corsair H100i,Liquid AIO Cooler,114.39,12%,1121,33515.32,0.35,Amazon Prime Day
2023-07-17,Corsair H100i,Liquid AIO Cooler,114.39,12%,1161,34711.23,0.35,Amazon Prime Day
2023-07-18,Corsair H100i,Liquid AIO Cooler,115.69,11%,1107,34535.74,0.35,Amazon Prime Day
2023-07-19,Corsair H100i,Liquid AIO Cooler,115.69,11%,1151,35908.44,0.35,Amazon Prime Day
2023-07-20,Corsair H100i,Liquid AIO Cooler,116.99,10%,1106,35942.24,0.35,Amazon Prime Day
2023-07-21,Corsair H100i,Liquid AIO Cooler,111.79,14%,1172,31993.14,0.35,Amazon Prime Day
2023-07-22,Corsair H100i,Liquid AIO Cooler,113.09,13%,1154,33001.86,0.35,Amazon Prime Day
2023-07-23,Corsair H100i,Liquid AIO Cooler,116.99,10%,1112,36137.22,0.35,Amazon Prime Day
2023-07-24,Corsair H100i,Liquid AIO Cooler,122.32,1%,1016,38427.79,0.35,No Promo
2023-07-25,Corsair H100i,Liquid AIO Cooler,121.17,3%,1035,37959.89,0.35,No Promo
2023-07-26,Corsair H100i,Liquid AIO Cooler,121.3,3%,1037,38168.27,0.35,No Promo
2023-07-27,Corsair H100i,Liquid AIO Cooler,123.36,1%,1008,39173.19,0.35,No Promo
2023-07-28,Corsair H100i,Liquid AIO Cooler,122.66,2%,1006,38395.31,0.35,No Promo
2023-07-29,Corsair H100i,Liquid AIO Cooler,121.98,2%,1019,38195.83,0.35,No Promo
2023-07-30,Corsair H100i,Liquid AIO Cooler,120.42,3%,1009,36249.34,0.35,No Promo
2023-07-31,Corsair H100i,Liquid AIO Cooler,121.69,2%,1016,37792.81,0.35,No Promo
2023-08-01,Corsair H100i,Liquid AIO Cooler,126.09,3%,1044,43427.06,0.35,Back-to-School
2023-08-02,Corsair H100i,Liquid AIO Cooler,123.49,5%,1031,40205.91,0.35,Back-to-School
2023-08-03,Corsair H100i,Liquid AIO Cooler,126.09,3%,1005,41804.78,0.35,Back-to-School
2023-08-04,Corsair H100i,Liquid AIO Cooler,126.09,3%,1014,42179.16,0.35,Back-to-School
2023-08-05,Corsair H100i,Liquid AIO Cooler,126.09,3%,1028,42761.51,0.35,Back-to-School
2023-08-06,Corsair H100i,Liquid AIO Cooler,126.09,3%,1007,41887.98,0.35,Back-to-School
2023-08-07,Corsair H100i,Liquid AIO Cooler,124.79,4%,1032,41586.4,0.35,Back-to-School
2023-08-08,Corsair H100i,Liquid AIO Cooler,126.09,3%,1024,42595.12,0.35,Back-to-School
2023-08-09,Corsair H100i,Liquid AIO Cooler,126.09,3%,1033,42969.49,0.35,Back-to-School
2023-08-10,Corsair H100i,Liquid AIO Cooler,126.09,3%,1012,42095.96,0.35,Back-to-School
2023-08-11,Corsair H100i,Liquid AIO Cooler,126.09,3%,1027,42719.91,0.35,Back-to-School
2023-08-12,Corsair H100i,Liquid AIO Cooler,123.49,5%,1053,41063.84,0.35,Back-to-School
2023-08-13,Corsair H100i,Liquid AIO Cooler,123.49,5%,1051,40985.85,0.35,Back-to-School
2023-08-14,Corsair H100i,Liquid AIO Cooler,123.49,5%,1072,41804.78,0.35,Back-to-School
2023-08-15,Corsair H100i,Liquid AIO Cooler,123.65,1%,980,38378.02,0.35,No Promo
2023-08-16,Corsair H100i,Liquid AIO Cooler,120.62,3%,1011,36519.54,0.35,No Promo
2023-08-17,Corsair H100i,Liquid AIO Cooler,121.77,2%,1027,38282.08,0.35,No Promo
2023-08-18,Corsair H100i,Liquid AIO Cooler,121.92,3%,1040,38925.41,0.35,No Promo
2023-08-19,Corsair H100i,Liquid AIO Cooler,121.51,3%,1006,37238.97,0.35,No Promo
2023-08-20,Corsair H100i,Liquid AIO Cooler,122.76,2%,1023,39144.03,0.35,No Promo
2023-08-21,Corsair H100i,Liquid AIO Cooler,119.8,3%,1027,36258.52,0.35,No Promo
2023-08-22,Corsair H100i,Liquid AIO Cooler,122.95,1%,982,37764.46,0.35,No Promo
2023-08-23,Corsair H100i,Liquid AIO Cooler,123.02,2%,1010,38907.2,0.35,No Promo
2023-08-24,Corsair H100i,Liquid AIO Cooler,123.74,0%,970,38066.06,0.35,No Promo
2023-08-25,Corsair H100i,Liquid AIO Cooler,124.66,0%,986,39602.8,0.35,No Promo
2023-08-26,Corsair H100i,Liquid AIO Cooler,123.3,0%,989,38381.12,0.35,No Promo
2023-08-27,Corsair H100i,Liquid AIO Cooler,121.43,2%,1001,36969.04,0.35,No Promo
2023-08-28,Corsair H100i,Liquid AIO Cooler,120.38,3%,1019,36568.89,0.35,No Promo
2023-08-29,Corsair H100i,Liquid AIO Cooler,122.37,1%,1004,38028.89,0.35,No Promo
2023-08-30,Corsair H100i,Liquid AIO Cooler,120.4,3%,1018,36555.99,0.35,No Promo
2023-08-31,Corsair H100i,Liquid AIO Cooler,122.55,2%,1023,38935.37,0.35,No Promo
2023-09-01,Corsair H100i,Liquid AIO Cooler,121.27,3%,1008,37066.0,0.35,No Promo
2023-09-02,Corsair H100i,Liquid AIO Cooler,123.93,0%,996,39276.85,0.35,No Promo
2023-09-03,Corsair H100i,Liquid AIO Cooler,119.55,3%,1044,36597.07,0.35,No Promo
2023-09-04,Corsair H100i,Liquid AIO Cooler,120.97,2%,1016,37059.25,0.35,No Promo
2023-09-05,Corsair H100i,Liquid AIO Cooler,121.71,2%,1006,37440.03,0.35,No Promo
2023-09-06,Corsair H100i,Liquid AIO Cooler,120.95,2%,1025,37363.15,0.35,No Promo
2023-09-07,Corsair H100i,Liquid AIO Cooler,123.52,1%,1005,39219.27,0.35,No Promo
2023-09-08,Corsair H100i,Liquid AIO Cooler,121.6,2%,995,36920.47,0.35,No Promo
2023-09-09,Corsair H100i,Liquid AIO Cooler,121.71,2%,1028,38261.09,0.35,No Promo
2023-09-10,Corsair H100i,Liquid AIO Cooler,122.6,2%,1011,38521.72,0.35,No Promo
2023-09-11,Corsair H100i,Liquid AIO Cooler,123.92,0%,969,38207.0,0.35,No Promo
2023-09-12,Corsair H100i,Liquid AIO Cooler,124.11,1%,981,38862.85,0.35,No Promo
2023-09-13,Corsair H100i,Liquid AIO Cooler,120.27,3%,1020,36493.44,0.35,No Promo
2023-09-14,Corsair H100i,Liquid AIO Cooler,122.89,1%,995,38203.18,0.35,No Promo
2023-09-15,Corsair H100i,Liquid AIO Cooler,123.11,0%,971,37501.32,0.35,No Promo
2023-09-16,Corsair H100i,Liquid AIO Cooler,120.99,2%,1000,36501.2,0.35,No Promo
2023-09-17,Corsair H100i,Liquid AIO Cooler,121.07,3%,1028,37599.03,0.35,No Promo
2023-09-18,Corsair H100i,Liquid AIO Cooler,123.11,0%,975,37654.5,0.35,No Promo
2023-09-19,Corsair H100i,Liquid AIO Cooler,125.06,0%,990,40156.17,0.35,No Promo
