cpu_cooler_sales_data.csv
date,product,category,price,discount,quantity_sold,profit,profit_margin,event
2023-09-20,Corsair H100i,Liquid AIO Cooler,123.99,0%,973,38431.46,0.35,No Promo
2023-09-21,Corsair H100i,Liquid AIO Cooler,123.01,0%,987,38019.46,0.35,No Promo
2023-09-22,Corsair H100i,Liquid AIO Cooler,122.93,1%,1010,38818.39,0.35,No Promo
2023-09-23,Corsair H100i,Liquid AIO Cooler,124.43,0%,969,38702.12,0.35,No Promo
2023-09-24,Corsair H100i,Liquid AIO Cooler,123.91,1%,980,38625.22,0.35,No Promo
2023-09-25,Corsair H100i,Liquid AIO Cooler,123.64,0%,994,38907.82,0.35,No Promo
2023-09-26,Corsair H100i,Liquid AIO Cooler,122.12,2%,997,37513.0,0.35,No Promo
2023-09-27,Corsair H100i,Liquid AIO Cooler,124.2,0%,979,38873.7,0.35,No Promo
2023-09-28,Corsair H100i,Liquid AIO Cooler,122.31,1%,996,37663.82,0.35,No Promo
2023-09-29,Corsair H100i,Liquid AIO Cooler,122.95,1%,999,38419.86,0.35,No Promo
2023-09-30,Corsair H100i,Liquid AIO Cooler,122.75,1%,1000,38258.28,0.35,No Promo
2023-10-01,Corsair H100i,Liquid AIO Cooler,122.74,1%,1012,38704.4,0.35,No Promo
2023-10-02,Corsair H100i,Liquid AIO Cooler,122.35,2%,1022,38686.61,0.35,No Promo
2023-10-03,Corsair H100i,Liquid AIO Cooler,121.28,2%,1014,37303.89,0.35,No Promo
2023-10-04,Corsair H100i,Liquid AIO Cooler,123.19,0%,1006,38930.88,0.35,No Promo
2023-10-05,Corsair H100i,Liquid AIO Cooler,121.34,3%,1025,37769.57,0.35,No Promo
2023-10-06,Corsair H100i,Liquid AIO Cooler,122.28,2%,993,37526.66,0.35,No Promo
2023-10-07,Corsair H100i,Liquid AIO Cooler,123.59,1%,1004,39252.54,0.35,No Promo
2023-10-08,Corsair H100i,Liquid AIO Cooler,124.51,0%,995,39811.75,0.35,No Promo
2023-10-09,Corsair H100i,Liquid AIO Cooler,122.82,1%,986,37786.5,0.35,No Promo
2023-10-10,Corsair H100i,Liquid AIO Cooler,123.04,0%,989,38124.52,0.35,No Promo
2023-10-11,Corsair H100i,Liquid AIO Cooler,123.14,0%,1001,38685.01,0.35,No Promo
2023-10-12,Corsair H100i,Liquid AIO Cooler,124.74,0%,991,39881.23,0.35,No Promo
2023-10-13,Corsair H100i,Liquid AIO Cooler,124.34,0%,1004,40008.48,0.35,No Promo
2023-10-14,Corsair H100i,Liquid AIO Cooler,119.15,3%,1013,35105.12,0.35,No Promo
2023-10-15,Corsair H100i,Liquid AIO Cooler,121.65,1%,996,37012.07,0.35,No Promo
2023-10-16,Corsair H100i,Liquid AIO Cooler,120.73,3%,1008,36521.66,0.35,No Promo
2023-10-17,Corsair H100i,Liquid AIO Cooler,122.87,1%,1017,39032.41,0.35,No Promo
2023-10-18,Corsair H100i,Liquid AIO Cooler,120.66,2%,1006,36382.58,0.35,No Promo
2023-10-19,Corsair H100i,Liquid AIO Cooler,123.51,1%,1016,39640.17,0.35,No Promo
2023-10-20,Corsair H100i,Liquid AIO Cooler,119.65,3%,1030,36212.53,0.35,No Promo
2023-10-21,Corsair H100i,Liquid AIO Cooler,120.61,3%,1010,36475.54,0.35,No Promo
2023-10-22,Corsair H100i,Liquid AIO Cooler,122.09,1%,1007,37863.7,0.35,No Promo
2023-10-23,Corsair H100i,Liquid AIO Cooler,123.08,0%,979,37773.61,0.35,No Promo
2023-10-24,Corsair H100i,Liquid AIO Cooler,123.97,0%,992,39162.79,0.35,No Promo
2023-10-25,Corsair H100i,Liquid AIO Cooler,120.28,3%,1013,36252.42,0.35,No Promo
2023-10-26,Corsair H100i,Liquid AIO Cooler,121.81,2%,1000,37314.33,0.35,No Promo
2023-10-27,Corsair H100i,Liquid AIO Cooler,119.92,3%,1024,36275.95,0.35,No Promo
2023-10-28,Corsair H100i,Liquid AIO Cooler,119.12,3%,1010,34977.35,0.35,No Promo
2023-10-29,Corsair H100i,Liquid AIO Cooler,124.89,0%,984,39745.71,0.35,No Promo
2023-10-30,Corsair H100i,Liquid AIO Cooler,119.47,3%,1027,35917.08,0.35,No Promo
2023-10-31,Corsair H100i,Liquid AIO Cooler,124.91,0%,974,39361.09,0.35,No Promo
2023-11-01,Corsair H100i,Liquid AIO Cooler,119.43,3%,1034,36128.14,0.35,No Promo
2023-11-02,Corsair H100i,Liquid AIO Cooler,123.34,1%,1004,39003.78,0.35,No Promo
2023-11-03,Corsair H100i,Liquid AIO Cooler,119.22,3%,1025,35596.21,0.35,No Promo
2023-11-04,Corsair H100i,Liquid AIO Cooler,122.82,1%,1017,38975.37,0.35,No Promo
2023-11-05,Corsair H100i,Liquid AIO Cooler,120.36,2%,1009,36184.26,0.35,No Promo
2023-11-06,Corsair H100i,Liquid AIO Cooler,123.27,0%,974,37770.74,0.35,No Promo
2023-11-07,Corsair H100i,Liquid AIO Cooler,122.16,1%,998,37593.84,0.35,No Promo
2023-11-08,Corsair H100i,Liquid AIO Cooler,122.21,2%,1029,38811.86,0.35,No Promo
2023-11-09,Corsair H100i,Liquid AIO Cooler,124.11,0%,975,38621.48,0.35,No Promo
2023-11-10,Corsair H100i,Liquid AIO Cooler,121.15,3%,1013,37136.54,0.35,No Promo
2023-11-11,Corsair H100i,Liquid AIO Cooler,120.58,2%,1025,36987.27,0.35,No Promo
2023-11-12,Corsair H100i,Liquid AIO Cooler,121.38,2%,1027,37882.18,0.35,No Promo
2023-11-13,Corsair H100i,Liquid AIO Cooler,122.18,2%,1003,37801.77,0.35,No Promo
2023-11-14,Corsair H100i,Liquid AIO Cooler,120.51,2%,994,35801.05,0.35,No Promo
2023-11-15,Corsair H100i,Liquid AIO Cooler,118.94,3%,1022,35206.66,0.35,No Promo
2023-11-16,Corsair H100i,Liquid AIO Cooler,122.15,1%,1015,38222.47,0.35,No Promo
2023-11-17,Corsair H100i,Liquid AIO Cooler,103.99,20%,1264,24646.1,0.35,Black Friday
2023-11-18,Corsair H100i,Liquid AIO Cooler,110.49,15%,1198,31145.6,0.35,Black Friday
2023-11-19,Corsair H100i,Liquid AIO Cooler,107.89,17%,1189,27820.46,0.35,Black Friday
2023-11-20,Corsair H100i,Liquid AIO Cooler,110.49,15%,1200,31197.6,0.35,Black Friday
2023-11-21,Corsair H100i,Liquid AIO Cooler,106.59,18%,1234,27269.3,0.35,Black Friday
2023-11-22,Corsair H100i,Liquid AIO Cooler,106.59,18%,1218,26915.73,0.35,Black Friday
2023-11-23,Corsair H100i,Liquid AIO Cooler,103.99,20%,1264,24646.1,0.35,Black Friday
2023-11-24,Corsair H100i,Liquid AIO Cooler,109.19,16%,1186,29291.95,0.35,Black Friday
2023-11-25,Corsair H100i,Liquid AIO Cooler,109.19,16%,1191,29415.44,0.35,Black Friday
2023-11-26,Corsair H100i,Liquid AIO Cooler,106.59,18%,1231,27203.01,0.35,Black Friday
2023-11-27,Corsair H100i,Liquid AIO Cooler,105.29,19%,1241,25810.81,0.35,Black Friday
2023-11-28,Corsair H100i,Liquid AIO Cooler,110.49,15%,1193,31015.61,0.35,Black Friday
2023-11-29,Corsair H100i,Liquid AIO Cooler,107.89,17%,1185,27726.87,0.35,Black Friday
2023-11-30,Corsair H100i,Liquid AIO Cooler,105.29,19%,1246,25914.81,0.35,Black Friday
2023-12-01,Corsair H100i,Liquid AIO Cooler,105.29,19%,1236,25706.82,0.35,Black Friday
2023-12-02,Corsair H100i,Liquid AIO Cooler,123.17,1%,1013,39183.78,0.35,No Promo
2023-12-03,Corsair H100i,Liquid AIO Cooler,123.59,0%,984,38475.66,0.35,No Promo
2023-12-04,Corsair H100i,Liquid AIO Cooler,119.76,3%,1011,35654.35,0.35,No Promo
2023-12-05,Corsair H100i,Liquid AIO Cooler,122.91,1%,983,37765.14,0.35,No Promo
2023-12-06,Corsair H100i,Liquid AIO Cooler,119.16,3%,1040,36054.12,0.35,No Promo
2023-12-07,Corsair H100i,Liquid AIO Cooler,119.86,2%,994,35154.82,0.35,No Promo
2023-12-08,Corsair H100i,Liquid AIO Cooler,121.07,1%,997,36465.23,0.35,No Promo
2023-12-09,Corsair H100i,Liquid AIO Cooler,123.44,0%,985,38358.34,0.35,No Promo
2023-12-10,Corsair H100i,Liquid AIO Cooler,120.58,3%,1038,37462.05,0.35,No Promo
2023-12-11,Corsair H100i,Liquid AIO Cooler,113.09,13%,1173,33545.22,0.35,Christmas
2023-12-12,Corsair H100i,Liquid AIO Cooler,115.69,11%,1133,35346.88,0.35,Christmas
2023-12-13,Corsair H100i,Liquid AIO Cooler,110.49,15%,1181,30703.64,0.35,Christmas
2023-12-14,Corsair H100i,Liquid AIO Cooler,113.09,13%,1178,33688.21,0.35,Christmas
2023-12-15,Corsair H100i,Liquid AIO Cooler,111.79,14%,1155,31529.07,0.35,Christmas
2023-12-16,Corsair H100i,Liquid AIO Cooler,115.69,11%,1148,35814.84,0.35,Christmas
2023-12-17,Corsair H100i,Liquid AIO Cooler,110.49,15%,1158,30105.68,0.35,Christmas
2023-12-18,Corsair H100i,Liquid AIO Cooler,113.09,13%,1150,32887.47,0.35,Christmas
2023-12-19,Corsair H100i,Liquid AIO Cooler,110.49,15%,1204,31301.59,0.35,Christmas
2023-12-20,Corsair H100i,Liquid AIO Cooler,113.09,13%,1146,32773.08,0.35,Christmas
2023-12-21,Corsair H100i,Liquid AIO Cooler,110.49,15%,1174,30521.65,0.35,Christmas
2023-12-22,Corsair H100i,Liquid AIO Cooler,114.39,12%,1124,33605.01,0.35,Christmas
2023-12-23,Corsair H100i,Liquid AIO Cooler,116.99,10%,1096,35617.26,0.35,Christmas
2023-12-24,Corsair H100i,Liquid AIO Cooler,111.79,14%,1158,31610.97,0.35,Christmas
2023-12-25,Corsair H100i,Liquid AIO Cooler,116.99,10%,1115,36234.71,0.35,Christmas
2023-12-26,Corsair H100i,Liquid AIO Cooler,118.54,3%,1033,35166.91,0.35,No Promo
2023-12-27,Corsair H100i,Liquid AIO Cooler,122.27,1%,1001,37810.92,0.35,No Promo
2023-12-28,Corsair H100i,Liquid AIO Cooler,121.63,2%,1031,38288.92,0.35,No Promo
2023-12-29,Corsair H100i,Liquid AIO Cooler,122.04,2%,1018,38218.69,0.35,No Promo
2023-12-30,Corsair H100i,Liquid AIO Cooler,120.92,2%,1017,37046.29,0.35,No Promo
2023-12-31,Corsair H100i,Liquid AIO Cooler,123.54,0%,1001,39084.61,0.35,No Promo
2022-01-01,NZXT Kraken X63,Liquid AIO Cooler,128.79,8%,989,34612.53,0.33,New Year's Sale
2022-01-02,NZXT Kraken X63,Liquid AIO Cooler,131.59,6%,964,36436.6,0.33,New Year's Sale
2022-01-03,NZXT Kraken X63,Liquid AIO Cooler,131.59,6%,975,36852.37,0.33,New Year's Sale
2022-01-04,NZXT Kraken X63,Liquid AIO Cooler,132.99,5%,950,37237.34,0.33,New Year's Sale
2022-01-05,NZXT Kraken X63,Liquid AIO Cooler,128.79,8%,993,34752.52,0.33,New Year's Sale
2022-01-06,NZXT Kraken X63,Liquid AIO Cooler,127.39,9%,999,33564.0,0.33,New Year's Sale
2022-01-07,NZXT Kraken X63,Liquid AIO Cooler,131.59,6%,971,36701.18,0.33,New Year's Sale
2022-01-08,NZXT Kraken X63,Liquid AIO Cooler,128.79,8%,968,33877.58,0.33,New Year's Sale
2022-01-09,NZXT Kraken X63,Liquid AIO Cooler,131.59,6%,974,36814.57,0.33,New Year's Sale
2022-01-10,NZXT Kraken X63,Liquid AIO Cooler,128.79,8%,964,33737.59,0.33,New Year's Sale
2022-01-11,NZXT Kraken X63,Liquid AIO Cooler,132.99,5%,960,37629.31,0.33,New Year's Sale
2022-01-12,NZXT Kraken X63,Liquid AIO Cooler,128.79,8%,998,34927.51,0.33,New Year's Sale
2022-01-13,NZXT Kraken X63,Liquid AIO Cooler,128.79,8%,982,34367.55,0.33,New Year's Sale
2022-01-14,NZXT Kraken X63,Liquid AIO Cooler,127.39,9%,1014,34067.97,0.33,New Year's Sale
2022-01-15,NZXT Kraken X63,Liquid AIO Cooler,137.48,1%,909,39711.96,0.33,No Promo
2022-01-16,NZXT Kraken X63,Liquid AIO Cooler,139.44,1%,878,40074.94,0.33,No Promo
2022-01-17,NZXT Kraken X63,Liquid AIO Cooler,137.52,1%,900,39356.76,0.33,No Promo
2022-01-18,NZXT Kraken X63,Liquid AIO Cooler,138.43,1%,885,39499.13,0.33,No Promo
2022-01-19,NZXT Kraken X63,Liquid AIO Cooler,139.81,1%,885,40724.14,0.33,No Promo
2022-01-20,NZXT Kraken X63,Liquid AIO Cooler,141.12,0%,889,42070.3,0.33,No Promo
2022-01-21,NZXT Kraken X63,Liquid AIO Cooler,136.64,3%,906,38820.63,0.33,No Promo
2022-01-22,NZXT Kraken X63,Liquid AIO Cooler,135.84,2%,910,38265.34,0.33,No Promo
2022-01-23,NZXT Kraken X63,Liquid AIO Cooler,136.88,3%,934,40244.34,0.33,No Promo
2022-01-24,NZXT Kraken X63,Liquid AIO Cooler,134.63,3%,938,38307.14,0.33,No Promo
2022-01-25,NZXT Kraken X63,Liquid AIO Cooler,139.51,1%,905,41371.27,0.33,No Promo
2022-01-26,NZXT Kraken X63,Liquid AIO Cooler,139.07,0%,880,39841.88,0.33,No Promo
2022-01-27,NZXT Kraken X63,Liquid AIO Cooler,134.72,3%,931,38104.6,0.33,No Promo
2022-01-28,NZXT Kraken X63,Liquid AIO Cooler,134.44,3%,921,37435.09,0.33,No Promo
2022-01-29,NZXT Kraken X63,Liquid AIO Cooler,138.84,0%,897,40403.12,0.33,No Promo
2022-01-30,NZXT Kraken X63,Liquid AIO Cooler,138.76,0%,893,40156.6,0.33,No Promo
2022-01-31,NZXT Kraken X63,Liquid AIO Cooler,137.1,1%,893,38675.8,0.33,No Promo
2022-02-01,NZXT Kraken X63,Liquid AIO Cooler,138.19,1%,889,39465.22,0.33,No Promo
2022-02-02,NZXT Kraken X63,Liquid AIO Cooler,141.04,0%,900,42517.7,0.33,No Promo
2022-02-03,NZXT Kraken X63,Liquid AIO Cooler,135.31,3%,922,38281.14,0.33,No Promo
2022-02-04,NZXT Kraken X63,Liquid AIO Cooler,137.75,1%,913,40132.6,0.33,No Promo
2022-02-05,NZXT Kraken X63,Liquid AIO Cooler,137.34,1%,894,38927.48,0.33,No Promo
2022-02-06,NZXT Kraken X63,Liquid AIO Cooler,138.44,0%,876,39111.87,0.33,No Promo
2022-02-07,NZXT Kraken X63,Liquid AIO Cooler,135.79,3%,910,38217.27,0.33,Valentine's Day
2022-02-08,NZXT Kraken X63,Liquid AIO Cooler,131.59,6%,973,36776.77,0.33,Valentine's Day
2022-02-09,NZXT Kraken X63,Liquid AIO Cooler,132.99,5%,946,37080.55,0.33,Valentine's Day
2022-02-10,NZXT Kraken X63,Liquid AIO Cooler,131.59,6%,956,36134.22,0.33,Valentine's Day
2022-02-11,NZXT Kraken X63,Liquid AIO Cooler,130.19,7%,956,34795.91,0.33,Valentine's Day
2022-02-12,NZXT Kraken X63,Liquid AIO Cooler,135.79,3%,926,38889.22,0.33,Valentine's Day
2022-02-13,NZXT Kraken X63,Liquid AIO Cooler,130.19,7%,986,35887.84,0.33,Valentine's Day
2022-02-14,NZXT Kraken X63,Liquid AIO Cooler,134.39,4%,950,38567.24,0.33,Valentine's Day
2022-02-15,NZXT Kraken X63,Liquid AIO Cooler,131.59,6%,952,35983.03,0.33,Valentine's Day
2022-02-16,NZXT Kraken X63,Liquid AIO Cooler,131.59,6%,950,35907.43,0.33,Valentine's Day
2022-02-17,NZXT Kraken X63,Liquid AIO Cooler,135.79,3%,919,38595.24,0.33,Valentine's Day
2022-02-18,NZXT Kraken X63,Liquid AIO Cooler,131.59,6%,952,35983.03,0.33,Valentine's Day
2022-02-19,NZXT Kraken X63,Liquid AIO Cooler,132.99,5%,937,36727.78,0.33,Valentine's Day
2022-02-20,NZXT Kraken X63,Liquid AIO Cooler,132.99,5%,959,37590.11,0.33,Valentine's Day
2022-02-21,NZXT Kraken X63,Liquid AIO Cooler,130.19,7%,986,35887.84,0.33,Valentine's Day
2022-02-22,NZXT Kraken X63,Liquid AIO Cooler,139.09,1%,892,40405.04,0.33,No Promo
2022-02-23,NZXT Kraken X63,Liquid AIO Cooler,135.48,3%,917,38228.24,0.33,No Promo
2022-02-24,NZXT Kraken X63,Liquid AIO Cooler,140.47,0%,892,41637.32,0.33,No Promo
2022-02-25,NZXT Kraken X63,Liquid AIO Cooler,139.17,1%,909,41245.88,0.33,No Promo
2022-02-26,NZXT Kraken X63,Liquid AIO Cooler,137.78,2%,911,40075.54,0.33,No Promo
2022-02-27,NZXT Kraken X63,Liquid AIO Cooler,138.34,1%,898,39999.91,0.33,No Promo
2022-02-28,NZXT Kraken X63,Liquid AIO Cooler,138.3,0%,900,40053.85,0.33,No Promo
2022-03-01,NZXT Kraken X63,Liquid AIO Cooler,138.79,1%,904,40676.58,0.33,No Promo
2022-03-02,NZXT Kraken X63,Liquid AIO Cooler,133.99,3%,917,36863.64,0.33,No Promo
2022-03-03,NZXT Kraken X63,Liquid AIO Cooler,138.57,1%,903,40432.44,0.33,No Promo
2022-03-04,NZXT Kraken X63,Liquid AIO Cooler,136.28,2%,916,38917.53,0.33,No Promo
2022-03-05,NZXT Kraken X63,Liquid AIO Cooler,140.35,0%,885,41200.91,0.33,No Promo
2022-03-06,NZXT Kraken X63,Liquid AIO Cooler,137.75,1%,903,39693.55,0.33,No Promo
2022-03-07,NZXT Kraken X63,Liquid AIO Cooler,138.5,1%,881,39387.53,0.33,No Promo
2022-03-08,NZXT Kraken X63,Liquid AIO Cooler,138.8,0%,900,40504.02,0.33,No Promo
2022-03-09,NZXT Kraken X63,Liquid AIO Cooler,137.96,1%,884,39041.53,0.33,No Promo
2022-03-10,NZXT Kraken X63,Liquid AIO Cooler,139.8,0%,891,40995.49,0.33,No Promo
2022-03-11,NZXT Kraken X63,Liquid AIO Cooler,135.35,2%,894,37148.91,0.33,No Promo
2022-03-12,NZXT Kraken X63,Liquid AIO Cooler,137.85,2%,896,39474.97,0.33,No Promo
2022-03-13,NZXT Kraken X63,Liquid AIO Cooler,138.98,1%,902,40755.79,0.33,No Promo
2022-03-14,NZXT Kraken X63,Liquid AIO Cooler,136.72,1%,888,38116.88,0.33,No Promo
2022-03-15,NZXT Kraken X63,Liquid AIO Cooler,139.88,0%,886,40833.36,0.33,No Promo
2022-03-16,NZXT Kraken X63,Liquid AIO Cooler,139.23,0%,886,40260.03,0.33,No Promo
2022-03-17,NZXT Kraken X63,Liquid AIO Cooler,140.11,0%,866,40111.84,0.33,No Promo
2022-03-18,NZXT Kraken X63,Liquid AIO Cooler,137.16,1%,882,38248.62,0.33,No Promo
2022-03-19,NZXT Kraken X63,Liquid AIO Cooler,138.74,0%,876,39369.71,0.33,No Promo
2022-03-20,NZXT Kraken X63,Liquid AIO Cooler,134.02,3%,920,37012.53,0.33,No Promo
2022-03-21,NZXT Kraken X63,Liquid AIO Cooler,134.19,3%,935,37774.55,0.33,No Promo
2022-03-22,NZXT Kraken X63,Liquid AIO Cooler,140.4,0%,874,40736.86,0.33,No Promo
2022-03-23,NZXT Kraken X63,Liquid AIO Cooler,138.28,0%,896,39863.01,0.33,No Promo
2022-03-24,NZXT Kraken X63,Liquid AIO Cooler,134.59,3%,910,37123.38,0.33,No Promo
2022-03-25,NZXT Kraken X63,Liquid AIO Cooler,138.29,0%,897,39909.4,0.33,No Promo
2022-03-26,NZXT Kraken X63,Liquid AIO Cooler,138.37,0%,890,39675.3,0.33,No Promo
2022-03-27,NZXT Kraken X63,Liquid AIO Cooler,136.63,2%,903,38679.51,0.33,No Promo
2022-03-28,NZXT Kraken X63,Liquid AIO Cooler,138.02,1%,904,39981.7,0.33,No Promo
2022-03-29,NZXT Kraken X63,Liquid AIO Cooler,138.59,1%,877,39288.11,0.33,No Promo
2022-03-30,NZXT Kraken X63,Liquid AIO Cooler,135.71,3%,926,38818.85,0.33,No Promo
2022-03-31,NZXT Kraken X63,Liquid AIO Cooler,135.04,3%,916,37780.72,0.33,No Promo
2022-04-01,NZXT Kraken X63,Liquid AIO Cooler,136.52,2%,903,38581.23,0.33,No Promo
2022-04-02,NZXT Kraken X63,Liquid AIO Cooler,136.23,3%,929,39421.04,0.33,No Promo
2022-04-03,NZXT Kraken X63,Liquid AIO Cooler,136.99,1%,889,38403.1,0.33,No Promo
2022-04-04,NZXT Kraken X63,Liquid AIO Cooler,137.38,2%,910,39664.65,0.33,No Promo
2022-04-05,NZXT Kraken X63,Liquid AIO Cooler,135.78,3%,936,39300.22,0.33,No Promo
2022-04-06,NZXT Kraken X63,Liquid AIO Cooler,137.88,1%,887,39107.74,0.33,No Promo
2022-04-07,NZXT Kraken X63,Liquid AIO Cooler,137.83,1%,886,39020.27,0.33,No Promo
2022-04-08,NZXT Kraken X63,Liquid AIO Cooler,137.92,0%,880,38834.5,0.33,No Promo
2022-04-09,NZXT Kraken X63,Liquid AIO Cooler,135.13,2%,894,36958.28,0.33,No Promo
2022-04-10,NZXT Kraken X63,Liquid AIO Cooler,131.59,6%,961,36323.21,0.33,Easter
2022-04-11,NZXT Kraken X63,Liquid AIO Cooler,128.79,8%,974,34087.57,0.33,Easter
2022-04-12,NZXT Kraken X63,Liquid AIO Cooler,130.19,7%,977,35560.26,0.33,Easter
2022-04-13,NZXT Kraken X63,Liquid AIO Cooler,131.59,6%,964,36436.6,0.33,Easter
2022-04-14,NZXT Kraken X63,Liquid AIO Cooler,128.79,8%,999,34962.5,0.33,Easter
2022-04-15,NZXT Kraken X63,Liquid AIO Cooler,135.79,3%,909,38175.27,0.33,Easter
2022-04-16,NZXT Kraken X63,Liquid AIO Cooler,128.79,8%,991,34682.52,0.33,Easter
2022-04-17,NZXT Kraken X63,Liquid AIO Cooler,130.19,7%,987,35924.23,0.33,Easter
2022-04-18,NZXT Kraken X63,Liquid AIO Cooler,131.59,6%,942,35605.06,0.33,Easter
2022-04-19,NZXT Kraken X63,Liquid AIO Cooler,131.59,6%,943,35642.85,0.33,Easter
2022-04-20,NZXT Kraken X63,Liquid AIO Cooler,130.19,7%,980,35669.45,0.33,Easter
2022-04-21,NZXT Kraken X63,Liquid AIO Cooler,135.79,3%,908,38133.28,0.33,Easter
2022-04-22,NZXT Kraken X63,Liquid AIO Cooler,135.79,3%,916,38469.25,0.33,Easter
2022-04-23,NZXT Kraken X63,Liquid AIO Cooler,135.79,3%,928,38973.22,0.33,Easter
