cpu_cooler_sales_data.csv
date,product,category,price,discount,quantity_sold,profit,profit_margin,event
2022-04-24,NZXT Kraken X63,Liquid AIO Cooler,130.19,7%,988,35960.63,0.33,Easter
2022-04-25,NZXT Kraken X63,Liquid AIO Cooler,134.98,2%,908,37397.31,0.33,No Promo
2022-04-26,NZXT Kraken X63,Liquid AIO Cooler,134.39,3%,937,38036.29,0.33,No Promo
2022-04-27,NZXT Kraken X63,Liquid AIO Cooler,134.28,3%,933,37772.47,0.33,No Promo
2022-04-28,NZXT Kraken X63,Liquid AIO Cooler,136.96,1%,912,39363.71,0.33,No Promo
2022-04-29,NZXT Kraken X63,Liquid AIO Cooler,134.41,3%,914,37119.74,0.33,No Promo
2022-04-30,NZXT Kraken X63,Liquid AIO Cooler,138.14,0%,867,38446.07,0.33,No Promo
2022-05-01,NZXT Kraken X63,Liquid AIO Cooler,137.19,2%,916,39751.56,0.33,Mother's Day
2022-05-02,NZXT Kraken X63,Liquid AIO Cooler,137.19,2%,890,38623.24,0.33,Mother's Day
2022-05-03,NZXT Kraken X63,Liquid AIO Cooler,137.19,2%,920,39925.15,0.33,Mother's Day
2022-05-04,NZXT Kraken X63,Liquid AIO Cooler,135.79,3%,922,38721.23,0.33,Mother's Day
2022-05-05,NZXT Kraken X63,Liquid AIO Cooler,137.19,2%,894,38796.83,0.33,Mother's Day
2022-05-06,NZXT Kraken X63,Liquid AIO Cooler,134.39,4%,915,37146.35,0.33,Mother's Day
2022-05-07,NZXT Kraken X63,Liquid AIO Cooler,132.99,5%,961,37668.51,0.33,Mother's Day
2022-05-08,NZXT Kraken X63,Liquid AIO Cooler,135.79,3%,924,38805.23,0.33,Mother's Day
2022-05-09,NZXT Kraken X63,Liquid AIO Cooler,132.99,5%,942,36923.76,0.33,Mother's Day
2022-05-10,NZXT Kraken X63,Liquid AIO Cooler,134.39,4%,930,37755.3,0.33,Mother's Day
2022-05-11,NZXT Kraken X63,Liquid AIO Cooler,135.79,3%,920,38637.24,0.33,Mother's Day
2022-05-12,NZXT Kraken X63,Liquid AIO Cooler,135.79,3%,916,38469.25,0.33,Mother's Day
2022-05-13,NZXT Kraken X63,Liquid AIO Cooler,135.79,3%,921,38679.24,0.33,Mother's Day
2022-05-14,NZXT Kraken X63,Liquid AIO Cooler,132.99,5%,962,37707.71,0.33,Mother's Day
2022-05-15,NZXT Kraken X63,Liquid AIO Cooler,134.39,4%,926,37592.91,0.33,Mother's Day
2022-05-16,NZXT Kraken X63,Liquid AIO Cooler,136.33,2%,910,38705.99,0.33,No Promo
2022-05-17,NZXT Kraken X63,Liquid AIO Cooler,136.44,1%,879,37486.66,0.33,No Promo
2022-05-18,NZXT Kraken X63,Liquid AIO Cooler,137.06,1%,897,38813.83,0.33,No Promo
2022-05-19,NZXT Kraken X63,Liquid AIO Cooler,136.81,2%,922,39664.73,0.33,No Promo
2022-05-20,NZXT Kraken X63,Liquid AIO Cooler,134.66,3%,924,37762.24,0.33,No Promo
2022-05-21,NZXT Kraken X63,Liquid AIO Cooler,134.29,3%,911,36895.85,0.33,No Promo
2022-05-22,NZXT Kraken X63,Liquid AIO Cooler,136.0,1%,890,37564.78,0.33,No Promo
2022-05-23,NZXT Kraken X63,Liquid AIO Cooler,134.54,3%,939,38260.81,0.33,No Promo
2022-05-24,NZXT Kraken X63,Liquid AIO Cooler,135.69,2%,919,38506.72,0.33,No Promo
2022-05-25,NZXT Kraken X63,Liquid AIO Cooler,139.84,0%,869,40016.91,0.33,No Promo
2022-05-26,NZXT Kraken X63,Liquid AIO Cooler,135.27,3%,930,38574.26,0.33,No Promo
2022-05-27,NZXT Kraken X63,Liquid AIO Cooler,135.19,3%,930,38495.41,0.33,No Promo
2022-05-28,NZXT Kraken X63,Liquid AIO Cooler,137.71,1%,897,39395.25,0.33,No Promo
2022-05-29,NZXT Kraken X63,Liquid AIO Cooler,138.51,0%,878,39264.0,0.33,No Promo
2022-05-30,NZXT Kraken X63,Liquid AIO Cooler,137.41,0%,885,38599.57,0.33,No Promo
2022-05-31,NZXT Kraken X63,Liquid AIO Cooler,136.43,2%,904,38545.48,0.33,No Promo
2022-06-01,NZXT Kraken X63,Liquid AIO Cooler,135.79,2%,910,38220.75,0.33,No Promo
2022-06-02,NZXT Kraken X63,Liquid AIO Cooler,135.53,3%,915,38189.41,0.33,No Promo
2022-06-03,NZXT Kraken X63,Liquid AIO Cooler,136.23,2%,897,38063.4,0.33,No Promo
2022-06-04,NZXT Kraken X63,Liquid AIO Cooler,134.54,3%,926,37727.5,0.33,No Promo
2022-06-05,NZXT Kraken X63,Liquid AIO Cooler,136.33,1%,896,38116.84,0.33,No Promo
2022-06-06,NZXT Kraken X63,Liquid AIO Cooler,133.47,3%,922,36579.61,0.33,No Promo
2022-06-07,NZXT Kraken X63,Liquid AIO Cooler,134.78,2%,890,36474.47,0.33,No Promo
2022-06-08,NZXT Kraken X63,Liquid AIO Cooler,134.92,2%,897,36895.02,0.33,No Promo
2022-06-09,NZXT Kraken X63,Liquid AIO Cooler,135.55,2%,905,37785.38,0.33,No Promo
2022-06-10,NZXT Kraken X63,Liquid AIO Cooler,135.33,2%,893,37093.15,0.33,No Promo
2022-06-11,NZXT Kraken X63,Liquid AIO Cooler,138.11,0%,893,39573.44,0.33,No Promo
2022-06-12,NZXT Kraken X63,Liquid AIO Cooler,136.76,1%,912,39181.31,0.33,No Promo
2022-06-13,NZXT Kraken X63,Liquid AIO Cooler,138.74,0%,869,39060.39,0.33,No Promo
2022-06-14,NZXT Kraken X63,Liquid AIO Cooler,133.72,3%,917,36613.82,0.33,No Promo
2022-06-15,NZXT Kraken X63,Liquid AIO Cooler,136.03,2%,909,38395.64,0.33,No Promo
2022-06-16,NZXT Kraken X63,Liquid AIO Cooler,134.72,3%,910,37245.2,0.33,No Promo
2022-06-17,NZXT Kraken X63,Liquid AIO Cooler,133.3,3%,935,36937.04,0.33,No Promo
2022-06-18,NZXT Kraken X63,Liquid AIO Cooler,134.02,3%,919,36965.78,0.33,No Promo
2022-06-19,NZXT Kraken X63,Liquid AIO Cooler,133.0,3%,916,35911.81,0.33,No Promo
2022-06-20,NZXT Kraken X63,Liquid AIO Cooler,137.14,1%,891,38621.75,0.33,No Promo
2022-06-21,NZXT Kraken X63,Liquid AIO Cooler,133.02,3%,914,35854.11,0.33,No Promo
2022-06-22,NZXT Kraken X63,Liquid AIO Cooler,137.63,0%,892,39106.55,0.33,No Promo
2022-06-23,NZXT Kraken X63,Liquid AIO Cooler,139.53,0%,869,39744.34,0.33,No Promo
2022-06-24,NZXT Kraken X63,Liquid AIO Cooler,135.39,3%,903,37561.72,0.33,No Promo
2022-06-25,NZXT Kraken X63,Liquid AIO Cooler,133.12,3%,925,36379.89,0.33,No Promo
2022-06-26,NZXT Kraken X63,Liquid AIO Cooler,138.01,1%,904,39974.94,0.33,No Promo
2022-06-27,NZXT Kraken X63,Liquid AIO Cooler,138.26,0%,866,38504.26,0.33,No Promo
2022-06-28,NZXT Kraken X63,Liquid AIO Cooler,136.5,1%,906,38689.95,0.33,No Promo
2022-06-29,NZXT Kraken X63,Liquid AIO Cooler,137.53,0%,882,38575.99,0.33,No Promo
2022-06-30,NZXT Kraken X63,Liquid AIO Cooler,135.2,2%,925,38301.31,0.33,No Promo
2022-07-01,NZXT Kraken X63,Liquid AIO Cooler,136.43,2%,922,39307.12,0.33,No Promo
2022-07-02,NZXT Kraken X63,Liquid AIO Cooler,136.26,2%,916,38898.29,0.33,No Promo
2022-07-03,NZXT Kraken X63,Liquid AIO Cooler,137.38,1%,898,39141.64,0.33,No Promo
2022-07-04,NZXT Kraken X63,Liquid AIO Cooler,136.79,1%,910,39127.48,0.33,No Promo
2022-07-05,NZXT Kraken X63,Liquid AIO Cooler,136.84,0%,878,37792.3,0.33,No Promo
2022-07-06,NZXT Kraken X63,Liquid AIO Cooler,136.41,2%,894,38095.07,0.33,No Promo
2022-07-07,NZXT Kraken X63,Liquid AIO Cooler,137.98,0%,894,39499.27,0.33,No Promo
2022-07-08,NZXT Kraken X63,Liquid AIO Cooler,137.25,0%,890,38680.19,0.33,No Promo
2022-07-09,NZXT Kraken X63,Liquid AIO Cooler,136.41,2%,924,39378.95,0.33,No Promo
2022-07-10,NZXT Kraken X63,Liquid AIO Cooler,135.95,1%,903,38063.67,0.33,No Promo
2022-07-11,NZXT Kraken X63,Liquid AIO Cooler,118.99,15%,1070,26962.07,0.33,Amazon Prime Day
2022-07-12,NZXT Kraken X63,Liquid AIO Cooler,118.99,15%,1062,26760.49,0.33,Amazon Prime Day
2022-07-13,NZXT Kraken X63,Liquid AIO Cooler,125.99,10%,1026,33034.84,0.33,Amazon Prime Day
2022-07-14,NZXT Kraken X63,Liquid AIO Cooler,121.79,13%,1044,29229.91,0.33,Amazon Prime Day
2022-07-15,NZXT Kraken X63,Liquid AIO Cooler,125.99,10%,1008,32455.28,0.33,Amazon Prime Day
2022-07-16,NZXT Kraken X63,Liquid AIO Cooler,124.59,11%,1026,31598.54,0.33,Amazon Prime Day
2022-07-17,NZXT Kraken X63,Liquid AIO Cooler,125.99,10%,993,31972.32,0.33,Amazon Prime Day
2022-07-18,NZXT Kraken X63,Liquid AIO Cooler,120.39,14%,1057,28114.19,0.33,Amazon Prime Day
2022-07-19,NZXT Kraken X63,Liquid AIO Cooler,124.59,11%,1035,31875.72,0.33,Amazon Prime Day
2022-07-20,NZXT Kraken X63,Liquid AIO Cooler,120.39,14%,1054,28034.4,0.33,Amazon Prime Day
2022-07-21,NZXT Kraken X63,Liquid AIO Cooler,120.39,14%,1062,28247.18,0.33,Amazon Prime Day
2022-07-22,NZXT Kraken X63,Liquid AIO Cooler,118.99,15%,1059,26684.89,0.33,Amazon Prime Day
2022-07-23,NZXT Kraken X63,Liquid AIO Cooler,124.59,11%,1025,31567.75,0.33,Amazon Prime Day
2022-07-24,NZXT Kraken X63,Liquid AIO Cooler,124.59,11%,1025,31567.75,0.33,Amazon Prime Day
2022-07-25,NZXT Kraken X63,Liquid AIO Cooler,138.26,0%,872,38775.94,0.33,No Promo
2022-07-26,NZXT Kraken X63,Liquid AIO Cooler,135.65,1%,910,38093.49,0.33,No Promo
2022-07-27,NZXT Kraken X63,Liquid AIO Cooler,132.89,3%,924,36121.85,0.33,No Promo
2022-07-28,NZXT Kraken X63,Liquid AIO Cooler,134.42,2%,918,37294.12,0.33,No Promo
2022-07-29,NZXT Kraken X63,Liquid AIO Cooler,134.5,3%,927,37735.39,0.33,No Promo
2022-07-30,NZXT Kraken X63,Liquid AIO Cooler,138.9,0%,875,39471.03,0.33,No Promo
2022-07-31,NZXT Kraken X63,Liquid AIO Cooler,137.38,1%,895,39010.28,0.33,No Promo
2022-08-01,NZXT Kraken X63,Liquid AIO Cooler,132.99,5%,934,36610.18,0.33,Back-to-School
2022-08-02,NZXT Kraken X63,Liquid AIO Cooler,134.39,4%,946,38404.86,0.33,Back-to-School
2022-08-03,NZXT Kraken X63,Liquid AIO Cooler,134.39,4%,927,37633.51,0.33,Back-to-School
2022-08-04,NZXT Kraken X63,Liquid AIO Cooler,132.99,5%,945,37041.35,0.33,Back-to-School
2022-08-05,NZXT Kraken X63,Liquid AIO Cooler,135.79,3%,932,39141.2,0.33,Back-to-School
2022-08-06,NZXT Kraken X63,Liquid AIO Cooler,135.79,3%,925,38847.22,0.33,Back-to-School
2022-08-07,NZXT Kraken X63,Liquid AIO Cooler,134.39,4%,936,37998.89,0.33,Back-to-School
2022-08-08,NZXT Kraken X63,Liquid AIO Cooler,134.39,4%,948,38486.05,0.33,Back-to-School
2022-08-09,NZXT Kraken X63,Liquid AIO Cooler,134.39,4%,919,37308.73,0.33,Back-to-School
2022-08-10,NZXT Kraken X63,Liquid AIO Cooler,132.99,5%,962,37707.71,0.33,Back-to-School
2022-08-11,NZXT Kraken X63,Liquid AIO Cooler,135.79,3%,920,38637.24,0.33,Back-to-School
2022-08-12,NZXT Kraken X63,Liquid AIO Cooler,135.79,3%,919,38595.24,0.33,Back-to-School
2022-08-13,NZXT Kraken X63,Liquid AIO Cooler,135.79,3%,920,38637.24,0.33,Back-to-School
2022-08-14,NZXT Kraken X63,Liquid AIO Cooler,134.39,4%,933,37877.09,0.33,Back-to-School
2022-08-15,NZXT Kraken X63,Liquid AIO Cooler,136.63,0%,875,37482.72,0.33,No Promo
2022-08-16,NZXT Kraken X63,Liquid AIO Cooler,137.92,0%,868,38298.93,0.33,No Promo
2022-08-17,NZXT Kraken X63,Liquid AIO Cooler,138.62,0%,871,39045.69,0.33,No Promo
2022-08-18,NZXT Kraken X63,Liquid AIO Cooler,133.08,3%,937,36814.7,0.33,No Promo
2022-08-19,NZXT Kraken X63,Liquid AIO Cooler,134.05,2%,912,36712.75,0.33,No Promo
2022-08-20,NZXT Kraken X63,Liquid AIO Cooler,133.56,3%,912,36269.21,0.33,No Promo
2022-08-21,NZXT Kraken X63,Liquid AIO Cooler,137.08,1%,899,38911.35,0.33,No Promo
2022-08-22,NZXT Kraken X63,Liquid AIO Cooler,135.9,2%,919,38698.31,0.33,No Promo
2022-08-23,NZXT Kraken X63,Liquid AIO Cooler,134.36,3%,912,36994.01,0.33,No Promo
2022-08-24,NZXT Kraken X63,Liquid AIO Cooler,135.38,1%,887,36888.51,0.33,No Promo
2022-08-25,NZXT Kraken X63,Liquid AIO Cooler,137.87,0%,872,38431.28,0.33,No Promo
2022-08-26,NZXT Kraken X63,Liquid AIO Cooler,135.28,1%,881,36549.45,0.33,No Promo
2022-08-27,NZXT Kraken X63,Liquid AIO Cooler,132.8,3%,909,35454.65,0.33,No Promo
2022-08-28,NZXT Kraken X63,Liquid AIO Cooler,133.64,3%,932,37135.5,0.33,No Promo
2022-08-29,NZXT Kraken X63,Liquid AIO Cooler,134.06,3%,924,37207.46,0.33,No Promo
2022-08-30,NZXT Kraken X63,Liquid AIO Cooler,135.13,2%,921,38073.61,0.33,No Promo
2022-08-31,NZXT Kraken X63,Liquid AIO Cooler,137.38,0%,885,38574.85,0.33,No Promo
2022-09-01,NZXT Kraken X63,Liquid AIO Cooler,132.84,3%,911,35574.84,0.33,No Promo
2022-09-02,NZXT Kraken X63,Liquid AIO Cooler,134.14,3%,908,36636.88,0.33,No Promo
2022-09-03,NZXT Kraken X63,Liquid AIO Cooler,135.35,1%,909,37772.22,0.33,No Promo
2022-09-04,NZXT Kraken X63,Liquid AIO Cooler,135.13,2%,918,37950.95,0.33,No Promo
2022-09-05,NZXT Kraken X63,Liquid AIO Cooler,135.83,2%,906,38088.13,0.33,No Promo
2022-09-06,NZXT Kraken X63,Liquid AIO Cooler,135.11,2%,897,37060.36,0.33,No Promo
2022-09-07,NZXT Kraken X63,Liquid AIO Cooler,132.71,3%,917,35690.78,0.33,No Promo
2022-09-08,NZXT Kraken X63,Liquid AIO Cooler,136.9,0%,888,38275.08,0.33,No Promo
2022-09-09,NZXT Kraken X63,Liquid AIO Cooler,136.2,1%,878,37230.38,0.33,No Promo
2022-09-10,NZXT Kraken X63,Liquid AIO Cooler,133.96,3%,915,36748.3,0.33,No Promo
2022-09-11,NZXT Kraken X63,Liquid AIO Cooler,135.7,1%,897,37588.93,0.33,No Promo
2022-09-12,NZXT Kraken X63,Liquid AIO Cooler,133.62,2%,918,36559.59,0.33,No Promo
2022-09-13,NZXT Kraken X63,Liquid AIO Cooler,135.57,1%,909,37970.9,0.33,No Promo
2022-09-14,NZXT Kraken X63,Liquid AIO Cooler,133.86,2%,895,35863.71,0.33,No Promo
2022-09-15,NZXT Kraken X63,Liquid AIO Cooler,135.46,2%,902,37581.72,0.33,No Promo
2022-09-16,NZXT Kraken X63,Liquid AIO Cooler,138.39,0%,872,38888.19,0.33,No Promo
2022-09-17,NZXT Kraken X63,Liquid AIO Cooler,133.19,3%,920,36240.72,0.33,No Promo
2022-09-18,NZXT Kraken X63,Liquid AIO Cooler,137.22,1%,905,39299.33,0.33,No Promo
2022-09-19,NZXT Kraken X63,Liquid AIO Cooler,134.76,2%,913,37406.11,0.33,No Promo
2022-09-20,NZXT Kraken X63,Liquid AIO Cooler,133.72,2%,915,36534.62,0.33,No Promo
2022-09-21,NZXT Kraken X63,Liquid AIO Cooler,134.95,1%,883,36342.22,0.33,No Promo
2022-09-22,NZXT Kraken X63,Liquid AIO Cooler,132.32,3%,907,34945.84,0.33,No Promo
2022-09-23,NZXT Kraken X63,Liquid AIO Cooler,134.76,2%,913,37406.4,0.33,No Promo
2022-09-24,NZXT Kraken X63,Liquid AIO Cooler,132.14,3%,933,35780.44,0.33,No Promo
2022-09-25,NZXT Kraken X63,Liquid AIO Cooler,137.51,0%,888,38823.92,0.33,No Promo
2022-09-26,NZXT Kraken X63,Liquid AIO Cooler,135.85,1%,892,37517.3,0.33,No Promo
2022-09-27,NZXT Kraken X63,Liquid AIO Cooler,133.26,3%,904,35678.63,0.33,No Promo
2022-09-28,NZXT Kraken X63,Liquid AIO Cooler,136.17,1%,885,37499.47,0.33,No Promo
2022-09-29,NZXT Kraken X63,Liquid AIO Cooler,136.1,1%,905,38290.68,0.33,No Promo
2022-09-30,NZXT Kraken X63,Liquid AIO Cooler,137.68,0%,883,38751.53,0.33,No Promo
2022-10-01,NZXT Kraken X63,Liquid AIO Cooler,134.26,3%,903,36542.6,0.33,No Promo
2022-10-02,NZXT Kraken X63,Liquid AIO Cooler,136.92,0%,882,38033.92,0.33,No Promo
2022-10-03,NZXT Kraken X63,Liquid AIO Cooler,134.84,2%,909,37310.5,0.33,No Promo
2022-10-04,NZXT Kraken X63,Liquid AIO Cooler,134.11,2%,895,36085.27,0.33,No Promo
2022-10-05,NZXT Kraken X63,Liquid AIO Cooler,137.75,0%,866,38069.58,0.33,No Promo
2022-10-06,NZXT Kraken X63,Liquid AIO Cooler,136.97,0%,897,38731.7,0.33,No Promo
2022-10-07,NZXT Kraken X63,Liquid AIO Cooler,133.22,3%,927,36545.41,0.33,No Promo
2022-10-08,NZXT Kraken X63,Liquid AIO Cooler,136.17,1%,887,37589.44,0.33,No Promo
2022-10-09,NZXT Kraken X63,Liquid AIO Cooler,134.64,1%,886,36188.63,0.33,No Promo
2022-10-10,NZXT Kraken X63,Liquid AIO Cooler,136.29,0%,873,37102.85,0.33,No Promo
2022-10-11,NZXT Kraken X63,Liquid AIO Cooler,134.26,3%,927,37510.8,0.33,No Promo
2022-10-12,NZXT Kraken X63,Liquid AIO Cooler,135.19,2%,892,36922.06,0.33,No Promo
2022-10-13,NZXT Kraken X63,Liquid AIO Cooler,134.16,3%,920,37136.29,0.33,No Promo
2022-10-14,NZXT Kraken X63,Liquid AIO Cooler,133.74,3%,932,37226.31,0.33,No Promo
2022-10-15,NZXT Kraken X63,Liquid AIO Cooler,136.57,0%,868,37129.72,0.33,No Promo
2022-10-16,NZXT Kraken X63,Liquid AIO Cooler,133.92,2%,902,36195.97,0.33,No Promo
2022-10-17,NZXT Kraken X63,Liquid AIO Cooler,132.91,3%,912,35674.78,0.33,No Promo
2022-10-18,NZXT Kraken X63,Liquid AIO Cooler,133.89,3%,916,36727.28,0.33,No Promo
2022-10-19,NZXT Kraken X63,Liquid AIO Cooler,137.47,0%,880,38437.37,0.33,No Promo
2022-10-20,NZXT Kraken X63,Liquid AIO Cooler,136.03,0%,893,37720.03,0.33,No Promo
2022-10-21,NZXT Kraken X63,Liquid AIO Cooler,133.51,2%,906,35979.85,0.33,No Promo
2022-10-22,NZXT Kraken X63,Liquid AIO Cooler,131.93,3%,915,34893.35,0.33,No Promo
2022-10-23,NZXT Kraken X63,Liquid AIO Cooler,135.62,2%,897,37516.42,0.33,No Promo
2022-10-24,NZXT Kraken X63,Liquid AIO Cooler,135.84,1%,887,37297.09,0.33,No Promo
2022-10-25,NZXT Kraken X63,Liquid AIO Cooler,131.66,3%,930,35215.63,0.33,No Promo
2022-10-26,NZXT Kraken X63,Liquid AIO Cooler,134.46,1%,910,37008.45,0.33,No Promo
2022-10-27,NZXT Kraken X63,Liquid AIO Cooler,136.86,1%,908,39103.71,0.33,No Promo
2022-10-28,NZXT Kraken X63,Liquid AIO Cooler,135.71,0%,871,36510.13,0.33,No Promo
2022-10-29,NZXT Kraken X63,Liquid AIO Cooler,135.9,0%,873,36755.03,0.33,No Promo
2022-10-30,NZXT Kraken X63,Liquid AIO Cooler,133.39,3%,929,36783.54,0.33,No Promo
2022-10-31,NZXT Kraken X63,Liquid AIO Cooler,137.59,0%,876,38365.15,0.33,No Promo
2022-11-01,NZXT Kraken X63,Liquid AIO Cooler,134.43,2%,905,36780.04,0.33,No Promo
2022-11-02,NZXT Kraken X63,Liquid AIO Cooler,137.3,0%,875,38069.12,0.33,No Promo
2022-11-03,NZXT Kraken X63,Liquid AIO Cooler,135.79,1%,900,37794.66,0.33,No Promo
2022-11-04,NZXT Kraken X63,Liquid AIO Cooler,132.6,3%,934,36246.73,0.33,No Promo
2022-11-05,NZXT Kraken X63,Liquid AIO Cooler,132.04,3%,932,35647.43,0.33,No Promo
2022-11-06,NZXT Kraken X63,Liquid AIO Cooler,135.37,1%,905,37622.84,0.33,No Promo
2022-11-07,NZXT Kraken X63,Liquid AIO Cooler,137.16,0%,876,37991.09,0.33,No Promo
2022-11-08,NZXT Kraken X63,Liquid AIO Cooler,137.09,0%,866,37497.93,0.33,No Promo
2022-11-09,NZXT Kraken X63,Liquid AIO Cooler,136.65,1%,910,38999.49,0.33,No Promo
2022-11-10,NZXT Kraken X63,Liquid AIO Cooler,133.79,2%,905,36201.05,0.33,No Promo
2022-11-11,NZXT Kraken X63,Liquid AIO Cooler,137.44,0%,879,38367.77,0.33,No Promo
2022-11-12,NZXT Kraken X63,Liquid AIO Cooler,132.42,3%,902,34840.2,0.33,No Promo
2022-11-13,NZXT Kraken X63,Liquid AIO Cooler,137.64,0%,879,38537.17,0.33,No Promo
2022-11-14,NZXT Kraken X63,Liquid AIO Cooler,134.76,2%,894,36621.42,0.33,No Promo
2022-11-15,NZXT Kraken X63,Liquid AIO Cooler,133.27,2%,917,36200.11,0.33,No Promo
2022-11-16,NZXT Kraken X63,Liquid AIO Cooler,135.59,0%,887,37072.6,0.33,No Promo
2022-11-17,NZXT Kraken X63,Liquid AIO Cooler,135.8,0%,877,36839.21,0.33,No Promo
2022-11-18,NZXT Kraken X63,Liquid AIO Cooler,116.19,17%,1096,24548.65,0.33,Black Friday
2022-11-19,NZXT Kraken X63,Liquid AIO Cooler,117.59,16%,1080,25702.16,0.33,Black Friday
2022-11-20,NZXT Kraken X63,Liquid AIO Cooler,117.59,16%,1090,25940.15,0.33,Black Friday
2022-11-21,NZXT Kraken X63,Liquid AIO Cooler,114.79,18%,1120,23518.32,0.33,Black Friday
2022-11-22,NZXT Kraken X63,Liquid AIO Cooler,114.79,18%,1091,22909.36,0.33,Black Friday
2022-11-23,NZXT Kraken X63,Liquid AIO Cooler,114.79,18%,1122,23560.32,0.33,Black Friday
