cpu_cooler_sales_data.csv
date,product,category,price,discount,quantity_sold,profit,profit_margin,event
2022-11-24,NZXT Kraken X63,Liquid AIO Cooler,117.59,16%,1094,26035.34,0.33,Black Friday
2022-11-25,NZXT Kraken X63,Liquid AIO Cooler,111.99,20%,1153,20983.1,0.33,Black Friday
2022-11-26,NZXT Kraken X63,Liquid AIO Cooler,113.39,19%,1139,22322.81,0.33,Black Friday
2022-11-27,NZXT Kraken X63,Liquid AIO Cooler,111.99,20%,1142,20782.92,0.33,Black Friday
2022-11-28,NZXT Kraken X63,Liquid AIO Cooler,117.59,16%,1072,25511.78,0.33,Black Friday
2022-11-29,NZXT Kraken X63,Liquid AIO Cooler,116.19,17%,1102,24683.04,0.33,Black Friday
2022-11-30,NZXT Kraken X63,Liquid AIO Cooler,118.99,15%,1076,27113.26,0.33,Black Friday
2022-12-01,NZXT Kraken X63,Liquid AIO Cooler,114.79,18%,1107,23245.34,0.33,Black Friday
2022-12-02,NZXT Kraken X63,Liquid AIO Cooler,116.19,17%,1116,24996.61,0.33,Black Friday
2022-12-03,NZXT Kraken X63,Liquid AIO Cooler,135.78,1%,906,38036.39,0.33,No Promo
2022-12-04,NZXT Kraken X63,Liquid AIO Cooler,135.61,0%,875,36593.54,0.33,No Promo
2022-12-05,NZXT Kraken X63,Liquid AIO Cooler,133.75,2%,914,36516.22,0.33,No Promo
2022-12-06,NZXT Kraken X63,Liquid AIO Cooler,136.22,0%,886,37586.46,0.33,No Promo
2022-12-07,NZXT Kraken X63,Liquid AIO Cooler,133.89,2%,891,35722.96,0.33,No Promo
2022-12-08,NZXT Kraken X63,Liquid AIO Cooler,133.63,3%,936,37283.82,0.33,No Promo
2022-12-09,NZXT Kraken X63,Liquid AIO Cooler,132.57,3%,907,35167.39,0.33,No Promo
2022-12-10,NZXT Kraken X63,Liquid AIO Cooler,134.21,1%,883,35687.57,0.33,No Promo
2022-12-11,NZXT Kraken X63,Liquid AIO Cooler,136.64,0%,867,37147.41,0.33,No Promo
2022-12-12,NZXT Kraken X63,Liquid AIO Cooler,123.19,12%,1013,29780.07,0.33,Christmas
2022-12-13,NZXT Kraken X63,Liquid AIO Cooler,125.99,10%,990,31875.72,0.33,Christmas
2022-12-14,NZXT Kraken X63,Liquid AIO Cooler,123.19,12%,1038,30515.02,0.33,Christmas
2022-12-15,NZXT Kraken X63,Liquid AIO Cooler,123.19,12%,1025,30132.85,0.33,Christmas
2022-12-16,NZXT Kraken X63,Liquid AIO Cooler,124.59,11%,1014,31228.97,0.33,Christmas
2022-12-17,NZXT Kraken X63,Liquid AIO Cooler,121.79,13%,1048,29341.9,0.33,Christmas
2022-12-18,NZXT Kraken X63,Liquid AIO Cooler,125.99,10%,1020,32841.65,0.33,Christmas
2022-12-19,NZXT Kraken X63,Liquid AIO Cooler,123.19,12%,1024,30103.45,0.33,Christmas
2022-12-20,NZXT Kraken X63,Liquid AIO Cooler,124.59,11%,1004,30920.99,0.33,Christmas
2022-12-21,NZXT Kraken X63,Liquid AIO Cooler,121.79,13%,1028,28781.94,0.33,Christmas
2022-12-22,NZXT Kraken X63,Liquid AIO Cooler,124.59,11%,1014,31228.97,0.33,Christmas
2022-12-23,NZXT Kraken X63,Liquid AIO Cooler,118.99,15%,1082,27264.45,0.33,Christmas
2022-12-24,NZXT Kraken X63,Liquid AIO Cooler,121.79,13%,1061,29705.88,0.33,Christmas
2022-12-25,NZXT Kraken X63,Liquid AIO Cooler,120.39,14%,1048,27874.81,0.33,Christmas
2022-12-26,NZXT Kraken X63,Liquid AIO Cooler,134.1,2%,907,36556.78,0.33,No Promo
2022-12-27,NZXT Kraken X63,Liquid AIO Cooler,134.13,1%,897,36181.18,0.33,No Promo
2022-12-28,NZXT Kraken X63,Liquid AIO Cooler,133.77,2%,913,36499.46,0.33,No Promo
2022-12-29,NZXT Kraken X63,Liquid AIO Cooler,134.11,1%,906,36526.5,0.33,No Promo
2022-12-30,NZXT Kraken X63,Liquid AIO Cooler,137.08,0%,891,38570.29,0.33,No Promo
2022-12-31,NZXT Kraken X63,Liquid AIO Cooler,136.19,0%,879,37267.0,0.33,No Promo
2023-01-01,NZXT Kraken X63,Liquid AIO Cooler,125.99,10%,988,31811.33,0.33,New Year's Sale
2023-01-02,NZXT Kraken X63,Liquid AIO Cooler,125.99,10%,1013,32616.27,0.33,New Year's Sale
2023-01-03,NZXT Kraken X63,Liquid AIO Cooler,125.99,10%,1010,32519.68,0.33,New Year's Sale
2023-01-04,NZXT Kraken X63,Liquid AIO Cooler,127.39,9%,981,32959.25,0.33,New Year's Sale
2023-01-05,NZXT Kraken X63,Liquid AIO Cooler,130.19,7%,975,35487.46,0.33,New Year's Sale
2023-01-06,NZXT Kraken X63,Liquid AIO Cooler,127.39,9%,981,32959.25,0.33,New Year's Sale
2023-01-07,NZXT Kraken X63,Liquid AIO Cooler,127.39,9%,987,33160.83,0.33,New Year's Sale
2023-01-08,NZXT Kraken X63,Liquid AIO Cooler,132.99,5%,964,37786.1,0.33,New Year's Sale
2023-01-09,NZXT Kraken X63,Liquid AIO Cooler,128.79,8%,973,34052.57,0.33,New Year's Sale
2023-01-10,NZXT Kraken X63,Liquid AIO Cooler,125.99,10%,1026,33034.84,0.33,New Year's Sale
2023-01-11,NZXT Kraken X63,Liquid AIO Cooler,130.19,7%,972,35378.27,0.33,New Year's Sale
2023-01-12,NZXT Kraken X63,Liquid AIO Cooler,130.19,7%,986,35887.84,0.33,New Year's Sale
2023-01-13,NZXT Kraken X63,Liquid AIO Cooler,131.59,6%,963,36398.8,0.33,New Year's Sale
2023-01-14,NZXT Kraken X63,Liquid AIO Cooler,132.99,5%,939,36806.17,0.33,New Year's Sale
2023-01-15,NZXT Kraken X63,Liquid AIO Cooler,133.94,2%,922,37012.6,0.33,No Promo
2023-01-16,NZXT Kraken X63,Liquid AIO Cooler,135.13,1%,892,36869.3,0.33,No Promo
2023-01-17,NZXT Kraken X63,Liquid AIO Cooler,135.17,1%,907,37525.56,0.33,No Promo
2023-01-18,NZXT Kraken X63,Liquid AIO Cooler,133.54,2%,910,36169.06,0.33,No Promo
2023-01-19,NZXT Kraken X63,Liquid AIO Cooler,131.34,3%,930,34917.44,0.33,No Promo
2023-01-20,NZXT Kraken X63,Liquid AIO Cooler,137.23,0%,880,38220.64,0.33,No Promo
2023-01-21,NZXT Kraken X63,Liquid AIO Cooler,136.12,1%,895,37882.57,0.33,No Promo
2023-01-22,NZXT Kraken X63,Liquid AIO Cooler,136.08,0%,868,36705.18,0.33,No Promo
2023-01-23,NZXT Kraken X63,Liquid AIO Cooler,130.97,3%,926,34429.05,0.33,No Promo
2023-01-24,NZXT Kraken X63,Liquid AIO Cooler,132.88,3%,935,36550.21,0.33,No Promo
2023-01-25,NZXT Kraken X63,Liquid AIO Cooler,132.97,2%,910,35654.76,0.33,No Promo
2023-01-26,NZXT Kraken X63,Liquid AIO Cooler,134.72,2%,901,36874.35,0.33,No Promo
2023-01-27,NZXT Kraken X63,Liquid AIO Cooler,130.89,3%,910,33757.01,0.33,No Promo
2023-01-28,NZXT Kraken X63,Liquid AIO Cooler,132.6,2%,912,35389.15,0.33,No Promo
2023-01-29,NZXT Kraken X63,Liquid AIO Cooler,133.42,2%,893,35384.72,0.33,No Promo
2023-01-30,NZXT Kraken X63,Liquid AIO Cooler,136.71,0%,869,37295.54,0.33,No Promo
2023-01-31,NZXT Kraken X63,Liquid AIO Cooler,135.0,0%,872,35934.52,0.33,No Promo
2023-02-01,NZXT Kraken X63,Liquid AIO Cooler,137.04,0%,892,38572.9,0.33,No Promo
2023-02-02,NZXT Kraken X63,Liquid AIO Cooler,136.96,0%,880,37986.66,0.33,No Promo
2023-02-03,NZXT Kraken X63,Liquid AIO Cooler,134.95,0%,868,35724.82,0.33,No Promo
2023-02-04,NZXT Kraken X63,Liquid AIO Cooler,132.16,3%,915,35103.46,0.33,No Promo
2023-02-05,NZXT Kraken X63,Liquid AIO Cooler,137.13,0%,870,37704.76,0.33,No Promo
2023-02-06,NZXT Kraken X63,Liquid AIO Cooler,135.22,0%,876,36287.78,0.33,No Promo
2023-02-07,NZXT Kraken X63,Liquid AIO Cooler,130.19,7%,981,35705.85,0.33,Valentine's Day
2023-02-08,NZXT Kraken X63,Liquid AIO Cooler,131.59,6%,971,36701.18,0.33,Valentine's Day
2023-02-09,NZXT Kraken X63,Liquid AIO Cooler,134.39,4%,943,38283.07,0.33,Valentine's Day
2023-02-10,NZXT Kraken X63,Liquid AIO Cooler,132.99,5%,928,36375.0,0.33,Valentine's Day
2023-02-11,NZXT Kraken X63,Liquid AIO Cooler,131.59,6%,967,36549.99,0.33,Valentine's Day
2023-02-12,NZXT Kraken X63,Liquid AIO Cooler,132.99,5%,964,37786.1,0.33,Valentine's Day
2023-02-13,NZXT Kraken X63,Liquid AIO Cooler,131.59,6%,942,35605.06,0.33,Valentine's Day
2023-02-14,NZXT Kraken X63,Liquid AIO Cooler,134.39,4%,931,37795.9,0.33,Valentine's Day
2023-02-15,NZXT Kraken X63,Liquid AIO Cooler,130.19,7%,968,35232.68,0.33,Valentine's Day
2023-02-16,NZXT Kraken X63,Liquid AIO Cooler,131.59,6%,946,35756.25,0.33,Valentine's Day
2023-02-17,NZXT Kraken X63,Liquid AIO Cooler,130.19,7%,982,35742.25,0.33,Valentine's Day
2023-02-18,NZXT Kraken X63,Liquid AIO Cooler,130.19,7%,985,35851.44,0.33,Valentine's Day
2023-02-19,NZXT Kraken X63,Liquid AIO Cooler,131.59,6%,972,36738.98,0.33,Valentine's Day
2023-02-20,NZXT Kraken X63,Liquid AIO Cooler,131.59,6%,958,36209.81,0.33,Valentine's Day
2023-02-21,NZXT Kraken X63,Liquid AIO Cooler,132.99,5%,927,36335.8,0.33,Valentine's Day
2023-02-22,NZXT Kraken X63,Liquid AIO Cooler,132.5,3%,915,35420.36,0.33,No Promo
2023-02-23,NZXT Kraken X63,Liquid AIO Cooler,134.13,2%,890,35895.47,0.33,No Promo
2023-02-24,NZXT Kraken X63,Liquid AIO Cooler,132.61,2%,901,34976.95,0.33,No Promo
2023-02-25,NZXT Kraken X63,Liquid AIO Cooler,132.68,3%,913,35502.34,0.33,No Promo
2023-02-26,NZXT Kraken X63,Liquid AIO Cooler,133.83,1%,906,36273.62,0.33,No Promo
2023-02-27,NZXT Kraken X63,Liquid AIO Cooler,135.88,0%,883,37162.74,0.33,No Promo
2023-02-28,NZXT Kraken X63,Liquid AIO Cooler,136.84,0%,899,38698.94,0.33,No Promo
2023-03-01,NZXT Kraken X63,Liquid AIO Cooler,135.78,0%,871,36571.1,0.33,No Promo
2023-03-02,NZXT Kraken X63,Liquid AIO Cooler,132.23,3%,937,36014.88,0.33,No Promo
2023-03-03,NZXT Kraken X63,Liquid AIO Cooler,133.17,1%,901,35478.02,0.33,No Promo
2023-03-04,NZXT Kraken X63,Liquid AIO Cooler,134.26,2%,901,36459.25,0.33,No Promo
2023-03-05,NZXT Kraken X63,Liquid AIO Cooler,136.7,0%,868,37239.63,0.33,No Promo
2023-03-06,NZXT Kraken X63,Liquid AIO Cooler,134.29,1%,912,36932.64,0.33,No Promo
2023-03-07,NZXT Kraken X63,Liquid AIO Cooler,134.62,1%,909,37107.76,0.33,No Promo
2023-03-08,NZXT Kraken X63,Liquid AIO Cooler,132.11,2%,904,34637.97,0.33,No Promo
2023-03-09,NZXT Kraken X63,Liquid AIO Cooler,132.55,3%,913,35382.75,0.33,No Promo
2023-03-10,NZXT Kraken X63,Liquid AIO Cooler,131.59,3%,922,34844.88,0.33,No Promo
2023-03-11,NZXT Kraken X63,Liquid AIO Cooler,130.6,3%,920,33866.1,0.33,No Promo
2023-03-12,NZXT Kraken X63,Liquid AIO Cooler,133.05,1%,887,34823.3,0.33,No Promo
2023-03-13,NZXT Kraken X63,Liquid AIO Cooler,130.57,3%,911,33501.18,0.33,No Promo
2023-03-14,NZXT Kraken X63,Liquid AIO Cooler,136.51,0%,889,37971.71,0.33,No Promo
2023-03-15,NZXT Kraken X63,Liquid AIO Cooler,131.72,2%,915,34703.1,0.33,No Promo
2023-03-16,NZXT Kraken X63,Liquid AIO Cooler,130.51,3%,908,33339.29,0.33,No Promo
2023-03-17,NZXT Kraken X63,Liquid AIO Cooler,133.49,1%,882,35014.84,0.33,No Promo
2023-03-18,NZXT Kraken X63,Liquid AIO Cooler,131.7,3%,919,34840.07,0.33,No Promo
2023-03-19,NZXT Kraken X63,Liquid AIO Cooler,130.95,3%,917,34071.13,0.33,No Promo
2023-03-20,NZXT Kraken X63,Liquid AIO Cooler,131.74,3%,925,35104.52,0.33,No Promo
2023-03-21,NZXT Kraken X63,Liquid AIO Cooler,134.93,0%,870,35786.47,0.33,No Promo
2023-03-22,NZXT Kraken X63,Liquid AIO Cooler,132.61,3%,904,35093.88,0.33,No Promo
2023-03-23,NZXT Kraken X63,Liquid AIO Cooler,131.73,2%,896,33988.88,0.33,No Promo
2023-03-24,NZXT Kraken X63,Liquid AIO Cooler,131.55,2%,911,34397.22,0.33,No Promo
2023-03-25,NZXT Kraken X63,Liquid AIO Cooler,132.37,2%,906,34953.98,0.33,No Promo
2023-03-26,NZXT Kraken X63,Liquid AIO Cooler,131.8,2%,901,34240.81,0.33,No Promo
2023-03-27,NZXT Kraken X63,Liquid AIO Cooler,132.82,1%,899,35083.58,0.33,No Promo
2023-03-28,NZXT Kraken X63,Liquid AIO Cooler,132.05,2%,904,34584.31,0.33,No Promo
2023-03-29,NZXT Kraken X63,Liquid AIO Cooler,131.7,3%,927,35142.68,0.33,No Promo
2023-03-30,NZXT Kraken X63,Liquid AIO Cooler,131.59,3%,915,34581.28,0.33,No Promo
2023-03-31,NZXT Kraken X63,Liquid AIO Cooler,133.75,2%,918,36681.53,0.33,No Promo
2023-04-01,NZXT Kraken X63,Liquid AIO Cooler,132.24,3%,908,34912.72,0.33,No Promo
2023-04-02,NZXT Kraken X63,Liquid AIO Cooler,128.79,8%,969,33912.58,0.33,Easter
2023-04-03,NZXT Kraken X63,Liquid AIO Cooler,130.19,7%,971,35341.88,0.33,Easter
2023-04-04,NZXT Kraken X63,Liquid AIO Cooler,130.19,7%,957,34832.31,0.33,Easter
2023-04-05,NZXT Kraken X63,Liquid AIO Cooler,128.79,8%,996,34857.51,0.33,Easter
2023-04-06,NZXT Kraken X63,Liquid AIO Cooler,128.79,8%,972,34017.57,0.33,Easter
2023-04-07,NZXT Kraken X63,Liquid AIO Cooler,134.39,4%,940,38161.27,0.33,Easter
2023-04-08,NZXT Kraken X63,Liquid AIO Cooler,128.79,8%,975,34122.56,0.33,Easter
2023-04-09,NZXT Kraken X63,Liquid AIO Cooler,128.79,8%,979,34262.55,0.33,Easter
2023-04-10,NZXT Kraken X63,Liquid AIO Cooler,134.39,4%,943,38283.07,0.33,Easter
2023-04-11,NZXT Kraken X63,Liquid AIO Cooler,134.39,4%,927,37633.51,0.33,Easter
2023-04-12,NZXT Kraken X63,Liquid AIO Cooler,128.79,8%,994,34787.52,0.33,Easter
2023-04-13,NZXT Kraken X63,Liquid AIO Cooler,135.79,3%,920,38637.24,0.33,Easter
2023-04-14,NZXT Kraken X63,Liquid AIO Cooler,132.99,5%,941,36884.57,0.33,Easter
2023-04-15,NZXT Kraken X63,Liquid AIO Cooler,128.79,8%,982,34367.55,0.33,Easter
2023-04-16,NZXT Kraken X63,Liquid AIO Cooler,135.79,3%,909,38175.27,0.33,Easter
2023-04-17,NZXT Kraken X63,Liquid AIO Cooler,135.87,0%,889,37408.78,0.33,No Promo
2023-04-18,NZXT Kraken X63,Liquid AIO Cooler,134.36,0%,889,36065.48,0.33,No Promo
2023-04-19,NZXT Kraken X63,Liquid AIO Cooler,134.04,1%,909,36587.78,0.33,No Promo
2023-04-20,NZXT Kraken X63,Liquid AIO Cooler,133.61,1%,898,35755.56,0.33,No Promo
2023-04-21,NZXT Kraken X63,Liquid AIO Cooler,133.2,2%,894,35230.94,0.33,No Promo
2023-04-22,NZXT Kraken X63,Liquid AIO Cooler,130.77,3%,910,33649.77,0.33,No Promo
2023-04-23,NZXT Kraken X63,Liquid AIO Cooler,134.06,0%,900,36241.74,0.33,No Promo
2023-04-24,NZXT Kraken X63,Liquid AIO Cooler,134.51,1%,886,36078.46,0.33,No Promo
2023-04-25,NZXT Kraken X63,Liquid AIO Cooler,133.84,2%,918,36767.38,0.33,No Promo
2023-04-26,NZXT Kraken X63,Liquid AIO Cooler,131.89,3%,911,34704.37,0.33,No Promo
2023-04-27,NZXT Kraken X63,Liquid AIO Cooler,131.3,3%,939,35220.83,0.33,No Promo
2023-04-28,NZXT Kraken X63,Liquid AIO Cooler,132.31,2%,925,35626.48,0.33,No Promo
2023-04-29,NZXT Kraken X63,Liquid AIO Cooler,130.46,3%,931,34137.71,0.33,No Promo
2023-04-30,NZXT Kraken X63,Liquid AIO Cooler,133.5,2%,908,36056.63,0.33,No Promo
2023-05-01,NZXT Kraken X63,Liquid AIO Cooler,134.39,4%,922,37430.53,0.33,Mother's Day
2023-05-02,NZXT Kraken X63,Liquid AIO Cooler,137.19,2%,891,38666.64,0.33,Mother's Day
2023-05-03,NZXT Kraken X63,Liquid AIO Cooler,132.99,5%,932,36531.79,0.33,Mother's Day
2023-05-04,NZXT Kraken X63,Liquid AIO Cooler,132.99,5%,941,36884.57,0.33,Mother's Day
2023-05-05,NZXT Kraken X63,Liquid AIO Cooler,137.19,2%,920,39925.15,0.33,Mother's Day
2023-05-06,NZXT Kraken X63,Liquid AIO Cooler,137.19,2%,910,39491.18,0.33,Mother's Day
2023-05-07,NZXT Kraken X63,Liquid AIO Cooler,132.99,5%,932,36531.79,0.33,Mother's Day
2023-05-08,NZXT Kraken X63,Liquid AIO Cooler,135.79,3%,913,38343.26,0.33,Mother's Day
2023-05-09,NZXT Kraken X63,Liquid AIO Cooler,135.79,3%,934,39225.2,0.33,Mother's Day
2023-05-10,NZXT Kraken X63,Liquid AIO Cooler,137.19,2%,893,38753.43,0.33,Mother's Day
2023-05-11,NZXT Kraken X63,Liquid AIO Cooler,134.39,4%,939,38120.68,0.33,Mother's Day
2023-05-12,NZXT Kraken X63,Liquid AIO Cooler,135.79,3%,922,38721.23,0.33,Mother's Day
2023-05-13,NZXT Kraken X63,Liquid AIO Cooler,132.99,5%,929,36414.2,0.33,Mother's Day
2023-05-14,NZXT Kraken X63,Liquid AIO Cooler,134.39,4%,951,38607.84,0.33,Mother's Day
2023-05-15,NZXT Kraken X63,Liquid AIO Cooler,132.99,5%,939,36806.17,0.33,Mother's Day
2023-05-16,NZXT Kraken X63,Liquid AIO Cooler,129.69,3%,935,33559.47,0.33,No Promo
2023-05-17,NZXT Kraken X63,Liquid AIO Cooler,134.24,1%,904,36566.32,0.33,No Promo
2023-05-18,NZXT Kraken X63,Liquid AIO Cooler,134.68,1%,889,36349.58,0.33,No Promo
2023-05-19,NZXT Kraken X63,Liquid AIO Cooler,131.63,3%,929,35147.06,0.33,No Promo
2023-05-20,NZXT Kraken X63,Liquid AIO Cooler,132.38,1%,887,34227.23,0.33,No Promo
2023-05-21,NZXT Kraken X63,Liquid AIO Cooler,134.88,1%,879,36118.92,0.33,No Promo
2023-05-22,NZXT Kraken X63,Liquid AIO Cooler,133.77,0%,872,34857.86,0.33,No Promo
2023-05-23,NZXT Kraken X63,Liquid AIO Cooler,132.72,1%,893,34759.16,0.33,No Promo
2023-05-24,NZXT Kraken X63,Liquid AIO Cooler,133.33,1%,900,35578.64,0.33,No Promo
2023-05-25,NZXT Kraken X63,Liquid AIO Cooler,131.16,3%,925,34567.83,0.33,No Promo
2023-05-26,NZXT Kraken X63,Liquid AIO Cooler,132.19,3%,935,35903.01,0.33,No Promo
2023-05-27,NZXT Kraken X63,Liquid AIO Cooler,132.74,1%,911,35479.59,0.33,No Promo
2023-05-28,NZXT Kraken X63,Liquid AIO Cooler,133.78,0%,867,34666.46,0.33,No Promo
2023-05-29,NZXT Kraken X63,Liquid AIO Cooler,131.01,3%,903,33606.48,0.33,No Promo
2023-05-30,NZXT Kraken X63,Liquid AIO Cooler,134.29,0%,886,35879.87,0.33,No Promo
2023-05-31,NZXT Kraken X63,Liquid AIO Cooler,129.63,3%,903,32363.42,0.33,No Promo
2023-06-01,NZXT Kraken X63,Liquid AIO Cooler,132.96,2%,914,35801.77,0.33,No Promo
2023-06-02,NZXT Kraken X63,Liquid AIO Cooler,133.22,1%,909,35838.08,0.33,No Promo
2023-06-03,NZXT Kraken X63,Liquid AIO Cooler,133.94,0%,872,35009.87,0.33,No Promo
2023-06-04,NZXT Kraken X63,Liquid AIO Cooler,132.17,2%,898,34464.77,0.33,No Promo
2023-06-05,NZXT Kraken X63,Liquid AIO Cooler,131.35,2%,899,33764.04,0.33,No Promo
2023-06-06,NZXT Kraken X63,Liquid AIO Cooler,131.39,2%,907,34096.83,0.33,No Promo
2023-06-07,NZXT Kraken X63,Liquid AIO Cooler,131.12,3%,922,34416.6,0.33,No Promo
2023-06-08,NZXT Kraken X63,Liquid AIO Cooler,130.82,3%,930,34433.06,0.33,No Promo
2023-06-09,NZXT Kraken X63,Liquid AIO Cooler,134.45,0%,896,36431.64,0.33,No Promo
2023-06-10,NZXT Kraken X63,Liquid AIO Cooler,132.35,1%,908,35005.68,0.33,No Promo
2023-06-11,NZXT Kraken X63,Liquid AIO Cooler,134.04,1%,912,36705.65,0.33,No Promo
2023-06-12,NZXT Kraken X63,Liquid AIO Cooler,131.72,2%,891,33793.7,0.33,No Promo
2023-06-13,NZXT Kraken X63,Liquid AIO Cooler,133.09,2%,906,35601.93,0.33,No Promo
2023-06-14,NZXT Kraken X63,Liquid AIO Cooler,132.91,1%,912,35672.38,0.33,No Promo
2023-06-15,NZXT Kraken X63,Liquid AIO Cooler,129.67,3%,923,33114.62,0.33,No Promo
2023-06-16,NZXT Kraken X63,Liquid AIO Cooler,132.84,1%,880,34364.51,0.33,No Promo
2023-06-17,NZXT Kraken X63,Liquid AIO Cooler,132.95,1%,886,34688.8,0.33,No Promo
2023-06-18,NZXT Kraken X63,Liquid AIO Cooler,134.29,1%,879,35598.65,0.33,No Promo
2023-06-19,NZXT Kraken X63,Liquid AIO Cooler,132.08,1%,881,33729.9,0.33,No Promo
2023-06-20,NZXT Kraken X63,Liquid AIO Cooler,134.37,1%,902,36598.74,0.33,No Promo
2023-06-21,NZXT Kraken X63,Liquid AIO Cooler,130.85,2%,913,33829.46,0.33,No Promo
2023-06-22,NZXT Kraken X63,Liquid AIO Cooler,133.53,0%,894,35520.76,0.33,No Promo
2023-06-23,NZXT Kraken X63,Liquid AIO Cooler,135.4,0%,874,36362.89,0.33,No Promo
2023-06-24,NZXT Kraken X63,Liquid AIO Cooler,131.59,3%,926,34997.11,0.33,No Promo
2023-06-25,NZXT Kraken X63,Liquid AIO Cooler,129.8,3%,937,33735.27,0.33,No Promo
