cpu_cooler_sales_data.csv
date,product,category,price,discount,quantity_sold,profit,profit_margin,event
2023-06-26,NZXT Kraken X63,Liquid AIO Cooler,129.86,3%,939,33868.08,0.33,No Promo
2023-06-27,NZXT Kraken X63,Liquid AIO Cooler,130.98,3%,920,34210.39,0.33,No Promo
2023-06-28,NZXT Kraken X63,Liquid AIO Cooler,134.37,1%,906,36759.34,0.33,No Promo
2023-06-29,NZXT Kraken X63,Liquid AIO Cooler,133.61,1%,901,35877.13,0.33,No Promo
2023-06-30,NZXT Kraken X63,Liquid AIO Cooler,132.28,2%,911,35065.14,0.33,No Promo
2023-07-01,NZXT Kraken X63,Liquid AIO Cooler,133.06,2%,925,36320.51,0.33,No Promo
2023-07-02,NZXT Kraken X63,Liquid AIO Cooler,134.41,1%,895,36352.89,0.33,No Promo
2023-07-03,NZXT Kraken X63,Liquid AIO Cooler,131.57,2%,892,33694.7,0.33,No Promo
2023-07-04,NZXT Kraken X63,Liquid AIO Cooler,135.25,0%,894,37062.13,0.33,No Promo
2023-07-05,NZXT Kraken X63,Liquid AIO Cooler,131.18,3%,923,34507.88,0.33,No Promo
2023-07-06,NZXT Kraken X63,Liquid AIO Cooler,135.62,0%,897,37518.92,0.33,No Promo
2023-07-07,NZXT Kraken X63,Liquid AIO Cooler,134.48,1%,911,37069.74,0.33,No Promo
2023-07-08,NZXT Kraken X63,Liquid AIO Cooler,133.71,1%,895,35727.51,0.33,No Promo
2023-07-09,NZXT Kraken X63,Liquid AIO Cooler,134.03,0%,888,35734.35,0.33,No Promo
2023-07-10,NZXT Kraken X63,Liquid AIO Cooler,123.19,12%,1028,30221.04,0.33,Amazon Prime Day
2023-07-11,NZXT Kraken X63,Liquid AIO Cooler,121.79,13%,1062,29733.88,0.33,Amazon Prime Day
2023-07-12,NZXT Kraken X63,Liquid AIO Cooler,124.59,11%,1040,32029.71,0.33,Amazon Prime Day
2023-07-13,NZXT Kraken X63,Liquid AIO Cooler,125.99,10%,991,31907.92,0.33,Amazon Prime Day
2023-07-14,NZXT Kraken X63,Liquid AIO Cooler,120.39,14%,1068,28406.77,0.33,Amazon Prime Day
2023-07-15,NZXT Kraken X63,Liquid AIO Cooler,124.59,11%,1026,31598.54,0.33,Amazon Prime Day
2023-07-16,NZXT Kraken X63,Liquid AIO Cooler,118.99,15%,1089,27440.84,0.33,Amazon Prime Day
2023-07-17,NZXT Kraken X63,Liquid AIO Cooler,118.99,15%,1059,26684.89,0.33,Amazon Prime Day
2023-07-18,NZXT Kraken X63,Liquid AIO Cooler,118.99,15%,1083,27289.65,0.33,Amazon Prime Day
2023-07-19,NZXT Kraken X63,Liquid AIO Cooler,124.59,11%,1017,31321.36,0.33,Amazon Prime Day
2023-07-20,NZXT Kraken X63,Liquid AIO Cooler,125.99,10%,995,32036.71,0.33,Amazon Prime Day
2023-07-21,NZXT Kraken X63,Liquid AIO Cooler,118.99,15%,1085,27340.05,0.33,Amazon Prime Day
2023-07-22,NZXT Kraken X63,Liquid AIO Cooler,118.99,15%,1051,26483.31,0.33,Amazon Prime Day
2023-07-23,NZXT Kraken X63,Liquid AIO Cooler,120.39,14%,1040,27662.02,0.33,Amazon Prime Day
2023-07-24,NZXT Kraken X63,Liquid AIO Cooler,130.71,2%,911,33635.18,0.33,No Promo
2023-07-25,NZXT Kraken X63,Liquid AIO Cooler,132.9,2%,908,35512.7,0.33,No Promo
2023-07-26,NZXT Kraken X63,Liquid AIO Cooler,132.82,1%,901,35164.4,0.33,No Promo
2023-07-27,NZXT Kraken X63,Liquid AIO Cooler,132.78,1%,880,34305.6,0.33,No Promo
2023-07-28,NZXT Kraken X63,Liquid AIO Cooler,132.41,1%,881,34020.25,0.33,No Promo
2023-07-29,NZXT Kraken X63,Liquid AIO Cooler,135.37,0%,868,36092.6,0.33,No Promo
2023-07-30,NZXT Kraken X63,Liquid AIO Cooler,134.94,0%,890,36622.92,0.33,No Promo
2023-07-31,NZXT Kraken X63,Liquid AIO Cooler,130.51,2%,918,33706.43,0.33,No Promo
2023-08-01,NZXT Kraken X63,Liquid AIO Cooler,132.99,5%,934,36610.18,0.33,Back-to-School
2023-08-02,NZXT Kraken X63,Liquid AIO Cooler,132.99,5%,949,37198.14,0.33,Back-to-School
2023-08-03,NZXT Kraken X63,Liquid AIO Cooler,135.79,3%,937,39351.19,0.33,Back-to-School
2023-08-04,NZXT Kraken X63,Liquid AIO Cooler,132.99,5%,946,37080.55,0.33,Back-to-School
2023-08-05,NZXT Kraken X63,Liquid AIO Cooler,132.99,5%,931,36492.59,0.33,Back-to-School
2023-08-06,NZXT Kraken X63,Liquid AIO Cooler,132.99,5%,928,36375.0,0.33,Back-to-School
2023-08-07,NZXT Kraken X63,Liquid AIO Cooler,134.39,4%,936,37998.89,0.33,Back-to-School
2023-08-08,NZXT Kraken X63,Liquid AIO Cooler,135.79,3%,925,38847.22,0.33,Back-to-School
2023-08-09,NZXT Kraken X63,Liquid AIO Cooler,132.99,5%,948,37158.95,0.33,Back-to-School
2023-08-10,NZXT Kraken X63,Liquid AIO Cooler,135.79,3%,926,38889.22,0.33,Back-to-School
2023-08-11,NZXT Kraken X63,Liquid AIO Cooler,134.39,4%,929,37714.71,0.33,Back-to-School
2023-08-12,NZXT Kraken X63,Liquid AIO Cooler,135.79,3%,920,38637.24,0.33,Back-to-School
2023-08-13,NZXT Kraken X63,Liquid AIO Cooler,134.39,4%,934,37917.69,0.33,Back-to-School
2023-08-14,NZXT Kraken X63,Liquid AIO Cooler,135.79,3%,928,38973.22,0.33,Back-to-School
2023-08-15,NZXT Kraken X63,Liquid AIO Cooler,131.21,2%,904,33825.32,0.33,No Promo
2023-08-16,NZXT Kraken X63,Liquid AIO Cooler,132.59,2%,909,35263.91,0.33,No Promo
2023-08-17,NZXT Kraken X63,Liquid AIO Cooler,132.81,1%,887,34606.05,0.33,No Promo
2023-08-18,NZXT Kraken X63,Liquid AIO Cooler,129.07,3%,909,32070.71,0.33,No Promo
2023-08-19,NZXT Kraken X63,Liquid AIO Cooler,131.15,3%,912,34071.44,0.33,No Promo
2023-08-20,NZXT Kraken X63,Liquid AIO Cooler,130.25,3%,921,33572.21,0.33,No Promo
2023-08-21,NZXT Kraken X63,Liquid AIO Cooler,135.03,0%,881,36328.91,0.33,No Promo
2023-08-22,NZXT Kraken X63,Liquid AIO Cooler,133.89,1%,905,36287.81,0.33,No Promo
2023-08-23,NZXT Kraken X63,Liquid AIO Cooler,130.01,3%,904,32739.92,0.33,No Promo
2023-08-24,NZXT Kraken X63,Liquid AIO Cooler,131.4,1%,880,33095.81,0.33,No Promo
2023-08-25,NZXT Kraken X63,Liquid AIO Cooler,130.87,3%,914,33886.91,0.33,No Promo
2023-08-26,NZXT Kraken X63,Liquid AIO Cooler,132.09,2%,905,34659.55,0.33,No Promo
2023-08-27,NZXT Kraken X63,Liquid AIO Cooler,129.42,3%,936,33345.23,0.33,No Promo
2023-08-28,NZXT Kraken X63,Liquid AIO Cooler,130.4,3%,909,33277.33,0.33,No Promo
2023-08-29,NZXT Kraken X63,Liquid AIO Cooler,131.54,1%,899,33937.33,0.33,No Promo
2023-08-30,NZXT Kraken X63,Liquid AIO Cooler,134.02,0%,891,35838.61,0.33,No Promo
2023-08-31,NZXT Kraken X63,Liquid AIO Cooler,131.82,2%,906,34452.82,0.33,No Promo
2023-09-01,NZXT Kraken X63,Liquid AIO Cooler,129.17,3%,934,33040.6,0.33,No Promo
2023-09-02,NZXT Kraken X63,Liquid AIO Cooler,130.82,2%,892,33029.18,0.33,No Promo
2023-09-03,NZXT Kraken X63,Liquid AIO Cooler,130.4,2%,917,33567.59,0.33,No Promo
2023-09-04,NZXT Kraken X63,Liquid AIO Cooler,132.59,0%,873,33867.27,0.33,No Promo
2023-09-05,NZXT Kraken X63,Liquid AIO Cooler,130.8,3%,910,33675.04,0.33,No Promo
2023-09-06,NZXT Kraken X63,Liquid AIO Cooler,133.65,1%,900,35874.1,0.33,No Promo
2023-09-07,NZXT Kraken X63,Liquid AIO Cooler,135.04,0%,888,36626.12,0.33,No Promo
2023-09-08,NZXT Kraken X63,Liquid AIO Cooler,134.93,0%,868,35703.9,0.33,No Promo
2023-09-09,NZXT Kraken X63,Liquid AIO Cooler,134.62,0%,873,35639.28,0.33,No Promo
2023-09-10,NZXT Kraken X63,Liquid AIO Cooler,131.86,2%,899,34219.13,0.33,No Promo
2023-09-11,NZXT Kraken X63,Liquid AIO Cooler,131.14,2%,902,33689.2,0.33,No Promo
2023-09-12,NZXT Kraken X63,Liquid AIO Cooler,133.4,1%,897,35526.3,0.33,No Promo
2023-09-13,NZXT Kraken X63,Liquid AIO Cooler,132.97,0%,879,34437.94,0.33,No Promo
2023-09-14,NZXT Kraken X63,Liquid AIO Cooler,132.33,1%,909,35033.9,0.33,No Promo
2023-09-15,NZXT Kraken X63,Liquid AIO Cooler,132.31,1%,899,34623.56,0.33,No Promo
2023-09-16,NZXT Kraken X63,Liquid AIO Cooler,132.3,2%,903,34768.39,0.33,No Promo
2023-09-17,NZXT Kraken X63,Liquid AIO Cooler,133.11,0%,885,34791.75,0.33,No Promo
2023-09-18,NZXT Kraken X63,Liquid AIO Cooler,132.08,2%,894,34231.46,0.33,No Promo
2023-09-19,NZXT Kraken X63,Liquid AIO Cooler,132.12,2%,911,34914.29,0.33,No Promo
2023-09-20,NZXT Kraken X63,Liquid AIO Cooler,134.41,0%,873,35459.47,0.33,No Promo
2023-09-21,NZXT Kraken X63,Liquid AIO Cooler,132.45,1%,889,34366.63,0.33,No Promo
2023-09-22,NZXT Kraken X63,Liquid AIO Cooler,131.21,1%,901,33711.41,0.33,No Promo
2023-09-23,NZXT Kraken X63,Liquid AIO Cooler,132.21,2%,904,34726.44,0.33,No Promo
2023-09-24,NZXT Kraken X63,Liquid AIO Cooler,131.5,1%,895,33745.71,0.33,No Promo
2023-09-25,NZXT Kraken X63,Liquid AIO Cooler,131.8,2%,913,34698.5,0.33,No Promo
2023-09-26,NZXT Kraken X63,Liquid AIO Cooler,132.12,1%,891,34147.71,0.33,No Promo
2023-09-27,NZXT Kraken X63,Liquid AIO Cooler,132.53,0%,885,34281.58,0.33,No Promo
2023-09-28,NZXT Kraken X63,Liquid AIO Cooler,132.47,1%,909,35159.73,0.33,No Promo
2023-09-29,NZXT Kraken X63,Liquid AIO Cooler,131.32,2%,909,34108.43,0.33,No Promo
2023-09-30,NZXT Kraken X63,Liquid AIO Cooler,133.47,0%,894,35473.34,0.33,No Promo
2023-10-01,NZXT Kraken X63,Liquid AIO Cooler,131.58,2%,916,34616.01,0.33,No Promo
2023-10-02,NZXT Kraken X63,Liquid AIO Cooler,128.84,3%,924,32379.05,0.33,No Promo
2023-10-03,NZXT Kraken X63,Liquid AIO Cooler,131.68,1%,890,33719.92,0.33,No Promo
2023-10-04,NZXT Kraken X63,Liquid AIO Cooler,132.53,0%,877,33969.54,0.33,No Promo
2023-10-05,NZXT Kraken X63,Liquid AIO Cooler,129.04,3%,916,32283.32,0.33,No Promo
2023-10-06,NZXT Kraken X63,Liquid AIO Cooler,130.81,3%,907,33572.19,0.33,No Promo
2023-10-07,NZXT Kraken X63,Liquid AIO Cooler,131.65,2%,906,34301.0,0.33,No Promo
2023-10-08,NZXT Kraken X63,Liquid AIO Cooler,128.36,3%,915,31632.71,0.33,No Promo
2023-10-09,NZXT Kraken X63,Liquid AIO Cooler,132.03,2%,921,35219.8,0.33,No Promo
2023-10-10,NZXT Kraken X63,Liquid AIO Cooler,130.25,3%,918,33464.8,0.33,No Promo
2023-10-11,NZXT Kraken X63,Liquid AIO Cooler,131.83,1%,895,34043.02,0.33,No Promo
2023-10-12,NZXT Kraken X63,Liquid AIO Cooler,132.16,2%,894,34299.56,0.33,No Promo
2023-10-13,NZXT Kraken X63,Liquid AIO Cooler,129.24,3%,927,32862.4,0.33,No Promo
2023-10-14,NZXT Kraken X63,Liquid AIO Cooler,129.43,3%,916,32645.47,0.33,No Promo
2023-10-15,NZXT Kraken X63,Liquid AIO Cooler,130.28,2%,919,33533.27,0.33,No Promo
2023-10-16,NZXT Kraken X63,Liquid AIO Cooler,132.1,2%,901,34510.21,0.33,No Promo
2023-10-17,NZXT Kraken X63,Liquid AIO Cooler,128.51,3%,915,31764.01,0.33,No Promo
2023-10-18,NZXT Kraken X63,Liquid AIO Cooler,133.02,0%,869,34090.58,0.33,No Promo
2023-10-19,NZXT Kraken X63,Liquid AIO Cooler,129.92,2%,893,32261.55,0.33,No Promo
2023-10-20,NZXT Kraken X63,Liquid AIO Cooler,131.46,2%,915,34468.26,0.33,No Promo
2023-10-21,NZXT Kraken X63,Liquid AIO Cooler,132.5,1%,900,34835.42,0.33,No Promo
2023-10-22,NZXT Kraken X63,Liquid AIO Cooler,129.19,3%,920,32565.36,0.33,No Promo
2023-10-23,NZXT Kraken X63,Liquid AIO Cooler,131.77,1%,902,34259.39,0.33,No Promo
2023-10-24,NZXT Kraken X63,Liquid AIO Cooler,130.97,1%,895,33276.53,0.33,No Promo
2023-10-25,NZXT Kraken X63,Liquid AIO Cooler,129.72,3%,925,33230.89,0.33,No Promo
2023-10-26,NZXT Kraken X63,Liquid AIO Cooler,131.26,1%,914,34242.63,0.33,No Promo
2023-10-27,NZXT Kraken X63,Liquid AIO Cooler,130.45,3%,912,33435.1,0.33,No Promo
2023-10-28,NZXT Kraken X63,Liquid AIO Cooler,134.47,0%,897,36487.34,0.33,No Promo
2023-10-29,NZXT Kraken X63,Liquid AIO Cooler,133.1,1%,897,35254.45,0.33,No Promo
2023-10-30,NZXT Kraken X63,Liquid AIO Cooler,128.25,3%,910,31357.36,0.33,No Promo
2023-10-31,NZXT Kraken X63,Liquid AIO Cooler,129.81,2%,916,32988.28,0.33,No Promo
2023-11-01,NZXT Kraken X63,Liquid AIO Cooler,134.1,0%,895,36076.75,0.33,No Promo
2023-11-02,NZXT Kraken X63,Liquid AIO Cooler,131.71,1%,908,34424.95,0.33,No Promo
2023-11-03,NZXT Kraken X63,Liquid AIO Cooler,132.07,0%,881,33725.73,0.33,No Promo
2023-11-04,NZXT Kraken X63,Liquid AIO Cooler,131.37,2%,915,34379.52,0.33,No Promo
2023-11-05,NZXT Kraken X63,Liquid AIO Cooler,129.13,3%,932,32932.73,0.33,No Promo
2023-11-06,NZXT Kraken X63,Liquid AIO Cooler,129.95,2%,902,32611.83,0.33,No Promo
2023-11-07,NZXT Kraken X63,Liquid AIO Cooler,128.0,3%,916,31334.77,0.33,No Promo
2023-11-08,NZXT Kraken X63,Liquid AIO Cooler,131.82,2%,896,34075.04,0.33,No Promo
2023-11-09,NZXT Kraken X63,Liquid AIO Cooler,133.22,0%,891,35130.15,0.33,No Promo
2023-11-10,NZXT Kraken X63,Liquid AIO Cooler,130.6,2%,916,33710.96,0.33,No Promo
2023-11-11,NZXT Kraken X63,Liquid AIO Cooler,131.44,2%,893,33622.73,0.33,No Promo
2023-11-12,NZXT Kraken X63,Liquid AIO Cooler,129.32,3%,923,32794.85,0.33,No Promo
2023-11-13,NZXT Kraken X63,Liquid AIO Cooler,129.56,3%,936,33478.65,0.33,No Promo
2023-11-14,NZXT Kraken X63,Liquid AIO Cooler,129.55,2%,916,32750.69,0.33,No Promo
2023-11-15,NZXT Kraken X63,Liquid AIO Cooler,129.49,3%,921,32880.57,0.33,No Promo
2023-11-16,NZXT Kraken X63,Liquid AIO Cooler,131.85,1%,892,33947.3,0.33,No Promo
2023-11-17,NZXT Kraken X63,Liquid AIO Cooler,116.19,17%,1108,24817.43,0.33,Black Friday
2023-11-18,NZXT Kraken X63,Liquid AIO Cooler,118.99,15%,1091,27491.24,0.33,Black Friday
2023-11-19,NZXT Kraken X63,Liquid AIO Cooler,118.99,15%,1052,26508.51,0.33,Black Friday
2023-11-20,NZXT Kraken X63,Liquid AIO Cooler,116.19,17%,1108,24817.43,0.33,Black Friday
2023-11-21,NZXT Kraken X63,Liquid AIO Cooler,114.79,18%,1117,23455.32,0.33,Black Friday
2023-11-22,NZXT Kraken X63,Liquid AIO Cooler,113.39,19%,1121,21970.03,0.33,Black Friday
2023-11-23,NZXT Kraken X63,Liquid AIO Cooler,114.79,18%,1118,23476.32,0.33,Black Friday
2023-11-24,NZXT Kraken X63,Liquid AIO Cooler,117.59,16%,1094,26035.34,0.33,Black Friday
2023-11-25,NZXT Kraken X63,Liquid AIO Cooler,113.39,19%,1125,22048.43,0.33,Black Friday
2023-11-26,NZXT Kraken X63,Liquid AIO Cooler,114.79,18%,1091,22909.36,0.33,Black Friday
2023-11-27,NZXT Kraken X63,Liquid AIO Cooler,118.99,15%,1083,27289.65,0.33,Black Friday
2023-11-28,NZXT Kraken X63,Liquid AIO Cooler,111.99,20%,1153,20983.1,0.33,Black Friday
2023-11-29,NZXT Kraken X63,Liquid AIO Cooler,114.79,18%,1092,22930.36,0.33,Black Friday
2023-11-30,NZXT Kraken X63,Liquid AIO Cooler,116.19,17%,1084,24279.87,0.33,Black Friday
2023-12-01,NZXT Kraken X63,Liquid AIO Cooler,118.99,15%,1085,27340.05,0.33,Black Friday
2023-12-02,NZXT Kraken X63,Liquid AIO Cooler,130.36,1%,899,32869.94,0.33,No Promo
2023-12-03,NZXT Kraken X63,Liquid AIO Cooler,130.1,2%,926,33621.34,0.33,No Promo
2023-12-04,NZXT Kraken X63,Liquid AIO Cooler,132.65,1%,913,35479.85,0.33,No Promo
2023-12-05,NZXT Kraken X63,Liquid AIO Cooler,130.85,1%,903,33464.15,0.33,No Promo
2023-12-06,NZXT Kraken X63,Liquid AIO Cooler,130.29,3%,925,33760.11,0.33,No Promo
2023-12-07,NZXT Kraken X63,Liquid AIO Cooler,130.44,1%,910,33350.8,0.33,No Promo
2023-12-08,NZXT Kraken X63,Liquid AIO Cooler,128.77,3%,933,32634.67,0.33,No Promo
2023-12-09,NZXT Kraken X63,Liquid AIO Cooler,127.95,3%,919,31390.41,0.33,No Promo
2023-12-10,NZXT Kraken X63,Liquid AIO Cooler,130.28,1%,890,32477.05,0.33,No Promo
2023-12-11,NZXT Kraken X63,Liquid AIO Cooler,120.39,14%,1072,28513.16,0.33,Christmas
2023-12-12,NZXT Kraken X63,Liquid AIO Cooler,121.79,13%,1057,29593.89,0.33,Christmas
2023-12-13,NZXT Kraken X63,Liquid AIO Cooler,123.19,12%,1036,30456.22,0.33,Christmas
2023-12-14,NZXT Kraken X63,Liquid AIO Cooler,121.79,13%,1045,29257.91,0.33,Christmas
2023-12-15,NZXT Kraken X63,Liquid AIO Cooler,124.59,11%,1016,31290.56,0.33,Christmas
2023-12-16,NZXT Kraken X63,Liquid AIO Cooler,118.99,15%,1075,27088.06,0.33,Christmas
2023-12-17,NZXT Kraken X63,Liquid AIO Cooler,125.99,10%,1014,32648.47,0.33,Christmas
2023-12-18,NZXT Kraken X63,Liquid AIO Cooler,120.39,14%,1048,27874.81,0.33,Christmas
2023-12-19,NZXT Kraken X63,Liquid AIO Cooler,121.79,13%,1034,28949.93,0.33,Christmas
2023-12-20,NZXT Kraken X63,Liquid AIO Cooler,124.59,11%,1035,31875.72,0.33,Christmas
2023-12-21,NZXT Kraken X63,Liquid AIO Cooler,124.59,11%,1015,31259.77,0.33,Christmas
2023-12-22,NZXT Kraken X63,Liquid AIO Cooler,123.19,12%,1036,30456.22,0.33,Christmas
2023-12-23,NZXT Kraken X63,Liquid AIO Cooler,125.99,10%,991,31907.92,0.33,Christmas
2023-12-24,NZXT Kraken X63,Liquid AIO Cooler,118.99,15%,1087,27390.44,0.33,Christmas
2023-12-25,NZXT Kraken X63,Liquid AIO Cooler,118.99,15%,1059,26684.89,0.33,Christmas
2023-12-26,NZXT Kraken X63,Liquid AIO Cooler,132.11,0%,881,33752.79,0.33,No Promo
2023-12-27,NZXT Kraken X63,Liquid AIO Cooler,131.06,2%,909,33873.18,0.33,No Promo
2023-12-28,NZXT Kraken X63,Liquid AIO Cooler,130.92,2%,895,33228.16,0.33,No Promo
2023-12-29,NZXT Kraken X63,Liquid AIO Cooler,129.5,3%,933,33318.88,0.33,No Promo
2023-12-30,NZXT Kraken X63,Liquid AIO Cooler,128.9,2%,895,31419.17,0.33,No Promo
2023-12-31,NZXT Kraken X63,Liquid AIO Cooler,128.94,2%,905,31810.24,0.33,No Promo
2022-01-01,EKWB EK-KIT P240,Custom Liquid Cooler,218.39,9%,721,53640.16,0.4,New Year's Sale
2022-01-02,EKWB EK-KIT P240,Custom Liquid Cooler,227.99,5%,702,58965.54,0.4,New Year's Sale
2022-01-03,EKWB EK-KIT P240,Custom Liquid Cooler,223.19,7%,707,55992.07,0.4,New Year's Sale
2022-01-04,EKWB EK-KIT P240,Custom Liquid Cooler,218.39,9%,732,54458.53,0.4,New Year's Sale
2022-01-05,EKWB EK-KIT P240,Custom Liquid Cooler,220.79,8%,714,54832.92,0.4,New Year's Sale
2022-01-06,EKWB EK-KIT P240,Custom Liquid Cooler,218.39,9%,719,53491.37,0.4,New Year's Sale
2022-01-07,EKWB EK-KIT P240,Custom Liquid Cooler,223.19,7%,723,57259.21,0.4,New Year's Sale
2022-01-08,EKWB EK-KIT P240,Custom Liquid Cooler,220.79,8%,707,54295.34,0.4,New Year's Sale
2022-01-09,EKWB EK-KIT P240,Custom Liquid Cooler,218.39,9%,739,54979.31,0.4,New Year's Sale
2022-01-10,EKWB EK-KIT P240,Custom Liquid Cooler,227.99,5%,690,57957.58,0.4,New Year's Sale
2022-01-11,EKWB EK-KIT P240,Custom Liquid Cooler,227.99,5%,685,57537.6,0.4,New Year's Sale
2022-01-12,EKWB EK-KIT P240,Custom Liquid Cooler,227.99,5%,688,57789.59,0.4,New Year's Sale
2022-01-13,EKWB EK-KIT P240,Custom Liquid Cooler,215.99,10%,741,53349.78,0.4,New Year's Sale
2022-01-14,EKWB EK-KIT P240,Custom Liquid Cooler,227.99,5%,691,58041.58,0.4,New Year's Sale
2022-01-15,EKWB EK-KIT P240,Custom Liquid Cooler,234.99,2%,659,59969.06,0.4,No Promo
2022-01-16,EKWB EK-KIT P240,Custom Liquid Cooler,234.62,3%,683,61899.74,0.4,No Promo
2022-01-17,EKWB EK-KIT P240,Custom Liquid Cooler,240.7,0%,664,64215.9,0.4,No Promo
2022-01-18,EKWB EK-KIT P240,Custom Liquid Cooler,230.63,3%,665,57612.05,0.4,No Promo
2022-01-19,EKWB EK-KIT P240,Custom Liquid Cooler,234.45,3%,666,60242.24,0.4,No Promo
2022-01-20,EKWB EK-KIT P240,Custom Liquid Cooler,241.13,0%,644,62558.49,0.4,No Promo
2022-01-21,EKWB EK-KIT P240,Custom Liquid Cooler,233.91,2%,660,59342.32,0.4,No Promo
2022-01-22,EKWB EK-KIT P240,Custom Liquid Cooler,237.45,0%,644,60187.16,0.4,No Promo
2022-01-23,EKWB EK-KIT P240,Custom Liquid Cooler,235.9,1%,659,60564.49,0.4,No Promo
