cpu_cooler_sales_data.csv
date,product,category,price,discount,quantity_sold,profit,profit_margin,event
2022-01-24,EKWB EK-KIT P240,Custom Liquid Cooler,236.03,2%,655,60282.51,0.4,No Promo
2022-01-25,EKWB EK-KIT P240,Custom Liquid Cooler,231.97,3%,671,59034.51,0.4,No Promo
2022-01-26,EKWB EK-KIT P240,Custom Liquid Cooler,236.39,2%,665,61440.33,0.4,No Promo
2022-01-27,EKWB EK-KIT P240,Custom Liquid Cooler,235.59,2%,660,60452.75,0.4,No Promo
2022-01-28,EKWB EK-KIT P240,Custom Liquid Cooler,232.39,3%,674,59577.04,0.4,No Promo
2022-01-29,EKWB EK-KIT P240,Custom Liquid Cooler,232.81,2%,680,60391.97,0.4,No Promo
2022-01-30,EKWB EK-KIT P240,Custom Liquid Cooler,231.08,3%,677,58959.58,0.4,No Promo
2022-01-31,EKWB EK-KIT P240,Custom Liquid Cooler,235.79,2%,674,61869.64,0.4,No Promo
2022-02-01,EKWB EK-KIT P240,Custom Liquid Cooler,238.25,0%,661,62303.9,0.4,No Promo
2022-02-02,EKWB EK-KIT P240,Custom Liquid Cooler,236.21,1%,669,61695.32,0.4,No Promo
2022-02-03,EKWB EK-KIT P240,Custom Liquid Cooler,238.64,1%,666,63037.29,0.4,No Promo
2022-02-04,EKWB EK-KIT P240,Custom Liquid Cooler,238.21,0%,652,61427.76,0.4,No Promo
2022-02-05,EKWB EK-KIT P240,Custom Liquid Cooler,241.24,0%,647,62916.83,0.4,No Promo
2022-02-06,EKWB EK-KIT P240,Custom Liquid Cooler,234.36,2%,674,60903.97,0.4,No Promo
2022-02-07,EKWB EK-KIT P240,Custom Liquid Cooler,227.99,5%,695,58377.57,0.4,Valentine's Day
2022-02-08,EKWB EK-KIT P240,Custom Liquid Cooler,227.99,5%,700,58797.55,0.4,Valentine's Day
2022-02-09,EKWB EK-KIT P240,Custom Liquid Cooler,225.59,6%,707,57688.8,0.4,Valentine's Day
2022-02-10,EKWB EK-KIT P240,Custom Liquid Cooler,227.99,5%,695,58377.57,0.4,Valentine's Day
2022-02-11,EKWB EK-KIT P240,Custom Liquid Cooler,232.79,3%,682,60559.08,0.4,Valentine's Day
2022-02-12,EKWB EK-KIT P240,Custom Liquid Cooler,232.79,3%,684,60736.67,0.4,Valentine's Day
2022-02-13,EKWB EK-KIT P240,Custom Liquid Cooler,230.39,4%,688,59440.72,0.4,Valentine's Day
2022-02-14,EKWB EK-KIT P240,Custom Liquid Cooler,232.79,3%,666,59138.34,0.4,Valentine's Day
2022-02-15,EKWB EK-KIT P240,Custom Liquid Cooler,227.99,5%,699,58713.55,0.4,Valentine's Day
2022-02-16,EKWB EK-KIT P240,Custom Liquid Cooler,223.19,7%,696,55120.9,0.4,Valentine's Day
2022-02-17,EKWB EK-KIT P240,Custom Liquid Cooler,225.59,6%,694,56628.04,0.4,Valentine's Day
2022-02-18,EKWB EK-KIT P240,Custom Liquid Cooler,227.99,5%,702,58965.54,0.4,Valentine's Day
2022-02-19,EKWB EK-KIT P240,Custom Liquid Cooler,232.79,3%,684,60736.67,0.4,Valentine's Day
2022-02-20,EKWB EK-KIT P240,Custom Liquid Cooler,232.79,3%,687,61003.06,0.4,Valentine's Day
2022-02-21,EKWB EK-KIT P240,Custom Liquid Cooler,223.19,7%,709,56150.46,0.4,Valentine's Day
2022-02-22,EKWB EK-KIT P240,Custom Liquid Cooler,238.67,0%,650,61537.92,0.4,No Promo
2022-02-23,EKWB EK-KIT P240,Custom Liquid Cooler,234.87,2%,674,61247.28,0.4,No Promo
2022-02-24,EKWB EK-KIT P240,Custom Liquid Cooler,233.77,2%,661,59343.76,0.4,No Promo
2022-02-25,EKWB EK-KIT P240,Custom Liquid Cooler,235.34,1%,658,60103.08,0.4,No Promo
2022-02-26,EKWB EK-KIT P240,Custom Liquid Cooler,239.04,0%,648,61586.65,0.4,No Promo
2022-02-27,EKWB EK-KIT P240,Custom Liquid Cooler,234.66,1%,671,60835.84,0.4,No Promo
2022-02-28,EKWB EK-KIT P240,Custom Liquid Cooler,235.93,2%,667,61321.52,0.4,No Promo
2022-03-01,EKWB EK-KIT P240,Custom Liquid Cooler,233.28,2%,667,59556.89,0.4,No Promo
2022-03-02,EKWB EK-KIT P240,Custom Liquid Cooler,234.57,2%,661,59870.1,0.4,No Promo
2022-03-03,EKWB EK-KIT P240,Custom Liquid Cooler,237.63,1%,672,62922.76,0.4,No Promo
2022-03-04,EKWB EK-KIT P240,Custom Liquid Cooler,238.97,0%,639,60690.38,0.4,No Promo
2022-03-05,EKWB EK-KIT P240,Custom Liquid Cooler,231.65,3%,688,60305.4,0.4,No Promo
2022-03-06,EKWB EK-KIT P240,Custom Liquid Cooler,240.77,0%,658,63677.98,0.4,No Promo
2022-03-07,EKWB EK-KIT P240,Custom Liquid Cooler,241.12,0%,642,62357.01,0.4,No Promo
2022-03-08,EKWB EK-KIT P240,Custom Liquid Cooler,237.6,1%,654,61216.58,0.4,No Promo
2022-03-09,EKWB EK-KIT P240,Custom Liquid Cooler,238.9,0%,661,62733.76,0.4,No Promo
2022-03-10,EKWB EK-KIT P240,Custom Liquid Cooler,236.0,2%,656,60358.74,0.4,No Promo
2022-03-11,EKWB EK-KIT P240,Custom Liquid Cooler,240.47,0%,657,63385.95,0.4,No Promo
2022-03-12,EKWB EK-KIT P240,Custom Liquid Cooler,234.7,1%,653,59232.24,0.4,No Promo
2022-03-13,EKWB EK-KIT P240,Custom Liquid Cooler,230.91,3%,676,58755.65,0.4,No Promo
2022-03-14,EKWB EK-KIT P240,Custom Liquid Cooler,239.91,0%,643,61674.94,0.4,No Promo
2022-03-15,EKWB EK-KIT P240,Custom Liquid Cooler,238.75,0%,662,62730.84,0.4,No Promo
2022-03-16,EKWB EK-KIT P240,Custom Liquid Cooler,236.84,1%,647,60072.2,0.4,No Promo
2022-03-17,EKWB EK-KIT P240,Custom Liquid Cooler,231.22,3%,677,59049.91,0.4,No Promo
2022-03-18,EKWB EK-KIT P240,Custom Liquid Cooler,233.88,2%,657,59055.54,0.4,No Promo
2022-03-19,EKWB EK-KIT P240,Custom Liquid Cooler,233.57,2%,673,60284.47,0.4,No Promo
2022-03-20,EKWB EK-KIT P240,Custom Liquid Cooler,232.46,3%,674,59625.35,0.4,No Promo
2022-03-21,EKWB EK-KIT P240,Custom Liquid Cooler,232.07,2%,662,58304.41,0.4,No Promo
2022-03-22,EKWB EK-KIT P240,Custom Liquid Cooler,233.21,2%,658,58707.24,0.4,No Promo
2022-03-23,EKWB EK-KIT P240,Custom Liquid Cooler,240.02,0%,652,62610.79,0.4,No Promo
2022-03-24,EKWB EK-KIT P240,Custom Liquid Cooler,234.14,2%,678,61120.77,0.4,No Promo
2022-03-25,EKWB EK-KIT P240,Custom Liquid Cooler,235.25,1%,672,61322.53,0.4,No Promo
2022-03-26,EKWB EK-KIT P240,Custom Liquid Cooler,233.92,1%,664,59710.2,0.4,No Promo
2022-03-27,EKWB EK-KIT P240,Custom Liquid Cooler,229.16,3%,680,57915.17,0.4,No Promo
2022-03-28,EKWB EK-KIT P240,Custom Liquid Cooler,237.2,1%,671,62544.54,0.4,No Promo
2022-03-29,EKWB EK-KIT P240,Custom Liquid Cooler,238.84,0%,656,62217.97,0.4,No Promo
2022-03-30,EKWB EK-KIT P240,Custom Liquid Cooler,229.27,3%,686,58499.47,0.4,No Promo
2022-03-31,EKWB EK-KIT P240,Custom Liquid Cooler,234.96,1%,659,59945.33,0.4,No Promo
2022-04-01,EKWB EK-KIT P240,Custom Liquid Cooler,237.49,0%,643,60118.86,0.4,No Promo
2022-04-02,EKWB EK-KIT P240,Custom Liquid Cooler,234.25,1%,658,59386.28,0.4,No Promo
2022-04-03,EKWB EK-KIT P240,Custom Liquid Cooler,238.1,0%,640,60225.44,0.4,No Promo
2022-04-04,EKWB EK-KIT P240,Custom Liquid Cooler,240.73,0%,642,62106.6,0.4,No Promo
2022-04-05,EKWB EK-KIT P240,Custom Liquid Cooler,232.98,3%,671,59706.43,0.4,No Promo
2022-04-06,EKWB EK-KIT P240,Custom Liquid Cooler,234.6,2%,679,61520.51,0.4,No Promo
2022-04-07,EKWB EK-KIT P240,Custom Liquid Cooler,235.13,1%,662,60328.99,0.4,No Promo
2022-04-08,EKWB EK-KIT P240,Custom Liquid Cooler,234.98,2%,659,59956.84,0.4,No Promo
2022-04-09,EKWB EK-KIT P240,Custom Liquid Cooler,236.91,1%,667,61973.87,0.4,No Promo
2022-04-10,EKWB EK-KIT P240,Custom Liquid Cooler,230.39,4%,684,59095.14,0.4,Easter
2022-04-11,EKWB EK-KIT P240,Custom Liquid Cooler,227.99,5%,680,57117.62,0.4,Easter
2022-04-12,EKWB EK-KIT P240,Custom Liquid Cooler,223.19,7%,700,55437.69,0.4,Easter
2022-04-13,EKWB EK-KIT P240,Custom Liquid Cooler,232.79,3%,671,59582.32,0.4,Easter
2022-04-14,EKWB EK-KIT P240,Custom Liquid Cooler,230.39,4%,677,58490.36,0.4,Easter
2022-04-15,EKWB EK-KIT P240,Custom Liquid Cooler,225.59,6%,714,58259.97,0.4,Easter
2022-04-16,EKWB EK-KIT P240,Custom Liquid Cooler,220.79,8%,715,54909.71,0.4,Easter
2022-04-17,EKWB EK-KIT P240,Custom Liquid Cooler,232.79,3%,666,59138.34,0.4,Easter
2022-04-18,EKWB EK-KIT P240,Custom Liquid Cooler,232.79,3%,686,60914.26,0.4,Easter
2022-04-19,EKWB EK-KIT P240,Custom Liquid Cooler,220.79,8%,730,56061.66,0.4,Easter
2022-04-20,EKWB EK-KIT P240,Custom Liquid Cooler,227.99,5%,680,57117.62,0.4,Easter
2022-04-21,EKWB EK-KIT P240,Custom Liquid Cooler,225.59,6%,704,57444.01,0.4,Easter
2022-04-22,EKWB EK-KIT P240,Custom Liquid Cooler,230.39,4%,690,59613.52,0.4,Easter
2022-04-23,EKWB EK-KIT P240,Custom Liquid Cooler,230.39,4%,694,59959.1,0.4,Easter
2022-04-24,EKWB EK-KIT P240,Custom Liquid Cooler,232.79,3%,668,59315.93,0.4,Easter
2022-04-25,EKWB EK-KIT P240,Custom Liquid Cooler,232.18,3%,688,60670.25,0.4,No Promo
2022-04-26,EKWB EK-KIT P240,Custom Liquid Cooler,237.17,0%,652,60750.65,0.4,No Promo
2022-04-27,EKWB EK-KIT P240,Custom Liquid Cooler,233.93,1%,670,60259.46,0.4,No Promo
2022-04-28,EKWB EK-KIT P240,Custom Liquid Cooler,235.38,1%,663,60591.34,0.4,No Promo
2022-04-29,EKWB EK-KIT P240,Custom Liquid Cooler,235.17,2%,670,61087.7,0.4,No Promo
2022-04-30,EKWB EK-KIT P240,Custom Liquid Cooler,233.91,1%,672,60420.52,0.4,No Promo
2022-05-01,EKWB EK-KIT P240,Custom Liquid Cooler,230.39,4%,690,59613.52,0.4,Mother's Day
2022-05-02,EKWB EK-KIT P240,Custom Liquid Cooler,227.99,5%,682,57285.61,0.4,Mother's Day
2022-05-03,EKWB EK-KIT P240,Custom Liquid Cooler,235.19,2%,677,61739.83,0.4,Mother's Day
2022-05-04,EKWB EK-KIT P240,Custom Liquid Cooler,235.19,2%,657,59915.9,0.4,Mother's Day
2022-05-05,EKWB EK-KIT P240,Custom Liquid Cooler,230.39,4%,693,59872.71,0.4,Mother's Day
2022-05-06,EKWB EK-KIT P240,Custom Liquid Cooler,227.99,5%,692,58125.58,0.4,Mother's Day
2022-05-07,EKWB EK-KIT P240,Custom Liquid Cooler,232.79,3%,678,60203.89,0.4,Mother's Day
2022-05-08,EKWB EK-KIT P240,Custom Liquid Cooler,230.39,4%,681,58835.95,0.4,Mother's Day
2022-05-09,EKWB EK-KIT P240,Custom Liquid Cooler,232.79,3%,686,60914.26,0.4,Mother's Day
2022-05-10,EKWB EK-KIT P240,Custom Liquid Cooler,235.19,2%,659,60098.3,0.4,Mother's Day
2022-05-11,EKWB EK-KIT P240,Custom Liquid Cooler,230.39,4%,696,60131.89,0.4,Mother's Day
2022-05-12,EKWB EK-KIT P240,Custom Liquid Cooler,235.19,2%,680,62013.42,0.4,Mother's Day
2022-05-13,EKWB EK-KIT P240,Custom Liquid Cooler,232.79,3%,669,59404.72,0.4,Mother's Day
2022-05-14,EKWB EK-KIT P240,Custom Liquid Cooler,235.19,2%,659,60098.3,0.4,Mother's Day
2022-05-15,EKWB EK-KIT P240,Custom Liquid Cooler,232.79,3%,676,60026.3,0.4,Mother's Day
2022-05-16,EKWB EK-KIT P240,Custom Liquid Cooler,229.52,3%,680,58157.91,0.4,No Promo
2022-05-17,EKWB EK-KIT P240,Custom Liquid Cooler,233.38,1%,673,60154.1,0.4,No Promo
2022-05-18,EKWB EK-KIT P240,Custom Liquid Cooler,234.56,2%,676,61223.17,0.4,No Promo
2022-05-19,EKWB EK-KIT P240,Custom Liquid Cooler,231.17,3%,688,59975.68,0.4,No Promo
2022-05-20,EKWB EK-KIT P240,Custom Liquid Cooler,232.3,3%,682,60227.98,0.4,No Promo
2022-05-21,EKWB EK-KIT P240,Custom Liquid Cooler,231.59,3%,689,60351.42,0.4,No Promo
2022-05-22,EKWB EK-KIT P240,Custom Liquid Cooler,231.38,2%,674,58899.79,0.4,No Promo
2022-05-23,EKWB EK-KIT P240,Custom Liquid Cooler,239.63,0%,643,61496.5,0.4,No Promo
2022-05-24,EKWB EK-KIT P240,Custom Liquid Cooler,235.3,1%,670,61177.18,0.4,No Promo
2022-05-25,EKWB EK-KIT P240,Custom Liquid Cooler,239.67,0%,642,61422.21,0.4,No Promo
2022-05-26,EKWB EK-KIT P240,Custom Liquid Cooler,236.24,1%,669,61715.16,0.4,No Promo
2022-05-27,EKWB EK-KIT P240,Custom Liquid Cooler,236.91,0%,647,60113.74,0.4,No Promo
2022-05-28,EKWB EK-KIT P240,Custom Liquid Cooler,230.11,3%,665,57266.61,0.4,No Promo
2022-05-29,EKWB EK-KIT P240,Custom Liquid Cooler,237.99,0%,644,60532.29,0.4,No Promo
2022-05-30,EKWB EK-KIT P240,Custom Liquid Cooler,231.45,2%,659,57633.59,0.4,No Promo
2022-05-31,EKWB EK-KIT P240,Custom Liquid Cooler,230.42,2%,671,57989.01,0.4,No Promo
2022-06-01,EKWB EK-KIT P240,Custom Liquid Cooler,236.98,1%,651,60532.65,0.4,No Promo
2022-06-02,EKWB EK-KIT P240,Custom Liquid Cooler,233.21,2%,663,59149.95,0.4,No Promo
2022-06-03,EKWB EK-KIT P240,Custom Liquid Cooler,237.0,1%,648,60264.79,0.4,No Promo
2022-06-04,EKWB EK-KIT P240,Custom Liquid Cooler,238.68,0%,660,62489.49,0.4,No Promo
2022-06-05,EKWB EK-KIT P240,Custom Liquid Cooler,228.31,3%,690,58178.21,0.4,No Promo
2022-06-06,EKWB EK-KIT P240,Custom Liquid Cooler,234.19,2%,668,60250.04,0.4,No Promo
2022-06-07,EKWB EK-KIT P240,Custom Liquid Cooler,238.87,0%,651,61762.76,0.4,No Promo
2022-06-08,EKWB EK-KIT P240,Custom Liquid Cooler,236.37,0%,646,59671.95,0.4,No Promo
2022-06-09,EKWB EK-KIT P240,Custom Liquid Cooler,234.3,1%,648,58516.32,0.4,No Promo
2022-06-10,EKWB EK-KIT P240,Custom Liquid Cooler,239.29,0%,649,61845.92,0.4,No Promo
2022-06-11,EKWB EK-KIT P240,Custom Liquid Cooler,231.65,2%,677,59341.53,0.4,No Promo
2022-06-12,EKWB EK-KIT P240,Custom Liquid Cooler,227.85,3%,665,55761.31,0.4,No Promo
2022-06-13,EKWB EK-KIT P240,Custom Liquid Cooler,235.62,1%,649,59463.74,0.4,No Promo
2022-06-14,EKWB EK-KIT P240,Custom Liquid Cooler,231.72,3%,680,59653.36,0.4,No Promo
2022-06-15,EKWB EK-KIT P240,Custom Liquid Cooler,233.04,1%,650,57882.38,0.4,No Promo
2022-06-16,EKWB EK-KIT P240,Custom Liquid Cooler,236.27,1%,648,59796.75,0.4,No Promo
2022-06-17,EKWB EK-KIT P240,Custom Liquid Cooler,232.0,3%,679,59757.41,0.4,No Promo
2022-06-18,EKWB EK-KIT P240,Custom Liquid Cooler,236.05,0%,649,59743.72,0.4,No Promo
2022-06-19,EKWB EK-KIT P240,Custom Liquid Cooler,229.38,3%,678,57893.01,0.4,No Promo
2022-06-20,EKWB EK-KIT P240,Custom Liquid Cooler,228.98,3%,679,57707.77,0.4,No Promo
2022-06-21,EKWB EK-KIT P240,Custom Liquid Cooler,239.06,0%,653,62074.86,0.4,No Promo
2022-06-22,EKWB EK-KIT P240,Custom Liquid Cooler,228.27,3%,680,57308.29,0.4,No Promo
2022-06-23,EKWB EK-KIT P240,Custom Liquid Cooler,228.82,3%,683,57935.45,0.4,No Promo
2022-06-24,EKWB EK-KIT P240,Custom Liquid Cooler,234.65,2%,670,60737.93,0.4,No Promo
2022-06-25,EKWB EK-KIT P240,Custom Liquid Cooler,232.28,1%,650,57384.77,0.4,No Promo
2022-06-26,EKWB EK-KIT P240,Custom Liquid Cooler,232.15,2%,671,59153.22,0.4,No Promo
2022-06-27,EKWB EK-KIT P240,Custom Liquid Cooler,235.92,1%,650,59752.5,0.4,No Promo
2022-06-28,EKWB EK-KIT P240,Custom Liquid Cooler,232.23,2%,660,58233.76,0.4,No Promo
2022-06-29,EKWB EK-KIT P240,Custom Liquid Cooler,230.18,2%,672,57915.03,0.4,No Promo
2022-06-30,EKWB EK-KIT P240,Custom Liquid Cooler,230.77,2%,676,58659.74,0.4,No Promo
2022-07-01,EKWB EK-KIT P240,Custom Liquid Cooler,235.36,1%,648,59202.99,0.4,No Promo
2022-07-02,EKWB EK-KIT P240,Custom Liquid Cooler,230.12,3%,675,58132.35,0.4,No Promo
2022-07-03,EKWB EK-KIT P240,Custom Liquid Cooler,237.73,0%,643,60271.71,0.4,No Promo
2022-07-04,EKWB EK-KIT P240,Custom Liquid Cooler,236.51,0%,654,60504.13,0.4,No Promo
2022-07-05,EKWB EK-KIT P240,Custom Liquid Cooler,230.51,3%,686,59349.47,0.4,No Promo
2022-07-06,EKWB EK-KIT P240,Custom Liquid Cooler,236.64,1%,661,61240.83,0.4,No Promo
2022-07-07,EKWB EK-KIT P240,Custom Liquid Cooler,232.41,1%,653,57736.96,0.4,No Promo
2022-07-08,EKWB EK-KIT P240,Custom Liquid Cooler,229.02,3%,680,57818.77,0.4,No Promo
2022-07-09,EKWB EK-KIT P240,Custom Liquid Cooler,229.76,2%,675,57894.1,0.4,No Promo
2022-07-10,EKWB EK-KIT P240,Custom Liquid Cooler,236.18,1%,649,59826.16,0.4,No Promo
2022-07-11,EKWB EK-KIT P240,Custom Liquid Cooler,215.99,10%,730,52557.81,0.4,Amazon Prime Day
2022-07-12,EKWB EK-KIT P240,Custom Liquid Cooler,213.59,11%,737,51293.06,0.4,Amazon Prime Day
2022-07-13,EKWB EK-KIT P240,Custom Liquid Cooler,215.99,10%,746,53709.76,0.4,Amazon Prime Day
2022-07-14,EKWB EK-KIT P240,Custom Liquid Cooler,211.19,12%,765,51405.86,0.4,Amazon Prime Day
2022-07-15,EKWB EK-KIT P240,Custom Liquid Cooler,215.99,10%,734,52845.8,0.4,Amazon Prime Day
2022-07-16,EKWB EK-KIT P240,Custom Liquid Cooler,211.19,12%,749,50330.7,0.4,Amazon Prime Day
2022-07-17,EKWB EK-KIT P240,Custom Liquid Cooler,213.59,11%,751,52267.42,0.4,Amazon Prime Day
2022-07-18,EKWB EK-KIT P240,Custom Liquid Cooler,215.99,10%,740,53277.78,0.4,Amazon Prime Day
2022-07-19,EKWB EK-KIT P240,Custom Liquid Cooler,203.99,15%,775,46498.06,0.4,Amazon Prime Day
2022-07-20,EKWB EK-KIT P240,Custom Liquid Cooler,203.99,15%,781,46858.05,0.4,Amazon Prime Day
2022-07-21,EKWB EK-KIT P240,Custom Liquid Cooler,208.79,13%,746,48338.79,0.4,Amazon Prime Day
2022-07-22,EKWB EK-KIT P240,Custom Liquid Cooler,215.99,10%,743,53493.77,0.4,Amazon Prime Day
2022-07-23,EKWB EK-KIT P240,Custom Liquid Cooler,208.79,13%,774,50153.11,0.4,Amazon Prime Day
2022-07-24,EKWB EK-KIT P240,Custom Liquid Cooler,203.99,15%,778,46678.06,0.4,Amazon Prime Day
2022-07-25,EKWB EK-KIT P240,Custom Liquid Cooler,228.29,3%,688,57992.89,0.4,No Promo
2022-07-26,EKWB EK-KIT P240,Custom Liquid Cooler,231.7,3%,686,60167.59,0.4,No Promo
2022-07-27,EKWB EK-KIT P240,Custom Liquid Cooler,230.92,2%,680,59111.88,0.4,No Promo
2022-07-28,EKWB EK-KIT P240,Custom Liquid Cooler,233.2,1%,662,59057.39,0.4,No Promo
2022-07-29,EKWB EK-KIT P240,Custom Liquid Cooler,235.67,0%,656,60142.26,0.4,No Promo
2022-07-30,EKWB EK-KIT P240,Custom Liquid Cooler,233.82,2%,678,60901.07,0.4,No Promo
2022-07-31,EKWB EK-KIT P240,Custom Liquid Cooler,233.4,1%,671,59994.24,0.4,No Promo
2022-08-01,EKWB EK-KIT P240,Custom Liquid Cooler,232.79,3%,688,61091.85,0.4,Back-to-School
2022-08-02,EKWB EK-KIT P240,Custom Liquid Cooler,230.39,4%,691,59699.91,0.4,Back-to-School
2022-08-03,EKWB EK-KIT P240,Custom Liquid Cooler,227.99,5%,684,57453.61,0.4,Back-to-School
2022-08-04,EKWB EK-KIT P240,Custom Liquid Cooler,230.39,4%,673,58144.78,0.4,Back-to-School
2022-08-05,EKWB EK-KIT P240,Custom Liquid Cooler,227.99,5%,704,59133.54,0.4,Back-to-School
2022-08-06,EKWB EK-KIT P240,Custom Liquid Cooler,232.79,3%,665,59049.54,0.4,Back-to-School
2022-08-07,EKWB EK-KIT P240,Custom Liquid Cooler,230.39,4%,674,58231.17,0.4,Back-to-School
2022-08-08,EKWB EK-KIT P240,Custom Liquid Cooler,230.39,4%,682,58922.34,0.4,Back-to-School
2022-08-09,EKWB EK-KIT P240,Custom Liquid Cooler,227.99,5%,687,57705.6,0.4,Back-to-School
2022-08-10,EKWB EK-KIT P240,Custom Liquid Cooler,230.39,4%,674,58231.17,0.4,Back-to-School
2022-08-11,EKWB EK-KIT P240,Custom Liquid Cooler,232.79,3%,679,60292.69,0.4,Back-to-School
2022-08-12,EKWB EK-KIT P240,Custom Liquid Cooler,230.39,4%,687,59354.33,0.4,Back-to-School
2022-08-13,EKWB EK-KIT P240,Custom Liquid Cooler,232.79,3%,664,58960.74,0.4,Back-to-School
2022-08-14,EKWB EK-KIT P240,Custom Liquid Cooler,232.79,3%,688,61091.85,0.4,Back-to-School
2022-08-15,EKWB EK-KIT P240,Custom Liquid Cooler,233.21,1%,664,59238.29,0.4,No Promo
2022-08-16,EKWB EK-KIT P240,Custom Liquid Cooler,233.21,2%,678,60487.94,0.4,No Promo
2022-08-17,EKWB EK-KIT P240,Custom Liquid Cooler,232.06,2%,657,57857.06,0.4,No Promo
