cpu_cooler_sales_data.csv
date,product,category,price,discount,quantity_sold,profit,profit_margin,event
2022-08-18,EKWB EK-KIT P240,Custom Liquid Cooler,231.94,2%,668,58745.43,0.4,No Promo
2022-08-19,EKWB EK-KIT P240,Custom Liquid Cooler,232.49,2%,669,59206.98,0.4,No Promo
2022-08-20,EKWB EK-KIT P240,Custom Liquid Cooler,237.51,0%,660,61717.28,0.4,No Promo
2022-08-21,EKWB EK-KIT P240,Custom Liquid Cooler,231.57,1%,648,56751.93,0.4,No Promo
2022-08-22,EKWB EK-KIT P240,Custom Liquid Cooler,237.62,0%,650,60855.95,0.4,No Promo
2022-08-23,EKWB EK-KIT P240,Custom Liquid Cooler,233.61,1%,659,59057.68,0.4,No Promo
2022-08-24,EKWB EK-KIT P240,Custom Liquid Cooler,234.93,0%,654,59474.91,0.4,No Promo
2022-08-25,EKWB EK-KIT P240,Custom Liquid Cooler,235.65,0%,662,60676.95,0.4,No Promo
2022-08-26,EKWB EK-KIT P240,Custom Liquid Cooler,238.02,0%,642,60363.37,0.4,No Promo
2022-08-27,EKWB EK-KIT P240,Custom Liquid Cooler,234.81,1%,669,60755.4,0.4,No Promo
2022-08-28,EKWB EK-KIT P240,Custom Liquid Cooler,230.41,2%,667,57638.57,0.4,No Promo
2022-08-29,EKWB EK-KIT P240,Custom Liquid Cooler,232.95,2%,670,59599.32,0.4,No Promo
2022-08-30,EKWB EK-KIT P240,Custom Liquid Cooler,229.95,3%,668,57419.77,0.4,No Promo
2022-08-31,EKWB EK-KIT P240,Custom Liquid Cooler,235.3,0%,644,58802.18,0.4,No Promo
2022-09-01,EKWB EK-KIT P240,Custom Liquid Cooler,234.2,1%,661,59624.35,0.4,No Promo
2022-09-02,EKWB EK-KIT P240,Custom Liquid Cooler,232.15,2%,661,58269.77,0.4,No Promo
2022-09-03,EKWB EK-KIT P240,Custom Liquid Cooler,231.83,1%,655,57534.48,0.4,No Promo
2022-09-04,EKWB EK-KIT P240,Custom Liquid Cooler,233.22,1%,672,59957.43,0.4,No Promo
2022-09-05,EKWB EK-KIT P240,Custom Liquid Cooler,229.13,3%,689,58657.02,0.4,No Promo
2022-09-06,EKWB EK-KIT P240,Custom Liquid Cooler,232.73,2%,656,58208.28,0.4,No Promo
2022-09-07,EKWB EK-KIT P240,Custom Liquid Cooler,233.85,0%,660,59304.12,0.4,No Promo
2022-09-08,EKWB EK-KIT P240,Custom Liquid Cooler,229.5,3%,670,57285.83,0.4,No Promo
2022-09-09,EKWB EK-KIT P240,Custom Liquid Cooler,234.8,0%,640,58115.61,0.4,No Promo
2022-09-10,EKWB EK-KIT P240,Custom Liquid Cooler,230.32,3%,689,59475.62,0.4,No Promo
2022-09-11,EKWB EK-KIT P240,Custom Liquid Cooler,233.91,0%,657,59076.47,0.4,No Promo
2022-09-12,EKWB EK-KIT P240,Custom Liquid Cooler,229.53,3%,674,57650.09,0.4,No Promo
2022-09-13,EKWB EK-KIT P240,Custom Liquid Cooler,231.87,1%,662,58171.35,0.4,No Promo
2022-09-14,EKWB EK-KIT P240,Custom Liquid Cooler,230.65,2%,677,58667.74,0.4,No Promo
2022-09-15,EKWB EK-KIT P240,Custom Liquid Cooler,229.44,3%,670,57246.17,0.4,No Promo
2022-09-16,EKWB EK-KIT P240,Custom Liquid Cooler,237.22,0%,648,60413.36,0.4,No Promo
2022-09-17,EKWB EK-KIT P240,Custom Liquid Cooler,233.99,0%,640,57599.82,0.4,No Promo
2022-09-18,EKWB EK-KIT P240,Custom Liquid Cooler,226.4,3%,691,56944.22,0.4,No Promo
2022-09-19,EKWB EK-KIT P240,Custom Liquid Cooler,237.37,0%,653,60977.13,0.4,No Promo
2022-09-20,EKWB EK-KIT P240,Custom Liquid Cooler,237.7,0%,644,60345.77,0.4,No Promo
2022-09-21,EKWB EK-KIT P240,Custom Liquid Cooler,231.93,1%,672,59095.47,0.4,No Promo
2022-09-22,EKWB EK-KIT P240,Custom Liquid Cooler,234.73,0%,645,58527.38,0.4,No Promo
2022-09-23,EKWB EK-KIT P240,Custom Liquid Cooler,230.68,2%,678,58770.05,0.4,No Promo
2022-09-24,EKWB EK-KIT P240,Custom Liquid Cooler,228.18,3%,675,56823.16,0.4,No Promo
2022-09-25,EKWB EK-KIT P240,Custom Liquid Cooler,232.56,2%,658,58275.11,0.4,No Promo
2022-09-26,EKWB EK-KIT P240,Custom Liquid Cooler,229.02,3%,671,57054.11,0.4,No Promo
2022-09-27,EKWB EK-KIT P240,Custom Liquid Cooler,234.6,1%,652,59075.34,0.4,No Promo
2022-09-28,EKWB EK-KIT P240,Custom Liquid Cooler,233.3,0%,655,58493.62,0.4,No Promo
2022-09-29,EKWB EK-KIT P240,Custom Liquid Cooler,235.04,1%,661,60182.57,0.4,No Promo
2022-09-30,EKWB EK-KIT P240,Custom Liquid Cooler,236.23,0%,653,60232.37,0.4,No Promo
2022-10-01,EKWB EK-KIT P240,Custom Liquid Cooler,230.27,2%,666,57461.81,0.4,No Promo
2022-10-02,EKWB EK-KIT P240,Custom Liquid Cooler,236.84,0%,652,60537.38,0.4,No Promo
2022-10-03,EKWB EK-KIT P240,Custom Liquid Cooler,230.94,2%,666,57907.71,0.4,No Promo
2022-10-04,EKWB EK-KIT P240,Custom Liquid Cooler,228.96,2%,661,56165.67,0.4,No Promo
2022-10-05,EKWB EK-KIT P240,Custom Liquid Cooler,227.51,3%,689,57545.17,0.4,No Promo
2022-10-06,EKWB EK-KIT P240,Custom Liquid Cooler,228.61,2%,667,56438.64,0.4,No Promo
2022-10-07,EKWB EK-KIT P240,Custom Liquid Cooler,234.19,0%,657,59260.47,0.4,No Promo
2022-10-08,EKWB EK-KIT P240,Custom Liquid Cooler,231.96,2%,657,57794.18,0.4,No Promo
2022-10-09,EKWB EK-KIT P240,Custom Liquid Cooler,233.29,0%,655,58489.05,0.4,No Promo
2022-10-10,EKWB EK-KIT P240,Custom Liquid Cooler,231.08,2%,674,58693.86,0.4,No Promo
2022-10-11,EKWB EK-KIT P240,Custom Liquid Cooler,236.59,0%,655,60647.81,0.4,No Promo
2022-10-12,EKWB EK-KIT P240,Custom Liquid Cooler,233.47,1%,657,58784.66,0.4,No Promo
2022-10-13,EKWB EK-KIT P240,Custom Liquid Cooler,229.6,3%,669,57271.59,0.4,No Promo
2022-10-14,EKWB EK-KIT P240,Custom Liquid Cooler,236.65,0%,660,61152.76,0.4,No Promo
2022-10-15,EKWB EK-KIT P240,Custom Liquid Cooler,234.85,0%,642,58331.69,0.4,No Promo
2022-10-16,EKWB EK-KIT P240,Custom Liquid Cooler,234.39,0%,661,59749.21,0.4,No Promo
2022-10-17,EKWB EK-KIT P240,Custom Liquid Cooler,233.36,1%,670,59872.81,0.4,No Promo
2022-10-18,EKWB EK-KIT P240,Custom Liquid Cooler,234.9,0%,643,58453.9,0.4,No Promo
2022-10-19,EKWB EK-KIT P240,Custom Liquid Cooler,226.35,3%,682,56164.41,0.4,No Promo
2022-10-20,EKWB EK-KIT P240,Custom Liquid Cooler,230.5,2%,663,57352.54,0.4,No Promo
2022-10-21,EKWB EK-KIT P240,Custom Liquid Cooler,232.06,2%,661,58210.33,0.4,No Promo
2022-10-22,EKWB EK-KIT P240,Custom Liquid Cooler,227.9,3%,685,57478.96,0.4,No Promo
2022-10-23,EKWB EK-KIT P240,Custom Liquid Cooler,233.29,1%,654,58402.06,0.4,No Promo
2022-10-24,EKWB EK-KIT P240,Custom Liquid Cooler,233.56,0%,663,59383.41,0.4,No Promo
2022-10-25,EKWB EK-KIT P240,Custom Liquid Cooler,227.16,3%,685,56968.35,0.4,No Promo
2022-10-26,EKWB EK-KIT P240,Custom Liquid Cooler,233.02,1%,651,57955.35,0.4,No Promo
2022-10-27,EKWB EK-KIT P240,Custom Liquid Cooler,229.69,3%,686,58789.87,0.4,No Promo
2022-10-28,EKWB EK-KIT P240,Custom Liquid Cooler,226.89,3%,669,55459.59,0.4,No Promo
2022-10-29,EKWB EK-KIT P240,Custom Liquid Cooler,228.31,3%,689,58096.44,0.4,No Promo
2022-10-30,EKWB EK-KIT P240,Custom Liquid Cooler,233.42,1%,667,59645.94,0.4,No Promo
2022-10-31,EKWB EK-KIT P240,Custom Liquid Cooler,234.23,0%,648,58475.97,0.4,No Promo
2022-11-01,EKWB EK-KIT P240,Custom Liquid Cooler,235.21,0%,651,59381.53,0.4,No Promo
2022-11-02,EKWB EK-KIT P240,Custom Liquid Cooler,237.13,0%,659,61374.74,0.4,No Promo
2022-11-03,EKWB EK-KIT P240,Custom Liquid Cooler,226.05,3%,690,56618.31,0.4,No Promo
2022-11-04,EKWB EK-KIT P240,Custom Liquid Cooler,232.23,1%,660,58235.49,0.4,No Promo
2022-11-05,EKWB EK-KIT P240,Custom Liquid Cooler,232.83,1%,648,57566.81,0.4,No Promo
2022-11-06,EKWB EK-KIT P240,Custom Liquid Cooler,236.77,0%,650,60304.31,0.4,No Promo
2022-11-07,EKWB EK-KIT P240,Custom Liquid Cooler,232.3,1%,651,57484.45,0.4,No Promo
2022-11-08,EKWB EK-KIT P240,Custom Liquid Cooler,231.49,2%,677,59233.15,0.4,No Promo
2022-11-09,EKWB EK-KIT P240,Custom Liquid Cooler,236.4,0%,654,60433.05,0.4,No Promo
2022-11-10,EKWB EK-KIT P240,Custom Liquid Cooler,228.08,3%,685,57599.89,0.4,No Promo
2022-11-11,EKWB EK-KIT P240,Custom Liquid Cooler,229.75,2%,664,56943.06,0.4,No Promo
2022-11-12,EKWB EK-KIT P240,Custom Liquid Cooler,235.45,0%,656,59994.02,0.4,No Promo
2022-11-13,EKWB EK-KIT P240,Custom Liquid Cooler,230.93,1%,667,57986.11,0.4,No Promo
2022-11-14,EKWB EK-KIT P240,Custom Liquid Cooler,230.05,1%,668,57488.1,0.4,No Promo
2022-11-15,EKWB EK-KIT P240,Custom Liquid Cooler,235.89,0%,653,60009.21,0.4,No Promo
2022-11-16,EKWB EK-KIT P240,Custom Liquid Cooler,227.84,2%,673,56430.64,0.4,No Promo
2022-11-17,EKWB EK-KIT P240,Custom Liquid Cooler,229.95,2%,656,56390.16,0.4,No Promo
2022-11-18,EKWB EK-KIT P240,Custom Liquid Cooler,201.59,16%,797,45905.29,0.4,Black Friday
2022-11-19,EKWB EK-KIT P240,Custom Liquid Cooler,196.79,18%,804,42449.43,0.4,Black Friday
2022-11-20,EKWB EK-KIT P240,Custom Liquid Cooler,199.19,17%,786,43385.39,0.4,Black Friday
2022-11-21,EKWB EK-KIT P240,Custom Liquid Cooler,194.39,19%,824,41527.87,0.4,Black Friday
2022-11-22,EKWB EK-KIT P240,Custom Liquid Cooler,196.79,18%,807,42607.82,0.4,Black Friday
2022-11-23,EKWB EK-KIT P240,Custom Liquid Cooler,199.19,17%,791,43661.38,0.4,Black Friday
2022-11-24,EKWB EK-KIT P240,Custom Liquid Cooler,194.39,19%,804,40519.91,0.4,Black Friday
2022-11-25,EKWB EK-KIT P240,Custom Liquid Cooler,203.99,15%,764,45838.09,0.4,Black Friday
2022-11-26,EKWB EK-KIT P240,Custom Liquid Cooler,199.19,17%,809,44654.94,0.4,Black Friday
2022-11-27,EKWB EK-KIT P240,Custom Liquid Cooler,199.19,17%,780,43054.21,0.4,Black Friday
2022-11-28,EKWB EK-KIT P240,Custom Liquid Cooler,203.99,15%,791,47458.02,0.4,Black Friday
2022-11-29,EKWB EK-KIT P240,Custom Liquid Cooler,201.59,16%,776,44695.74,0.4,Black Friday
2022-11-30,EKWB EK-KIT P240,Custom Liquid Cooler,201.59,16%,798,45962.88,0.4,Black Friday
2022-12-01,EKWB EK-KIT P240,Custom Liquid Cooler,191.99,20%,831,39886.34,0.4,Black Friday
2022-12-02,EKWB EK-KIT P240,Custom Liquid Cooler,201.59,16%,793,45674.9,0.4,Black Friday
2022-12-03,EKWB EK-KIT P240,Custom Liquid Cooler,233.1,1%,662,58990.28,0.4,No Promo
2022-12-04,EKWB EK-KIT P240,Custom Liquid Cooler,230.59,1%,673,58277.26,0.4,No Promo
2022-12-05,EKWB EK-KIT P240,Custom Liquid Cooler,225.09,3%,687,55711.13,0.4,No Promo
2022-12-06,EKWB EK-KIT P240,Custom Liquid Cooler,232.97,1%,666,59260.13,0.4,No Promo
2022-12-07,EKWB EK-KIT P240,Custom Liquid Cooler,234.41,0%,663,59943.15,0.4,No Promo
2022-12-08,EKWB EK-KIT P240,Custom Liquid Cooler,231.95,0%,657,57788.43,0.4,No Promo
2022-12-09,EKWB EK-KIT P240,Custom Liquid Cooler,229.6,1%,665,56926.23,0.4,No Promo
2022-12-10,EKWB EK-KIT P240,Custom Liquid Cooler,228.73,3%,668,56600.83,0.4,No Promo
2022-12-11,EKWB EK-KIT P240,Custom Liquid Cooler,234.29,0%,654,59052.06,0.4,No Promo
2022-12-12,EKWB EK-KIT P240,Custom Liquid Cooler,206.39,14%,772,48170.79,0.4,Christmas
2022-12-13,EKWB EK-KIT P240,Custom Liquid Cooler,213.59,11%,749,52128.23,0.4,Christmas
2022-12-14,EKWB EK-KIT P240,Custom Liquid Cooler,211.19,12%,755,50733.89,0.4,Christmas
2022-12-15,EKWB EK-KIT P240,Custom Liquid Cooler,208.79,13%,746,48338.79,0.4,Christmas
2022-12-16,EKWB EK-KIT P240,Custom Liquid Cooler,208.79,13%,755,48921.96,0.4,Christmas
2022-12-17,EKWB EK-KIT P240,Custom Liquid Cooler,215.99,10%,727,52341.82,0.4,Christmas
2022-12-18,EKWB EK-KIT P240,Custom Liquid Cooler,215.99,10%,741,53349.78,0.4,Christmas
2022-12-19,EKWB EK-KIT P240,Custom Liquid Cooler,215.99,10%,744,53565.77,0.4,Christmas
2022-12-20,EKWB EK-KIT P240,Custom Liquid Cooler,213.59,11%,746,51919.44,0.4,Christmas
2022-12-21,EKWB EK-KIT P240,Custom Liquid Cooler,213.59,11%,737,51293.06,0.4,Christmas
2022-12-22,EKWB EK-KIT P240,Custom Liquid Cooler,203.99,15%,789,47338.03,0.4,Christmas
2022-12-23,EKWB EK-KIT P240,Custom Liquid Cooler,208.79,13%,758,49116.35,0.4,Christmas
2022-12-24,EKWB EK-KIT P240,Custom Liquid Cooler,206.39,14%,760,47422.02,0.4,Christmas
2022-12-25,EKWB EK-KIT P240,Custom Liquid Cooler,203.99,15%,767,46018.08,0.4,Christmas
2022-12-26,EKWB EK-KIT P240,Custom Liquid Cooler,226.39,3%,677,55780.88,0.4,No Promo
2022-12-27,EKWB EK-KIT P240,Custom Liquid Cooler,232.98,1%,664,59088.75,0.4,No Promo
2022-12-28,EKWB EK-KIT P240,Custom Liquid Cooler,228.17,3%,688,57910.56,0.4,No Promo
2022-12-29,EKWB EK-KIT P240,Custom Liquid Cooler,229.23,1%,660,56254.95,0.4,No Promo
2022-12-30,EKWB EK-KIT P240,Custom Liquid Cooler,231.9,0%,666,58543.47,0.4,No Promo
2022-12-31,EKWB EK-KIT P240,Custom Liquid Cooler,226.66,3%,686,56710.17,0.4,No Promo
2023-01-01,EKWB EK-KIT P240,Custom Liquid Cooler,220.79,8%,706,54218.54,0.4,New Year's Sale
2023-01-02,EKWB EK-KIT P240,Custom Liquid Cooler,227.99,5%,691,58041.58,0.4,New Year's Sale
2023-01-03,EKWB EK-KIT P240,Custom Liquid Cooler,218.39,9%,727,54086.55,0.4,New Year's Sale
2023-01-04,EKWB EK-KIT P240,Custom Liquid Cooler,225.59,6%,698,56954.43,0.4,New Year's Sale
2023-01-05,EKWB EK-KIT P240,Custom Liquid Cooler,218.39,9%,717,53342.58,0.4,New Year's Sale
2023-01-06,EKWB EK-KIT P240,Custom Liquid Cooler,223.19,7%,703,55675.28,0.4,New Year's Sale
2023-01-07,EKWB EK-KIT P240,Custom Liquid Cooler,220.79,8%,730,56061.66,0.4,New Year's Sale
2023-01-08,EKWB EK-KIT P240,Custom Liquid Cooler,215.99,10%,745,53637.77,0.4,New Year's Sale
2023-01-09,EKWB EK-KIT P240,Custom Liquid Cooler,220.79,8%,706,54218.54,0.4,New Year's Sale
2023-01-10,EKWB EK-KIT P240,Custom Liquid Cooler,215.99,10%,725,52197.83,0.4,New Year's Sale
2023-01-11,EKWB EK-KIT P240,Custom Liquid Cooler,218.39,9%,727,54086.55,0.4,New Year's Sale
2023-01-12,EKWB EK-KIT P240,Custom Liquid Cooler,225.59,6%,698,56954.43,0.4,New Year's Sale
2023-01-13,EKWB EK-KIT P240,Custom Liquid Cooler,225.59,6%,699,57036.02,0.4,New Year's Sale
2023-01-14,EKWB EK-KIT P240,Custom Liquid Cooler,225.59,6%,703,57362.41,0.4,New Year's Sale
2023-01-15,EKWB EK-KIT P240,Custom Liquid Cooler,233.17,1%,661,58945.49,0.4,No Promo
2023-01-16,EKWB EK-KIT P240,Custom Liquid Cooler,232.53,0%,661,58519.54,0.4,No Promo
2023-01-17,EKWB EK-KIT P240,Custom Liquid Cooler,224.75,3%,665,53700.55,0.4,No Promo
2023-01-18,EKWB EK-KIT P240,Custom Liquid Cooler,227.85,3%,679,56939.95,0.4,No Promo
2023-01-19,EKWB EK-KIT P240,Custom Liquid Cooler,229.91,1%,667,57304.24,0.4,No Promo
2023-01-20,EKWB EK-KIT P240,Custom Liquid Cooler,226.43,3%,688,56714.15,0.4,No Promo
2023-01-21,EKWB EK-KIT P240,Custom Liquid Cooler,229.28,2%,665,56715.29,0.4,No Promo
2023-01-22,EKWB EK-KIT P240,Custom Liquid Cooler,227.09,2%,669,55593.79,0.4,No Promo
2023-01-23,EKWB EK-KIT P240,Custom Liquid Cooler,227.2,3%,687,57162.43,0.4,No Promo
2023-01-24,EKWB EK-KIT P240,Custom Liquid Cooler,235.37,0%,659,60219.96,0.4,No Promo
2023-01-25,EKWB EK-KIT P240,Custom Liquid Cooler,230.18,2%,670,57745.36,0.4,No Promo
2023-01-26,EKWB EK-KIT P240,Custom Liquid Cooler,232.98,0%,652,58020.39,0.4,No Promo
2023-01-27,EKWB EK-KIT P240,Custom Liquid Cooler,229.08,2%,680,57855.83,0.4,No Promo
2023-01-28,EKWB EK-KIT P240,Custom Liquid Cooler,224.89,3%,685,55411.33,0.4,No Promo
2023-01-29,EKWB EK-KIT P240,Custom Liquid Cooler,230.72,2%,670,58103.41,0.4,No Promo
2023-01-30,EKWB EK-KIT P240,Custom Liquid Cooler,228.96,2%,659,55992.78,0.4,No Promo
2023-01-31,EKWB EK-KIT P240,Custom Liquid Cooler,229.61,1%,666,57017.57,0.4,No Promo
2023-02-01,EKWB EK-KIT P240,Custom Liquid Cooler,225.84,3%,685,56065.3,0.4,No Promo
2023-02-02,EKWB EK-KIT P240,Custom Liquid Cooler,230.52,1%,660,57107.43,0.4,No Promo
2023-02-03,EKWB EK-KIT P240,Custom Liquid Cooler,230.04,2%,656,56444.27,0.4,No Promo
2023-02-04,EKWB EK-KIT P240,Custom Liquid Cooler,226.72,2%,668,55261.85,0.4,No Promo
2023-02-05,EKWB EK-KIT P240,Custom Liquid Cooler,226.71,3%,671,55504.06,0.4,No Promo
2023-02-06,EKWB EK-KIT P240,Custom Liquid Cooler,227.83,3%,666,55832.28,0.4,No Promo
2023-02-07,EKWB EK-KIT P240,Custom Liquid Cooler,225.59,6%,698,56954.43,0.4,Valentine's Day
2023-02-08,EKWB EK-KIT P240,Custom Liquid Cooler,227.99,5%,692,58125.58,0.4,Valentine's Day
2023-02-09,EKWB EK-KIT P240,Custom Liquid Cooler,223.19,7%,703,55675.28,0.4,Valentine's Day
2023-02-10,EKWB EK-KIT P240,Custom Liquid Cooler,230.39,4%,686,59267.93,0.4,Valentine's Day
2023-02-11,EKWB EK-KIT P240,Custom Liquid Cooler,225.59,6%,709,57851.99,0.4,Valentine's Day
2023-02-12,EKWB EK-KIT P240,Custom Liquid Cooler,232.79,3%,665,59049.54,0.4,Valentine's Day
2023-02-13,EKWB EK-KIT P240,Custom Liquid Cooler,230.39,4%,684,59095.14,0.4,Valentine's Day
2023-02-14,EKWB EK-KIT P240,Custom Liquid Cooler,230.39,4%,694,59959.1,0.4,Valentine's Day
2023-02-15,EKWB EK-KIT P240,Custom Liquid Cooler,230.39,4%,683,59008.74,0.4,Valentine's Day
2023-02-16,EKWB EK-KIT P240,Custom Liquid Cooler,223.19,7%,716,56704.84,0.4,Valentine's Day
2023-02-17,EKWB EK-KIT P240,Custom Liquid Cooler,230.39,4%,677,58490.36,0.4,Valentine's Day
2023-02-18,EKWB EK-KIT P240,Custom Liquid Cooler,230.39,4%,695,60045.5,0.4,Valentine's Day
2023-02-19,EKWB EK-KIT P240,Custom Liquid Cooler,227.99,5%,683,57369.61,0.4,Valentine's Day
2023-02-20,EKWB EK-KIT P240,Custom Liquid Cooler,225.59,6%,711,58015.18,0.4,Valentine's Day
2023-02-21,EKWB EK-KIT P240,Custom Liquid Cooler,227.99,5%,690,57957.58,0.4,Valentine's Day
2023-02-22,EKWB EK-KIT P240,Custom Liquid Cooler,232.06,0%,649,57155.54,0.4,No Promo
2023-02-23,EKWB EK-KIT P240,Custom Liquid Cooler,231.85,0%,665,58424.42,0.4,No Promo
2023-02-24,EKWB EK-KIT P240,Custom Liquid Cooler,234.03,0%,657,59151.19,0.4,No Promo
2023-02-25,EKWB EK-KIT P240,Custom Liquid Cooler,230.6,1%,658,56986.82,0.4,No Promo
2023-02-26,EKWB EK-KIT P240,Custom Liquid Cooler,226.88,3%,666,55200.78,0.4,No Promo
2023-02-27,EKWB EK-KIT P240,Custom Liquid Cooler,225.19,3%,673,54647.53,0.4,No Promo
2023-02-28,EKWB EK-KIT P240,Custom Liquid Cooler,226.15,2%,661,54304.57,0.4,No Promo
2023-03-01,EKWB EK-KIT P240,Custom Liquid Cooler,234.61,0%,656,59442.36,0.4,No Promo
2023-03-02,EKWB EK-KIT P240,Custom Liquid Cooler,233.7,0%,644,57769.02,0.4,No Promo
2023-03-03,EKWB EK-KIT P240,Custom Liquid Cooler,231.9,1%,662,58191.26,0.4,No Promo
2023-03-04,EKWB EK-KIT P240,Custom Liquid Cooler,229.15,1%,659,56114.55,0.4,No Promo
2023-03-05,EKWB EK-KIT P240,Custom Liquid Cooler,234.4,0%,647,58489.57,0.4,No Promo
2023-03-06,EKWB EK-KIT P240,Custom Liquid Cooler,225.29,3%,667,54224.14,0.4,No Promo
2023-03-07,EKWB EK-KIT P240,Custom Liquid Cooler,231.52,1%,658,57592.17,0.4,No Promo
2023-03-08,EKWB EK-KIT P240,Custom Liquid Cooler,232.47,1%,673,59544.91,0.4,No Promo
2023-03-09,EKWB EK-KIT P240,Custom Liquid Cooler,232.46,0%,643,56883.83,0.4,No Promo
2023-03-10,EKWB EK-KIT P240,Custom Liquid Cooler,223.85,3%,676,53982.19,0.4,No Promo
2023-03-11,EKWB EK-KIT P240,Custom Liquid Cooler,227.43,2%,675,56316.32,0.4,No Promo
2023-03-12,EKWB EK-KIT P240,Custom Liquid Cooler,231.29,1%,660,57615.9,0.4,No Promo
