cpu_cooler_sales_data.csv
date,product,category,price,discount,quantity_sold,profit,profit_margin,event
2023-03-13,EKWB EK-KIT P240,Custom Liquid Cooler,229.09,1%,668,56841.51,0.4,No Promo
2023-03-14,EKWB EK-KIT P240,Custom Liquid Cooler,228.67,2%,674,57070.85,0.4,No Promo
2023-03-15,EKWB EK-KIT P240,Custom Liquid Cooler,229.82,2%,663,56901.56,0.4,No Promo
2023-03-16,EKWB EK-KIT P240,Custom Liquid Cooler,229.39,2%,669,57129.91,0.4,No Promo
2023-03-17,EKWB EK-KIT P240,Custom Liquid Cooler,229.86,1%,661,56756.16,0.4,No Promo
2023-03-18,EKWB EK-KIT P240,Custom Liquid Cooler,225.89,3%,673,55118.14,0.4,No Promo
2023-03-19,EKWB EK-KIT P240,Custom Liquid Cooler,228.17,2%,670,56396.97,0.4,No Promo
2023-03-20,EKWB EK-KIT P240,Custom Liquid Cooler,228.35,2%,660,55672.41,0.4,No Promo
2023-03-21,EKWB EK-KIT P240,Custom Liquid Cooler,227.88,2%,669,56121.65,0.4,No Promo
2023-03-22,EKWB EK-KIT P240,Custom Liquid Cooler,225.85,2%,675,55255.96,0.4,No Promo
2023-03-23,EKWB EK-KIT P240,Custom Liquid Cooler,234.74,0%,642,58256.97,0.4,No Promo
2023-03-24,EKWB EK-KIT P240,Custom Liquid Cooler,229.85,1%,674,57866.32,0.4,No Promo
2023-03-25,EKWB EK-KIT P240,Custom Liquid Cooler,228.05,2%,679,57074.64,0.4,No Promo
2023-03-26,EKWB EK-KIT P240,Custom Liquid Cooler,224.04,3%,670,53629.62,0.4,No Promo
2023-03-27,EKWB EK-KIT P240,Custom Liquid Cooler,227.21,3%,687,57166.54,0.4,No Promo
2023-03-28,EKWB EK-KIT P240,Custom Liquid Cooler,227.92,1%,665,55809.81,0.4,No Promo
2023-03-29,EKWB EK-KIT P240,Custom Liquid Cooler,229.31,1%,656,55964.6,0.4,No Promo
2023-03-30,EKWB EK-KIT P240,Custom Liquid Cooler,229.44,2%,680,58101.54,0.4,No Promo
2023-03-31,EKWB EK-KIT P240,Custom Liquid Cooler,232.05,0%,656,57764.22,0.4,No Promo
2023-04-01,EKWB EK-KIT P240,Custom Liquid Cooler,225.63,3%,672,54859.49,0.4,No Promo
2023-04-02,EKWB EK-KIT P240,Custom Liquid Cooler,232.79,3%,671,59582.32,0.4,Easter
2023-04-03,EKWB EK-KIT P240,Custom Liquid Cooler,232.79,3%,672,59671.11,0.4,Easter
2023-04-04,EKWB EK-KIT P240,Custom Liquid Cooler,230.39,4%,683,59008.74,0.4,Easter
2023-04-05,EKWB EK-KIT P240,Custom Liquid Cooler,225.59,6%,695,56709.64,0.4,Easter
2023-04-06,EKWB EK-KIT P240,Custom Liquid Cooler,232.79,3%,678,60203.89,0.4,Easter
2023-04-07,EKWB EK-KIT P240,Custom Liquid Cooler,223.19,7%,709,56150.46,0.4,Easter
2023-04-08,EKWB EK-KIT P240,Custom Liquid Cooler,230.39,4%,672,58058.38,0.4,Easter
2023-04-09,EKWB EK-KIT P240,Custom Liquid Cooler,227.99,5%,700,58797.55,0.4,Easter
2023-04-10,EKWB EK-KIT P240,Custom Liquid Cooler,220.79,8%,707,54295.34,0.4,Easter
2023-04-11,EKWB EK-KIT P240,Custom Liquid Cooler,225.59,6%,692,56464.85,0.4,Easter
2023-04-12,EKWB EK-KIT P240,Custom Liquid Cooler,225.59,6%,714,58259.97,0.4,Easter
2023-04-13,EKWB EK-KIT P240,Custom Liquid Cooler,220.79,8%,710,54525.73,0.4,Easter
2023-04-14,EKWB EK-KIT P240,Custom Liquid Cooler,230.39,4%,695,60045.5,0.4,Easter
2023-04-15,EKWB EK-KIT P240,Custom Liquid Cooler,220.79,8%,719,55216.9,0.4,Easter
2023-04-16,EKWB EK-KIT P240,Custom Liquid Cooler,225.59,6%,696,56791.23,0.4,Easter
2023-04-17,EKWB EK-KIT P240,Custom Liquid Cooler,226.38,2%,661,54459.83,0.4,No Promo
2023-04-18,EKWB EK-KIT P240,Custom Liquid Cooler,233.6,0%,651,58335.79,0.4,No Promo
2023-04-19,EKWB EK-KIT P240,Custom Liquid Cooler,229.8,1%,667,57232.93,0.4,No Promo
2023-04-20,EKWB EK-KIT P240,Custom Liquid Cooler,226.73,3%,671,55518.96,0.4,No Promo
2023-04-21,EKWB EK-KIT P240,Custom Liquid Cooler,231.43,0%,643,56218.17,0.4,No Promo
2023-04-22,EKWB EK-KIT P240,Custom Liquid Cooler,227.09,3%,665,55260.07,0.4,No Promo
2023-04-23,EKWB EK-KIT P240,Custom Liquid Cooler,226.97,2%,675,56007.71,0.4,No Promo
2023-04-24,EKWB EK-KIT P240,Custom Liquid Cooler,232.12,0%,654,57631.3,0.4,No Promo
2023-04-25,EKWB EK-KIT P240,Custom Liquid Cooler,229.91,1%,659,56618.29,0.4,No Promo
2023-04-26,EKWB EK-KIT P240,Custom Liquid Cooler,227.99,1%,653,54846.85,0.4,No Promo
2023-04-27,EKWB EK-KIT P240,Custom Liquid Cooler,225.27,3%,667,54208.28,0.4,No Promo
2023-04-28,EKWB EK-KIT P240,Custom Liquid Cooler,227.07,3%,672,55825.17,0.4,No Promo
2023-04-29,EKWB EK-KIT P240,Custom Liquid Cooler,227.56,1%,668,55823.9,0.4,No Promo
2023-04-30,EKWB EK-KIT P240,Custom Liquid Cooler,225.26,2%,668,54287.29,0.4,No Promo
2023-05-01,EKWB EK-KIT P240,Custom Liquid Cooler,230.39,4%,676,58403.97,0.4,Mother's Day
2023-05-02,EKWB EK-KIT P240,Custom Liquid Cooler,232.79,3%,683,60647.87,0.4,Mother's Day
2023-05-03,EKWB EK-KIT P240,Custom Liquid Cooler,227.99,5%,694,58293.57,0.4,Mother's Day
2023-05-04,EKWB EK-KIT P240,Custom Liquid Cooler,235.19,2%,660,60189.49,0.4,Mother's Day
2023-05-05,EKWB EK-KIT P240,Custom Liquid Cooler,235.19,2%,666,60736.67,0.4,Mother's Day
2023-05-06,EKWB EK-KIT P240,Custom Liquid Cooler,235.19,2%,658,60007.1,0.4,Mother's Day
2023-05-07,EKWB EK-KIT P240,Custom Liquid Cooler,230.39,4%,686,59267.93,0.4,Mother's Day
2023-05-08,EKWB EK-KIT P240,Custom Liquid Cooler,235.19,2%,672,61283.85,0.4,Mother's Day
2023-05-09,EKWB EK-KIT P240,Custom Liquid Cooler,230.39,4%,683,59008.74,0.4,Mother's Day
2023-05-10,EKWB EK-KIT P240,Custom Liquid Cooler,232.79,3%,676,60026.3,0.4,Mother's Day
2023-05-11,EKWB EK-KIT P240,Custom Liquid Cooler,232.79,3%,672,59671.11,0.4,Mother's Day
2023-05-12,EKWB EK-KIT P240,Custom Liquid Cooler,232.79,3%,683,60647.87,0.4,Mother's Day
2023-05-13,EKWB EK-KIT P240,Custom Liquid Cooler,230.39,4%,685,59181.53,0.4,Mother's Day
2023-05-14,EKWB EK-KIT P240,Custom Liquid Cooler,232.79,3%,683,60647.87,0.4,Mother's Day
2023-05-15,EKWB EK-KIT P240,Custom Liquid Cooler,227.99,5%,681,57201.62,0.4,Mother's Day
2023-05-16,EKWB EK-KIT P240,Custom Liquid Cooler,232.59,0%,654,57942.34,0.4,No Promo
2023-05-17,EKWB EK-KIT P240,Custom Liquid Cooler,232.88,0%,649,57686.78,0.4,No Promo
2023-05-18,EKWB EK-KIT P240,Custom Liquid Cooler,230.26,0%,640,55207.81,0.4,No Promo
2023-05-19,EKWB EK-KIT P240,Custom Liquid Cooler,226.88,2%,658,54538.7,0.4,No Promo
2023-05-20,EKWB EK-KIT P240,Custom Liquid Cooler,229.45,1%,649,55460.28,0.4,No Promo
2023-05-21,EKWB EK-KIT P240,Custom Liquid Cooler,227.23,2%,679,56518.89,0.4,No Promo
2023-05-22,EKWB EK-KIT P240,Custom Liquid Cooler,225.3,3%,685,55693.51,0.4,No Promo
2023-05-23,EKWB EK-KIT P240,Custom Liquid Cooler,225.86,3%,673,55093.25,0.4,No Promo
2023-05-24,EKWB EK-KIT P240,Custom Liquid Cooler,228.71,1%,663,56165.19,0.4,No Promo
2023-05-25,EKWB EK-KIT P240,Custom Liquid Cooler,225.03,3%,674,54619.56,0.4,No Promo
2023-05-26,EKWB EK-KIT P240,Custom Liquid Cooler,223.48,3%,688,54685.36,0.4,No Promo
2023-05-27,EKWB EK-KIT P240,Custom Liquid Cooler,230.49,0%,660,57086.32,0.4,No Promo
2023-05-28,EKWB EK-KIT P240,Custom Liquid Cooler,230.1,1%,665,57257.8,0.4,No Promo
2023-05-29,EKWB EK-KIT P240,Custom Liquid Cooler,226.0,3%,682,55929.95,0.4,No Promo
2023-05-30,EKWB EK-KIT P240,Custom Liquid Cooler,226.93,2%,672,55730.68,0.4,No Promo
2023-05-31,EKWB EK-KIT P240,Custom Liquid Cooler,223.21,3%,682,54025.69,0.4,No Promo
2023-06-01,EKWB EK-KIT P240,Custom Liquid Cooler,228.54,2%,657,55545.82,0.4,No Promo
2023-06-02,EKWB EK-KIT P240,Custom Liquid Cooler,222.15,3%,666,52052.46,0.4,No Promo
2023-06-03,EKWB EK-KIT P240,Custom Liquid Cooler,224.86,3%,680,54991.93,0.4,No Promo
2023-06-04,EKWB EK-KIT P240,Custom Liquid Cooler,228.32,2%,672,56665.22,0.4,No Promo
2023-06-05,EKWB EK-KIT P240,Custom Liquid Cooler,225.77,3%,665,54382.8,0.4,No Promo
2023-06-06,EKWB EK-KIT P240,Custom Liquid Cooler,224.36,2%,672,54006.71,0.4,No Promo
2023-06-07,EKWB EK-KIT P240,Custom Liquid Cooler,226.25,2%,675,55520.33,0.4,No Promo
2023-06-08,EKWB EK-KIT P240,Custom Liquid Cooler,222.16,3%,665,51982.78,0.4,No Promo
2023-06-09,EKWB EK-KIT P240,Custom Liquid Cooler,228.83,0%,654,55479.93,0.4,No Promo
2023-06-10,EKWB EK-KIT P240,Custom Liquid Cooler,230.41,1%,662,57206.95,0.4,No Promo
2023-06-11,EKWB EK-KIT P240,Custom Liquid Cooler,225.31,3%,688,55945.17,0.4,No Promo
2023-06-12,EKWB EK-KIT P240,Custom Liquid Cooler,227.81,1%,652,54645.8,0.4,No Promo
2023-06-13,EKWB EK-KIT P240,Custom Liquid Cooler,229.12,1%,668,56866.44,0.4,No Promo
2023-06-14,EKWB EK-KIT P240,Custom Liquid Cooler,225.38,2%,675,54933.51,0.4,No Promo
2023-06-15,EKWB EK-KIT P240,Custom Liquid Cooler,224.38,3%,671,53938.24,0.4,No Promo
2023-06-16,EKWB EK-KIT P240,Custom Liquid Cooler,232.98,0%,662,58911.03,0.4,No Promo
2023-06-17,EKWB EK-KIT P240,Custom Liquid Cooler,229.24,0%,645,54980.5,0.4,No Promo
2023-06-18,EKWB EK-KIT P240,Custom Liquid Cooler,230.46,0%,660,57064.49,0.4,No Promo
2023-06-19,EKWB EK-KIT P240,Custom Liquid Cooler,228.18,1%,673,56656.15,0.4,No Promo
2023-06-20,EKWB EK-KIT P240,Custom Liquid Cooler,222.06,3%,674,52616.15,0.4,No Promo
2023-06-21,EKWB EK-KIT P240,Custom Liquid Cooler,225.94,3%,688,56380.25,0.4,No Promo
2023-06-22,EKWB EK-KIT P240,Custom Liquid Cooler,224.95,3%,682,55211.4,0.4,No Promo
2023-06-23,EKWB EK-KIT P240,Custom Liquid Cooler,230.24,0%,652,56234.57,0.4,No Promo
2023-06-24,EKWB EK-KIT P240,Custom Liquid Cooler,232.86,0%,648,57583.22,0.4,No Promo
2023-06-25,EKWB EK-KIT P240,Custom Liquid Cooler,232.62,0%,652,57785.11,0.4,No Promo
2023-06-26,EKWB EK-KIT P240,Custom Liquid Cooler,226.41,2%,668,55053.41,0.4,No Promo
2023-06-27,EKWB EK-KIT P240,Custom Liquid Cooler,223.88,2%,665,53122.77,0.4,No Promo
2023-06-28,EKWB EK-KIT P240,Custom Liquid Cooler,231.5,0%,654,57227.45,0.4,No Promo
2023-06-29,EKWB EK-KIT P240,Custom Liquid Cooler,223.35,3%,675,53564.61,0.4,No Promo
2023-06-30,EKWB EK-KIT P240,Custom Liquid Cooler,223.26,3%,673,53343.66,0.4,No Promo
2023-07-01,EKWB EK-KIT P240,Custom Liquid Cooler,230.44,0%,645,55754.72,0.4,No Promo
2023-07-02,EKWB EK-KIT P240,Custom Liquid Cooler,232.47,0%,646,57158.54,0.4,No Promo
2023-07-03,EKWB EK-KIT P240,Custom Liquid Cooler,226.23,1%,655,53863.19,0.4,No Promo
2023-07-04,EKWB EK-KIT P240,Custom Liquid Cooler,230.45,0%,640,55331.79,0.4,No Promo
2023-07-05,EKWB EK-KIT P240,Custom Liquid Cooler,228.84,1%,657,55743.58,0.4,No Promo
2023-07-06,EKWB EK-KIT P240,Custom Liquid Cooler,228.52,0%,643,54351.85,0.4,No Promo
2023-07-07,EKWB EK-KIT P240,Custom Liquid Cooler,231.5,0%,664,58104.7,0.4,No Promo
2023-07-08,EKWB EK-KIT P240,Custom Liquid Cooler,224.92,3%,690,55839.66,0.4,No Promo
2023-07-09,EKWB EK-KIT P240,Custom Liquid Cooler,223.91,2%,683,54581.92,0.4,No Promo
2023-07-10,EKWB EK-KIT P240,Custom Liquid Cooler,211.19,12%,759,51002.67,0.4,Amazon Prime Day
2023-07-11,EKWB EK-KIT P240,Custom Liquid Cooler,206.39,14%,759,47359.63,0.4,Amazon Prime Day
2023-07-12,EKWB EK-KIT P240,Custom Liquid Cooler,203.99,15%,772,46318.07,0.4,Amazon Prime Day
2023-07-13,EKWB EK-KIT P240,Custom Liquid Cooler,215.99,10%,725,52197.83,0.4,Amazon Prime Day
2023-07-14,EKWB EK-KIT P240,Custom Liquid Cooler,203.99,15%,785,47098.04,0.4,Amazon Prime Day
2023-07-15,EKWB EK-KIT P240,Custom Liquid Cooler,203.99,15%,784,47038.04,0.4,Amazon Prime Day
2023-07-16,EKWB EK-KIT P240,Custom Liquid Cooler,211.19,12%,767,51540.25,0.4,Amazon Prime Day
2023-07-17,EKWB EK-KIT P240,Custom Liquid Cooler,203.99,15%,771,46258.07,0.4,Amazon Prime Day
2023-07-18,EKWB EK-KIT P240,Custom Liquid Cooler,206.39,14%,763,47609.22,0.4,Amazon Prime Day
2023-07-19,EKWB EK-KIT P240,Custom Liquid Cooler,215.99,10%,728,52413.82,0.4,Amazon Prime Day
2023-07-20,EKWB EK-KIT P240,Custom Liquid Cooler,203.99,15%,787,47218.03,0.4,Amazon Prime Day
2023-07-21,EKWB EK-KIT P240,Custom Liquid Cooler,208.79,13%,772,50023.52,0.4,Amazon Prime Day
2023-07-22,EKWB EK-KIT P240,Custom Liquid Cooler,211.19,12%,739,49658.73,0.4,Amazon Prime Day
2023-07-23,EKWB EK-KIT P240,Custom Liquid Cooler,215.99,10%,742,53421.77,0.4,Amazon Prime Day
2023-07-24,EKWB EK-KIT P240,Custom Liquid Cooler,224.85,3%,673,54418.58,0.4,No Promo
2023-07-25,EKWB EK-KIT P240,Custom Liquid Cooler,223.04,3%,666,52643.84,0.4,No Promo
2023-07-26,EKWB EK-KIT P240,Custom Liquid Cooler,222.92,3%,681,53751.91,0.4,No Promo
2023-07-27,EKWB EK-KIT P240,Custom Liquid Cooler,228.67,0%,644,54531.7,0.4,No Promo
2023-07-28,EKWB EK-KIT P240,Custom Liquid Cooler,227.82,2%,676,56666.18,0.4,No Promo
2023-07-29,EKWB EK-KIT P240,Custom Liquid Cooler,228.86,1%,669,56774.59,0.4,No Promo
2023-07-30,EKWB EK-KIT P240,Custom Liquid Cooler,227.18,1%,656,54571.85,0.4,No Promo
2023-07-31,EKWB EK-KIT P240,Custom Liquid Cooler,229.14,0%,661,56279.36,0.4,No Promo
2023-08-01,EKWB EK-KIT P240,Custom Liquid Cooler,232.79,3%,674,59848.71,0.4,Back-to-School
2023-08-02,EKWB EK-KIT P240,Custom Liquid Cooler,227.99,5%,702,58965.54,0.4,Back-to-School
2023-08-03,EKWB EK-KIT P240,Custom Liquid Cooler,230.39,4%,686,59267.93,0.4,Back-to-School
2023-08-04,EKWB EK-KIT P240,Custom Liquid Cooler,230.39,4%,695,60045.5,0.4,Back-to-School
2023-08-05,EKWB EK-KIT P240,Custom Liquid Cooler,227.99,5%,689,57873.59,0.4,Back-to-School
2023-08-06,EKWB EK-KIT P240,Custom Liquid Cooler,227.99,5%,705,59217.53,0.4,Back-to-School
2023-08-07,EKWB EK-KIT P240,Custom Liquid Cooler,232.79,3%,672,59671.11,0.4,Back-to-School
2023-08-08,EKWB EK-KIT P240,Custom Liquid Cooler,232.79,3%,677,60115.1,0.4,Back-to-School
2023-08-09,EKWB EK-KIT P240,Custom Liquid Cooler,232.79,3%,680,60381.48,0.4,Back-to-School
2023-08-10,EKWB EK-KIT P240,Custom Liquid Cooler,232.79,3%,687,61003.06,0.4,Back-to-School
2023-08-11,EKWB EK-KIT P240,Custom Liquid Cooler,232.79,3%,688,61091.85,0.4,Back-to-School
2023-08-12,EKWB EK-KIT P240,Custom Liquid Cooler,227.99,5%,684,57453.61,0.4,Back-to-School
2023-08-13,EKWB EK-KIT P240,Custom Liquid Cooler,230.39,4%,684,59095.14,0.4,Back-to-School
2023-08-14,EKWB EK-KIT P240,Custom Liquid Cooler,227.99,5%,687,57705.6,0.4,Back-to-School
2023-08-15,EKWB EK-KIT P240,Custom Liquid Cooler,227.61,0%,660,55189.63,0.4,No Promo
2023-08-16,EKWB EK-KIT P240,Custom Liquid Cooler,225.94,2%,674,55232.79,0.4,No Promo
2023-08-17,EKWB EK-KIT P240,Custom Liquid Cooler,223.14,3%,676,53503.0,0.4,No Promo
2023-08-18,EKWB EK-KIT P240,Custom Liquid Cooler,231.55,0%,651,57000.97,0.4,No Promo
2023-08-19,EKWB EK-KIT P240,Custom Liquid Cooler,220.78,3%,691,53058.22,0.4,No Promo
2023-08-20,EKWB EK-KIT P240,Custom Liquid Cooler,225.29,2%,664,53979.03,0.4,No Promo
2023-08-21,EKWB EK-KIT P240,Custom Liquid Cooler,223.22,2%,674,53395.54,0.4,No Promo
2023-08-22,EKWB EK-KIT P240,Custom Liquid Cooler,221.55,3%,687,53281.39,0.4,No Promo
2023-08-23,EKWB EK-KIT P240,Custom Liquid Cooler,228.47,0%,659,55669.74,0.4,No Promo
2023-08-24,EKWB EK-KIT P240,Custom Liquid Cooler,229.11,1%,666,56684.41,0.4,No Promo
2023-08-25,EKWB EK-KIT P240,Custom Liquid Cooler,223.96,3%,691,55255.55,0.4,No Promo
2023-08-26,EKWB EK-KIT P240,Custom Liquid Cooler,231.49,0%,666,58272.49,0.4,No Promo
2023-08-27,EKWB EK-KIT P240,Custom Liquid Cooler,228.6,1%,667,56435.52,0.4,No Promo
2023-08-28,EKWB EK-KIT P240,Custom Liquid Cooler,223.17,2%,682,53996.93,0.4,No Promo
2023-08-29,EKWB EK-KIT P240,Custom Liquid Cooler,231.26,0%,646,56371.6,0.4,No Promo
2023-08-30,EKWB EK-KIT P240,Custom Liquid Cooler,223.39,3%,690,54786.22,0.4,No Promo
2023-08-31,EKWB EK-KIT P240,Custom Liquid Cooler,224.17,2%,664,53236.67,0.4,No Promo
2023-09-01,EKWB EK-KIT P240,Custom Liquid Cooler,223.73,3%,689,54936.96,0.4,No Promo
2023-09-02,EKWB EK-KIT P240,Custom Liquid Cooler,230.71,0%,644,55848.08,0.4,No Promo
2023-09-03,EKWB EK-KIT P240,Custom Liquid Cooler,227.46,0%,649,54169.65,0.4,No Promo
2023-09-04,EKWB EK-KIT P240,Custom Liquid Cooler,230.26,0%,657,56674.3,0.4,No Promo
2023-09-05,EKWB EK-KIT P240,Custom Liquid Cooler,226.79,2%,678,56138.31,0.4,No Promo
2023-09-06,EKWB EK-KIT P240,Custom Liquid Cooler,221.22,3%,677,52285.34,0.4,No Promo
2023-09-07,EKWB EK-KIT P240,Custom Liquid Cooler,227.09,1%,658,54677.78,0.4,No Promo
2023-09-08,EKWB EK-KIT P240,Custom Liquid Cooler,226.97,1%,668,55428.61,0.4,No Promo
2023-09-09,EKWB EK-KIT P240,Custom Liquid Cooler,221.45,3%,690,53442.85,0.4,No Promo
2023-09-10,EKWB EK-KIT P240,Custom Liquid Cooler,220.66,3%,688,52746.74,0.4,No Promo
2023-09-11,EKWB EK-KIT P240,Custom Liquid Cooler,225.85,2%,661,54106.24,0.4,No Promo
2023-09-12,EKWB EK-KIT P240,Custom Liquid Cooler,228.24,1%,658,55432.84,0.4,No Promo
2023-09-13,EKWB EK-KIT P240,Custom Liquid Cooler,222.79,3%,686,54053.86,0.4,No Promo
2023-09-14,EKWB EK-KIT P240,Custom Liquid Cooler,226.0,2%,677,55520.29,0.4,No Promo
2023-09-15,EKWB EK-KIT P240,Custom Liquid Cooler,229.05,0%,657,55880.79,0.4,No Promo
2023-09-16,EKWB EK-KIT P240,Custom Liquid Cooler,223.87,2%,661,52798.67,0.4,No Promo
2023-09-17,EKWB EK-KIT P240,Custom Liquid Cooler,224.54,3%,667,53721.85,0.4,No Promo
2023-09-18,EKWB EK-KIT P240,Custom Liquid Cooler,224.88,2%,669,54114.58,0.4,No Promo
2023-09-19,EKWB EK-KIT P240,Custom Liquid Cooler,224.97,1%,670,54250.87,0.4,No Promo
2023-09-20,EKWB EK-KIT P240,Custom Liquid Cooler,226.04,1%,666,54641.94,0.4,No Promo
2023-09-21,EKWB EK-KIT P240,Custom Liquid Cooler,224.03,3%,689,55144.37,0.4,No Promo
2023-09-22,EKWB EK-KIT P240,Custom Liquid Cooler,228.97,1%,655,55661.95,0.4,No Promo
2023-09-23,EKWB EK-KIT P240,Custom Liquid Cooler,225.07,2%,683,55375.11,0.4,No Promo
2023-09-24,EKWB EK-KIT P240,Custom Liquid Cooler,228.01,1%,658,55283.4,0.4,No Promo
2023-09-25,EKWB EK-KIT P240,Custom Liquid Cooler,227.78,0%,649,54374.41,0.4,No Promo
2023-09-26,EKWB EK-KIT P240,Custom Liquid Cooler,222.26,3%,681,53298.36,0.4,No Promo
2023-09-27,EKWB EK-KIT P240,Custom Liquid Cooler,222.88,2%,671,52935.55,0.4,No Promo
2023-09-28,EKWB EK-KIT P240,Custom Liquid Cooler,226.26,1%,670,55120.49,0.4,No Promo
2023-09-29,EKWB EK-KIT P240,Custom Liquid Cooler,228.03,1%,656,55124.94,0.4,No Promo
2023-09-30,EKWB EK-KIT P240,Custom Liquid Cooler,226.73,1%,662,54769.29,0.4,No Promo
2023-10-01,EKWB EK-KIT P240,Custom Liquid Cooler,224.12,3%,678,54323.0,0.4,No Promo
2023-10-02,EKWB EK-KIT P240,Custom Liquid Cooler,230.84,0%,641,55667.1,0.4,No Promo
2023-10-03,EKWB EK-KIT P240,Custom Liquid Cooler,228.63,1%,661,55943.27,0.4,No Promo
2023-10-04,EKWB EK-KIT P240,Custom Liquid Cooler,224.51,1%,650,52337.42,0.4,No Promo
2023-10-05,EKWB EK-KIT P240,Custom Liquid Cooler,230.78,0%,650,56408.3,0.4,No Promo
2023-10-06,EKWB EK-KIT P240,Custom Liquid Cooler,227.88,0%,650,54525.55,0.4,No Promo
