cpu_cooler_sales_data.csv
date,product,category,price,discount,quantity_sold,profit,profit_margin,event
2023-10-07,EKWB EK-KIT P240,Custom Liquid Cooler,224.87,2%,681,55078.05,0.4,No Promo
2023-10-08,EKWB EK-KIT P240,Custom Liquid Cooler,224.78,1%,667,53883.44,0.4,No Promo
2023-10-09,EKWB EK-KIT P240,Custom Liquid Cooler,225.24,1%,674,54757.99,0.4,No Promo
2023-10-10,EKWB EK-KIT P240,Custom Liquid Cooler,224.81,2%,672,54308.67,0.4,No Promo
2023-10-11,EKWB EK-KIT P240,Custom Liquid Cooler,230.58,0%,660,57147.45,0.4,No Promo
2023-10-12,EKWB EK-KIT P240,Custom Liquid Cooler,229.58,0%,651,55714.84,0.4,No Promo
2023-10-13,EKWB EK-KIT P240,Custom Liquid Cooler,225.31,2%,681,55373.96,0.4,No Promo
2023-10-14,EKWB EK-KIT P240,Custom Liquid Cooler,224.35,2%,663,53272.98,0.4,No Promo
2023-10-15,EKWB EK-KIT P240,Custom Liquid Cooler,229.37,0%,645,55068.09,0.4,No Promo
2023-10-16,EKWB EK-KIT P240,Custom Liquid Cooler,223.87,3%,666,53196.88,0.4,No Promo
2023-10-17,EKWB EK-KIT P240,Custom Liquid Cooler,229.83,0%,651,55880.81,0.4,No Promo
2023-10-18,EKWB EK-KIT P240,Custom Liquid Cooler,230.51,0%,657,56838.4,0.4,No Promo
2023-10-19,EKWB EK-KIT P240,Custom Liquid Cooler,226.02,2%,678,55612.6,0.4,No Promo
2023-10-20,EKWB EK-KIT P240,Custom Liquid Cooler,230.87,0%,666,57857.32,0.4,No Promo
2023-10-21,EKWB EK-KIT P240,Custom Liquid Cooler,226.14,1%,669,54952.87,0.4,No Promo
2023-10-22,EKWB EK-KIT P240,Custom Liquid Cooler,223.13,3%,681,53891.24,0.4,No Promo
2023-10-23,EKWB EK-KIT P240,Custom Liquid Cooler,223.87,2%,667,53276.65,0.4,No Promo
2023-10-24,EKWB EK-KIT P240,Custom Liquid Cooler,222.85,2%,659,51967.18,0.4,No Promo
2023-10-25,EKWB EK-KIT P240,Custom Liquid Cooler,230.98,0%,661,57496.98,0.4,No Promo
2023-10-26,EKWB EK-KIT P240,Custom Liquid Cooler,219.86,3%,670,50828.52,0.4,No Promo
2023-10-27,EKWB EK-KIT P240,Custom Liquid Cooler,221.75,3%,686,53343.68,0.4,No Promo
2023-10-28,EKWB EK-KIT P240,Custom Liquid Cooler,222.59,2%,674,52972.76,0.4,No Promo
2023-10-29,EKWB EK-KIT P240,Custom Liquid Cooler,225.17,2%,682,55365.37,0.4,No Promo
2023-10-30,EKWB EK-KIT P240,Custom Liquid Cooler,230.87,0%,646,56122.64,0.4,No Promo
2023-10-31,EKWB EK-KIT P240,Custom Liquid Cooler,225.31,1%,672,54646.63,0.4,No Promo
2023-11-01,EKWB EK-KIT P240,Custom Liquid Cooler,223.96,2%,676,54059.68,0.4,No Promo
2023-11-02,EKWB EK-KIT P240,Custom Liquid Cooler,227.01,0%,654,54291.58,0.4,No Promo
2023-11-03,EKWB EK-KIT P240,Custom Liquid Cooler,226.82,0%,655,54248.83,0.4,No Promo
2023-11-04,EKWB EK-KIT P240,Custom Liquid Cooler,219.92,3%,692,52538.72,0.4,No Promo
2023-11-05,EKWB EK-KIT P240,Custom Liquid Cooler,227.39,1%,672,56039.68,0.4,No Promo
2023-11-06,EKWB EK-KIT P240,Custom Liquid Cooler,228.45,0%,643,54304.44,0.4,No Promo
2023-11-07,EKWB EK-KIT P240,Custom Liquid Cooler,223.95,1%,657,52533.8,0.4,No Promo
2023-11-08,EKWB EK-KIT P240,Custom Liquid Cooler,220.0,3%,688,52288.94,0.4,No Promo
2023-11-09,EKWB EK-KIT P240,Custom Liquid Cooler,225.4,1%,651,52994.22,0.4,No Promo
2023-11-10,EKWB EK-KIT P240,Custom Liquid Cooler,228.42,1%,668,56398.17,0.4,No Promo
2023-11-11,EKWB EK-KIT P240,Custom Liquid Cooler,226.63,1%,658,54374.43,0.4,No Promo
2023-11-12,EKWB EK-KIT P240,Custom Liquid Cooler,221.55,2%,668,51808.37,0.4,No Promo
2023-11-13,EKWB EK-KIT P240,Custom Liquid Cooler,229.69,0%,665,56987.07,0.4,No Promo
2023-11-14,EKWB EK-KIT P240,Custom Liquid Cooler,230.63,0%,651,56397.56,0.4,No Promo
2023-11-15,EKWB EK-KIT P240,Custom Liquid Cooler,227.73,0%,646,54094.41,0.4,No Promo
2023-11-16,EKWB EK-KIT P240,Custom Liquid Cooler,225.29,1%,662,53815.24,0.4,No Promo
2023-11-17,EKWB EK-KIT P240,Custom Liquid Cooler,199.19,17%,801,44213.36,0.4,Black Friday
2023-11-18,EKWB EK-KIT P240,Custom Liquid Cooler,196.79,18%,819,43241.4,0.4,Black Friday
2023-11-19,EKWB EK-KIT P240,Custom Liquid Cooler,199.19,17%,789,43550.99,0.4,Black Friday
2023-11-20,EKWB EK-KIT P240,Custom Liquid Cooler,201.59,16%,782,45041.32,0.4,Black Friday
2023-11-21,EKWB EK-KIT P240,Custom Liquid Cooler,199.19,17%,809,44654.94,0.4,Black Friday
2023-11-22,EKWB EK-KIT P240,Custom Liquid Cooler,194.39,19%,822,41427.07,0.4,Black Friday
2023-11-23,EKWB EK-KIT P240,Custom Liquid Cooler,199.19,17%,802,44268.56,0.4,Black Friday
2023-11-24,EKWB EK-KIT P240,Custom Liquid Cooler,194.39,19%,826,41628.67,0.4,Black Friday
2023-11-25,EKWB EK-KIT P240,Custom Liquid Cooler,191.99,20%,826,39646.35,0.4,Black Friday
2023-11-26,EKWB EK-KIT P240,Custom Liquid Cooler,196.79,18%,809,42713.42,0.4,Black Friday
2023-11-27,EKWB EK-KIT P240,Custom Liquid Cooler,199.19,17%,791,43661.38,0.4,Black Friday
2023-11-28,EKWB EK-KIT P240,Custom Liquid Cooler,196.79,18%,811,42819.02,0.4,Black Friday
2023-11-29,EKWB EK-KIT P240,Custom Liquid Cooler,203.99,15%,777,46618.06,0.4,Black Friday
2023-11-30,EKWB EK-KIT P240,Custom Liquid Cooler,203.99,15%,771,46258.07,0.4,Black Friday
2023-12-01,EKWB EK-KIT P240,Custom Liquid Cooler,194.39,19%,826,41628.67,0.4,Black Friday
2023-12-02,EKWB EK-KIT P240,Custom Liquid Cooler,229.86,0%,641,55038.49,0.4,No Promo
2023-12-03,EKWB EK-KIT P240,Custom Liquid Cooler,221.83,3%,684,53238.44,0.4,No Promo
2023-12-04,EKWB EK-KIT P240,Custom Liquid Cooler,220.25,3%,684,52160.99,0.4,No Promo
2023-12-05,EKWB EK-KIT P240,Custom Liquid Cooler,226.05,1%,650,53339.63,0.4,No Promo
2023-12-06,EKWB EK-KIT P240,Custom Liquid Cooler,225.09,2%,668,54175.02,0.4,No Promo
2023-12-07,EKWB EK-KIT P240,Custom Liquid Cooler,222.65,3%,676,53170.74,0.4,No Promo
2023-12-08,EKWB EK-KIT P240,Custom Liquid Cooler,227.57,0%,646,53992.75,0.4,No Promo
2023-12-09,EKWB EK-KIT P240,Custom Liquid Cooler,222.89,2%,681,53731.13,0.4,No Promo
2023-12-10,EKWB EK-KIT P240,Custom Liquid Cooler,226.99,1%,671,55687.77,0.4,No Promo
2023-12-11,EKWB EK-KIT P240,Custom Liquid Cooler,208.79,13%,760,49245.95,0.4,Christmas
2023-12-12,EKWB EK-KIT P240,Custom Liquid Cooler,206.39,14%,760,47422.02,0.4,Christmas
2023-12-13,EKWB EK-KIT P240,Custom Liquid Cooler,203.99,15%,778,46678.06,0.4,Christmas
2023-12-14,EKWB EK-KIT P240,Custom Liquid Cooler,213.59,11%,755,52545.81,0.4,Christmas
2023-12-15,EKWB EK-KIT P240,Custom Liquid Cooler,208.79,13%,773,50088.31,0.4,Christmas
2023-12-16,EKWB EK-KIT P240,Custom Liquid Cooler,208.79,13%,767,49699.53,0.4,Christmas
2023-12-17,EKWB EK-KIT P240,Custom Liquid Cooler,206.39,14%,758,47297.23,0.4,Christmas
2023-12-18,EKWB EK-KIT P240,Custom Liquid Cooler,206.39,14%,769,47983.6,0.4,Christmas
2023-12-19,EKWB EK-KIT P240,Custom Liquid Cooler,213.59,11%,738,51362.66,0.4,Christmas
2023-12-20,EKWB EK-KIT P240,Custom Liquid Cooler,208.79,13%,769,49829.12,0.4,Christmas
2023-12-21,EKWB EK-KIT P240,Custom Liquid Cooler,213.59,11%,739,51432.26,0.4,Christmas
2023-12-22,EKWB EK-KIT P240,Custom Liquid Cooler,211.19,12%,747,50196.31,0.4,Christmas
2023-12-23,EKWB EK-KIT P240,Custom Liquid Cooler,213.59,11%,756,52615.41,0.4,Christmas
2023-12-24,EKWB EK-KIT P240,Custom Liquid Cooler,208.79,13%,761,49310.75,0.4,Christmas
2023-12-25,EKWB EK-KIT P240,Custom Liquid Cooler,215.99,10%,748,53853.76,0.4,Christmas
2023-12-26,EKWB EK-KIT P240,Custom Liquid Cooler,226.14,0%,655,53802.74,0.4,No Promo
2023-12-27,EKWB EK-KIT P240,Custom Liquid Cooler,225.55,1%,660,53828.71,0.4,No Promo
2023-12-28,EKWB EK-KIT P240,Custom Liquid Cooler,221.13,3%,669,51602.33,0.4,No Promo
2023-12-29,EKWB EK-KIT P240,Custom Liquid Cooler,223.51,1%,653,51922.86,0.4,No Promo
2023-12-30,EKWB EK-KIT P240,Custom Liquid Cooler,222.69,2%,667,52491.23,0.4,No Promo
2023-12-31,EKWB EK-KIT P240,Custom Liquid Cooler,222.77,3%,679,53485.78,0.4,No Promo
2022-01-01,Thermaltake Pacific CL360,Custom Liquid Cooler,284.99,5%,1128,125203.83,0.42,New Year's Sale
2022-01-02,Thermaltake Pacific CL360,Custom Liquid Cooler,284.99,5%,1129,125314.82,0.42,New Year's Sale
2022-01-03,Thermaltake Pacific CL360,Custom Liquid Cooler,275.99,8%,1134,115664.14,0.42,New Year's Sale
2022-01-04,Thermaltake Pacific CL360,Custom Liquid Cooler,278.99,7%,1140,119696.01,0.42,New Year's Sale
2022-01-05,Thermaltake Pacific CL360,Custom Liquid Cooler,281.99,6%,1101,118904.04,0.42,New Year's Sale
2022-01-06,Thermaltake Pacific CL360,Custom Liquid Cooler,269.99,10%,1184,113660.21,0.42,New Year's Sale
2022-01-07,Thermaltake Pacific CL360,Custom Liquid Cooler,275.99,8%,1147,116990.1,0.42,New Year's Sale
2022-01-08,Thermaltake Pacific CL360,Custom Liquid Cooler,278.99,7%,1152,120955.97,0.42,New Year's Sale
2022-01-09,Thermaltake Pacific CL360,Custom Liquid Cooler,275.99,8%,1126,114848.17,0.42,New Year's Sale
2022-01-10,Thermaltake Pacific CL360,Custom Liquid Cooler,284.99,5%,1116,123871.87,0.42,New Year's Sale
2022-01-11,Thermaltake Pacific CL360,Custom Liquid Cooler,272.99,9%,1171,115925.14,0.42,New Year's Sale
2022-01-12,Thermaltake Pacific CL360,Custom Liquid Cooler,281.99,6%,1125,121495.95,0.42,New Year's Sale
2022-01-13,Thermaltake Pacific CL360,Custom Liquid Cooler,284.99,5%,1103,122428.92,0.42,New Year's Sale
2022-01-14,Thermaltake Pacific CL360,Custom Liquid Cooler,275.99,8%,1143,116582.11,0.42,New Year's Sale
2022-01-15,Thermaltake Pacific CL360,Custom Liquid Cooler,298.76,1%,1066,132998.36,0.42,No Promo
2022-01-16,Thermaltake Pacific CL360,Custom Liquid Cooler,293.82,2%,1048,125577.2,0.42,No Promo
2022-01-17,Thermaltake Pacific CL360,Custom Liquid Cooler,291.36,3%,1082,126991.86,0.42,No Promo
2022-01-18,Thermaltake Pacific CL360,Custom Liquid Cooler,295.58,1%,1062,129120.22,0.42,No Promo
2022-01-19,Thermaltake Pacific CL360,Custom Liquid Cooler,301.24,0%,1032,131316.3,0.42,No Promo
2022-01-20,Thermaltake Pacific CL360,Custom Liquid Cooler,292.25,2%,1055,124760.8,0.42,No Promo
2022-01-21,Thermaltake Pacific CL360,Custom Liquid Cooler,290.1,3%,1083,125737.17,0.42,No Promo
2022-01-22,Thermaltake Pacific CL360,Custom Liquid Cooler,295.01,1%,1037,125490.79,0.42,No Promo
2022-01-23,Thermaltake Pacific CL360,Custom Liquid Cooler,296.19,2%,1085,132579.36,0.42,No Promo
2022-01-24,Thermaltake Pacific CL360,Custom Liquid Cooler,292.78,2%,1051,124841.43,0.42,No Promo
2022-01-25,Thermaltake Pacific CL360,Custom Liquid Cooler,297.94,0%,1025,127040.23,0.42,No Promo
2022-01-26,Thermaltake Pacific CL360,Custom Liquid Cooler,298.16,0%,1025,127274.14,0.42,No Promo
2022-01-27,Thermaltake Pacific CL360,Custom Liquid Cooler,301.2,0%,1029,130896.73,0.42,No Promo
2022-01-28,Thermaltake Pacific CL360,Custom Liquid Cooler,294.4,2%,1047,126068.91,0.42,No Promo
2022-01-29,Thermaltake Pacific CL360,Custom Liquid Cooler,293.16,2%,1076,128221.65,0.42,No Promo
2022-01-30,Thermaltake Pacific CL360,Custom Liquid Cooler,295.5,2%,1065,129405.12,0.42,No Promo
2022-01-31,Thermaltake Pacific CL360,Custom Liquid Cooler,302.14,0%,1033,132372.87,0.42,No Promo
2022-02-01,Thermaltake Pacific CL360,Custom Liquid Cooler,290.56,2%,1064,124025.77,0.42,No Promo
2022-02-02,Thermaltake Pacific CL360,Custom Liquid Cooler,290.35,3%,1102,128226.31,0.42,No Promo
2022-02-03,Thermaltake Pacific CL360,Custom Liquid Cooler,295.57,1%,1067,129720.79,0.42,No Promo
2022-02-04,Thermaltake Pacific CL360,Custom Liquid Cooler,294.82,1%,1062,128312.6,0.42,No Promo
2022-02-05,Thermaltake Pacific CL360,Custom Liquid Cooler,299.25,0%,1058,132525.21,0.42,No Promo
2022-02-06,Thermaltake Pacific CL360,Custom Liquid Cooler,299.86,0%,1035,130274.36,0.42,No Promo
2022-02-07,Thermaltake Pacific CL360,Custom Liquid Cooler,284.99,5%,1098,121873.94,0.42,Valentine's Day
2022-02-08,Thermaltake Pacific CL360,Custom Liquid Cooler,281.99,6%,1114,120307.99,0.42,Valentine's Day
2022-02-09,Thermaltake Pacific CL360,Custom Liquid Cooler,278.99,7%,1155,121270.96,0.42,Valentine's Day
2022-02-10,Thermaltake Pacific CL360,Custom Liquid Cooler,284.99,5%,1089,120874.97,0.42,Valentine's Day
2022-02-11,Thermaltake Pacific CL360,Custom Liquid Cooler,278.99,7%,1130,118646.04,0.42,Valentine's Day
2022-02-12,Thermaltake Pacific CL360,Custom Liquid Cooler,278.99,7%,1137,119381.02,0.42,Valentine's Day
2022-02-13,Thermaltake Pacific CL360,Custom Liquid Cooler,278.99,7%,1137,119381.02,0.42,Valentine's Day
2022-02-14,Thermaltake Pacific CL360,Custom Liquid Cooler,290.99,3%,1076,125887.8,0.42,Valentine's Day
2022-02-15,Thermaltake Pacific CL360,Custom Liquid Cooler,290.99,3%,1097,128344.72,0.42,Valentine's Day
2022-02-16,Thermaltake Pacific CL360,Custom Liquid Cooler,281.99,6%,1128,121819.94,0.42,Valentine's Day
2022-02-17,Thermaltake Pacific CL360,Custom Liquid Cooler,284.99,5%,1105,122650.91,0.42,Valentine's Day
2022-02-18,Thermaltake Pacific CL360,Custom Liquid Cooler,287.99,4%,1090,124255.86,0.42,Valentine's Day
2022-02-19,Thermaltake Pacific CL360,Custom Liquid Cooler,287.99,4%,1078,122887.9,0.42,Valentine's Day
2022-02-20,Thermaltake Pacific CL360,Custom Liquid Cooler,284.99,5%,1119,124204.86,0.42,Valentine's Day
2022-02-21,Thermaltake Pacific CL360,Custom Liquid Cooler,284.99,5%,1108,122983.9,0.42,Valentine's Day
2022-02-22,Thermaltake Pacific CL360,Custom Liquid Cooler,293.91,2%,1072,128547.73,0.42,No Promo
2022-02-23,Thermaltake Pacific CL360,Custom Liquid Cooler,290.21,2%,1084,125972.79,0.42,No Promo
2022-02-24,Thermaltake Pacific CL360,Custom Liquid Cooler,293.18,2%,1057,125979.03,0.42,No Promo
2022-02-25,Thermaltake Pacific CL360,Custom Liquid Cooler,294.78,1%,1035,125010.04,0.42,No Promo
2022-02-26,Thermaltake Pacific CL360,Custom Liquid Cooler,299.1,0%,1024,128103.5,0.42,No Promo
2022-02-27,Thermaltake Pacific CL360,Custom Liquid Cooler,290.46,3%,1073,124963.3,0.42,No Promo
2022-02-28,Thermaltake Pacific CL360,Custom Liquid Cooler,290.8,3%,1084,126615.86,0.42,No Promo
2022-03-01,Thermaltake Pacific CL360,Custom Liquid Cooler,297.03,0%,1042,128203.89,0.42,No Promo
2022-03-02,Thermaltake Pacific CL360,Custom Liquid Cooler,295.36,2%,1078,130836.1,0.42,No Promo
2022-03-03,Thermaltake Pacific CL360,Custom Liquid Cooler,296.39,1%,1060,129744.73,0.42,No Promo
2022-03-04,Thermaltake Pacific CL360,Custom Liquid Cooler,290.26,2%,1057,122896.6,0.42,No Promo
2022-03-05,Thermaltake Pacific CL360,Custom Liquid Cooler,292.77,2%,1078,128037.68,0.42,No Promo
2022-03-06,Thermaltake Pacific CL360,Custom Liquid Cooler,287.69,3%,1089,123816.5,0.42,No Promo
2022-03-07,Thermaltake Pacific CL360,Custom Liquid Cooler,293.89,1%,1060,127084.99,0.42,No Promo
2022-03-08,Thermaltake Pacific CL360,Custom Liquid Cooler,297.9,0%,1029,127498.43,0.42,No Promo
2022-03-09,Thermaltake Pacific CL360,Custom Liquid Cooler,297.21,1%,1045,128760.26,0.42,No Promo
2022-03-10,Thermaltake Pacific CL360,Custom Liquid Cooler,296.18,0%,1036,126579.89,0.42,No Promo
2022-03-11,Thermaltake Pacific CL360,Custom Liquid Cooler,295.38,2%,1077,130735.8,0.42,No Promo
2022-03-12,Thermaltake Pacific CL360,Custom Liquid Cooler,296.95,0%,1050,129107.42,0.42,No Promo
2022-03-13,Thermaltake Pacific CL360,Custom Liquid Cooler,300.01,0%,1044,131556.03,0.42,No Promo
2022-03-14,Thermaltake Pacific CL360,Custom Liquid Cooler,292.19,2%,1061,125409.28,0.42,No Promo
2022-03-15,Thermaltake Pacific CL360,Custom Liquid Cooler,295.12,1%,1050,127182.06,0.42,No Promo
2022-03-16,Thermaltake Pacific CL360,Custom Liquid Cooler,295.04,2%,1068,129277.81,0.42,No Promo
2022-03-17,Thermaltake Pacific CL360,Custom Liquid Cooler,291.18,3%,1069,125272.23,0.42,No Promo
2022-03-18,Thermaltake Pacific CL360,Custom Liquid Cooler,299.35,0%,1029,128993.75,0.42,No Promo
2022-03-19,Thermaltake Pacific CL360,Custom Liquid Cooler,291.47,2%,1060,124521.91,0.42,No Promo
2022-03-20,Thermaltake Pacific CL360,Custom Liquid Cooler,289.54,3%,1083,125139.05,0.42,No Promo
2022-03-21,Thermaltake Pacific CL360,Custom Liquid Cooler,298.72,0%,1049,130832.8,0.42,No Promo
2022-03-22,Thermaltake Pacific CL360,Custom Liquid Cooler,286.86,3%,1064,120083.9,0.42,No Promo
2022-03-23,Thermaltake Pacific CL360,Custom Liquid Cooler,298.78,0%,1038,129525.88,0.42,No Promo
2022-03-24,Thermaltake Pacific CL360,Custom Liquid Cooler,293.85,1%,1041,124771.95,0.42,No Promo
2022-03-25,Thermaltake Pacific CL360,Custom Liquid Cooler,292.07,2%,1063,125516.11,0.42,No Promo
2022-03-26,Thermaltake Pacific CL360,Custom Liquid Cooler,293.07,2%,1060,126222.64,0.42,No Promo
2022-03-27,Thermaltake Pacific CL360,Custom Liquid Cooler,294.23,2%,1061,127567.46,0.42,No Promo
2022-03-28,Thermaltake Pacific CL360,Custom Liquid Cooler,297.6,1%,1065,131635.96,0.42,No Promo
2022-03-29,Thermaltake Pacific CL360,Custom Liquid Cooler,299.84,0%,1025,128996.34,0.42,No Promo
2022-03-30,Thermaltake Pacific CL360,Custom Liquid Cooler,292.31,1%,1037,122694.97,0.42,No Promo
2022-03-31,Thermaltake Pacific CL360,Custom Liquid Cooler,292.82,1%,1070,127138.45,0.42,No Promo
2022-04-01,Thermaltake Pacific CL360,Custom Liquid Cooler,295.85,1%,1041,126856.97,0.42,No Promo
2022-04-02,Thermaltake Pacific CL360,Custom Liquid Cooler,290.46,3%,1070,124620.45,0.42,No Promo
2022-04-03,Thermaltake Pacific CL360,Custom Liquid Cooler,286.77,3%,1071,120787.07,0.42,No Promo
2022-04-04,Thermaltake Pacific CL360,Custom Liquid Cooler,294.31,1%,1047,125971.52,0.42,No Promo
2022-04-05,Thermaltake Pacific CL360,Custom Liquid Cooler,289.9,2%,1078,124947.38,0.42,No Promo
2022-04-06,Thermaltake Pacific CL360,Custom Liquid Cooler,290.79,3%,1083,126491.32,0.42,No Promo
2022-04-07,Thermaltake Pacific CL360,Custom Liquid Cooler,295.55,0%,1041,126535.37,0.42,No Promo
2022-04-08,Thermaltake Pacific CL360,Custom Liquid Cooler,295.99,1%,1032,125903.0,0.42,No Promo
2022-04-09,Thermaltake Pacific CL360,Custom Liquid Cooler,293.17,2%,1068,127283.81,0.42,No Promo
2022-04-10,Thermaltake Pacific CL360,Custom Liquid Cooler,278.99,7%,1114,116966.1,0.42,Easter
2022-04-11,Thermaltake Pacific CL360,Custom Liquid Cooler,290.99,3%,1097,128344.72,0.42,Easter
2022-04-12,Thermaltake Pacific CL360,Custom Liquid Cooler,287.99,4%,1108,126307.79,0.42,Easter
2022-04-13,Thermaltake Pacific CL360,Custom Liquid Cooler,275.99,8%,1165,118826.04,0.42,Easter
2022-04-14,Thermaltake Pacific CL360,Custom Liquid Cooler,278.99,7%,1126,118226.06,0.42,Easter
2022-04-15,Thermaltake Pacific CL360,Custom Liquid Cooler,281.99,6%,1104,119228.03,0.42,Easter
2022-04-16,Thermaltake Pacific CL360,Custom Liquid Cooler,284.99,5%,1113,123538.88,0.42,Easter
