cpu_cooler_sales_data.csv
date,product,category,price,discount,quantity_sold,profit,profit_margin,event
2022-04-17,Thermaltake Pacific CL360,Custom Liquid Cooler,284.99,5%,1101,122206.93,0.42,Easter
2022-04-18,Thermaltake Pacific CL360,Custom Liquid Cooler,281.99,6%,1113,120199.99,0.42,Easter
2022-04-19,Thermaltake Pacific CL360,Custom Liquid Cooler,287.99,4%,1111,126649.78,0.42,Easter
2022-04-20,Thermaltake Pacific CL360,Custom Liquid Cooler,281.99,6%,1125,121495.95,0.42,Easter
2022-04-21,Thermaltake Pacific CL360,Custom Liquid Cooler,278.99,7%,1114,116966.1,0.42,Easter
2022-04-22,Thermaltake Pacific CL360,Custom Liquid Cooler,287.99,4%,1113,126877.77,0.42,Easter
2022-04-23,Thermaltake Pacific CL360,Custom Liquid Cooler,287.99,4%,1115,127105.76,0.42,Easter
2022-04-24,Thermaltake Pacific CL360,Custom Liquid Cooler,275.99,8%,1164,118724.04,0.42,Easter
2022-04-25,Thermaltake Pacific CL360,Custom Liquid Cooler,299.21,0%,1051,131604.65,0.42,No Promo
2022-04-26,Thermaltake Pacific CL360,Custom Liquid Cooler,289.49,3%,1073,123930.97,0.42,No Promo
2022-04-27,Thermaltake Pacific CL360,Custom Liquid Cooler,291.43,3%,1086,127530.68,0.42,No Promo
2022-04-28,Thermaltake Pacific CL360,Custom Liquid Cooler,293.83,1%,1048,125583.18,0.42,No Promo
2022-04-29,Thermaltake Pacific CL360,Custom Liquid Cooler,296.04,0%,1032,125948.42,0.42,No Promo
2022-04-30,Thermaltake Pacific CL360,Custom Liquid Cooler,295.54,0%,1040,126403.38,0.42,No Promo
2022-05-01,Thermaltake Pacific CL360,Custom Liquid Cooler,293.99,2%,1052,126235.79,0.42,Mother's Day
2022-05-02,Thermaltake Pacific CL360,Custom Liquid Cooler,287.99,4%,1082,123343.89,0.42,Mother's Day
2022-05-03,Thermaltake Pacific CL360,Custom Liquid Cooler,287.99,4%,1087,123913.87,0.42,Mother's Day
2022-05-04,Thermaltake Pacific CL360,Custom Liquid Cooler,284.99,5%,1089,120874.97,0.42,Mother's Day
2022-05-05,Thermaltake Pacific CL360,Custom Liquid Cooler,290.99,3%,1094,127993.73,0.42,Mother's Day
2022-05-06,Thermaltake Pacific CL360,Custom Liquid Cooler,290.99,3%,1069,125068.83,0.42,Mother's Day
2022-05-07,Thermaltake Pacific CL360,Custom Liquid Cooler,293.99,2%,1079,129475.68,0.42,Mother's Day
2022-05-08,Thermaltake Pacific CL360,Custom Liquid Cooler,290.99,3%,1093,127876.74,0.42,Mother's Day
2022-05-09,Thermaltake Pacific CL360,Custom Liquid Cooler,284.99,5%,1086,120541.98,0.42,Mother's Day
2022-05-10,Thermaltake Pacific CL360,Custom Liquid Cooler,287.99,4%,1099,125281.82,0.42,Mother's Day
2022-05-11,Thermaltake Pacific CL360,Custom Liquid Cooler,293.99,2%,1069,128275.72,0.42,Mother's Day
2022-05-12,Thermaltake Pacific CL360,Custom Liquid Cooler,293.99,2%,1059,127075.76,0.42,Mother's Day
2022-05-13,Thermaltake Pacific CL360,Custom Liquid Cooler,287.99,4%,1080,123115.9,0.42,Mother's Day
2022-05-14,Thermaltake Pacific CL360,Custom Liquid Cooler,287.99,4%,1109,126421.79,0.42,Mother's Day
2022-05-15,Thermaltake Pacific CL360,Custom Liquid Cooler,293.99,2%,1071,128515.72,0.42,Mother's Day
2022-05-16,Thermaltake Pacific CL360,Custom Liquid Cooler,294.24,1%,1054,126740.62,0.42,No Promo
2022-05-17,Thermaltake Pacific CL360,Custom Liquid Cooler,295.22,1%,1072,129954.08,0.42,No Promo
2022-05-18,Thermaltake Pacific CL360,Custom Liquid Cooler,299.6,0%,1034,129876.27,0.42,No Promo
2022-05-19,Thermaltake Pacific CL360,Custom Liquid Cooler,299.33,0%,1019,127720.75,0.42,No Promo
2022-05-20,Thermaltake Pacific CL360,Custom Liquid Cooler,296.68,1%,1042,127834.13,0.42,No Promo
2022-05-21,Thermaltake Pacific CL360,Custom Liquid Cooler,292.12,1%,1037,122501.29,0.42,No Promo
2022-05-22,Thermaltake Pacific CL360,Custom Liquid Cooler,295.84,1%,1033,125867.3,0.42,No Promo
2022-05-23,Thermaltake Pacific CL360,Custom Liquid Cooler,297.04,0%,1024,125995.69,0.42,No Promo
2022-05-24,Thermaltake Pacific CL360,Custom Liquid Cooler,293.81,1%,1071,128319.2,0.42,No Promo
2022-05-25,Thermaltake Pacific CL360,Custom Liquid Cooler,296.39,0%,1033,126434.11,0.42,No Promo
2022-05-26,Thermaltake Pacific CL360,Custom Liquid Cooler,295.79,0%,1031,125567.6,0.42,No Promo
2022-05-27,Thermaltake Pacific CL360,Custom Liquid Cooler,296.55,1%,1042,127698.45,0.42,No Promo
2022-05-28,Thermaltake Pacific CL360,Custom Liquid Cooler,291.54,1%,1065,125190.18,0.42,No Promo
2022-05-29,Thermaltake Pacific CL360,Custom Liquid Cooler,295.23,0%,1055,127899.64,0.42,No Promo
2022-05-30,Thermaltake Pacific CL360,Custom Liquid Cooler,292.93,2%,1059,125953.59,0.42,No Promo
2022-05-31,Thermaltake Pacific CL360,Custom Liquid Cooler,299.69,0%,1023,128588.85,0.42,No Promo
2022-06-01,Thermaltake Pacific CL360,Custom Liquid Cooler,286.08,3%,1096,122851.22,0.42,No Promo
2022-06-02,Thermaltake Pacific CL360,Custom Liquid Cooler,295.89,1%,1039,126645.34,0.42,No Promo
2022-06-03,Thermaltake Pacific CL360,Custom Liquid Cooler,288.94,2%,1051,120806.21,0.42,No Promo
2022-06-04,Thermaltake Pacific CL360,Custom Liquid Cooler,288.29,3%,1063,121497.35,0.42,No Promo
2022-06-05,Thermaltake Pacific CL360,Custom Liquid Cooler,287.77,3%,1098,124926.56,0.42,No Promo
2022-06-06,Thermaltake Pacific CL360,Custom Liquid Cooler,286.2,3%,1072,120281.53,0.42,No Promo
2022-06-07,Thermaltake Pacific CL360,Custom Liquid Cooler,292.9,2%,1067,126873.03,0.42,No Promo
2022-06-08,Thermaltake Pacific CL360,Custom Liquid Cooler,291.23,2%,1083,126965.18,0.42,No Promo
2022-06-09,Thermaltake Pacific CL360,Custom Liquid Cooler,293.77,1%,1055,126368.47,0.42,No Promo
2022-06-10,Thermaltake Pacific CL360,Custom Liquid Cooler,297.85,0%,1037,128438.07,0.42,No Promo
2022-06-11,Thermaltake Pacific CL360,Custom Liquid Cooler,289.51,2%,1067,123254.04,0.42,No Promo
2022-06-12,Thermaltake Pacific CL360,Custom Liquid Cooler,293.39,2%,1056,126082.19,0.42,No Promo
2022-06-13,Thermaltake Pacific CL360,Custom Liquid Cooler,294.34,0%,1042,125403.39,0.42,No Promo
2022-06-14,Thermaltake Pacific CL360,Custom Liquid Cooler,288.82,2%,1080,124007.35,0.42,No Promo
2022-06-15,Thermaltake Pacific CL360,Custom Liquid Cooler,294.05,1%,1064,127737.75,0.42,No Promo
2022-06-16,Thermaltake Pacific CL360,Custom Liquid Cooler,291.29,1%,1045,122573.64,0.42,No Promo
2022-06-17,Thermaltake Pacific CL360,Custom Liquid Cooler,291.06,1%,1039,121631.63,0.42,No Promo
2022-06-18,Thermaltake Pacific CL360,Custom Liquid Cooler,289.25,3%,1076,124012.67,0.42,No Promo
2022-06-19,Thermaltake Pacific CL360,Custom Liquid Cooler,290.26,3%,1089,126609.87,0.42,No Promo
2022-06-20,Thermaltake Pacific CL360,Custom Liquid Cooler,297.79,0%,1045,129362.68,0.42,No Promo
2022-06-21,Thermaltake Pacific CL360,Custom Liquid Cooler,297.46,0%,1030,127167.32,0.42,No Promo
2022-06-22,Thermaltake Pacific CL360,Custom Liquid Cooler,285.46,3%,1093,121829.56,0.42,No Promo
2022-06-23,Thermaltake Pacific CL360,Custom Liquid Cooler,291.34,2%,1083,127082.95,0.42,No Promo
2022-06-24,Thermaltake Pacific CL360,Custom Liquid Cooler,293.32,2%,1052,125532.72,0.42,No Promo
2022-06-25,Thermaltake Pacific CL360,Custom Liquid Cooler,288.72,3%,1083,124242.97,0.42,No Promo
2022-06-26,Thermaltake Pacific CL360,Custom Liquid Cooler,289.98,3%,1092,126655.96,0.42,No Promo
2022-06-27,Thermaltake Pacific CL360,Custom Liquid Cooler,295.55,1%,1056,128361.85,0.42,No Promo
2022-06-28,Thermaltake Pacific CL360,Custom Liquid Cooler,298.63,0%,1035,129003.11,0.42,No Promo
2022-06-29,Thermaltake Pacific CL360,Custom Liquid Cooler,295.05,1%,1037,125532.62,0.42,No Promo
2022-06-30,Thermaltake Pacific CL360,Custom Liquid Cooler,290.13,2%,1081,125543.35,0.42,No Promo
2022-07-01,Thermaltake Pacific CL360,Custom Liquid Cooler,292.29,1%,1072,126818.28,0.42,No Promo
2022-07-02,Thermaltake Pacific CL360,Custom Liquid Cooler,290.08,2%,1052,122122.59,0.42,No Promo
2022-07-03,Thermaltake Pacific CL360,Custom Liquid Cooler,285.07,3%,1084,120410.52,0.42,No Promo
2022-07-04,Thermaltake Pacific CL360,Custom Liquid Cooler,292.75,2%,1071,127190.89,0.42,No Promo
2022-07-05,Thermaltake Pacific CL360,Custom Liquid Cooler,292.8,1%,1064,126404.73,0.42,No Promo
2022-07-06,Thermaltake Pacific CL360,Custom Liquid Cooler,287.38,3%,1101,124838.96,0.42,No Promo
2022-07-07,Thermaltake Pacific CL360,Custom Liquid Cooler,291.02,2%,1063,124395.75,0.42,No Promo
2022-07-08,Thermaltake Pacific CL360,Custom Liquid Cooler,292.51,1%,1051,124560.82,0.42,No Promo
2022-07-09,Thermaltake Pacific CL360,Custom Liquid Cooler,288.77,3%,1072,123034.71,0.42,No Promo
2022-07-10,Thermaltake Pacific CL360,Custom Liquid Cooler,289.43,2%,1063,122706.26,0.42,No Promo
2022-07-11,Thermaltake Pacific CL360,Custom Liquid Cooler,269.99,10%,1190,114236.19,0.42,Amazon Prime Day
2022-07-12,Thermaltake Pacific CL360,Custom Liquid Cooler,266.99,11%,1171,108899.37,0.42,Amazon Prime Day
2022-07-13,Thermaltake Pacific CL360,Custom Liquid Cooler,260.99,13%,1236,107528.42,0.42,Amazon Prime Day
2022-07-14,Thermaltake Pacific CL360,Custom Liquid Cooler,260.99,13%,1223,106397.45,0.42,Amazon Prime Day
2022-07-15,Thermaltake Pacific CL360,Custom Liquid Cooler,266.99,11%,1207,112247.26,0.42,Amazon Prime Day
2022-07-16,Thermaltake Pacific CL360,Custom Liquid Cooler,263.99,12%,1207,108626.38,0.42,Amazon Prime Day
2022-07-17,Thermaltake Pacific CL360,Custom Liquid Cooler,257.99,14%,1255,105416.49,0.42,Amazon Prime Day
2022-07-18,Thermaltake Pacific CL360,Custom Liquid Cooler,257.99,14%,1234,103652.54,0.42,Amazon Prime Day
2022-07-19,Thermaltake Pacific CL360,Custom Liquid Cooler,254.99,15%,1229,99545.68,0.42,Amazon Prime Day
2022-07-20,Thermaltake Pacific CL360,Custom Liquid Cooler,269.99,10%,1198,115004.17,0.42,Amazon Prime Day
2022-07-21,Thermaltake Pacific CL360,Custom Liquid Cooler,260.99,13%,1234,107354.42,0.42,Amazon Prime Day
2022-07-22,Thermaltake Pacific CL360,Custom Liquid Cooler,254.99,15%,1254,101570.61,0.42,Amazon Prime Day
2022-07-23,Thermaltake Pacific CL360,Custom Liquid Cooler,269.99,10%,1197,114908.17,0.42,Amazon Prime Day
2022-07-24,Thermaltake Pacific CL360,Custom Liquid Cooler,257.99,14%,1229,103232.56,0.42,Amazon Prime Day
2022-07-25,Thermaltake Pacific CL360,Custom Liquid Cooler,286.59,3%,1074,120926.47,0.42,No Promo
2022-07-26,Thermaltake Pacific CL360,Custom Liquid Cooler,291.57,1%,1038,122040.37,0.42,No Promo
2022-07-27,Thermaltake Pacific CL360,Custom Liquid Cooler,285.85,3%,1070,119690.63,0.42,No Promo
2022-07-28,Thermaltake Pacific CL360,Custom Liquid Cooler,284.62,3%,1076,119036.55,0.42,No Promo
2022-07-29,Thermaltake Pacific CL360,Custom Liquid Cooler,290.85,2%,1047,122351.34,0.42,No Promo
2022-07-30,Thermaltake Pacific CL360,Custom Liquid Cooler,284.64,3%,1099,121594.42,0.42,No Promo
2022-07-31,Thermaltake Pacific CL360,Custom Liquid Cooler,288.58,2%,1076,123296.49,0.42,No Promo
2022-08-01,Thermaltake Pacific CL360,Custom Liquid Cooler,287.99,4%,1084,123571.88,0.42,Back-to-School
2022-08-02,Thermaltake Pacific CL360,Custom Liquid Cooler,287.99,4%,1112,126763.77,0.42,Back-to-School
2022-08-03,Thermaltake Pacific CL360,Custom Liquid Cooler,290.99,3%,1078,126121.8,0.42,Back-to-School
2022-08-04,Thermaltake Pacific CL360,Custom Liquid Cooler,284.99,5%,1095,121540.95,0.42,Back-to-School
2022-08-05,Thermaltake Pacific CL360,Custom Liquid Cooler,290.99,3%,1074,125653.81,0.42,Back-to-School
2022-08-06,Thermaltake Pacific CL360,Custom Liquid Cooler,284.99,5%,1119,124204.86,0.42,Back-to-School
2022-08-07,Thermaltake Pacific CL360,Custom Liquid Cooler,287.99,4%,1113,126877.77,0.42,Back-to-School
2022-08-08,Thermaltake Pacific CL360,Custom Liquid Cooler,287.99,4%,1093,124597.85,0.42,Back-to-School
2022-08-09,Thermaltake Pacific CL360,Custom Liquid Cooler,287.99,4%,1116,127219.76,0.42,Back-to-School
2022-08-10,Thermaltake Pacific CL360,Custom Liquid Cooler,287.99,4%,1098,125167.83,0.42,Back-to-School
2022-08-11,Thermaltake Pacific CL360,Custom Liquid Cooler,290.99,3%,1083,126706.78,0.42,Back-to-School
2022-08-12,Thermaltake Pacific CL360,Custom Liquid Cooler,287.99,4%,1107,126193.79,0.42,Back-to-School
2022-08-13,Thermaltake Pacific CL360,Custom Liquid Cooler,287.99,4%,1084,123571.88,0.42,Back-to-School
2022-08-14,Thermaltake Pacific CL360,Custom Liquid Cooler,287.99,4%,1078,122887.9,0.42,Back-to-School
2022-08-15,Thermaltake Pacific CL360,Custom Liquid Cooler,294.99,1%,1055,127654.46,0.42,No Promo
2022-08-16,Thermaltake Pacific CL360,Custom Liquid Cooler,288.04,2%,1087,123969.96,0.42,No Promo
2022-08-17,Thermaltake Pacific CL360,Custom Liquid Cooler,292.96,1%,1038,123483.11,0.42,No Promo
2022-08-18,Thermaltake Pacific CL360,Custom Liquid Cooler,294.89,1%,1071,129474.49,0.42,No Promo
2022-08-19,Thermaltake Pacific CL360,Custom Liquid Cooler,293.27,1%,1057,126078.77,0.42,No Promo
2022-08-20,Thermaltake Pacific CL360,Custom Liquid Cooler,296.66,0%,1036,127077.81,0.42,No Promo
2022-08-21,Thermaltake Pacific CL360,Custom Liquid Cooler,294.5,0%,1023,123277.74,0.42,No Promo
2022-08-22,Thermaltake Pacific CL360,Custom Liquid Cooler,288.23,2%,1050,119942.66,0.42,No Promo
2022-08-23,Thermaltake Pacific CL360,Custom Liquid Cooler,292.54,0%,1029,121986.64,0.42,No Promo
2022-08-24,Thermaltake Pacific CL360,Custom Liquid Cooler,291.19,1%,1041,122004.21,0.42,No Promo
2022-08-25,Thermaltake Pacific CL360,Custom Liquid Cooler,292.97,0%,1027,122191.81,0.42,No Promo
2022-08-26,Thermaltake Pacific CL360,Custom Liquid Cooler,288.38,3%,1100,125819.59,0.42,No Promo
2022-08-27,Thermaltake Pacific CL360,Custom Liquid Cooler,294.66,1%,1060,127901.12,0.42,No Promo
2022-08-28,Thermaltake Pacific CL360,Custom Liquid Cooler,291.8,1%,1040,122522.5,0.42,No Promo
2022-08-29,Thermaltake Pacific CL360,Custom Liquid Cooler,289.13,1%,1048,120660.19,0.42,No Promo
2022-08-30,Thermaltake Pacific CL360,Custom Liquid Cooler,290.8,1%,1034,120777.4,0.42,No Promo
2022-08-31,Thermaltake Pacific CL360,Custom Liquid Cooler,283.57,3%,1062,116366.99,0.42,No Promo
2022-09-01,Thermaltake Pacific CL360,Custom Liquid Cooler,286.28,2%,1054,118352.72,0.42,No Promo
2022-09-02,Thermaltake Pacific CL360,Custom Liquid Cooler,283.24,3%,1093,119401.21,0.42,No Promo
2022-09-03,Thermaltake Pacific CL360,Custom Liquid Cooler,292.88,0%,1060,126023.6,0.42,No Promo
2022-09-04,Thermaltake Pacific CL360,Custom Liquid Cooler,293.18,1%,1033,123119.98,0.42,No Promo
2022-09-05,Thermaltake Pacific CL360,Custom Liquid Cooler,288.2,3%,1075,122766.59,0.42,No Promo
2022-09-06,Thermaltake Pacific CL360,Custom Liquid Cooler,295.09,0%,1048,126907.56,0.42,No Promo
2022-09-07,Thermaltake Pacific CL360,Custom Liquid Cooler,291.41,1%,1075,126222.18,0.42,No Promo
2022-09-08,Thermaltake Pacific CL360,Custom Liquid Cooler,292.36,0%,1060,125462.47,0.42,No Promo
2022-09-09,Thermaltake Pacific CL360,Custom Liquid Cooler,283.62,3%,1078,118172.7,0.42,No Promo
2022-09-10,Thermaltake Pacific CL360,Custom Liquid Cooler,289.9,2%,1049,121584.58,0.42,No Promo
2022-09-11,Thermaltake Pacific CL360,Custom Liquid Cooler,294.84,0%,1048,126643.52,0.42,No Promo
2022-09-12,Thermaltake Pacific CL360,Custom Liquid Cooler,296.29,0%,1040,127184.75,0.42,No Promo
2022-09-13,Thermaltake Pacific CL360,Custom Liquid Cooler,288.89,1%,1047,120290.95,0.42,No Promo
2022-09-14,Thermaltake Pacific CL360,Custom Liquid Cooler,287.96,2%,1061,120914.13,0.42,No Promo
2022-09-15,Thermaltake Pacific CL360,Custom Liquid Cooler,290.48,1%,1071,124758.41,0.42,No Promo
2022-09-16,Thermaltake Pacific CL360,Custom Liquid Cooler,290.26,1%,1055,122660.03,0.42,No Promo
2022-09-17,Thermaltake Pacific CL360,Custom Liquid Cooler,292.66,0%,1030,122228.56,0.42,No Promo
2022-09-18,Thermaltake Pacific CL360,Custom Liquid Cooler,286.84,2%,1078,121645.5,0.42,No Promo
2022-09-19,Thermaltake Pacific CL360,Custom Liquid Cooler,289.46,2%,1085,125285.17,0.42,No Promo
2022-09-20,Thermaltake Pacific CL360,Custom Liquid Cooler,295.69,0%,1043,126933.39,0.42,No Promo
2022-09-21,Thermaltake Pacific CL360,Custom Liquid Cooler,291.64,0%,1038,122116.54,0.42,No Promo
2022-09-22,Thermaltake Pacific CL360,Custom Liquid Cooler,290.21,1%,1047,121673.19,0.42,No Promo
2022-09-23,Thermaltake Pacific CL360,Custom Liquid Cooler,291.93,1%,1039,122540.3,0.42,No Promo
2022-09-24,Thermaltake Pacific CL360,Custom Liquid Cooler,290.63,1%,1070,124803.27,0.42,No Promo
2022-09-25,Thermaltake Pacific CL360,Custom Liquid Cooler,284.53,3%,1078,119156.83,0.42,No Promo
2022-09-26,Thermaltake Pacific CL360,Custom Liquid Cooler,291.73,1%,1063,125156.33,0.42,No Promo
2022-09-27,Thermaltake Pacific CL360,Custom Liquid Cooler,296.23,0%,1028,125662.82,0.42,No Promo
2022-09-28,Thermaltake Pacific CL360,Custom Liquid Cooler,286.52,3%,1079,121418.84,0.42,No Promo
2022-09-29,Thermaltake Pacific CL360,Custom Liquid Cooler,288.28,2%,1087,124232.34,0.42,No Promo
2022-09-30,Thermaltake Pacific CL360,Custom Liquid Cooler,292.98,1%,1066,126833.84,0.42,No Promo
2022-10-01,Thermaltake Pacific CL360,Custom Liquid Cooler,291.72,0%,1044,122901.37,0.42,No Promo
2022-10-02,Thermaltake Pacific CL360,Custom Liquid Cooler,287.05,3%,1085,122660.22,0.42,No Promo
2022-10-03,Thermaltake Pacific CL360,Custom Liquid Cooler,290.62,1%,1042,121529.12,0.42,No Promo
2022-10-04,Thermaltake Pacific CL360,Custom Liquid Cooler,285.85,3%,1068,119462.1,0.42,No Promo
2022-10-05,Thermaltake Pacific CL360,Custom Liquid Cooler,286.45,2%,1076,121005.36,0.42,No Promo
2022-10-06,Thermaltake Pacific CL360,Custom Liquid Cooler,293.83,1%,1042,124872.68,0.42,No Promo
2022-10-07,Thermaltake Pacific CL360,Custom Liquid Cooler,293.76,0%,1029,123243.48,0.42,No Promo
2022-10-08,Thermaltake Pacific CL360,Custom Liquid Cooler,289.4,1%,1070,123479.98,0.42,No Promo
2022-10-09,Thermaltake Pacific CL360,Custom Liquid Cooler,292.83,1%,1035,122995.61,0.42,No Promo
2022-10-10,Thermaltake Pacific CL360,Custom Liquid Cooler,293.35,0%,1022,121981.73,0.42,No Promo
2022-10-11,Thermaltake Pacific CL360,Custom Liquid Cooler,293.86,0%,1026,122977.59,0.42,No Promo
2022-10-12,Thermaltake Pacific CL360,Custom Liquid Cooler,289.73,2%,1055,122104.55,0.42,No Promo
2022-10-13,Thermaltake Pacific CL360,Custom Liquid Cooler,289.94,1%,1059,122789.28,0.42,No Promo
2022-10-14,Thermaltake Pacific CL360,Custom Liquid Cooler,287.53,2%,1073,121818.7,0.42,No Promo
2022-10-15,Thermaltake Pacific CL360,Custom Liquid Cooler,286.03,3%,1068,119649.56,0.42,No Promo
