cpu_cooler_sales_data.csv
date,product,category,price,discount,quantity_sold,profit,profit_margin,event
2022-10-16,Thermaltake Pacific CL360,Custom Liquid Cooler,285.61,2%,1061,118420.08,0.42,No Promo
2022-10-17,Thermaltake Pacific CL360,Custom Liquid Cooler,288.08,1%,1070,122074.08,0.42,No Promo
2022-10-18,Thermaltake Pacific CL360,Custom Liquid Cooler,286.94,2%,1089,122996.41,0.42,No Promo
2022-10-19,Thermaltake Pacific CL360,Custom Liquid Cooler,292.1,1%,1056,124724.89,0.42,No Promo
2022-10-20,Thermaltake Pacific CL360,Custom Liquid Cooler,296.74,0%,1031,126550.6,0.42,No Promo
2022-10-21,Thermaltake Pacific CL360,Custom Liquid Cooler,285.32,2%,1069,119003.14,0.42,No Promo
2022-10-22,Thermaltake Pacific CL360,Custom Liquid Cooler,289.64,1%,1046,120964.23,0.42,No Promo
2022-10-23,Thermaltake Pacific CL360,Custom Liquid Cooler,291.43,1%,1069,125536.91,0.42,No Promo
2022-10-24,Thermaltake Pacific CL360,Custom Liquid Cooler,289.13,2%,1072,123427.93,0.42,No Promo
2022-10-25,Thermaltake Pacific CL360,Custom Liquid Cooler,282.89,3%,1098,119566.48,0.42,No Promo
2022-10-26,Thermaltake Pacific CL360,Custom Liquid Cooler,293.44,1%,1053,125771.21,0.42,No Promo
2022-10-27,Thermaltake Pacific CL360,Custom Liquid Cooler,294.66,0%,1031,124404.95,0.42,No Promo
2022-10-28,Thermaltake Pacific CL360,Custom Liquid Cooler,282.72,3%,1096,119158.71,0.42,No Promo
2022-10-29,Thermaltake Pacific CL360,Custom Liquid Cooler,285.37,3%,1065,118619.75,0.42,No Promo
2022-10-30,Thermaltake Pacific CL360,Custom Liquid Cooler,287.99,2%,1077,122776.79,0.42,No Promo
2022-10-31,Thermaltake Pacific CL360,Custom Liquid Cooler,292.64,0%,1046,124105.89,0.42,No Promo
2022-11-01,Thermaltake Pacific CL360,Custom Liquid Cooler,284.74,3%,1081,119717.52,0.42,No Promo
2022-11-02,Thermaltake Pacific CL360,Custom Liquid Cooler,291.95,0%,1029,121377.92,0.42,No Promo
2022-11-03,Thermaltake Pacific CL360,Custom Liquid Cooler,293.12,1%,1063,126627.45,0.42,No Promo
2022-11-04,Thermaltake Pacific CL360,Custom Liquid Cooler,291.85,1%,1055,124334.8,0.42,No Promo
2022-11-05,Thermaltake Pacific CL360,Custom Liquid Cooler,288.53,1%,1067,122209.51,0.42,No Promo
2022-11-06,Thermaltake Pacific CL360,Custom Liquid Cooler,291.57,0%,1044,122753.11,0.42,No Promo
2022-11-07,Thermaltake Pacific CL360,Custom Liquid Cooler,286.4,3%,1101,123763.72,0.42,No Promo
2022-11-08,Thermaltake Pacific CL360,Custom Liquid Cooler,289.98,2%,1059,122825.95,0.42,No Promo
2022-11-09,Thermaltake Pacific CL360,Custom Liquid Cooler,291.13,1%,1054,123463.78,0.42,No Promo
2022-11-10,Thermaltake Pacific CL360,Custom Liquid Cooler,291.3,0%,1029,120710.49,0.42,No Promo
2022-11-11,Thermaltake Pacific CL360,Custom Liquid Cooler,285.42,2%,1070,119228.66,0.42,No Promo
2022-11-12,Thermaltake Pacific CL360,Custom Liquid Cooler,292.54,1%,1054,124945.42,0.42,No Promo
2022-11-13,Thermaltake Pacific CL360,Custom Liquid Cooler,284.97,3%,1065,118193.18,0.42,No Promo
2022-11-14,Thermaltake Pacific CL360,Custom Liquid Cooler,293.46,0%,1052,125677.08,0.42,No Promo
2022-11-15,Thermaltake Pacific CL360,Custom Liquid Cooler,289.86,1%,1045,121077.17,0.42,No Promo
2022-11-16,Thermaltake Pacific CL360,Custom Liquid Cooler,290.85,0%,1047,122343.25,0.42,No Promo
2022-11-17,Thermaltake Pacific CL360,Custom Liquid Cooler,289.67,1%,1067,123423.87,0.42,No Promo
2022-11-18,Thermaltake Pacific CL360,Custom Liquid Cooler,251.99,16%,1239,96638.78,0.42,Black Friday
2022-11-19,Thermaltake Pacific CL360,Custom Liquid Cooler,248.99,17%,1270,95246.82,0.42,Black Friday
2022-11-20,Thermaltake Pacific CL360,Custom Liquid Cooler,239.99,20%,1297,85599.15,0.42,Black Friday
2022-11-21,Thermaltake Pacific CL360,Custom Liquid Cooler,239.99,20%,1297,85599.15,0.42,Black Friday
2022-11-22,Thermaltake Pacific CL360,Custom Liquid Cooler,248.99,17%,1264,94796.84,0.42,Black Friday
2022-11-23,Thermaltake Pacific CL360,Custom Liquid Cooler,242.99,19%,1310,90386.99,0.42,Black Friday
2022-11-24,Thermaltake Pacific CL360,Custom Liquid Cooler,239.99,20%,1290,85137.16,0.42,Black Friday
2022-11-25,Thermaltake Pacific CL360,Custom Liquid Cooler,242.99,19%,1285,88662.04,0.42,Black Friday
2022-11-26,Thermaltake Pacific CL360,Custom Liquid Cooler,242.99,19%,1286,88731.04,0.42,Black Friday
2022-11-27,Thermaltake Pacific CL360,Custom Liquid Cooler,245.99,18%,1264,91004.97,0.42,Black Friday
2022-11-28,Thermaltake Pacific CL360,Custom Liquid Cooler,242.99,19%,1306,90111.0,0.42,Black Friday
2022-11-29,Thermaltake Pacific CL360,Custom Liquid Cooler,239.99,20%,1299,85731.14,0.42,Black Friday
2022-11-30,Thermaltake Pacific CL360,Custom Liquid Cooler,245.99,18%,1295,93236.89,0.42,Black Friday
2022-12-01,Thermaltake Pacific CL360,Custom Liquid Cooler,242.99,19%,1283,88524.05,0.42,Black Friday
2022-12-02,Thermaltake Pacific CL360,Custom Liquid Cooler,251.99,16%,1254,97808.74,0.42,Black Friday
2022-12-03,Thermaltake Pacific CL360,Custom Liquid Cooler,287.06,1%,1048,118491.1,0.42,No Promo
2022-12-04,Thermaltake Pacific CL360,Custom Liquid Cooler,294.12,0%,1022,122773.23,0.42,No Promo
2022-12-05,Thermaltake Pacific CL360,Custom Liquid Cooler,284.82,3%,1077,119355.7,0.42,No Promo
2022-12-06,Thermaltake Pacific CL360,Custom Liquid Cooler,291.7,0%,1059,124645.65,0.42,No Promo
2022-12-07,Thermaltake Pacific CL360,Custom Liquid Cooler,286.27,3%,1083,121595.54,0.42,No Promo
2022-12-08,Thermaltake Pacific CL360,Custom Liquid Cooler,288.56,1%,1056,120981.09,0.42,No Promo
2022-12-09,Thermaltake Pacific CL360,Custom Liquid Cooler,287.67,1%,1046,118907.74,0.42,No Promo
2022-12-10,Thermaltake Pacific CL360,Custom Liquid Cooler,287.2,2%,1061,120108.99,0.42,No Promo
2022-12-11,Thermaltake Pacific CL360,Custom Liquid Cooler,286.93,2%,1070,120841.46,0.42,No Promo
2022-12-12,Thermaltake Pacific CL360,Custom Liquid Cooler,260.99,13%,1208,105092.5,0.42,Christmas
2022-12-13,Thermaltake Pacific CL360,Custom Liquid Cooler,269.99,10%,1198,115004.17,0.42,Christmas
2022-12-14,Thermaltake Pacific CL360,Custom Liquid Cooler,260.99,13%,1205,104831.51,0.42,Christmas
2022-12-15,Thermaltake Pacific CL360,Custom Liquid Cooler,269.99,10%,1198,115004.17,0.42,Christmas
2022-12-16,Thermaltake Pacific CL360,Custom Liquid Cooler,269.99,10%,1168,112124.26,0.42,Christmas
2022-12-17,Thermaltake Pacific CL360,Custom Liquid Cooler,266.99,11%,1211,112619.25,0.42,Christmas
2022-12-18,Thermaltake Pacific CL360,Custom Liquid Cooler,269.99,10%,1188,114044.2,0.42,Christmas
2022-12-19,Thermaltake Pacific CL360,Custom Liquid Cooler,257.99,14%,1224,102812.57,0.42,Christmas
2022-12-20,Thermaltake Pacific CL360,Custom Liquid Cooler,257.99,14%,1207,101384.62,0.42,Christmas
2022-12-21,Thermaltake Pacific CL360,Custom Liquid Cooler,266.99,11%,1168,108620.38,0.42,Christmas
2022-12-22,Thermaltake Pacific CL360,Custom Liquid Cooler,254.99,15%,1259,101975.6,0.42,Christmas
2022-12-23,Thermaltake Pacific CL360,Custom Liquid Cooler,257.99,14%,1222,102644.58,0.42,Christmas
2022-12-24,Thermaltake Pacific CL360,Custom Liquid Cooler,257.99,14%,1250,104996.5,0.42,Christmas
2022-12-25,Thermaltake Pacific CL360,Custom Liquid Cooler,254.99,15%,1241,100517.65,0.42,Christmas
2022-12-26,Thermaltake Pacific CL360,Custom Liquid Cooler,286.2,3%,1093,122643.84,0.42,No Promo
2022-12-27,Thermaltake Pacific CL360,Custom Liquid Cooler,294.45,0%,1029,123950.11,0.42,No Promo
2022-12-28,Thermaltake Pacific CL360,Custom Liquid Cooler,281.92,3%,1071,115583.99,0.42,No Promo
2022-12-29,Thermaltake Pacific CL360,Custom Liquid Cooler,285.44,3%,1067,118910.76,0.42,No Promo
2022-12-30,Thermaltake Pacific CL360,Custom Liquid Cooler,282.81,3%,1088,118387.19,0.42,No Promo
2022-12-31,Thermaltake Pacific CL360,Custom Liquid Cooler,294.02,0%,1057,126865.08,0.42,No Promo
2023-01-01,Thermaltake Pacific CL360,Custom Liquid Cooler,281.99,6%,1143,123439.89,0.42,New Year's Sale
2023-01-02,Thermaltake Pacific CL360,Custom Liquid Cooler,272.99,9%,1164,115232.16,0.42,New Year's Sale
2023-01-03,Thermaltake Pacific CL360,Custom Liquid Cooler,281.99,6%,1105,119336.02,0.42,New Year's Sale
2023-01-04,Thermaltake Pacific CL360,Custom Liquid Cooler,278.99,7%,1151,120850.97,0.42,New Year's Sale
2023-01-05,Thermaltake Pacific CL360,Custom Liquid Cooler,281.99,6%,1131,122143.93,0.42,New Year's Sale
2023-01-06,Thermaltake Pacific CL360,Custom Liquid Cooler,281.99,6%,1122,121171.96,0.42,New Year's Sale
2023-01-07,Thermaltake Pacific CL360,Custom Liquid Cooler,275.99,8%,1143,116582.11,0.42,New Year's Sale
2023-01-08,Thermaltake Pacific CL360,Custom Liquid Cooler,278.99,7%,1119,117491.08,0.42,New Year's Sale
2023-01-09,Thermaltake Pacific CL360,Custom Liquid Cooler,275.99,8%,1142,116480.12,0.42,New Year's Sale
2023-01-10,Thermaltake Pacific CL360,Custom Liquid Cooler,275.99,8%,1163,118622.05,0.42,New Year's Sale
2023-01-11,Thermaltake Pacific CL360,Custom Liquid Cooler,269.99,10%,1174,112700.24,0.42,New Year's Sale
2023-01-12,Thermaltake Pacific CL360,Custom Liquid Cooler,281.99,6%,1130,122035.93,0.42,New Year's Sale
2023-01-13,Thermaltake Pacific CL360,Custom Liquid Cooler,272.99,9%,1165,115331.16,0.42,New Year's Sale
2023-01-14,Thermaltake Pacific CL360,Custom Liquid Cooler,272.99,9%,1175,116321.12,0.42,New Year's Sale
2023-01-15,Thermaltake Pacific CL360,Custom Liquid Cooler,288.18,1%,1066,121726.69,0.42,No Promo
2023-01-16,Thermaltake Pacific CL360,Custom Liquid Cooler,293.75,0%,1061,127061.83,0.42,No Promo
2023-01-17,Thermaltake Pacific CL360,Custom Liquid Cooler,288.19,2%,1077,122989.95,0.42,No Promo
2023-01-18,Thermaltake Pacific CL360,Custom Liquid Cooler,282.72,3%,1100,119593.87,0.42,No Promo
2023-01-19,Thermaltake Pacific CL360,Custom Liquid Cooler,289.48,1%,1074,124036.68,0.42,No Promo
2023-01-20,Thermaltake Pacific CL360,Custom Liquid Cooler,287.4,2%,1063,120550.64,0.42,No Promo
2023-01-21,Thermaltake Pacific CL360,Custom Liquid Cooler,290.96,0%,1056,123513.92,0.42,No Promo
2023-01-22,Thermaltake Pacific CL360,Custom Liquid Cooler,285.06,3%,1074,119280.64,0.42,No Promo
2023-01-23,Thermaltake Pacific CL360,Custom Liquid Cooler,292.36,0%,1043,123452.71,0.42,No Promo
2023-01-24,Thermaltake Pacific CL360,Custom Liquid Cooler,290.08,1%,1066,123749.29,0.42,No Promo
2023-01-25,Thermaltake Pacific CL360,Custom Liquid Cooler,287.23,1%,1061,120139.44,0.42,No Promo
2023-01-26,Thermaltake Pacific CL360,Custom Liquid Cooler,284.09,3%,1098,120888.83,0.42,No Promo
2023-01-27,Thermaltake Pacific CL360,Custom Liquid Cooler,290.57,1%,1035,120656.04,0.42,No Promo
2023-01-28,Thermaltake Pacific CL360,Custom Liquid Cooler,290.77,0%,1031,120397.6,0.42,No Promo
2023-01-29,Thermaltake Pacific CL360,Custom Liquid Cooler,283.8,2%,1088,119463.88,0.42,No Promo
2023-01-30,Thermaltake Pacific CL360,Custom Liquid Cooler,287.64,2%,1061,120576.02,0.42,No Promo
2023-01-31,Thermaltake Pacific CL360,Custom Liquid Cooler,285.83,1%,1037,115972.51,0.42,No Promo
2023-02-01,Thermaltake Pacific CL360,Custom Liquid Cooler,284.48,3%,1070,118218.45,0.42,No Promo
2023-02-02,Thermaltake Pacific CL360,Custom Liquid Cooler,285.57,2%,1083,120840.79,0.42,No Promo
2023-02-03,Thermaltake Pacific CL360,Custom Liquid Cooler,291.46,0%,1029,120870.63,0.42,No Promo
2023-02-04,Thermaltake Pacific CL360,Custom Liquid Cooler,289.64,0%,1022,118187.13,0.42,No Promo
2023-02-05,Thermaltake Pacific CL360,Custom Liquid Cooler,287.69,2%,1076,122337.34,0.42,No Promo
2023-02-06,Thermaltake Pacific CL360,Custom Liquid Cooler,287.43,2%,1061,120356.86,0.42,No Promo
2023-02-07,Thermaltake Pacific CL360,Custom Liquid Cooler,281.99,6%,1127,121711.94,0.42,Valentine's Day
2023-02-08,Thermaltake Pacific CL360,Custom Liquid Cooler,290.99,3%,1097,128344.72,0.42,Valentine's Day
2023-02-09,Thermaltake Pacific CL360,Custom Liquid Cooler,278.99,7%,1158,121585.95,0.42,Valentine's Day
2023-02-10,Thermaltake Pacific CL360,Custom Liquid Cooler,290.99,3%,1088,127291.76,0.42,Valentine's Day
2023-02-11,Thermaltake Pacific CL360,Custom Liquid Cooler,287.99,4%,1108,126307.79,0.42,Valentine's Day
2023-02-12,Thermaltake Pacific CL360,Custom Liquid Cooler,281.99,6%,1103,119120.03,0.42,Valentine's Day
2023-02-13,Thermaltake Pacific CL360,Custom Liquid Cooler,281.99,6%,1105,119336.02,0.42,Valentine's Day
2023-02-14,Thermaltake Pacific CL360,Custom Liquid Cooler,290.99,3%,1072,125419.82,0.42,Valentine's Day
2023-02-15,Thermaltake Pacific CL360,Custom Liquid Cooler,290.99,3%,1097,128344.72,0.42,Valentine's Day
2023-02-16,Thermaltake Pacific CL360,Custom Liquid Cooler,281.99,6%,1131,122143.93,0.42,Valentine's Day
2023-02-17,Thermaltake Pacific CL360,Custom Liquid Cooler,281.99,6%,1102,119012.03,0.42,Valentine's Day
2023-02-18,Thermaltake Pacific CL360,Custom Liquid Cooler,278.99,7%,1114,116966.1,0.42,Valentine's Day
2023-02-19,Thermaltake Pacific CL360,Custom Liquid Cooler,284.99,5%,1096,121651.94,0.42,Valentine's Day
2023-02-20,Thermaltake Pacific CL360,Custom Liquid Cooler,290.99,3%,1087,127174.76,0.42,Valentine's Day
2023-02-21,Thermaltake Pacific CL360,Custom Liquid Cooler,278.99,7%,1145,120220.99,0.42,Valentine's Day
2023-02-22,Thermaltake Pacific CL360,Custom Liquid Cooler,285.49,1%,1044,116406.3,0.42,No Promo
2023-02-23,Thermaltake Pacific CL360,Custom Liquid Cooler,283.96,3%,1089,119747.95,0.42,No Promo
2023-02-24,Thermaltake Pacific CL360,Custom Liquid Cooler,287.56,2%,1049,119131.29,0.42,No Promo
2023-02-25,Thermaltake Pacific CL360,Custom Liquid Cooler,288.82,0%,1048,120339.9,0.42,No Promo
2023-02-26,Thermaltake Pacific CL360,Custom Liquid Cooler,286.23,2%,1068,119868.03,0.42,No Promo
2023-02-27,Thermaltake Pacific CL360,Custom Liquid Cooler,286.45,1%,1038,116725.91,0.42,No Promo
2023-02-28,Thermaltake Pacific CL360,Custom Liquid Cooler,287.22,1%,1039,117639.81,0.42,No Promo
2023-03-01,Thermaltake Pacific CL360,Custom Liquid Cooler,288.15,1%,1054,120321.08,0.42,No Promo
2023-03-02,Thermaltake Pacific CL360,Custom Liquid Cooler,283.98,2%,1087,119552.79,0.42,No Promo
2023-03-03,Thermaltake Pacific CL360,Custom Liquid Cooler,286.34,1%,1041,116950.59,0.42,No Promo
2023-03-04,Thermaltake Pacific CL360,Custom Liquid Cooler,288.87,1%,1034,118780.89,0.42,No Promo
2023-03-05,Thermaltake Pacific CL360,Custom Liquid Cooler,290.5,0%,1059,123380.57,0.42,No Promo
2023-03-06,Thermaltake Pacific CL360,Custom Liquid Cooler,280.05,3%,1086,115179.37,0.42,No Promo
2023-03-07,Thermaltake Pacific CL360,Custom Liquid Cooler,286.81,2%,1083,122184.88,0.42,No Promo
2023-03-08,Thermaltake Pacific CL360,Custom Liquid Cooler,290.88,0%,1049,122616.87,0.42,No Promo
2023-03-09,Thermaltake Pacific CL360,Custom Liquid Cooler,280.2,3%,1102,117033.66,0.42,No Promo
2023-03-10,Thermaltake Pacific CL360,Custom Liquid Cooler,283.72,3%,1090,119598.87,0.42,No Promo
2023-03-11,Thermaltake Pacific CL360,Custom Liquid Cooler,281.83,3%,1086,117107.9,0.42,No Promo
2023-03-12,Thermaltake Pacific CL360,Custom Liquid Cooler,283.64,3%,1086,119077.32,0.42,No Promo
2023-03-13,Thermaltake Pacific CL360,Custom Liquid Cooler,286.44,1%,1040,116946.63,0.42,No Promo
2023-03-14,Thermaltake Pacific CL360,Custom Liquid Cooler,285.47,1%,1060,118162.73,0.42,No Promo
2023-03-15,Thermaltake Pacific CL360,Custom Liquid Cooler,285.03,1%,1063,118035.86,0.42,No Promo
2023-03-16,Thermaltake Pacific CL360,Custom Liquid Cooler,286.54,2%,1058,119075.75,0.42,No Promo
2023-03-17,Thermaltake Pacific CL360,Custom Liquid Cooler,287.43,1%,1076,122060.17,0.42,No Promo
2023-03-18,Thermaltake Pacific CL360,Custom Liquid Cooler,287.82,0%,1052,119741.4,0.42,No Promo
2023-03-19,Thermaltake Pacific CL360,Custom Liquid Cooler,281.32,3%,1096,117627.53,0.42,No Promo
2023-03-20,Thermaltake Pacific CL360,Custom Liquid Cooler,285.05,1%,1036,115057.67,0.42,No Promo
2023-03-21,Thermaltake Pacific CL360,Custom Liquid Cooler,281.67,3%,1100,118441.9,0.42,No Promo
2023-03-22,Thermaltake Pacific CL360,Custom Liquid Cooler,284.35,2%,1052,116093.48,0.42,No Promo
2023-03-23,Thermaltake Pacific CL360,Custom Liquid Cooler,289.65,1%,1051,121558.32,0.42,No Promo
2023-03-24,Thermaltake Pacific CL360,Custom Liquid Cooler,280.59,3%,1077,114807.69,0.42,No Promo
2023-03-25,Thermaltake Pacific CL360,Custom Liquid Cooler,290.54,0%,1050,122372.65,0.42,No Promo
2023-03-26,Thermaltake Pacific CL360,Custom Liquid Cooler,285.17,2%,1075,119515.63,0.42,No Promo
2023-03-27,Thermaltake Pacific CL360,Custom Liquid Cooler,283.6,2%,1058,115965.05,0.42,No Promo
2023-03-28,Thermaltake Pacific CL360,Custom Liquid Cooler,291.12,0%,1031,120757.06,0.42,No Promo
2023-03-29,Thermaltake Pacific CL360,Custom Liquid Cooler,280.13,3%,1103,117067.44,0.42,No Promo
2023-03-30,Thermaltake Pacific CL360,Custom Liquid Cooler,289.06,1%,1072,123349.63,0.42,No Promo
2023-03-31,Thermaltake Pacific CL360,Custom Liquid Cooler,290.53,0%,1040,121198.21,0.42,No Promo
2023-04-01,Thermaltake Pacific CL360,Custom Liquid Cooler,279.94,3%,1101,116645.92,0.42,No Promo
2023-04-02,Thermaltake Pacific CL360,Custom Liquid Cooler,290.99,3%,1094,127993.73,0.42,Easter
2023-04-03,Thermaltake Pacific CL360,Custom Liquid Cooler,287.99,4%,1094,124711.84,0.42,Easter
2023-04-04,Thermaltake Pacific CL360,Custom Liquid Cooler,275.99,8%,1135,115766.14,0.42,Easter
2023-04-05,Thermaltake Pacific CL360,Custom Liquid Cooler,275.99,8%,1131,115358.15,0.42,Easter
2023-04-06,Thermaltake Pacific CL360,Custom Liquid Cooler,281.99,6%,1127,121711.94,0.42,Easter
2023-04-07,Thermaltake Pacific CL360,Custom Liquid Cooler,284.99,5%,1104,122539.92,0.42,Easter
2023-04-08,Thermaltake Pacific CL360,Custom Liquid Cooler,275.99,8%,1127,114950.17,0.42,Easter
2023-04-09,Thermaltake Pacific CL360,Custom Liquid Cooler,290.99,3%,1089,127408.75,0.42,Easter
2023-04-10,Thermaltake Pacific CL360,Custom Liquid Cooler,281.99,6%,1117,120631.98,0.42,Easter
2023-04-11,Thermaltake Pacific CL360,Custom Liquid Cooler,287.99,4%,1107,126193.79,0.42,Easter
2023-04-12,Thermaltake Pacific CL360,Custom Liquid Cooler,287.99,4%,1098,125167.83,0.42,Easter
2023-04-13,Thermaltake Pacific CL360,Custom Liquid Cooler,281.99,6%,1128,121819.94,0.42,Easter
2023-04-14,Thermaltake Pacific CL360,Custom Liquid Cooler,287.99,4%,1115,127105.76,0.42,Easter
2023-04-15,Thermaltake Pacific CL360,Custom Liquid Cooler,278.99,7%,1156,121375.95,0.42,Easter
