cpu_cooler_sales_data.csv
date,product,category,price,discount,quantity_sold,profit,profit_margin,event
2023-04-16,Thermaltake Pacific CL360,Custom Liquid Cooler,278.99,7%,1151,120850.97,0.42,Easter
2023-04-17,Thermaltake Pacific CL360,Custom Liquid Cooler,292.26,0%,1049,124061.02,0.42,No Promo
2023-04-18,Thermaltake Pacific CL360,Custom Liquid Cooler,288.93,1%,1061,121949.67,0.42,No Promo
2023-04-19,Thermaltake Pacific CL360,Custom Liquid Cooler,284.25,2%,1059,116762.72,0.42,No Promo
2023-04-20,Thermaltake Pacific CL360,Custom Liquid Cooler,287.98,1%,1066,121510.89,0.42,No Promo
2023-04-21,Thermaltake Pacific CL360,Custom Liquid Cooler,284.72,2%,1060,117370.3,0.42,No Promo
2023-04-22,Thermaltake Pacific CL360,Custom Liquid Cooler,283.53,3%,1078,118074.88,0.42,No Promo
2023-04-23,Thermaltake Pacific CL360,Custom Liquid Cooler,279.18,3%,1067,112232.15,0.42,No Promo
2023-04-24,Thermaltake Pacific CL360,Custom Liquid Cooler,281.44,3%,1066,114537.38,0.42,No Promo
2023-04-25,Thermaltake Pacific CL360,Custom Liquid Cooler,285.02,2%,1075,119347.78,0.42,No Promo
2023-04-26,Thermaltake Pacific CL360,Custom Liquid Cooler,287.03,0%,1046,118233.86,0.42,No Promo
2023-04-27,Thermaltake Pacific CL360,Custom Liquid Cooler,292.65,0%,1051,124702.33,0.42,No Promo
2023-04-28,Thermaltake Pacific CL360,Custom Liquid Cooler,285.69,2%,1078,120404.97,0.42,No Promo
2023-04-29,Thermaltake Pacific CL360,Custom Liquid Cooler,278.59,3%,1091,114118.69,0.42,No Promo
2023-04-30,Thermaltake Pacific CL360,Custom Liquid Cooler,290.49,0%,1031,120102.3,0.42,No Promo
2023-05-01,Thermaltake Pacific CL360,Custom Liquid Cooler,293.99,2%,1069,128275.72,0.42,Mother's Day
2023-05-02,Thermaltake Pacific CL360,Custom Liquid Cooler,284.99,5%,1116,123871.87,0.42,Mother's Day
2023-05-03,Thermaltake Pacific CL360,Custom Liquid Cooler,284.99,5%,1122,124537.85,0.42,Mother's Day
2023-05-04,Thermaltake Pacific CL360,Custom Liquid Cooler,290.99,3%,1069,125068.83,0.42,Mother's Day
2023-05-05,Thermaltake Pacific CL360,Custom Liquid Cooler,284.99,5%,1092,121207.96,0.42,Mother's Day
2023-05-06,Thermaltake Pacific CL360,Custom Liquid Cooler,287.99,4%,1081,123229.89,0.42,Mother's Day
2023-05-07,Thermaltake Pacific CL360,Custom Liquid Cooler,287.99,4%,1093,124597.85,0.42,Mother's Day
2023-05-08,Thermaltake Pacific CL360,Custom Liquid Cooler,284.99,5%,1108,122983.9,0.42,Mother's Day
2023-05-09,Thermaltake Pacific CL360,Custom Liquid Cooler,290.99,3%,1080,126355.79,0.42,Mother's Day
2023-05-10,Thermaltake Pacific CL360,Custom Liquid Cooler,284.99,5%,1119,124204.86,0.42,Mother's Day
2023-05-11,Thermaltake Pacific CL360,Custom Liquid Cooler,290.99,3%,1074,125653.81,0.42,Mother's Day
2023-05-12,Thermaltake Pacific CL360,Custom Liquid Cooler,293.99,2%,1055,126595.78,0.42,Mother's Day
2023-05-13,Thermaltake Pacific CL360,Custom Liquid Cooler,290.99,3%,1084,126823.77,0.42,Mother's Day
2023-05-14,Thermaltake Pacific CL360,Custom Liquid Cooler,293.99,2%,1065,127795.74,0.42,Mother's Day
2023-05-15,Thermaltake Pacific CL360,Custom Liquid Cooler,284.99,5%,1089,120874.97,0.42,Mother's Day
2023-05-16,Thermaltake Pacific CL360,Custom Liquid Cooler,287.31,0%,1054,119429.99,0.42,No Promo
2023-05-17,Thermaltake Pacific CL360,Custom Liquid Cooler,286.32,1%,1065,119626.71,0.42,No Promo
2023-05-18,Thermaltake Pacific CL360,Custom Liquid Cooler,283.75,2%,1066,116996.7,0.42,No Promo
2023-05-19,Thermaltake Pacific CL360,Custom Liquid Cooler,279.2,3%,1081,113722.94,0.42,No Promo
2023-05-20,Thermaltake Pacific CL360,Custom Liquid Cooler,285.22,2%,1081,120234.11,0.42,No Promo
2023-05-21,Thermaltake Pacific CL360,Custom Liquid Cooler,277.95,3%,1081,112376.89,0.42,No Promo
2023-05-22,Thermaltake Pacific CL360,Custom Liquid Cooler,290.45,0%,1027,119599.34,0.42,No Promo
2023-05-23,Thermaltake Pacific CL360,Custom Liquid Cooler,289.72,0%,1031,119318.1,0.42,No Promo
2023-05-24,Thermaltake Pacific CL360,Custom Liquid Cooler,288.94,1%,1039,119424.91,0.42,No Promo
2023-05-25,Thermaltake Pacific CL360,Custom Liquid Cooler,290.24,0%,1031,119849.29,0.42,No Promo
2023-05-26,Thermaltake Pacific CL360,Custom Liquid Cooler,278.82,3%,1085,113741.25,0.42,No Promo
2023-05-27,Thermaltake Pacific CL360,Custom Liquid Cooler,288.48,1%,1055,120784.83,0.42,No Promo
2023-05-28,Thermaltake Pacific CL360,Custom Liquid Cooler,283.93,2%,1062,116749.11,0.42,No Promo
2023-05-29,Thermaltake Pacific CL360,Custom Liquid Cooler,278.71,3%,1072,112254.61,0.42,No Promo
2023-05-30,Thermaltake Pacific CL360,Custom Liquid Cooler,287.6,1%,1056,119965.24,0.42,No Promo
2023-05-31,Thermaltake Pacific CL360,Custom Liquid Cooler,281.65,2%,1080,116265.66,0.42,No Promo
2023-06-01,Thermaltake Pacific CL360,Custom Liquid Cooler,288.41,0%,1060,121284.19,0.42,No Promo
2023-06-02,Thermaltake Pacific CL360,Custom Liquid Cooler,291.38,0%,1049,123142.5,0.42,No Promo
2023-06-03,Thermaltake Pacific CL360,Custom Liquid Cooler,281.15,3%,1082,115941.53,0.42,No Promo
2023-06-04,Thermaltake Pacific CL360,Custom Liquid Cooler,284.98,2%,1049,116426.7,0.42,No Promo
2023-06-05,Thermaltake Pacific CL360,Custom Liquid Cooler,283.5,1%,1044,114326.1,0.42,No Promo
2023-06-06,Thermaltake Pacific CL360,Custom Liquid Cooler,283.41,2%,1065,116525.91,0.42,No Promo
2023-06-07,Thermaltake Pacific CL360,Custom Liquid Cooler,287.52,0%,1063,120682.0,0.42,No Promo
2023-06-08,Thermaltake Pacific CL360,Custom Liquid Cooler,287.88,1%,1057,120381.53,0.42,No Promo
2023-06-09,Thermaltake Pacific CL360,Custom Liquid Cooler,280.3,2%,1083,115125.8,0.42,No Promo
2023-06-10,Thermaltake Pacific CL360,Custom Liquid Cooler,285.75,1%,1072,119801.81,0.42,No Promo
2023-06-11,Thermaltake Pacific CL360,Custom Liquid Cooler,280.44,2%,1050,111771.2,0.42,No Promo
2023-06-12,Thermaltake Pacific CL360,Custom Liquid Cooler,286.78,1%,1070,120675.94,0.42,No Promo
2023-06-13,Thermaltake Pacific CL360,Custom Liquid Cooler,283.61,2%,1066,116846.54,0.42,No Promo
2023-06-14,Thermaltake Pacific CL360,Custom Liquid Cooler,278.79,3%,1073,112449.69,0.42,No Promo
2023-06-15,Thermaltake Pacific CL360,Custom Liquid Cooler,277.46,3%,1069,110603.99,0.42,No Promo
2023-06-16,Thermaltake Pacific CL360,Custom Liquid Cooler,280.47,3%,1073,114244.27,0.42,No Promo
2023-06-17,Thermaltake Pacific CL360,Custom Liquid Cooler,287.59,1%,1063,120748.78,0.42,No Promo
2023-06-18,Thermaltake Pacific CL360,Custom Liquid Cooler,289.41,0%,1040,120036.43,0.42,No Promo
2023-06-19,Thermaltake Pacific CL360,Custom Liquid Cooler,284.04,1%,1035,113901.89,0.42,No Promo
2023-06-20,Thermaltake Pacific CL360,Custom Liquid Cooler,288.11,1%,1045,119255.34,0.42,No Promo
2023-06-21,Thermaltake Pacific CL360,Custom Liquid Cooler,282.39,3%,1100,119236.54,0.42,No Promo
2023-06-22,Thermaltake Pacific CL360,Custom Liquid Cooler,282.84,2%,1083,117877.25,0.42,No Promo
2023-06-23,Thermaltake Pacific CL360,Custom Liquid Cooler,287.74,0%,1023,116366.76,0.42,No Promo
2023-06-24,Thermaltake Pacific CL360,Custom Liquid Cooler,283.2,2%,1070,116851.75,0.42,No Promo
2023-06-25,Thermaltake Pacific CL360,Custom Liquid Cooler,285.4,2%,1073,119538.86,0.42,No Promo
2023-06-26,Thermaltake Pacific CL360,Custom Liquid Cooler,277.72,3%,1102,114309.16,0.42,No Promo
2023-06-27,Thermaltake Pacific CL360,Custom Liquid Cooler,288.38,1%,1054,120562.96,0.42,No Promo
2023-06-28,Thermaltake Pacific CL360,Custom Liquid Cooler,285.66,0%,1041,116240.54,0.42,No Promo
2023-06-29,Thermaltake Pacific CL360,Custom Liquid Cooler,286.09,1%,1051,117813.28,0.42,No Promo
2023-06-30,Thermaltake Pacific CL360,Custom Liquid Cooler,280.69,3%,1076,114809.4,0.42,No Promo
2023-07-01,Thermaltake Pacific CL360,Custom Liquid Cooler,283.6,2%,1067,116950.74,0.42,No Promo
2023-07-02,Thermaltake Pacific CL360,Custom Liquid Cooler,286.18,0%,1055,118356.03,0.42,No Promo
2023-07-03,Thermaltake Pacific CL360,Custom Liquid Cooler,287.65,0%,1053,119678.2,0.42,No Promo
2023-07-04,Thermaltake Pacific CL360,Custom Liquid Cooler,281.83,2%,1057,113985.68,0.42,No Promo
2023-07-05,Thermaltake Pacific CL360,Custom Liquid Cooler,283.54,1%,1037,113600.26,0.42,No Promo
2023-07-06,Thermaltake Pacific CL360,Custom Liquid Cooler,283.11,1%,1069,116645.36,0.42,No Promo
2023-07-07,Thermaltake Pacific CL360,Custom Liquid Cooler,286.6,1%,1048,118015.99,0.42,No Promo
2023-07-08,Thermaltake Pacific CL360,Custom Liquid Cooler,283.01,2%,1067,116321.99,0.42,No Promo
2023-07-09,Thermaltake Pacific CL360,Custom Liquid Cooler,278.25,3%,1095,114159.35,0.42,No Promo
2023-07-10,Thermaltake Pacific CL360,Custom Liquid Cooler,266.99,11%,1190,110666.31,0.42,Amazon Prime Day
2023-07-11,Thermaltake Pacific CL360,Custom Liquid Cooler,260.99,13%,1197,104135.53,0.42,Amazon Prime Day
2023-07-12,Thermaltake Pacific CL360,Custom Liquid Cooler,269.99,10%,1183,113564.21,0.42,Amazon Prime Day
2023-07-13,Thermaltake Pacific CL360,Custom Liquid Cooler,260.99,13%,1216,105788.47,0.42,Amazon Prime Day
2023-07-14,Thermaltake Pacific CL360,Custom Liquid Cooler,260.99,13%,1240,107876.4,0.42,Amazon Prime Day
2023-07-15,Thermaltake Pacific CL360,Custom Liquid Cooler,260.99,13%,1231,107093.43,0.42,Amazon Prime Day
2023-07-16,Thermaltake Pacific CL360,Custom Liquid Cooler,254.99,15%,1249,101165.63,0.42,Amazon Prime Day
2023-07-17,Thermaltake Pacific CL360,Custom Liquid Cooler,254.99,15%,1249,101165.63,0.42,Amazon Prime Day
2023-07-18,Thermaltake Pacific CL360,Custom Liquid Cooler,260.99,13%,1231,107093.43,0.42,Amazon Prime Day
2023-07-19,Thermaltake Pacific CL360,Custom Liquid Cooler,254.99,15%,1254,101570.61,0.42,Amazon Prime Day
2023-07-20,Thermaltake Pacific CL360,Custom Liquid Cooler,263.99,12%,1208,108716.38,0.42,Amazon Prime Day
2023-07-21,Thermaltake Pacific CL360,Custom Liquid Cooler,257.99,14%,1214,101972.6,0.42,Amazon Prime Day
2023-07-22,Thermaltake Pacific CL360,Custom Liquid Cooler,263.99,12%,1193,107366.42,0.42,Amazon Prime Day
2023-07-23,Thermaltake Pacific CL360,Custom Liquid Cooler,266.99,11%,1177,109457.35,0.42,Amazon Prime Day
2023-07-24,Thermaltake Pacific CL360,Custom Liquid Cooler,280.14,2%,1068,113368.26,0.42,No Promo
2023-07-25,Thermaltake Pacific CL360,Custom Liquid Cooler,287.45,1%,1035,117428.21,0.42,No Promo
2023-07-26,Thermaltake Pacific CL360,Custom Liquid Cooler,289.67,0%,1039,120186.98,0.42,No Promo
2023-07-27,Thermaltake Pacific CL360,Custom Liquid Cooler,288.65,0%,1023,117288.15,0.42,No Promo
2023-07-28,Thermaltake Pacific CL360,Custom Liquid Cooler,287.37,1%,1052,119275.7,0.42,No Promo
2023-07-29,Thermaltake Pacific CL360,Custom Liquid Cooler,285.68,0%,1029,114927.98,0.42,No Promo
2023-07-30,Thermaltake Pacific CL360,Custom Liquid Cooler,287.41,0%,1040,117948.22,0.42,No Promo
2023-07-31,Thermaltake Pacific CL360,Custom Liquid Cooler,279.73,3%,1073,113452.05,0.42,No Promo
2023-08-01,Thermaltake Pacific CL360,Custom Liquid Cooler,287.99,4%,1089,124141.86,0.42,Back-to-School
2023-08-02,Thermaltake Pacific CL360,Custom Liquid Cooler,290.99,3%,1059,123898.87,0.42,Back-to-School
2023-08-03,Thermaltake Pacific CL360,Custom Liquid Cooler,284.99,5%,1129,125314.82,0.42,Back-to-School
2023-08-04,Thermaltake Pacific CL360,Custom Liquid Cooler,284.99,5%,1087,120652.98,0.42,Back-to-School
2023-08-05,Thermaltake Pacific CL360,Custom Liquid Cooler,287.99,4%,1105,125965.8,0.42,Back-to-School
2023-08-06,Thermaltake Pacific CL360,Custom Liquid Cooler,290.99,3%,1076,125887.8,0.42,Back-to-School
2023-08-07,Thermaltake Pacific CL360,Custom Liquid Cooler,284.99,5%,1104,122539.92,0.42,Back-to-School
2023-08-08,Thermaltake Pacific CL360,Custom Liquid Cooler,290.99,3%,1090,127525.75,0.42,Back-to-School
2023-08-09,Thermaltake Pacific CL360,Custom Liquid Cooler,290.99,3%,1094,127993.73,0.42,Back-to-School
2023-08-10,Thermaltake Pacific CL360,Custom Liquid Cooler,290.99,3%,1088,127291.76,0.42,Back-to-School
2023-08-11,Thermaltake Pacific CL360,Custom Liquid Cooler,284.99,5%,1092,121207.96,0.42,Back-to-School
2023-08-12,Thermaltake Pacific CL360,Custom Liquid Cooler,290.99,3%,1084,126823.77,0.42,Back-to-School
2023-08-13,Thermaltake Pacific CL360,Custom Liquid Cooler,290.99,3%,1068,124951.83,0.42,Back-to-School
2023-08-14,Thermaltake Pacific CL360,Custom Liquid Cooler,284.99,5%,1105,122650.91,0.42,Back-to-School
2023-08-15,Thermaltake Pacific CL360,Custom Liquid Cooler,281.53,2%,1062,114201.36,0.42,No Promo
2023-08-16,Thermaltake Pacific CL360,Custom Liquid Cooler,287.3,0%,1043,118175.13,0.42,No Promo
2023-08-17,Thermaltake Pacific CL360,Custom Liquid Cooler,281.04,2%,1068,114329.83,0.42,No Promo
2023-08-18,Thermaltake Pacific CL360,Custom Liquid Cooler,277.06,3%,1092,112547.69,0.42,No Promo
2023-08-19,Thermaltake Pacific CL360,Custom Liquid Cooler,279.53,2%,1061,111976.96,0.42,No Promo
2023-08-20,Thermaltake Pacific CL360,Custom Liquid Cooler,282.28,1%,1060,114784.01,0.42,No Promo
2023-08-21,Thermaltake Pacific CL360,Custom Liquid Cooler,288.83,0%,1043,119778.74,0.42,No Promo
2023-08-22,Thermaltake Pacific CL360,Custom Liquid Cooler,289.01,0%,1024,117775.53,0.42,No Promo
2023-08-23,Thermaltake Pacific CL360,Custom Liquid Cooler,281.77,2%,1079,116285.08,0.42,No Promo
2023-08-24,Thermaltake Pacific CL360,Custom Liquid Cooler,280.74,2%,1070,114219.58,0.42,No Promo
2023-08-25,Thermaltake Pacific CL360,Custom Liquid Cooler,286.36,1%,1060,119106.19,0.42,No Promo
2023-08-26,Thermaltake Pacific CL360,Custom Liquid Cooler,282.74,1%,1047,113861.98,0.42,No Promo
2023-08-27,Thermaltake Pacific CL360,Custom Liquid Cooler,289.01,0%,1031,118580.51,0.42,No Promo
2023-08-28,Thermaltake Pacific CL360,Custom Liquid Cooler,283.88,1%,1067,117251.09,0.42,No Promo
2023-08-29,Thermaltake Pacific CL360,Custom Liquid Cooler,280.86,2%,1091,116592.56,0.42,No Promo
2023-08-30,Thermaltake Pacific CL360,Custom Liquid Cooler,285.75,1%,1051,117452.06,0.42,No Promo
2023-08-31,Thermaltake Pacific CL360,Custom Liquid Cooler,284.33,0%,1048,115627.08,0.42,No Promo
2023-09-01,Thermaltake Pacific CL360,Custom Liquid Cooler,281.92,1%,1064,114832.42,0.42,No Promo
2023-09-02,Thermaltake Pacific CL360,Custom Liquid Cooler,287.03,0%,1045,118121.72,0.42,No Promo
2023-09-03,Thermaltake Pacific CL360,Custom Liquid Cooler,275.71,3%,1073,109136.52,0.42,No Promo
2023-09-04,Thermaltake Pacific CL360,Custom Liquid Cooler,285.61,1%,1050,117191.56,0.42,No Promo
2023-09-05,Thermaltake Pacific CL360,Custom Liquid Cooler,276.94,3%,1081,111285.85,0.42,No Promo
2023-09-06,Thermaltake Pacific CL360,Custom Liquid Cooler,280.51,3%,1094,116531.46,0.42,No Promo
2023-09-07,Thermaltake Pacific CL360,Custom Liquid Cooler,280.11,3%,1062,112695.43,0.42,No Promo
2023-09-08,Thermaltake Pacific CL360,Custom Liquid Cooler,278.47,3%,1096,114509.39,0.42,No Promo
2023-09-09,Thermaltake Pacific CL360,Custom Liquid Cooler,285.14,1%,1066,118478.5,0.42,No Promo
2023-09-10,Thermaltake Pacific CL360,Custom Liquid Cooler,280.73,3%,1072,114416.58,0.42,No Promo
2023-09-11,Thermaltake Pacific CL360,Custom Liquid Cooler,285.25,1%,1051,116927.8,0.42,No Promo
2023-09-12,Thermaltake Pacific CL360,Custom Liquid Cooler,279.84,3%,1095,115897.22,0.42,No Promo
2023-09-13,Thermaltake Pacific CL360,Custom Liquid Cooler,284.69,1%,1048,116006.1,0.42,No Promo
2023-09-14,Thermaltake Pacific CL360,Custom Liquid Cooler,286.49,0%,1052,118340.92,0.42,No Promo
2023-09-15,Thermaltake Pacific CL360,Custom Liquid Cooler,279.39,3%,1098,115725.87,0.42,No Promo
2023-09-16,Thermaltake Pacific CL360,Custom Liquid Cooler,284.27,0%,1038,114469.14,0.42,No Promo
2023-09-17,Thermaltake Pacific CL360,Custom Liquid Cooler,277.77,3%,1090,113113.95,0.42,No Promo
2023-09-18,Thermaltake Pacific CL360,Custom Liquid Cooler,288.55,0%,1049,120169.11,0.42,No Promo
2023-09-19,Thermaltake Pacific CL360,Custom Liquid Cooler,279.03,2%,1056,110917.72,0.42,No Promo
2023-09-20,Thermaltake Pacific CL360,Custom Liquid Cooler,282.52,1%,1071,116226.58,0.42,No Promo
2023-09-21,Thermaltake Pacific CL360,Custom Liquid Cooler,287.75,0%,1055,120007.51,0.42,No Promo
2023-09-22,Thermaltake Pacific CL360,Custom Liquid Cooler,282.97,2%,1082,117908.42,0.42,No Promo
2023-09-23,Thermaltake Pacific CL360,Custom Liquid Cooler,283.37,2%,1079,118012.19,0.42,No Promo
2023-09-24,Thermaltake Pacific CL360,Custom Liquid Cooler,283.95,1%,1048,115236.25,0.42,No Promo
2023-09-25,Thermaltake Pacific CL360,Custom Liquid Cooler,282.61,1%,1050,114047.66,0.42,No Promo
2023-09-26,Thermaltake Pacific CL360,Custom Liquid Cooler,279.08,3%,1080,113490.22,0.42,No Promo
2023-09-27,Thermaltake Pacific CL360,Custom Liquid Cooler,278.02,2%,1071,111416.74,0.42,No Promo
2023-09-28,Thermaltake Pacific CL360,Custom Liquid Cooler,282.17,2%,1072,115964.13,0.42,No Promo
2023-09-29,Thermaltake Pacific CL360,Custom Liquid Cooler,286.49,0%,1030,115865.83,0.42,No Promo
2023-09-30,Thermaltake Pacific CL360,Custom Liquid Cooler,281.97,1%,1074,115964.14,0.42,No Promo
2023-10-01,Thermaltake Pacific CL360,Custom Liquid Cooler,284.91,1%,1064,118017.57,0.42,No Promo
2023-10-02,Thermaltake Pacific CL360,Custom Liquid Cooler,285.9,0%,1049,117384.49,0.42,No Promo
2023-10-03,Thermaltake Pacific CL360,Custom Liquid Cooler,277.88,2%,1082,112408.02,0.42,No Promo
2023-10-04,Thermaltake Pacific CL360,Custom Liquid Cooler,276.49,3%,1089,111616.4,0.42,No Promo
2023-10-05,Thermaltake Pacific CL360,Custom Liquid Cooler,280.32,3%,1096,116532.6,0.42,No Promo
2023-10-06,Thermaltake Pacific CL360,Custom Liquid Cooler,285.06,1%,1062,117947.36,0.42,No Promo
2023-10-07,Thermaltake Pacific CL360,Custom Liquid Cooler,280.97,2%,1054,112757.33,0.42,No Promo
2023-10-08,Thermaltake Pacific CL360,Custom Liquid Cooler,276.49,3%,1082,110895.95,0.42,No Promo
2023-10-09,Thermaltake Pacific CL360,Custom Liquid Cooler,279.98,3%,1082,114681.99,0.42,No Promo
2023-10-10,Thermaltake Pacific CL360,Custom Liquid Cooler,281.33,1%,1047,112377.71,0.42,No Promo
2023-10-11,Thermaltake Pacific CL360,Custom Liquid Cooler,277.74,3%,1064,110388.86,0.42,No Promo
2023-10-12,Thermaltake Pacific CL360,Custom Liquid Cooler,284.23,0%,1037,114314.37,0.42,No Promo
2023-10-13,Thermaltake Pacific CL360,Custom Liquid Cooler,279.58,2%,1077,113719.2,0.42,No Promo
2023-10-14,Thermaltake Pacific CL360,Custom Liquid Cooler,284.08,1%,1074,118232.13,0.42,No Promo
