cpu_cooler_sales_data.csv
date,product,category,price,discount,quantity_sold,profit,profit_margin,event
2023-10-15,Thermaltake Pacific CL360,Custom Liquid Cooler,277.51,3%,1092,113041.8,0.42,No Promo
2023-10-16,Thermaltake Pacific CL360,Custom Liquid Cooler,277.56,2%,1057,109466.07,0.42,No Promo
2023-10-17,Thermaltake Pacific CL360,Custom Liquid Cooler,284.43,0%,1025,113197.0,0.42,No Promo
2023-10-18,Thermaltake Pacific CL360,Custom Liquid Cooler,285.72,1%,1055,117866.01,0.42,No Promo
2023-10-19,Thermaltake Pacific CL360,Custom Liquid Cooler,283.67,1%,1041,114168.11,0.42,No Promo
2023-10-20,Thermaltake Pacific CL360,Custom Liquid Cooler,278.77,3%,1078,112951.66,0.42,No Promo
2023-10-21,Thermaltake Pacific CL360,Custom Liquid Cooler,278.08,3%,1100,114489.64,0.42,No Promo
2023-10-22,Thermaltake Pacific CL360,Custom Liquid Cooler,277.13,3%,1084,111800.59,0.42,No Promo
2023-10-23,Thermaltake Pacific CL360,Custom Liquid Cooler,281.95,2%,1066,115075.61,0.42,No Promo
2023-10-24,Thermaltake Pacific CL360,Custom Liquid Cooler,283.36,0%,1059,115819.48,0.42,No Promo
2023-10-25,Thermaltake Pacific CL360,Custom Liquid Cooler,283.06,0%,1052,114735.1,0.42,No Promo
2023-10-26,Thermaltake Pacific CL360,Custom Liquid Cooler,278.12,2%,1063,110685.85,0.42,No Promo
2023-10-27,Thermaltake Pacific CL360,Custom Liquid Cooler,283.88,1%,1058,116257.54,0.42,No Promo
2023-10-28,Thermaltake Pacific CL360,Custom Liquid Cooler,287.22,0%,1039,117642.9,0.42,No Promo
2023-10-29,Thermaltake Pacific CL360,Custom Liquid Cooler,279.52,3%,1083,114279.87,0.42,No Promo
2023-10-30,Thermaltake Pacific CL360,Custom Liquid Cooler,281.34,1%,1069,114754.64,0.42,No Promo
2023-10-31,Thermaltake Pacific CL360,Custom Liquid Cooler,284.5,1%,1045,115479.4,0.42,No Promo
2023-11-01,Thermaltake Pacific CL360,Custom Liquid Cooler,278.41,2%,1061,110785.5,0.42,No Promo
2023-11-02,Thermaltake Pacific CL360,Custom Liquid Cooler,278.13,3%,1090,113504.7,0.42,No Promo
2023-11-03,Thermaltake Pacific CL360,Custom Liquid Cooler,278.29,2%,1065,111079.31,0.42,No Promo
2023-11-04,Thermaltake Pacific CL360,Custom Liquid Cooler,283.08,1%,1046,114106.0,0.42,No Promo
2023-11-05,Thermaltake Pacific CL360,Custom Liquid Cooler,276.03,3%,1102,112446.19,0.42,No Promo
2023-11-06,Thermaltake Pacific CL360,Custom Liquid Cooler,277.07,3%,1090,112354.63,0.42,No Promo
2023-11-07,Thermaltake Pacific CL360,Custom Liquid Cooler,277.28,2%,1084,111966.09,0.42,No Promo
2023-11-08,Thermaltake Pacific CL360,Custom Liquid Cooler,278.89,3%,1086,113917.85,0.42,No Promo
2023-11-09,Thermaltake Pacific CL360,Custom Liquid Cooler,286.95,0%,1023,115552.8,0.42,No Promo
2023-11-10,Thermaltake Pacific CL360,Custom Liquid Cooler,279.29,3%,1099,115714.72,0.42,No Promo
2023-11-11,Thermaltake Pacific CL360,Custom Liquid Cooler,281.43,2%,1051,112919.78,0.42,No Promo
2023-11-12,Thermaltake Pacific CL360,Custom Liquid Cooler,280.16,2%,1082,114868.07,0.42,No Promo
2023-11-13,Thermaltake Pacific CL360,Custom Liquid Cooler,287.9,0%,1058,120511.46,0.42,No Promo
2023-11-14,Thermaltake Pacific CL360,Custom Liquid Cooler,287.37,0%,1041,118021.34,0.42,No Promo
2023-11-15,Thermaltake Pacific CL360,Custom Liquid Cooler,278.59,2%,1075,112437.88,0.42,No Promo
2023-11-16,Thermaltake Pacific CL360,Custom Liquid Cooler,278.24,3%,1092,113841.52,0.42,No Promo
2023-11-17,Thermaltake Pacific CL360,Custom Liquid Cooler,251.99,16%,1262,98432.72,0.42,Black Friday
2023-11-18,Thermaltake Pacific CL360,Custom Liquid Cooler,254.99,15%,1221,98897.7,0.42,Black Friday
2023-11-19,Thermaltake Pacific CL360,Custom Liquid Cooler,242.99,19%,1310,90386.99,0.42,Black Friday
2023-11-20,Thermaltake Pacific CL360,Custom Liquid Cooler,251.99,16%,1272,99212.69,0.42,Black Friday
2023-11-21,Thermaltake Pacific CL360,Custom Liquid Cooler,242.99,19%,1282,88455.05,0.42,Black Friday
2023-11-22,Thermaltake Pacific CL360,Custom Liquid Cooler,245.99,18%,1280,92156.93,0.42,Black Friday
2023-11-23,Thermaltake Pacific CL360,Custom Liquid Cooler,245.99,18%,1269,91364.95,0.42,Black Friday
2023-11-24,Thermaltake Pacific CL360,Custom Liquid Cooler,248.99,17%,1262,94646.84,0.42,Black Friday
2023-11-25,Thermaltake Pacific CL360,Custom Liquid Cooler,251.99,16%,1234,96248.79,0.42,Black Friday
2023-11-26,Thermaltake Pacific CL360,Custom Liquid Cooler,242.99,19%,1286,88731.04,0.42,Black Friday
2023-11-27,Thermaltake Pacific CL360,Custom Liquid Cooler,245.99,18%,1298,93452.88,0.42,Black Friday
2023-11-28,Thermaltake Pacific CL360,Custom Liquid Cooler,248.99,17%,1257,94271.86,0.42,Black Friday
2023-11-29,Thermaltake Pacific CL360,Custom Liquid Cooler,242.99,19%,1306,90111.0,0.42,Black Friday
2023-11-30,Thermaltake Pacific CL360,Custom Liquid Cooler,242.99,19%,1320,91076.96,0.42,Black Friday
2023-12-01,Thermaltake Pacific CL360,Custom Liquid Cooler,248.99,17%,1295,97121.76,0.42,Black Friday
2023-12-02,Thermaltake Pacific CL360,Custom Liquid Cooler,277.84,2%,1064,110491.72,0.42,No Promo
2023-12-03,Thermaltake Pacific CL360,Custom Liquid Cooler,279.35,2%,1054,111047.4,0.42,No Promo
2023-12-04,Thermaltake Pacific CL360,Custom Liquid Cooler,283.99,0%,1060,116596.41,0.42,No Promo
2023-12-05,Thermaltake Pacific CL360,Custom Liquid Cooler,283.03,0%,1034,112742.3,0.42,No Promo
2023-12-06,Thermaltake Pacific CL360,Custom Liquid Cooler,273.97,3%,1089,108871.11,0.42,No Promo
2023-12-07,Thermaltake Pacific CL360,Custom Liquid Cooler,279.66,2%,1071,113170.81,0.42,No Promo
2023-12-08,Thermaltake Pacific CL360,Custom Liquid Cooler,281.4,2%,1071,115030.79,0.42,No Promo
2023-12-09,Thermaltake Pacific CL360,Custom Liquid Cooler,274.24,3%,1104,110675.71,0.42,No Promo
2023-12-10,Thermaltake Pacific CL360,Custom Liquid Cooler,277.36,2%,1084,112044.27,0.42,No Promo
2023-12-11,Thermaltake Pacific CL360,Custom Liquid Cooler,269.99,10%,1197,114908.17,0.42,Christmas
2023-12-12,Thermaltake Pacific CL360,Custom Liquid Cooler,263.99,12%,1199,107906.4,0.42,Christmas
2023-12-13,Thermaltake Pacific CL360,Custom Liquid Cooler,260.99,13%,1239,107789.41,0.42,Christmas
2023-12-14,Thermaltake Pacific CL360,Custom Liquid Cooler,257.99,14%,1243,104408.52,0.42,Christmas
2023-12-15,Thermaltake Pacific CL360,Custom Liquid Cooler,254.99,15%,1251,101327.62,0.42,Christmas
2023-12-16,Thermaltake Pacific CL360,Custom Liquid Cooler,269.99,10%,1162,111548.28,0.42,Christmas
2023-12-17,Thermaltake Pacific CL360,Custom Liquid Cooler,254.99,15%,1241,100517.65,0.42,Christmas
2023-12-18,Thermaltake Pacific CL360,Custom Liquid Cooler,269.99,10%,1189,114140.2,0.42,Christmas
2023-12-19,Thermaltake Pacific CL360,Custom Liquid Cooler,260.99,13%,1239,107789.41,0.42,Christmas
2023-12-20,Thermaltake Pacific CL360,Custom Liquid Cooler,260.99,13%,1238,107702.41,0.42,Christmas
2023-12-21,Thermaltake Pacific CL360,Custom Liquid Cooler,260.99,13%,1214,105614.48,0.42,Christmas
2023-12-22,Thermaltake Pacific CL360,Custom Liquid Cooler,257.99,14%,1240,104156.53,0.42,Christmas
2023-12-23,Thermaltake Pacific CL360,Custom Liquid Cooler,254.99,15%,1247,101003.63,0.42,Christmas
2023-12-24,Thermaltake Pacific CL360,Custom Liquid Cooler,263.99,12%,1182,106376.45,0.42,Christmas
2023-12-25,Thermaltake Pacific CL360,Custom Liquid Cooler,260.99,13%,1229,106919.44,0.42,Christmas
2023-12-26,Thermaltake Pacific CL360,Custom Liquid Cooler,281.52,2%,1072,115272.07,0.42,No Promo
2023-12-27,Thermaltake Pacific CL360,Custom Liquid Cooler,277.17,2%,1070,110402.87,0.42,No Promo
2023-12-28,Thermaltake Pacific CL360,Custom Liquid Cooler,281.04,2%,1086,116256.09,0.42,No Promo
2023-12-29,Thermaltake Pacific CL360,Custom Liquid Cooler,276.82,3%,1077,110744.04,0.42,No Promo
2023-12-30,Thermaltake Pacific CL360,Custom Liquid Cooler,283.97,0%,1052,115695.96,0.42,No Promo
2023-12-31,Thermaltake Pacific CL360,Custom Liquid Cooler,281.72,0%,1028,110737.19,0.42,No Promo
